[0.228s] Invoking command in '/home/khotkangplue_p/week6_ws/build/robotnik_common': CMAKE_PREFIX_PATH=${CMAKE_PREFIX_PATH}:/opt/ros/jazzy /usr/bin/cmake --build /home/khotkangplue_p/week6_ws/build/robotnik_common -- -j4 -l4
[0.345s] Built target ament_cmake_python_symlink_robotnik_common
[0.729s] running egg_info
[0.753s] writing robotnik_common.egg-info/PKG-INFO
[0.754s] writing dependency_links to robotnik_common.egg-info/dependency_links.txt
[0.754s] writing top-level names to robotnik_common.egg-info/top_level.txt
[0.849s] reading manifest file 'robotnik_common.egg-info/SOURCES.txt'
[0.850s] writing manifest file 'robotnik_common.egg-info/SOURCES.txt'
[0.891s] Built target ament_cmake_python_build_robotnik_common_egg
[0.903s] Invoked command in '/home/khotkangplue_p/week6_ws/build/robotnik_common' returned '0': CMAKE_PREFIX_PATH=${CMAKE_PREFIX_PATH}:/opt/ros/jazzy /usr/bin/cmake --build /home/khotkangplue_p/week6_ws/build/robotnik_common -- -j4 -l4
[0.904s] Invoking command in '/home/khotkangplue_p/week6_ws/build/robotnik_common': CMAKE_PREFIX_PATH=${CMAKE_PREFIX_PATH}:/opt/ros/jazzy /usr/bin/cmake --install /home/khotkangplue_p/week6_ws/build/robotnik_common
[0.910s] -- Install configuration: ""
[0.911s] -- Execute custom install script
[0.911s] -- Up-to-date symlink: /home/khotkangplue_p/week6_ws/install/robotnik_common/share/robotnik_common/environment/pythonpath.sh
[0.911s] -- Up-to-date symlink: /home/khotkangplue_p/week6_ws/install/robotnik_common/share/robotnik_common/environment/pythonpath.dsv
[0.911s] -- Up-to-date symlink: /home/khotkangplue_p/week6_ws/install/robotnik_common/lib/python3.12/site-packages/robotnik_common-1.2.0-py3.12.egg-info/PKG-INFO
[0.912s] -- Up-to-date symlink: /home/khotkangplue_p/week6_ws/install/robotnik_common/lib/python3.12/site-packages/robotnik_common-1.2.0-py3.12.egg-info/SOURCES.txt
[0.912s] -- Up-to-date symlink: /home/khotkangplue_p/week6_ws/install/robotnik_common/lib/python3.12/site-packages/robotnik_common-1.2.0-py3.12.egg-info/dependency_links.txt
[0.912s] -- Up-to-date symlink: /home/khotkangplue_p/week6_ws/install/robotnik_common/lib/python3.12/site-packages/robotnik_common-1.2.0-py3.12.egg-info/top_level.txt
[0.912s] -- Up-to-date symlink: /home/khotkangplue_p/week6_ws/install/robotnik_common/lib/python3.12/site-packages/robotnik_common/__init__.py
[0.912s] -- Up-to-date symlink: /home/khotkangplue_p/week6_ws/install/robotnik_common/lib/python3.12/site-packages/robotnik_common/__init__.py:Zone.Identifier
[0.913s] -- Up-to-date symlink: /home/khotkangplue_p/week6_ws/install/robotnik_common/lib/python3.12/site-packages/robotnik_common/launch/__init__.py
[0.913s] -- Up-to-date symlink: /home/khotkangplue_p/week6_ws/install/robotnik_common/lib/python3.12/site-packages/robotnik_common/launch/__init__.py:Zone.Identifier
[0.913s] -- Up-to-date symlink: /home/khotkangplue_p/week6_ws/install/robotnik_common/lib/python3.12/site-packages/robotnik_common/launch/__init__.py:Zone.Identifier:Zone.Identifier
[0.914s] -- Up-to-date symlink: /home/khotkangplue_p/week6_ws/install/robotnik_common/lib/python3.12/site-packages/robotnik_common/launch/add_launch_args.py
[0.914s] -- Up-to-date symlink: /home/khotkangplue_p/week6_ws/install/robotnik_common/lib/python3.12/site-packages/robotnik_common/launch/add_launch_args.py:Zone.Identifier
[0.914s] -- Up-to-date symlink: /home/khotkangplue_p/week6_ws/install/robotnik_common/lib/python3.12/site-packages/robotnik_common/launch/add_launch_args.py:Zone.Identifier:Zone.Identifier
[0.914s] -- Up-to-date symlink: /home/khotkangplue_p/week6_ws/install/robotnik_common/lib/python3.12/site-packages/robotnik_common/launch/global_scope.py
[0.915s] -- Up-to-date symlink: /home/khotkangplue_p/week6_ws/install/robotnik_common/lib/python3.12/site-packages/robotnik_common/launch/global_scope.py:Zone.Identifier
[0.915s] -- Up-to-date symlink: /home/khotkangplue_p/week6_ws/install/robotnik_common/lib/python3.12/site-packages/robotnik_common/launch/global_scope.py:Zone.Identifier:Zone.Identifier
[0.915s] -- Up-to-date symlink: /home/khotkangplue_p/week6_ws/install/robotnik_common/lib/python3.12/site-packages/robotnik_common/launch/rewritten_yaml.py
[0.915s] -- Up-to-date symlink: /home/khotkangplue_p/week6_ws/install/robotnik_common/lib/python3.12/site-packages/robotnik_common/launch/rewritten_yaml.py:Zone.Identifier
[0.915s] -- Up-to-date symlink: /home/khotkangplue_p/week6_ws/install/robotnik_common/lib/python3.12/site-packages/robotnik_common/launch/rewritten_yaml.py:Zone.Identifier:Zone.Identifier
[0.915s] -- Up-to-date symlink: /home/khotkangplue_p/week6_ws/install/robotnik_common/share/ament_index/resource_index/package_run_dependencies/robotnik_common
[0.916s] -- Up-to-date symlink: /home/khotkangplue_p/week6_ws/install/robotnik_common/share/ament_index/resource_index/parent_prefix_path/robotnik_common
[0.916s] -- Up-to-date symlink: /home/khotkangplue_p/week6_ws/install/robotnik_common/share/robotnik_common/environment/ament_prefix_path.sh
[0.916s] -- Up-to-date symlink: /home/khotkangplue_p/week6_ws/install/robotnik_common/share/robotnik_common/environment/ament_prefix_path.dsv
[0.916s] -- Up-to-date symlink: /home/khotkangplue_p/week6_ws/install/robotnik_common/share/robotnik_common/environment/path.sh
[0.916s] -- Up-to-date symlink: /home/khotkangplue_p/week6_ws/install/robotnik_common/share/robotnik_common/environment/path.dsv
[0.916s] -- Up-to-date symlink: /home/khotkangplue_p/week6_ws/install/robotnik_common/share/robotnik_common/local_setup.bash
[0.916s] -- Up-to-date symlink: /home/khotkangplue_p/week6_ws/install/robotnik_common/share/robotnik_common/local_setup.sh
[0.916s] -- Up-to-date symlink: /home/khotkangplue_p/week6_ws/install/robotnik_common/share/robotnik_common/local_setup.zsh
[0.917s] -- Up-to-date symlink: /home/khotkangplue_p/week6_ws/install/robotnik_common/share/robotnik_common/local_setup.dsv
[0.917s] -- Symlinking: /home/khotkangplue_p/week6_ws/install/robotnik_common/share/robotnik_common/package.dsv
[0.925s] -- Up-to-date symlink: /home/khotkangplue_p/week6_ws/install/robotnik_common/share/ament_index/resource_index/packages/robotnik_common
[0.925s] -- Up-to-date symlink: /home/khotkangplue_p/week6_ws/install/robotnik_common/share/robotnik_common/cmake/robotnik_commonConfig.cmake
[0.925s] -- Up-to-date symlink: /home/khotkangplue_p/week6_ws/install/robotnik_common/share/robotnik_common/cmake/robotnik_commonConfig-version.cmake
[0.925s] -- Up-to-date symlink: /home/khotkangplue_p/week6_ws/install/robotnik_common/share/robotnik_common/package.xml
[0.955s] Listing '/home/khotkangplue_p/week6_ws/install/robotnik_common/lib/python3.12/site-packages/robotnik_common'...
[0.955s] Listing '/home/khotkangplue_p/week6_ws/install/robotnik_common/lib/python3.12/site-packages/robotnik_common/launch'...
[0.963s] Invoked command in '/home/khotkangplue_p/week6_ws/build/robotnik_common' returned '0': CMAKE_PREFIX_PATH=${CMAKE_PREFIX_PATH}:/opt/ros/jazzy /usr/bin/cmake --install /home/khotkangplue_p/week6_ws/build/robotnik_common
