-- Found ament_cmake: 2.5.4 (/opt/ros/jazzy/share/ament_cmake/cmake)
-- Found Python3: /usr/bin/python3 (found version "3.12.3") found components: Interpreter 
-- Override CMake install command with custom implementation using symlinks instead of copying resources
-- Found ament_lint_auto: 0.17.3 (/opt/ros/jazzy/share/ament_lint_auto/cmake)
-- Found ament_cmake_pytest: 2.5.4 (/opt/ros/jazzy/share/ament_cmake_pytest/cmake)
-- Added test 'copyright' to check source files copyright and LICENSE
-- Added test 'flake8' to check Python code syntax and style conventions
-- Configured 'flake8' exclude dirs and/or files: 
-- Added test 'lint_cmake' to check CMake code style
-- Added test 'pep257' to check Python code against some of the docstring style conventions in PEP 257
-- Added test 'xmllint' to check XML markup files
-- Configuring done (1.1s)
-- Generating done (0.0s)
-- Build files have been written to: /home/khotkangplue_p/week6_ws/build/robotnik_sensors
-- Install configuration: ""
-- Execute custom install script
-- Symlinking: /home/khotkangplue_p/week6_ws/install/robotnik_sensors/share/robotnik_sensors//meshes/2d_lidar/sick/microscan3.dae
-- Symlinking: /home/khotkangplue_p/week6_ws/install/robotnik_sensors/share/robotnik_sensors//meshes/2d_lidar/sick/microscan3.stl
-- Symlinking: /home/khotkangplue_p/week6_ws/install/robotnik_sensors/share/robotnik_sensors//meshes/2d_lidar/sick/nanoscan3.stl
-- Symlinking: /home/khotkangplue_p/week6_ws/install/robotnik_sensors/share/robotnik_sensors//meshes/2d_lidar/sick/outdoorscan3.dae
-- Symlinking: /home/khotkangplue_p/week6_ws/install/robotnik_sensors/share/robotnik_sensors//meshes/2d_lidar/sick/outdoorscan3.stl
-- Symlinking: /home/khotkangplue_p/week6_ws/install/robotnik_sensors/share/robotnik_sensors//meshes/2d_lidar/sick/s300.dae
-- Symlinking: /home/khotkangplue_p/week6_ws/install/robotnik_sensors/share/robotnik_sensors//meshes/2d_lidar/sick/s300.png
-- Symlinking: /home/khotkangplue_p/week6_ws/install/robotnik_sensors/share/robotnik_sensors//meshes/2d_lidar/sick/s300.stl
-- Symlinking: /home/khotkangplue_p/week6_ws/install/robotnik_sensors/share/robotnik_sensors//meshes/2d_lidar/sick/s3000.dae
-- Symlinking: /home/khotkangplue_p/week6_ws/install/robotnik_sensors/share/robotnik_sensors//meshes/2d_lidar/sick/s3000.stl
-- Symlinking: /home/khotkangplue_p/week6_ws/install/robotnik_sensors/share/robotnik_sensors//meshes/2d_lidar/sick/tim551.dae
-- Symlinking: /home/khotkangplue_p/week6_ws/install/robotnik_sensors/share/robotnik_sensors//meshes/2d_lidar/sick/tim551.stl
-- Symlinking: /home/khotkangplue_p/week6_ws/install/robotnik_sensors/share/robotnik_sensors//meshes/2d_lidar/sick/tim571.dae
-- Symlinking: /home/khotkangplue_p/week6_ws/install/robotnik_sensors/share/robotnik_sensors//meshes/2d_lidar/sick/tim571.stl
-- Symlinking: /home/khotkangplue_p/week6_ws/install/robotnik_sensors/share/robotnik_sensors//meshes/3d_lidar/livox_mid_360.stl
-- Symlinking: /home/khotkangplue_p/week6_ws/install/robotnik_sensors/share/robotnik_sensors//meshes/3d_lidar/robotsense/bpearl.dae
-- Symlinking: /home/khotkangplue_p/week6_ws/install/robotnik_sensors/share/robotnik_sensors//meshes/3d_lidar/robotsense/bpearl.stl
-- Symlinking: /home/khotkangplue_p/week6_ws/install/robotnik_sensors/share/robotnik_sensors//meshes/3d_lidar/robotsense/helios_16p.stl
-- Symlinking: /home/khotkangplue_p/week6_ws/install/robotnik_sensors/share/robotnik_sensors//meshes/3d_lidar/velodyne/vlp16.dae
-- Symlinking: /home/khotkangplue_p/week6_ws/install/robotnik_sensors/share/robotnik_sensors//meshes/3d_lidar/velodyne/vlp16.stl
-- Symlinking: /home/khotkangplue_p/week6_ws/install/robotnik_sensors/share/robotnik_sensors//meshes/asus_xtion_pro_live.dae
-- Symlinking: /home/khotkangplue_p/week6_ws/install/robotnik_sensors/share/robotnik_sensors//meshes/asus_xtion_pro_live.png
-- Symlinking: /home/khotkangplue_p/week6_ws/install/robotnik_sensors/share/robotnik_sensors//meshes/benewake_ce30.stl
-- Symlinking: /home/khotkangplue_p/week6_ws/install/robotnik_sensors/share/robotnik_sensors//meshes/benewake_ce30d.dae
-- Symlinking: /home/khotkangplue_p/week6_ws/install/robotnik_sensors/share/robotnik_sensors//meshes/benewake_ce30d.stl
-- Symlinking: /home/khotkangplue_p/week6_ws/install/robotnik_sensors/share/robotnik_sensors//meshes/camera/axis_m5013.dae
-- Symlinking: /home/khotkangplue_p/week6_ws/install/robotnik_sensors/share/robotnik_sensors//meshes/camera/axis_m5013.stl
-- Symlinking: /home/khotkangplue_p/week6_ws/install/robotnik_sensors/share/robotnik_sensors//meshes/camera/axis_m5525.dae
-- Symlinking: /home/khotkangplue_p/week6_ws/install/robotnik_sensors/share/robotnik_sensors//meshes/camera/axis_m5525.stl
-- Symlinking: /home/khotkangplue_p/week6_ws/install/robotnik_sensors/share/robotnik_sensors//meshes/camera/axis_p5512.dae
-- Symlinking: /home/khotkangplue_p/week6_ws/install/robotnik_sensors/share/robotnik_sensors//meshes/camera/axis_p5512.stl
-- Symlinking: /home/khotkangplue_p/week6_ws/install/robotnik_sensors/share/robotnik_sensors//meshes/camera/axis_p5514.dae
-- Symlinking: /home/khotkangplue_p/week6_ws/install/robotnik_sensors/share/robotnik_sensors//meshes/camera/axis_p5514.stl
-- Symlinking: /home/khotkangplue_p/week6_ws/install/robotnik_sensors/share/robotnik_sensors//meshes/camera/axis_q8641_n1-1.STL
-- Symlinking: /home/khotkangplue_p/week6_ws/install/robotnik_sensors/share/robotnik_sensors//meshes/camera/axis_q8641_n2-1.STL
-- Symlinking: /home/khotkangplue_p/week6_ws/install/robotnik_sensors/share/robotnik_sensors//meshes/camera/camera_axis_q8641.STL
-- Symlinking: /home/khotkangplue_p/week6_ws/install/robotnik_sensors/share/robotnik_sensors//meshes/camera/link_750_base.stl
-- Symlinking: /home/khotkangplue_p/week6_ws/install/robotnik_sensors/share/robotnik_sensors//meshes/camera/link_750_pan.stl
-- Symlinking: /home/khotkangplue_p/week6_ws/install/robotnik_sensors/share/robotnik_sensors//meshes/camera/link_750_tilt.stl
-- Symlinking: /home/khotkangplue_p/week6_ws/install/robotnik_sensors/share/robotnik_sensors//meshes/depth/intel_realsense_d435/intel_d435.dae
-- Symlinking: /home/khotkangplue_p/week6_ws/install/robotnik_sensors/share/robotnik_sensors//meshes/depth/intel_realsense_d435/intel_d435.png
-- Symlinking: /home/khotkangplue_p/week6_ws/install/robotnik_sensors/share/robotnik_sensors//meshes/depth/intel_realsense_d435/intel_d435.stl
-- Symlinking: /home/khotkangplue_p/week6_ws/install/robotnik_sensors/share/robotnik_sensors//meshes/depth/intel_realsense_d435/intel_d435_color.dae
-- Symlinking: /home/khotkangplue_p/week6_ws/install/robotnik_sensors/share/robotnik_sensors//meshes/depth/orbbec_astra/orbbec_astra.dae
-- Symlinking: /home/khotkangplue_p/week6_ws/install/robotnik_sensors/share/robotnik_sensors//meshes/depth/orbbec_astra/orbbec_astra.stl
-- Symlinking: /home/khotkangplue_p/week6_ws/install/robotnik_sensors/share/robotnik_sensors//meshes/depth/stereolabs_zed/zed.stl
-- Symlinking: /home/khotkangplue_p/week6_ws/install/robotnik_sensors/share/robotnik_sensors//meshes/depth/stereolabs_zed/zed2.stl
-- Symlinking: /home/khotkangplue_p/week6_ws/install/robotnik_sensors/share/robotnik_sensors//meshes/depth/stereolabs_zed/zedm.stl
-- Symlinking: /home/khotkangplue_p/week6_ws/install/robotnik_sensors/share/robotnik_sensors//meshes/fotonic_e.stl
-- Symlinking: /home/khotkangplue_p/week6_ws/install/robotnik_sensors/share/robotnik_sensors//meshes/gps/antenna_3GO16.dae
-- Symlinking: /home/khotkangplue_p/week6_ws/install/robotnik_sensors/share/robotnik_sensors//meshes/gps/antenna_3GO16.stl
-- Symlinking: /home/khotkangplue_p/week6_ws/install/robotnik_sensors/share/robotnik_sensors//meshes/gps/antenna_ANN_MB.stl
-- Symlinking: /home/khotkangplue_p/week6_ws/install/robotnik_sensors/share/robotnik_sensors//meshes/gps/mastil_gps.stl
-- Symlinking: /home/khotkangplue_p/week6_ws/install/robotnik_sensors/share/robotnik_sensors//meshes/hokuyo.png
-- Symlinking: /home/khotkangplue_p/week6_ws/install/robotnik_sensors/share/robotnik_sensors//meshes/hokuyo3d.dae
-- Symlinking: /home/khotkangplue_p/week6_ws/install/robotnik_sensors/share/robotnik_sensors//meshes/hokuyo3d.jpg
-- Symlinking: /home/khotkangplue_p/week6_ws/install/robotnik_sensors/share/robotnik_sensors//meshes/hokuyo3d.stl
-- Symlinking: /home/khotkangplue_p/week6_ws/install/robotnik_sensors/share/robotnik_sensors//meshes/hokuyo_urg_04lx.dae
-- Symlinking: /home/khotkangplue_p/week6_ws/install/robotnik_sensors/share/robotnik_sensors//meshes/hokuyo_urg_04lx.stl
-- Symlinking: /home/khotkangplue_p/week6_ws/install/robotnik_sensors/share/robotnik_sensors//meshes/hokuyo_ust_10lx.dae
-- Symlinking: /home/khotkangplue_p/week6_ws/install/robotnik_sensors/share/robotnik_sensors//meshes/hokuyo_ust_20lx.dae
-- Symlinking: /home/khotkangplue_p/week6_ws/install/robotnik_sensors/share/robotnik_sensors//meshes/hokuyo_utm_30lx.dae
-- Symlinking: /home/khotkangplue_p/week6_ws/install/robotnik_sensors/share/robotnik_sensors//meshes/hokuyo_utm_30lx.stl
-- Symlinking: /home/khotkangplue_p/week6_ws/install/robotnik_sensors/share/robotnik_sensors//meshes/imu/vectornav_vn100.stl
-- Symlinking: /home/khotkangplue_p/week6_ws/install/robotnik_sensors/share/robotnik_sensors//meshes/intel_r430.dae
-- Symlinking: /home/khotkangplue_p/week6_ws/install/robotnik_sensors/share/robotnik_sensors//meshes/intel_r430.stl
-- Symlinking: /home/khotkangplue_p/week6_ws/install/robotnik_sensors/share/robotnik_sensors//meshes/kinect.dae
-- Symlinking: /home/khotkangplue_p/week6_ws/install/robotnik_sensors/share/robotnik_sensors//meshes/kinect.jpg
-- Symlinking: /home/khotkangplue_p/week6_ws/install/robotnik_sensors/share/robotnik_sensors//meshes/kinect.tga
-- Symlinking: /home/khotkangplue_p/week6_ws/install/robotnik_sensors/share/robotnik_sensors//meshes/kinectv2.dae
-- Symlinking: /home/khotkangplue_p/week6_ws/install/robotnik_sensors/share/robotnik_sensors//meshes/kinectv2.stl
-- Symlinking: /home/khotkangplue_p/week6_ws/install/robotnik_sensors/share/robotnik_sensors//meshes/kinectv2_nobase.dae
-- Symlinking: /home/khotkangplue_p/week6_ws/install/robotnik_sensors/share/robotnik_sensors//meshes/kinectv2_nobase.stl
-- Symlinking: /home/khotkangplue_p/week6_ws/install/robotnik_sensors/share/robotnik_sensors//meshes/lidar_mast.STL
-- Symlinking: /home/khotkangplue_p/week6_ws/install/robotnik_sensors/share/robotnik_sensors//meshes/orbbec_astra_embedded_s.dae
-- Symlinking: /home/khotkangplue_p/week6_ws/install/robotnik_sensors/share/robotnik_sensors//meshes/orbbec_astra_embedded_s.stl
-- Symlinking: /home/khotkangplue_p/week6_ws/install/robotnik_sensors/share/robotnik_sensors//meshes/ouster1.STL
-- Symlinking: /home/khotkangplue_p/week6_ws/install/robotnik_sensors/share/robotnik_sensors//meshes/pointgrey_bumblebee2.dae
-- Symlinking: /home/khotkangplue_p/week6_ws/install/robotnik_sensors/share/robotnik_sensors//meshes/rplidar.dae
-- Symlinking: /home/khotkangplue_p/week6_ws/install/robotnik_sensors/share/robotnik_sensors//meshes/rplidar_a2.dae
-- Symlinking: /home/khotkangplue_p/week6_ws/install/robotnik_sensors/share/robotnik_sensors//meshes/rplidar_a2.stl
-- Symlinking: /home/khotkangplue_p/week6_ws/install/robotnik_sensors/share/robotnik_sensors//meshes/rslidar.dae
-- Symlinking: /home/khotkangplue_p/week6_ws/install/robotnik_sensors/share/robotnik_sensors//meshes/rslidar.stl
-- Symlinking: /home/khotkangplue_p/week6_ws/install/robotnik_sensors/share/robotnik_sensors//meshes/rslidar_mems.stl
-- Symlinking: /home/khotkangplue_p/week6_ws/install/robotnik_sensors/share/robotnik_sensors//meshes/sick_mls.stl
-- Symlinking: /home/khotkangplue_p/week6_ws/install/robotnik_sensors/share/robotnik_sensors//meshes/teraranger_tr_duo.dae
-- Symlinking: /home/khotkangplue_p/week6_ws/install/robotnik_sensors/share/robotnik_sensors//meshes/teraranger_tr_duo.stl
-- Symlinking: /home/khotkangplue_p/week6_ws/install/robotnik_sensors/share/robotnik_sensors//meshes/ueye_cp_gige.dae
-- Symlinking: /home/khotkangplue_p/week6_ws/install/robotnik_sensors/share/robotnik_sensors//meshes/ueye_cp_gige.stl
-- Symlinking: /home/khotkangplue_p/week6_ws/install/robotnik_sensors/share/robotnik_sensors//meshes/viper.dae
-- Symlinking: /home/khotkangplue_p/week6_ws/install/robotnik_sensors/share/robotnik_sensors//meshes/viper.stl
-- Symlinking: /home/khotkangplue_p/week6_ws/install/robotnik_sensors/share/robotnik_sensors//meshes/ydlidar_4f.dae
-- Symlinking: /home/khotkangplue_p/week6_ws/install/robotnik_sensors/share/robotnik_sensors//meshes/ydlidar_4f.png
-- Symlinking: /home/khotkangplue_p/week6_ws/install/robotnik_sensors/share/robotnik_sensors//meshes/yujin_yrl.stl
-- Symlinking: /home/khotkangplue_p/week6_ws/install/robotnik_sensors/share/robotnik_sensors//urdf/2d_lidar/hokuyo_urg04lx.urdf.xacro
-- Symlinking: /home/khotkangplue_p/week6_ws/install/robotnik_sensors/share/robotnik_sensors//urdf/2d_lidar/hokuyo_ust10lx.urdf.xacro
-- Symlinking: /home/khotkangplue_p/week6_ws/install/robotnik_sensors/share/robotnik_sensors//urdf/2d_lidar/hokuyo_ust20lx.urdf.xacro
-- Symlinking: /home/khotkangplue_p/week6_ws/install/robotnik_sensors/share/robotnik_sensors//urdf/2d_lidar/hokuyo_utm30lx.urdf.xacro
-- Symlinking: /home/khotkangplue_p/week6_ws/install/robotnik_sensors/share/robotnik_sensors//urdf/2d_lidar/lidar_2d_plugin.urdf.xacro
-- Symlinking: /home/khotkangplue_p/week6_ws/install/robotnik_sensors/share/robotnik_sensors//urdf/2d_lidar/sick_microscan3.urdf.xacro
-- Symlinking: /home/khotkangplue_p/week6_ws/install/robotnik_sensors/share/robotnik_sensors//urdf/2d_lidar/sick_nanoscan3.urdf.xacro
-- Symlinking: /home/khotkangplue_p/week6_ws/install/robotnik_sensors/share/robotnik_sensors//urdf/2d_lidar/sick_outdoorscan3.urdf.xacro
-- Symlinking: /home/khotkangplue_p/week6_ws/install/robotnik_sensors/share/robotnik_sensors//urdf/2d_lidar/sick_s300.urdf.xacro
-- Symlinking: /home/khotkangplue_p/week6_ws/install/robotnik_sensors/share/robotnik_sensors//urdf/2d_lidar/sick_s3000.urdf.xacro
-- Symlinking: /home/khotkangplue_p/week6_ws/install/robotnik_sensors/share/robotnik_sensors//urdf/2d_lidar/sick_tim551.urdf.xacro
-- Symlinking: /home/khotkangplue_p/week6_ws/install/robotnik_sensors/share/robotnik_sensors//urdf/2d_lidar/sick_tim571.urdf.xacro
-- Symlinking: /home/khotkangplue_p/week6_ws/install/robotnik_sensors/share/robotnik_sensors//urdf/3d_lidar/lidar_3d_plugin.urdf.xacro
-- Symlinking: /home/khotkangplue_p/week6_ws/install/robotnik_sensors/share/robotnik_sensors//urdf/3d_lidar/livox_mid_360.urdf.xacro
-- Symlinking: /home/khotkangplue_p/week6_ws/install/robotnik_sensors/share/robotnik_sensors//urdf/3d_lidar/ouster.urdf.xacro
-- Symlinking: /home/khotkangplue_p/week6_ws/install/robotnik_sensors/share/robotnik_sensors//urdf/3d_lidar/robosense_bpearl.urdf.xacro
-- Symlinking: /home/khotkangplue_p/week6_ws/install/robotnik_sensors/share/robotnik_sensors//urdf/3d_lidar/robosense_helios_16p.urdf.xacro
-- Symlinking: /home/khotkangplue_p/week6_ws/install/robotnik_sensors/share/robotnik_sensors//urdf/3d_lidar/sick_multiscan_100.urdf.xacro
-- Symlinking: /home/khotkangplue_p/week6_ws/install/robotnik_sensors/share/robotnik_sensors//urdf/3d_lidar/velodyne_vlp16.urdf.xacro
-- Symlinking: /home/khotkangplue_p/week6_ws/install/robotnik_sensors/share/robotnik_sensors//urdf/all_sensors.urdf.xacro
-- Symlinking: /home/khotkangplue_p/week6_ws/install/robotnik_sensors/share/robotnik_sensors//urdf/camera/axis_m5013.urdf.xacro
-- Symlinking: /home/khotkangplue_p/week6_ws/install/robotnik_sensors/share/robotnik_sensors//urdf/camera/axis_m5074.urdf.xacro
-- Symlinking: /home/khotkangplue_p/week6_ws/install/robotnik_sensors/share/robotnik_sensors//urdf/camera/axis_m5525.urdf.xacro
-- Symlinking: /home/khotkangplue_p/week6_ws/install/robotnik_sensors/share/robotnik_sensors//urdf/camera/axis_m5526.urdf.xacro
-- Symlinking: /home/khotkangplue_p/week6_ws/install/robotnik_sensors/share/robotnik_sensors//urdf/camera/camera_plugin.urdf.xacro
-- Symlinking: /home/khotkangplue_p/week6_ws/install/robotnik_sensors/share/robotnik_sensors//urdf/camera/link_750_nh.urdf.xacro
-- Symlinking: /home/khotkangplue_p/week6_ws/install/robotnik_sensors/share/robotnik_sensors//urdf/deprecated/asus_xtion_pro.urdf.xacro
-- Symlinking: /home/khotkangplue_p/week6_ws/install/robotnik_sensors/share/robotnik_sensors//urdf/deprecated/axis.urdf.xacro
-- Symlinking: /home/khotkangplue_p/week6_ws/install/robotnik_sensors/share/robotnik_sensors//urdf/deprecated/axis_q8641.urdf.xacro
-- Symlinking: /home/khotkangplue_p/week6_ws/install/robotnik_sensors/share/robotnik_sensors//urdf/deprecated/benewake_ce30.urdf.xacro
-- Symlinking: /home/khotkangplue_p/week6_ws/install/robotnik_sensors/share/robotnik_sensors//urdf/deprecated/benewake_ce30d.urdf.xacro
-- Symlinking: /home/khotkangplue_p/week6_ws/install/robotnik_sensors/share/robotnik_sensors//urdf/deprecated/embedded_s.urdf.xacro
-- Symlinking: /home/khotkangplue_p/week6_ws/install/robotnik_sensors/share/robotnik_sensors//urdf/deprecated/flir_ax8.urdf.xacro
-- Symlinking: /home/khotkangplue_p/week6_ws/install/robotnik_sensors/share/robotnik_sensors//urdf/deprecated/fotonic_e.urdf.xacro
-- Symlinking: /home/khotkangplue_p/week6_ws/install/robotnik_sensors/share/robotnik_sensors//urdf/deprecated/hokuyo3d.urdf.xacro
-- Symlinking: /home/khotkangplue_p/week6_ws/install/robotnik_sensors/share/robotnik_sensors//urdf/deprecated/imu.urdf.xacro
-- Symlinking: /home/khotkangplue_p/week6_ws/install/robotnik_sensors/share/robotnik_sensors//urdf/deprecated/imu_hector_plugin.urdf.xacro
-- Symlinking: /home/khotkangplue_p/week6_ws/install/robotnik_sensors/share/robotnik_sensors//urdf/deprecated/intel_d435.urdf.xacro
-- Symlinking: /home/khotkangplue_p/week6_ws/install/robotnik_sensors/share/robotnik_sensors//urdf/deprecated/intel_r430.urdf.xacro
-- Symlinking: /home/khotkangplue_p/week6_ws/install/robotnik_sensors/share/robotnik_sensors//urdf/deprecated/kinect.urdf.xacro
-- Symlinking: /home/khotkangplue_p/week6_ws/install/robotnik_sensors/share/robotnik_sensors//urdf/deprecated/kinectv2.urdf.xacro
-- Symlinking: /home/khotkangplue_p/week6_ws/install/robotnik_sensors/share/robotnik_sensors//urdf/deprecated/lidar_mast.urdf.xacro
-- Symlinking: /home/khotkangplue_p/week6_ws/install/robotnik_sensors/share/robotnik_sensors//urdf/deprecated/pantilt.urdf.xacro
-- Symlinking: /home/khotkangplue_p/week6_ws/install/robotnik_sensors/share/robotnik_sensors//urdf/deprecated/pointgrey_bumblebee2.urdf.xacro
-- Symlinking: /home/khotkangplue_p/week6_ws/install/robotnik_sensors/share/robotnik_sensors//urdf/deprecated/roboteq_mgs.urdf.xacro
-- Symlinking: /home/khotkangplue_p/week6_ws/install/robotnik_sensors/share/robotnik_sensors//urdf/deprecated/rplidar.urdf.xacro
-- Symlinking: /home/khotkangplue_p/week6_ws/install/robotnik_sensors/share/robotnik_sensors//urdf/deprecated/rplidar_a2.urdf.xacro
-- Symlinking: /home/khotkangplue_p/week6_ws/install/robotnik_sensors/share/robotnik_sensors//urdf/deprecated/rslidar.urdf.xacro
-- Symlinking: /home/khotkangplue_p/week6_ws/install/robotnik_sensors/share/robotnik_sensors//urdf/deprecated/rslidar_mems.urdf.xacro
-- Symlinking: /home/khotkangplue_p/week6_ws/install/robotnik_sensors/share/robotnik_sensors//urdf/deprecated/rubedos_viper.urdf.xacro
-- Symlinking: /home/khotkangplue_p/week6_ws/install/robotnik_sensors/share/robotnik_sensors//urdf/deprecated/sick_mls.urdf.xacro
-- Symlinking: /home/khotkangplue_p/week6_ws/install/robotnik_sensors/share/robotnik_sensors//urdf/deprecated/teraranger_tr_duo.urdf.xacro
-- Symlinking: /home/khotkangplue_p/week6_ws/install/robotnik_sensors/share/robotnik_sensors//urdf/deprecated/ueye_cp_gige.urdf.xacro
-- Symlinking: /home/khotkangplue_p/week6_ws/install/robotnik_sensors/share/robotnik_sensors//urdf/deprecated/ydlidar_4f.urdf.xacro
-- Symlinking: /home/khotkangplue_p/week6_ws/install/robotnik_sensors/share/robotnik_sensors//urdf/deprecated/yujin_yrl.urdf.xacro
-- Symlinking: /home/khotkangplue_p/week6_ws/install/robotnik_sensors/share/robotnik_sensors//urdf/deprecated/zed.urdf.xacro
-- Symlinking: /home/khotkangplue_p/week6_ws/install/robotnik_sensors/share/robotnik_sensors//urdf/deprecated/zed2.urdf.xacro
-- Symlinking: /home/khotkangplue_p/week6_ws/install/robotnik_sensors/share/robotnik_sensors//urdf/depth/azure_kinect.urdf.xacro
-- Symlinking: /home/khotkangplue_p/week6_ws/install/robotnik_sensors/share/robotnik_sensors//urdf/depth/depth_camera_plugin.urdf.xacro
-- Symlinking: /home/khotkangplue_p/week6_ws/install/robotnik_sensors/share/robotnik_sensors//urdf/depth/intel_realsense_d435.urdf.xacro
-- Symlinking: /home/khotkangplue_p/week6_ws/install/robotnik_sensors/share/robotnik_sensors//urdf/depth/intel_realsense_d435i.urdf.xacro
-- Symlinking: /home/khotkangplue_p/week6_ws/install/robotnik_sensors/share/robotnik_sensors//urdf/depth/irred_camera_plugin.urdf.xacro
-- Symlinking: /home/khotkangplue_p/week6_ws/install/robotnik_sensors/share/robotnik_sensors//urdf/depth/orbbec_astra.urdf.xacro
-- Symlinking: /home/khotkangplue_p/week6_ws/install/robotnik_sensors/share/robotnik_sensors//urdf/depth/stereolabs_generic.urdf.xacro
-- Symlinking: /home/khotkangplue_p/week6_ws/install/robotnik_sensors/share/robotnik_sensors//urdf/depth/stereolabs_zed2.urdf.xacro
-- Symlinking: /home/khotkangplue_p/week6_ws/install/robotnik_sensors/share/robotnik_sensors//urdf/depth/stereolabs_zed2i.urdf.xacro
-- Symlinking: /home/khotkangplue_p/week6_ws/install/robotnik_sensors/share/robotnik_sensors//urdf/gps/gps.urdf.xacro
-- Symlinking: /home/khotkangplue_p/week6_ws/install/robotnik_sensors/share/robotnik_sensors//urdf/gps/gps_plugin.urdf.xacro
-- Symlinking: /home/khotkangplue_p/week6_ws/install/robotnik_sensors/share/robotnik_sensors//urdf/gps/gps_with_mast.urdf.xacro
-- Symlinking: /home/khotkangplue_p/week6_ws/install/robotnik_sensors/share/robotnik_sensors//urdf/gps/ublox.urdf.xacro
-- Symlinking: /home/khotkangplue_p/week6_ws/install/robotnik_sensors/share/robotnik_sensors//urdf/gps/ublox_with_mast.urdf.xacro
-- Symlinking: /home/khotkangplue_p/week6_ws/install/robotnik_sensors/share/robotnik_sensors//urdf/imu/imu_plugin.urdf.xacro
-- Symlinking: /home/khotkangplue_p/week6_ws/install/robotnik_sensors/share/robotnik_sensors//urdf/imu/myahrs.urdf.xacro
-- Symlinking: /home/khotkangplue_p/week6_ws/install/robotnik_sensors/share/robotnik_sensors//urdf/imu/pixhawk.urdf.xacro
-- Symlinking: /home/khotkangplue_p/week6_ws/install/robotnik_sensors/share/robotnik_sensors//urdf/imu/vectornav.urdf.xacro
-- Symlinking: /home/khotkangplue_p/week6_ws/install/robotnik_sensors/share/robotnik_sensors//urdf/utils/inertia.urdf.xacro
-- Symlinking: /home/khotkangplue_p/week6_ws/install/robotnik_sensors/share/ament_index/resource_index/package_run_dependencies/robotnik_sensors
-- Symlinking: /home/khotkangplue_p/week6_ws/install/robotnik_sensors/share/ament_index/resource_index/parent_prefix_path/robotnik_sensors
-- Symlinking: /home/khotkangplue_p/week6_ws/install/robotnik_sensors/share/robotnik_sensors/environment/ament_prefix_path.sh
-- Symlinking: /home/khotkangplue_p/week6_ws/install/robotnik_sensors/share/robotnik_sensors/environment/ament_prefix_path.dsv
-- Symlinking: /home/khotkangplue_p/week6_ws/install/robotnik_sensors/share/robotnik_sensors/environment/path.sh
-- Symlinking: /home/khotkangplue_p/week6_ws/install/robotnik_sensors/share/robotnik_sensors/environment/path.dsv
-- Symlinking: /home/khotkangplue_p/week6_ws/install/robotnik_sensors/share/robotnik_sensors/local_setup.bash
-- Symlinking: /home/khotkangplue_p/week6_ws/install/robotnik_sensors/share/robotnik_sensors/local_setup.sh
-- Symlinking: /home/khotkangplue_p/week6_ws/install/robotnik_sensors/share/robotnik_sensors/local_setup.zsh
-- Symlinking: /home/khotkangplue_p/week6_ws/install/robotnik_sensors/share/robotnik_sensors/local_setup.dsv
-- Symlinking: /home/khotkangplue_p/week6_ws/install/robotnik_sensors/share/robotnik_sensors/package.dsv
-- Symlinking: /home/khotkangplue_p/week6_ws/install/robotnik_sensors/share/ament_index/resource_index/packages/robotnik_sensors
-- Symlinking: /home/khotkangplue_p/week6_ws/install/robotnik_sensors/share/robotnik_sensors/cmake/robotnik_sensorsConfig.cmake
-- Symlinking: /home/khotkangplue_p/week6_ws/install/robotnik_sensors/share/robotnik_sensors/cmake/robotnik_sensorsConfig-version.cmake
-- Symlinking: /home/khotkangplue_p/week6_ws/install/robotnik_sensors/share/robotnik_sensors/package.xml
