[0.102s] Invoking command in '/home/khotkangplue_p/week6_ws/build/robotnik_description': CMAKE_PREFIX_PATH=/home/khotkangplue_p/week6_ws/install/robotnik_sensors:/home/khotkangplue_p/week6_ws/install/robotnik_description:/home/khotkangplue_p/week6_ws/install/robotnik_common:/home/khotkangplue_p/week6_ws/install/diff_robot:/opt/ros/jazzy/opt/gz_sim_vendor:/opt/ros/jazzy/opt/gz_sensors_vendor:/opt/ros/jazzy/opt/gz_physics_vendor:/opt/ros/jazzy/opt/sdformat_vendor:/opt/ros/jazzy/opt/gz_gui_vendor:/opt/ros/jazzy/opt/gz_transport_vendor:/opt/ros/jazzy/opt/gz_rendering_vendor:/opt/ros/jazzy/opt/gz_plugin_vendor:/opt/ros/jazzy/opt/gz_fuel_tools_vendor:/opt/ros/jazzy/opt/gz_msgs_vendor:/opt/ros/jazzy/opt/gz_common_vendor:/opt/ros/jazzy/opt/gz_math_vendor:/opt/ros/jazzy/opt/gz_utils_vendor:/opt/ros/jazzy/opt/gz_tools_vendor:/opt/ros/jazzy/opt/gz_ogre_next_vendor:/opt/ros/jazzy/opt/gz_dartsim_vendor:/opt/ros/jazzy/opt/gz_cmake_vendor:/home/khotkangplue_p/week6_ws/install/control_rbkairos:/opt/ros/jazzy /usr/bin/cmake --build /home/khotkangplue_p/week6_ws/build/robotnik_description -- -j4 -l4
[0.143s] Invoked command in '/home/khotkangplue_p/week6_ws/build/robotnik_description' returned '0': CMAKE_PREFIX_PATH=/home/khotkangplue_p/week6_ws/install/robotnik_sensors:/home/khotkangplue_p/week6_ws/install/robotnik_description:/home/khotkangplue_p/week6_ws/install/robotnik_common:/home/khotkangplue_p/week6_ws/install/diff_robot:/opt/ros/jazzy/opt/gz_sim_vendor:/opt/ros/jazzy/opt/gz_sensors_vendor:/opt/ros/jazzy/opt/gz_physics_vendor:/opt/ros/jazzy/opt/sdformat_vendor:/opt/ros/jazzy/opt/gz_gui_vendor:/opt/ros/jazzy/opt/gz_transport_vendor:/opt/ros/jazzy/opt/gz_rendering_vendor:/opt/ros/jazzy/opt/gz_plugin_vendor:/opt/ros/jazzy/opt/gz_fuel_tools_vendor:/opt/ros/jazzy/opt/gz_msgs_vendor:/opt/ros/jazzy/opt/gz_common_vendor:/opt/ros/jazzy/opt/gz_math_vendor:/opt/ros/jazzy/opt/gz_utils_vendor:/opt/ros/jazzy/opt/gz_tools_vendor:/opt/ros/jazzy/opt/gz_ogre_next_vendor:/opt/ros/jazzy/opt/gz_dartsim_vendor:/opt/ros/jazzy/opt/gz_cmake_vendor:/home/khotkangplue_p/week6_ws/install/control_rbkairos:/opt/ros/jazzy /usr/bin/cmake --build /home/khotkangplue_p/week6_ws/build/robotnik_description -- -j4 -l4
[0.145s] Invoking command in '/home/khotkangplue_p/week6_ws/build/robotnik_description': CMAKE_PREFIX_PATH=/home/khotkangplue_p/week6_ws/install/robotnik_sensors:/home/khotkangplue_p/week6_ws/install/robotnik_description:/home/khotkangplue_p/week6_ws/install/robotnik_common:/home/khotkangplue_p/week6_ws/install/diff_robot:/opt/ros/jazzy/opt/gz_sim_vendor:/opt/ros/jazzy/opt/gz_sensors_vendor:/opt/ros/jazzy/opt/gz_physics_vendor:/opt/ros/jazzy/opt/sdformat_vendor:/opt/ros/jazzy/opt/gz_gui_vendor:/opt/ros/jazzy/opt/gz_transport_vendor:/opt/ros/jazzy/opt/gz_rendering_vendor:/opt/ros/jazzy/opt/gz_plugin_vendor:/opt/ros/jazzy/opt/gz_fuel_tools_vendor:/opt/ros/jazzy/opt/gz_msgs_vendor:/opt/ros/jazzy/opt/gz_common_vendor:/opt/ros/jazzy/opt/gz_math_vendor:/opt/ros/jazzy/opt/gz_utils_vendor:/opt/ros/jazzy/opt/gz_tools_vendor:/opt/ros/jazzy/opt/gz_ogre_next_vendor:/opt/ros/jazzy/opt/gz_dartsim_vendor:/opt/ros/jazzy/opt/gz_cmake_vendor:/home/khotkangplue_p/week6_ws/install/control_rbkairos:/opt/ros/jazzy /usr/bin/cmake --install /home/khotkangplue_p/week6_ws/build/robotnik_description
[0.153s] -- Install configuration: ""
[0.153s] -- Execute custom install script
[0.154s] -- Up-to-date symlink: /home/khotkangplue_p/week6_ws/install/robotnik_description/share/robotnik_description/launch/robot_description.launch.py
[0.157s] -- Up-to-date symlink: /home/khotkangplue_p/week6_ws/install/robotnik_description/share/robotnik_description/meshes/bases/rb1/rb1_base_v3.dae
[0.157s] -- Up-to-date symlink: /home/khotkangplue_p/week6_ws/install/robotnik_description/share/robotnik_description/meshes/bases/rb1/rb1_base_v3.stl
[0.157s] -- Up-to-date symlink: /home/khotkangplue_p/week6_ws/install/robotnik_description/share/robotnik_description/meshes/bases/rb1/rb1_front_cover_v3.dae
[0.157s] -- Up-to-date symlink: /home/khotkangplue_p/week6_ws/install/robotnik_description/share/robotnik_description/meshes/bases/rb1/rb1_front_cover_v3.stl
[0.157s] -- Up-to-date symlink: /home/khotkangplue_p/week6_ws/install/robotnik_description/share/robotnik_description/meshes/bases/rb1/rb1_top_cover_v3.dae
[0.157s] -- Up-to-date symlink: /home/khotkangplue_p/week6_ws/install/robotnik_description/share/robotnik_description/meshes/bases/rb1/rb1_top_cover_v3.stl
[0.157s] -- Up-to-date symlink: /home/khotkangplue_p/week6_ws/install/robotnik_description/share/robotnik_description/meshes/bases/rbfiqus/chasis.stl
[0.158s] -- Up-to-date symlink: /home/khotkangplue_p/week6_ws/install/robotnik_description/share/robotnik_description/meshes/bases/rbfiqus/left_box.stl
[0.158s] -- Up-to-date symlink: /home/khotkangplue_p/week6_ws/install/robotnik_description/share/robotnik_description/meshes/bases/rbfiqus/right_box.stl
[0.158s] -- Up-to-date symlink: /home/khotkangplue_p/week6_ws/install/robotnik_description/share/robotnik_description/meshes/bases/rbfiqus/rocker.stl
[0.158s] -- Up-to-date symlink: /home/khotkangplue_p/week6_ws/install/robotnik_description/share/robotnik_description/meshes/bases/rbkairos/rbkairos_chassis.stl
[0.158s] -- Up-to-date symlink: /home/khotkangplue_p/week6_ws/install/robotnik_description/share/robotnik_description/meshes/bases/rbkairos/rbkairos_top_cover.stl
[0.158s] -- Up-to-date symlink: /home/khotkangplue_p/week6_ws/install/robotnik_description/share/robotnik_description/meshes/bases/rbrobout/rbrobout_chassis.stl
[0.158s] -- Up-to-date symlink: /home/khotkangplue_p/week6_ws/install/robotnik_description/share/robotnik_description/meshes/bases/rbrobout/rbrobout_top_cover.stl
[0.158s] -- Up-to-date symlink: /home/khotkangplue_p/week6_ws/install/robotnik_description/share/robotnik_description/meshes/bases/rbsummit/rbsummit_xl_chassis.dae
[0.159s] -- Up-to-date symlink: /home/khotkangplue_p/week6_ws/install/robotnik_description/share/robotnik_description/meshes/bases/rbsummit/rbsummit_xl_chassis_collision.dae
[0.159s] -- Up-to-date symlink: /home/khotkangplue_p/week6_ws/install/robotnik_description/share/robotnik_description/meshes/bases/rbsummit/rbsummit_xl_chassis_simple.stl
[0.159s] -- Up-to-date symlink: /home/khotkangplue_p/week6_ws/install/robotnik_description/share/robotnik_description/meshes/bases/rbsummit_steel/rbsummit_steel_chassis.stl
[0.159s] -- Up-to-date symlink: /home/khotkangplue_p/week6_ws/install/robotnik_description/share/robotnik_description/meshes/bases/rbsummit_steel/rbsummit_steel_top_cover.stl
[0.159s] -- Up-to-date symlink: /home/khotkangplue_p/week6_ws/install/robotnik_description/share/robotnik_description/meshes/bases/rbtheron/rbtheron_plus_top_chassis.stl
[0.159s] -- Up-to-date symlink: /home/khotkangplue_p/week6_ws/install/robotnik_description/share/robotnik_description/meshes/bases/rbtheron/theron_base_v4.stl
[0.160s] -- Up-to-date symlink: /home/khotkangplue_p/week6_ws/install/robotnik_description/share/robotnik_description/meshes/bases/rbvogui/rbvogui_battery.stl
[0.160s] -- Up-to-date symlink: /home/khotkangplue_p/week6_ws/install/robotnik_description/share/robotnik_description/meshes/bases/rbvogui/rbvogui_chassis.stl
[0.160s] -- Up-to-date symlink: /home/khotkangplue_p/week6_ws/install/robotnik_description/share/robotnik_description/meshes/bases/rbvogui/rbvogui_chassis_color.dae
[0.160s] -- Up-to-date symlink: /home/khotkangplue_p/week6_ws/install/robotnik_description/share/robotnik_description/meshes/bases/rbvogui/rbvogui_chassis_color.png
[0.160s] -- Up-to-date symlink: /home/khotkangplue_p/week6_ws/install/robotnik_description/share/robotnik_description/meshes/bases/rbvogui/rbvogui_contactors.stl
[0.160s] -- Up-to-date symlink: /home/khotkangplue_p/week6_ws/install/robotnik_description/share/robotnik_description/meshes/bases/rbvogui/rbvogui_leds.stl
[0.161s] -- Up-to-date symlink: /home/khotkangplue_p/week6_ws/install/robotnik_description/share/robotnik_description/meshes/bases/rbvogui/rbvogui_logos.dae
[0.161s] -- Up-to-date symlink: /home/khotkangplue_p/week6_ws/install/robotnik_description/share/robotnik_description/meshes/bases/rbvogui/rbvogui_logos.stl
[0.161s] -- Up-to-date symlink: /home/khotkangplue_p/week6_ws/install/robotnik_description/share/robotnik_description/meshes/bases/rbvogui_xl/rbvogui_xl_battery.stl
[0.161s] -- Up-to-date symlink: /home/khotkangplue_p/week6_ws/install/robotnik_description/share/robotnik_description/meshes/bases/rbvogui_xl/rbvogui_xl_chassis.stl
[0.161s] -- Up-to-date symlink: /home/khotkangplue_p/week6_ws/install/robotnik_description/share/robotnik_description/meshes/bases/rbvogui_xl/rbvogui_xl_chassis_color.png
[0.161s] -- Up-to-date symlink: /home/khotkangplue_p/week6_ws/install/robotnik_description/share/robotnik_description/meshes/bases/rbvogui_xl/rbvogui_xl_contactors.stl
[0.161s] -- Up-to-date symlink: /home/khotkangplue_p/week6_ws/install/robotnik_description/share/robotnik_description/meshes/bases/rbvogui_xl/rbvogui_xl_leds.stl
[0.162s] -- Up-to-date symlink: /home/khotkangplue_p/week6_ws/install/robotnik_description/share/robotnik_description/meshes/bases/rbvogui_xl/rbvogui_xl_logos.dae
[0.162s] -- Up-to-date symlink: /home/khotkangplue_p/week6_ws/install/robotnik_description/share/robotnik_description/meshes/bases/rbvogui_xl/rbvogui_xl_logos.stl
[0.162s] -- Up-to-date symlink: /home/khotkangplue_p/week6_ws/install/robotnik_description/share/robotnik_description/meshes/bases/rbwatcher/rbwatcher_chassis.dae
[0.162s] -- Up-to-date symlink: /home/khotkangplue_p/week6_ws/install/robotnik_description/share/robotnik_description/meshes/bases/rbwatcher/rbwatcher_chassis.stl
[0.162s] -- Up-to-date symlink: /home/khotkangplue_p/week6_ws/install/robotnik_description/share/robotnik_description/meshes/bases/rbwatcher/rbwatcher_top_structure.dae
[0.162s] -- Up-to-date symlink: /home/khotkangplue_p/week6_ws/install/robotnik_description/share/robotnik_description/meshes/bases/rbwatcher/rbwatcher_top_structure.stl
[0.163s] -- Up-to-date symlink: /home/khotkangplue_p/week6_ws/install/robotnik_description/share/robotnik_description/meshes/bases/robotnik_logo_chasis.stl
[0.163s] -- Up-to-date symlink: /home/khotkangplue_p/week6_ws/install/robotnik_description/share/robotnik_description/meshes/structures/ewellix/ewellix_lift_base_700mm.stl
[0.163s] -- Up-to-date symlink: /home/khotkangplue_p/week6_ws/install/robotnik_description/share/robotnik_description/meshes/structures/ewellix/ewellix_lift_base_900mm.stl
[0.163s] -- Up-to-date symlink: /home/khotkangplue_p/week6_ws/install/robotnik_description/share/robotnik_description/meshes/structures/ewellix/ewellix_lift_top_700mm.stl
[0.163s] -- Up-to-date symlink: /home/khotkangplue_p/week6_ws/install/robotnik_description/share/robotnik_description/meshes/structures/ewellix/ewellix_lift_top_700mm_cut.stl
[0.163s] -- Up-to-date symlink: /home/khotkangplue_p/week6_ws/install/robotnik_description/share/robotnik_description/meshes/structures/ewellix/ewellix_lift_top_900mm.stl
[0.163s] -- Up-to-date symlink: /home/khotkangplue_p/week6_ws/install/robotnik_description/share/robotnik_description/meshes/structures/ewellix/ewellix_lift_top_900mm_cut.stl
[0.164s] -- Up-to-date symlink: /home/khotkangplue_p/week6_ws/install/robotnik_description/share/robotnik_description/meshes/wheels/caster_wheel/caster_wheel.stl
[0.164s] -- Up-to-date symlink: /home/khotkangplue_p/week6_ws/install/robotnik_description/share/robotnik_description/meshes/wheels/mecanum_wheel/kairos_mecanum_wheel_1.dae
[0.164s] -- Up-to-date symlink: /home/khotkangplue_p/week6_ws/install/robotnik_description/share/robotnik_description/meshes/wheels/mecanum_wheel/kairos_mecanum_wheel_2.dae
[0.164s] -- Up-to-date symlink: /home/khotkangplue_p/week6_ws/install/robotnik_description/share/robotnik_description/meshes/wheels/mecanum_wheel/robout_wheel.stl
[0.164s] -- Up-to-date symlink: /home/khotkangplue_p/week6_ws/install/robotnik_description/share/robotnik_description/meshes/wheels/rubber_wheel/mw_frame.stl
[0.164s] -- Up-to-date symlink: /home/khotkangplue_p/week6_ws/install/robotnik_description/share/robotnik_description/meshes/wheels/rubber_wheel/rubber_wheel.dae
[0.165s] -- Up-to-date symlink: /home/khotkangplue_p/week6_ws/install/robotnik_description/share/robotnik_description/meshes/wheels/rubber_wheel/rubber_wheel_220.stl
[0.165s] -- Up-to-date symlink: /home/khotkangplue_p/week6_ws/install/robotnik_description/share/robotnik_description/meshes/wheels/rubber_wheel/rubber_wheel_350.stl
[0.165s] -- Up-to-date symlink: /home/khotkangplue_p/week6_ws/install/robotnik_description/share/robotnik_description/meshes/wheels/rubber_wheel/wheel_sxl.stl
[0.165s] -- Up-to-date symlink: /home/khotkangplue_p/week6_ws/install/robotnik_description/share/robotnik_description/meshes/wheels/steering_wheel/mw_frame_rbfiqus.stl
[0.165s] -- Up-to-date symlink: /home/khotkangplue_p/week6_ws/install/robotnik_description/share/robotnik_description/meshes/wheels/steering_wheel/mw_frame_stl.png
[0.165s] -- Up-to-date symlink: /home/khotkangplue_p/week6_ws/install/robotnik_description/share/robotnik_description/meshes/wheels/steering_wheel/mw_frame_stl_color.dae
[0.166s] -- Up-to-date symlink: /home/khotkangplue_p/week6_ws/install/robotnik_description/share/robotnik_description/meshes/wheels/steering_wheel/mw_frame_xl.stl
[0.169s] -- Up-to-date symlink: /home/khotkangplue_p/week6_ws/install/robotnik_description/share/robotnik_description/urdf/arms/ur_macro.urdf.xacro
[0.169s] -- Up-to-date symlink: /home/khotkangplue_p/week6_ws/install/robotnik_description/share/robotnik_description/urdf/bases/rb1/rb1_base.xacro
[0.169s] -- Up-to-date symlink: /home/khotkangplue_p/week6_ws/install/robotnik_description/share/robotnik_description/urdf/bases/rbfiqus/rbfiqus_base.urdf.xacro
[0.169s] -- Up-to-date symlink: /home/khotkangplue_p/week6_ws/install/robotnik_description/share/robotnik_description/urdf/bases/rbkairos/rbkairos_base.urdf.xacro
[0.170s] -- Up-to-date symlink: /home/khotkangplue_p/week6_ws/install/robotnik_description/share/robotnik_description/urdf/bases/rbrobout/rbrobout_base.urdf.xacro
[0.170s] -- Up-to-date symlink: /home/khotkangplue_p/week6_ws/install/robotnik_description/share/robotnik_description/urdf/bases/rbrobout/rbrobout_top_cover.urdf.xacro
[0.170s] -- Up-to-date symlink: /home/khotkangplue_p/week6_ws/install/robotnik_description/share/robotnik_description/urdf/bases/rbsummit/rbsummit_base.xacro
[0.170s] -- Up-to-date symlink: /home/khotkangplue_p/week6_ws/install/robotnik_description/share/robotnik_description/urdf/bases/rbsummit_steel/rbsummit_steel_base.xacro
[0.170s] -- Up-to-date symlink: /home/khotkangplue_p/week6_ws/install/robotnik_description/share/robotnik_description/urdf/bases/rbtheron/rbtheron_base.xacro
[0.170s] -- Up-to-date symlink: /home/khotkangplue_p/week6_ws/install/robotnik_description/share/robotnik_description/urdf/bases/rbtheron/rbtheron_top_cover.urdf.xacro
[0.171s] -- Up-to-date symlink: /home/khotkangplue_p/week6_ws/install/robotnik_description/share/robotnik_description/urdf/bases/rbvogui/rbvogui_base.urdf.xacro
[0.171s] -- Up-to-date symlink: /home/khotkangplue_p/week6_ws/install/robotnik_description/share/robotnik_description/urdf/bases/rbvogui_xl/rbvogui_xl_base.urdf.xacro
[0.171s] -- Up-to-date symlink: /home/khotkangplue_p/week6_ws/install/robotnik_description/share/robotnik_description/urdf/bases/rbwatcher/rbwatcher_base.xacro
[0.172s] -- Up-to-date symlink: /home/khotkangplue_p/week6_ws/install/robotnik_description/share/robotnik_description/urdf/bodies/rb1/rb1_base.urdf.xacro
[0.172s] -- Up-to-date symlink: /home/khotkangplue_p/week6_ws/install/robotnik_description/share/robotnik_description/urdf/bodies/rb1/rb1_body.urdf.xacro
[0.172s] -- Up-to-date symlink: /home/khotkangplue_p/week6_ws/install/robotnik_description/share/robotnik_description/urdf/bodies/rbfiqus/rbfiqus_body.gazebo.xacro
[0.172s] -- Up-to-date symlink: /home/khotkangplue_p/week6_ws/install/robotnik_description/share/robotnik_description/urdf/bodies/rbfiqus/rbfiqus_body.urdf.xacro
[0.172s] -- Up-to-date symlink: /home/khotkangplue_p/week6_ws/install/robotnik_description/share/robotnik_description/urdf/bodies/rbkairos/rbkairos_body.urdf.xacro
[0.173s] -- Up-to-date symlink: /home/khotkangplue_p/week6_ws/install/robotnik_description/share/robotnik_description/urdf/bodies/rbrobout/rbrobout_body.urdf.xacro
[0.173s] -- Up-to-date symlink: /home/khotkangplue_p/week6_ws/install/robotnik_description/share/robotnik_description/urdf/bodies/rbsummit/rbsummit_body.urdf.xacro
[0.173s] -- Up-to-date symlink: /home/khotkangplue_p/week6_ws/install/robotnik_description/share/robotnik_description/urdf/bodies/rbsummit_steel/rbsummit_steel_body.urdf.xacro
[0.173s] -- Up-to-date symlink: /home/khotkangplue_p/week6_ws/install/robotnik_description/share/robotnik_description/urdf/bodies/rbtheron/rbtheron_body.urdf.xacro
[0.173s] -- Up-to-date symlink: /home/khotkangplue_p/week6_ws/install/robotnik_description/share/robotnik_description/urdf/bodies/rbvogui/rbvogui_base.gazebo.xacro
[0.174s] -- Up-to-date symlink: /home/khotkangplue_p/week6_ws/install/robotnik_description/share/robotnik_description/urdf/bodies/rbvogui/rbvogui_body.urdf.xacro
[0.174s] -- Up-to-date symlink: /home/khotkangplue_p/week6_ws/install/robotnik_description/share/robotnik_description/urdf/bodies/rbvogui_xl/rbvogui_xl_base.gazebo.xacro
[0.174s] -- Up-to-date symlink: /home/khotkangplue_p/week6_ws/install/robotnik_description/share/robotnik_description/urdf/bodies/rbvogui_xl/rbvogui_xl_body.urdf.xacro
[0.174s] -- Up-to-date symlink: /home/khotkangplue_p/week6_ws/install/robotnik_description/share/robotnik_description/urdf/bodies/rbwatcher/rbwatcher_body.urdf.xacro
[0.174s] -- Up-to-date symlink: /home/khotkangplue_p/week6_ws/install/robotnik_description/share/robotnik_description/urdf/inertia.urdf.xacro
[0.175s] -- Up-to-date symlink: /home/khotkangplue_p/week6_ws/install/robotnik_description/share/robotnik_description/urdf/structures/ewellix/all_ewellix_lift.urdf.xacro
[0.175s] -- Up-to-date symlink: /home/khotkangplue_p/week6_ws/install/robotnik_description/share/robotnik_description/urdf/structures/ewellix/ewellix_lift_700mm.urdf.xacro
[0.175s] -- Up-to-date symlink: /home/khotkangplue_p/week6_ws/install/robotnik_description/share/robotnik_description/urdf/structures/ewellix/ewellix_lift_900mm.urdf.xacro
[0.175s] -- Up-to-date symlink: /home/khotkangplue_p/week6_ws/install/robotnik_description/share/robotnik_description/urdf/wheels/caster_wheel/rbtheron_caster.urdf.xacro
[0.175s] -- Up-to-date symlink: /home/khotkangplue_p/week6_ws/install/robotnik_description/share/robotnik_description/urdf/wheels/mecanum_wheel/rbkairos_mecanum_wheel.urdf.xacro
[0.175s] -- Up-to-date symlink: /home/khotkangplue_p/week6_ws/install/robotnik_description/share/robotnik_description/urdf/wheels/mecanum_wheel/rbrobout_mecanum_wheel.urdf.xacro
[0.176s] -- Up-to-date symlink: /home/khotkangplue_p/week6_ws/install/robotnik_description/share/robotnik_description/urdf/wheels/rubber_wheel/gazebo/rbvogui_wheel.gazebo.xacro
[0.176s] -- Up-to-date symlink: /home/khotkangplue_p/week6_ws/install/robotnik_description/share/robotnik_description/urdf/wheels/rubber_wheel/gazebo/rubber_wheel.gazebo.xacro
[0.176s] -- Up-to-date symlink: /home/khotkangplue_p/week6_ws/install/robotnik_description/share/robotnik_description/urdf/wheels/rubber_wheel/gazebo/rubber_wheel.transmission.xacro
[0.176s] -- Up-to-date symlink: /home/khotkangplue_p/week6_ws/install/robotnik_description/share/robotnik_description/urdf/wheels/rubber_wheel/rubber_wheel.urdf.xacro
[0.176s] -- Up-to-date symlink: /home/khotkangplue_p/week6_ws/install/robotnik_description/share/robotnik_description/urdf/wheels/rubber_wheel/rubber_wheel_150.urdf.xacro
[0.177s] -- Up-to-date symlink: /home/khotkangplue_p/week6_ws/install/robotnik_description/share/robotnik_description/urdf/wheels/rubber_wheel/rubber_wheel_220.urdf.xacro
[0.177s] -- Up-to-date symlink: /home/khotkangplue_p/week6_ws/install/robotnik_description/share/robotnik_description/urdf/wheels/rubber_wheel/rubber_wheel_350.urdf.xacro
[0.177s] -- Up-to-date symlink: /home/khotkangplue_p/week6_ws/install/robotnik_description/share/robotnik_description/urdf/wheels/steering_wheel/steering_wheel.urdf.xacro
[0.177s] -- Up-to-date symlink: /home/khotkangplue_p/week6_ws/install/robotnik_description/share/robotnik_description/urdf/wheels/steering_wheel/steering_wheel_350.urdf.xacro
[0.177s] -- Up-to-date symlink: /home/khotkangplue_p/week6_ws/install/robotnik_description/share/robotnik_description/urdf/wheels/steering_wheel/steering_wheel_rbfiqus.urdf.xacro
[0.177s] -- Up-to-date symlink: /home/khotkangplue_p/week6_ws/install/robotnik_description/share/robotnik_description/urdf/wheels/wheel.gazebo.xacro
[0.178s] -- Up-to-date symlink: /home/khotkangplue_p/week6_ws/install/robotnik_description/share/robotnik_description/robots/rb1/rb1.urdf.xacro
[0.178s] -- Up-to-date symlink: /home/khotkangplue_p/week6_ws/install/robotnik_description/share/robotnik_description/robots/rbfiqus/rbfiqus.urdf.xacro
[0.179s] -- Up-to-date symlink: /home/khotkangplue_p/week6_ws/install/robotnik_description/share/robotnik_description/robots/rbkairos/rbkairos.urdf.xacro
[0.179s] -- Up-to-date symlink: /home/khotkangplue_p/week6_ws/install/robotnik_description/share/robotnik_description/robots/rbkairos/rbkairos_plus.urdf.xacro
[0.179s] -- Up-to-date symlink: /home/khotkangplue_p/week6_ws/install/robotnik_description/share/robotnik_description/robots/rbrobout/rbrobout.urdf.xacro
[0.179s] -- Up-to-date symlink: /home/khotkangplue_p/week6_ws/install/robotnik_description/share/robotnik_description/robots/rbrobout/rbrobout_plus.urdf.xacro
[0.179s] -- Up-to-date symlink: /home/khotkangplue_p/week6_ws/install/robotnik_description/share/robotnik_description/robots/rbsummit/rbsummit.urdf.xacro
[0.179s] -- Up-to-date symlink: /home/khotkangplue_p/week6_ws/install/robotnik_description/share/robotnik_description/robots/rbsummit_steel/rbsummit_steel.urdf.xacro
[0.180s] -- Up-to-date symlink: /home/khotkangplue_p/week6_ws/install/robotnik_description/share/robotnik_description/robots/rbtheron/rbtheron.urdf.xacro
[0.180s] -- Up-to-date symlink: /home/khotkangplue_p/week6_ws/install/robotnik_description/share/robotnik_description/robots/rbtheron/rbtheron_plus.urdf.xacro
[0.180s] -- Up-to-date symlink: /home/khotkangplue_p/week6_ws/install/robotnik_description/share/robotnik_description/robots/rbvogui/rbvogui.urdf.xacro
[0.180s] -- Up-to-date symlink: /home/khotkangplue_p/week6_ws/install/robotnik_description/share/robotnik_description/robots/rbvogui/rbvogui_plus.urdf.xacro
[0.180s] -- Up-to-date symlink: /home/khotkangplue_p/week6_ws/install/robotnik_description/share/robotnik_description/robots/rbvogui_xl/rbvogui_xl.urdf.xacro
[0.180s] -- Up-to-date symlink: /home/khotkangplue_p/week6_ws/install/robotnik_description/share/robotnik_description/robots/rbwatcher/rbwatcher.urdf.xacro
[0.182s] -- Up-to-date symlink: /home/khotkangplue_p/week6_ws/install/robotnik_description/share/robotnik_description/simulators/gazebo_ignition/README.md
[0.182s] -- Up-to-date symlink: /home/khotkangplue_p/week6_ws/install/robotnik_description/share/robotnik_description/simulators/gazebo_ignition/rb1/rb1_control.urdf.xacro
[0.182s] -- Up-to-date symlink: /home/khotkangplue_p/week6_ws/install/robotnik_description/share/robotnik_description/simulators/gazebo_ignition/rb1/rb1_controller_params.yaml
[0.182s] -- Up-to-date symlink: /home/khotkangplue_p/week6_ws/install/robotnik_description/share/robotnik_description/simulators/gazebo_ignition/rbfiqus/rbfiqus_control.urdf.xacro
[0.182s] -- Up-to-date symlink: /home/khotkangplue_p/week6_ws/install/robotnik_description/share/robotnik_description/simulators/gazebo_ignition/rbfiqus/rbfiqus_controller_params.yaml
[0.183s] -- Up-to-date symlink: /home/khotkangplue_p/week6_ws/install/robotnik_description/share/robotnik_description/simulators/gazebo_ignition/rbkairos/rbkairos_control.urdf.xacro
[0.183s] -- Up-to-date symlink: /home/khotkangplue_p/week6_ws/install/robotnik_description/share/robotnik_description/simulators/gazebo_ignition/rbkairos/rbkairos_controller_params.yaml
[0.183s] -- Up-to-date symlink: /home/khotkangplue_p/week6_ws/install/robotnik_description/share/robotnik_description/simulators/gazebo_ignition/rbrobout/rbrobout_control.urdf.xacro
[0.183s] -- Up-to-date symlink: /home/khotkangplue_p/week6_ws/install/robotnik_description/share/robotnik_description/simulators/gazebo_ignition/rbrobout/rbrobout_controller_params.yaml
[0.183s] -- Up-to-date symlink: /home/khotkangplue_p/week6_ws/install/robotnik_description/share/robotnik_description/simulators/gazebo_ignition/rbsummit/rbsummit_control.urdf.xacro
[0.183s] -- Up-to-date symlink: /home/khotkangplue_p/week6_ws/install/robotnik_description/share/robotnik_description/simulators/gazebo_ignition/rbsummit/rbsummit_controller_params.yaml
[0.183s] -- Up-to-date symlink: /home/khotkangplue_p/week6_ws/install/robotnik_description/share/robotnik_description/simulators/gazebo_ignition/rbsummit_steel/rbsummit_steel_control.urdf.xacro
[0.184s] -- Up-to-date symlink: /home/khotkangplue_p/week6_ws/install/robotnik_description/share/robotnik_description/simulators/gazebo_ignition/rbtheron/rbtheron_control.urdf.xacro
[0.184s] -- Up-to-date symlink: /home/khotkangplue_p/week6_ws/install/robotnik_description/share/robotnik_description/simulators/gazebo_ignition/rbtheron/rbtheron_controller_params.yaml
[0.184s] -- Up-to-date symlink: /home/khotkangplue_p/week6_ws/install/robotnik_description/share/robotnik_description/simulators/gazebo_ignition/rbvogui/rbvogui_control.urdf.xacro
[0.184s] -- Up-to-date symlink: /home/khotkangplue_p/week6_ws/install/robotnik_description/share/robotnik_description/simulators/gazebo_ignition/rbvogui/rbvogui_controller_params.yaml
[0.184s] -- Up-to-date symlink: /home/khotkangplue_p/week6_ws/install/robotnik_description/share/robotnik_description/simulators/gazebo_ignition/rbvogui_xl/rbvogui_xl_control.urdf.xacro
[0.184s] -- Up-to-date symlink: /home/khotkangplue_p/week6_ws/install/robotnik_description/share/robotnik_description/simulators/gazebo_ignition/rbvogui_xl/rbvogui_xl_controller_params.yaml
[0.185s] -- Up-to-date symlink: /home/khotkangplue_p/week6_ws/install/robotnik_description/share/robotnik_description/simulators/gazebo_ignition/rbwatcher/rbwatcher_control.urdf.xacro
[0.185s] -- Up-to-date symlink: /home/khotkangplue_p/week6_ws/install/robotnik_description/share/robotnik_description/simulators/gazebo_ignition/rbwatcher/rbwatcher_controller_params.yaml
[0.185s] -- Up-to-date symlink: /home/khotkangplue_p/week6_ws/install/robotnik_description/share/robotnik_description/simulators/isaac/README.md
[0.185s] -- Up-to-date symlink: /home/khotkangplue_p/week6_ws/install/robotnik_description/share/ament_index/resource_index/package_run_dependencies/robotnik_description
[0.186s] -- Up-to-date symlink: /home/khotkangplue_p/week6_ws/install/robotnik_description/share/ament_index/resource_index/parent_prefix_path/robotnik_description
[0.186s] -- Up-to-date symlink: /home/khotkangplue_p/week6_ws/install/robotnik_description/share/robotnik_description/environment/ament_prefix_path.sh
[0.186s] -- Up-to-date symlink: /home/khotkangplue_p/week6_ws/install/robotnik_description/share/robotnik_description/environment/ament_prefix_path.dsv
[0.187s] -- Up-to-date symlink: /home/khotkangplue_p/week6_ws/install/robotnik_description/share/robotnik_description/environment/path.sh
[0.187s] -- Up-to-date symlink: /home/khotkangplue_p/week6_ws/install/robotnik_description/share/robotnik_description/environment/path.dsv
[0.187s] -- Up-to-date symlink: /home/khotkangplue_p/week6_ws/install/robotnik_description/share/robotnik_description/local_setup.bash
[0.187s] -- Up-to-date symlink: /home/khotkangplue_p/week6_ws/install/robotnik_description/share/robotnik_description/local_setup.sh
[0.188s] -- Up-to-date symlink: /home/khotkangplue_p/week6_ws/install/robotnik_description/share/robotnik_description/local_setup.zsh
[0.188s] -- Up-to-date symlink: /home/khotkangplue_p/week6_ws/install/robotnik_description/share/robotnik_description/local_setup.dsv
[0.188s] -- Symlinking: /home/khotkangplue_p/week6_ws/install/robotnik_description/share/robotnik_description/package.dsv
[0.198s] -- Up-to-date symlink: /home/khotkangplue_p/week6_ws/install/robotnik_description/share/ament_index/resource_index/packages/robotnik_description
[0.198s] -- Up-to-date symlink: /home/khotkangplue_p/week6_ws/install/robotnik_description/share/robotnik_description/cmake/robotnik_descriptionConfig.cmake
[0.198s] -- Up-to-date symlink: /home/khotkangplue_p/week6_ws/install/robotnik_description/share/robotnik_description/cmake/robotnik_descriptionConfig-version.cmake
[0.199s] -- Up-to-date symlink: /home/khotkangplue_p/week6_ws/install/robotnik_description/share/robotnik_description/package.xml
[0.203s] Invoked command in '/home/khotkangplue_p/week6_ws/build/robotnik_description' returned '0': CMAKE_PREFIX_PATH=/home/khotkangplue_p/week6_ws/install/robotnik_sensors:/home/khotkangplue_p/week6_ws/install/robotnik_description:/home/khotkangplue_p/week6_ws/install/robotnik_common:/home/khotkangplue_p/week6_ws/install/diff_robot:/opt/ros/jazzy/opt/gz_sim_vendor:/opt/ros/jazzy/opt/gz_sensors_vendor:/opt/ros/jazzy/opt/gz_physics_vendor:/opt/ros/jazzy/opt/sdformat_vendor:/opt/ros/jazzy/opt/gz_gui_vendor:/opt/ros/jazzy/opt/gz_transport_vendor:/opt/ros/jazzy/opt/gz_rendering_vendor:/opt/ros/jazzy/opt/gz_plugin_vendor:/opt/ros/jazzy/opt/gz_fuel_tools_vendor:/opt/ros/jazzy/opt/gz_msgs_vendor:/opt/ros/jazzy/opt/gz_common_vendor:/opt/ros/jazzy/opt/gz_math_vendor:/opt/ros/jazzy/opt/gz_utils_vendor:/opt/ros/jazzy/opt/gz_tools_vendor:/opt/ros/jazzy/opt/gz_ogre_next_vendor:/opt/ros/jazzy/opt/gz_dartsim_vendor:/opt/ros/jazzy/opt/gz_cmake_vendor:/home/khotkangplue_p/week6_ws/install/control_rbkairos:/opt/ros/jazzy /usr/bin/cmake --install /home/khotkangplue_p/week6_ws/build/robotnik_description
