[0.038s] Invoking command in '/home/khotkangplue_p/week6_ws/build/robotnik_sensors': CMAKE_PREFIX_PATH=${CMAKE_PREFIX_PATH}:/opt/ros/jazzy /usr/bin/cmake /home/khotkangplue_p/week6_ws/src/robotnik_sensors/robotnik_sensors -DAMENT_CMAKE_SYMLINK_INSTALL=1 -DCMAKE_INSTALL_PREFIX=/home/khotkangplue_p/week6_ws/install/robotnik_sensors
[0.275s] -- Found ament_cmake: 2.5.4 (/opt/ros/jazzy/share/ament_cmake/cmake)
[0.344s] -- Override CMake install command with custom implementation using symlinks instead of copying resources
[0.379s] -- Found ament_lint_auto: 0.17.3 (/opt/ros/jazzy/share/ament_lint_auto/cmake)
[0.379s] -- Found ament_cmake_pytest: 2.5.4 (/opt/ros/jazzy/share/ament_cmake_pytest/cmake)
[1.109s] -- Added test 'copyright' to check source files copyright and LICENSE
[1.129s] -- Added test 'flake8' to check Python code syntax and style conventions
[1.130s] -- Configured 'flake8' exclude dirs and/or files: 
[1.132s] -- Added test 'lint_cmake' to check CMake code style
[1.133s] -- Added test 'pep257' to check Python code against some of the docstring style conventions in PEP 257
[1.140s] -- Added test 'xmllint' to check XML markup files
[1.142s] -- Configuring done (1.1s)
[1.151s] -- Generating done (0.0s)
[1.154s] -- Build files have been written to: /home/khotkangplue_p/week6_ws/build/robotnik_sensors
[1.156s] Invoked command in '/home/khotkangplue_p/week6_ws/build/robotnik_sensors' returned '0': CMAKE_PREFIX_PATH=${CMAKE_PREFIX_PATH}:/opt/ros/jazzy /usr/bin/cmake /home/khotkangplue_p/week6_ws/src/robotnik_sensors/robotnik_sensors -DAMENT_CMAKE_SYMLINK_INSTALL=1 -DCMAKE_INSTALL_PREFIX=/home/khotkangplue_p/week6_ws/install/robotnik_sensors
[1.159s] Invoking command in '/home/khotkangplue_p/week6_ws/build/robotnik_sensors': CMAKE_PREFIX_PATH=${CMAKE_PREFIX_PATH}:/opt/ros/jazzy /usr/bin/cmake --build /home/khotkangplue_p/week6_ws/build/robotnik_sensors -- -j4 -l4
[1.205s] Invoked command in '/home/khotkangplue_p/week6_ws/build/robotnik_sensors' returned '0': CMAKE_PREFIX_PATH=${CMAKE_PREFIX_PATH}:/opt/ros/jazzy /usr/bin/cmake --build /home/khotkangplue_p/week6_ws/build/robotnik_sensors -- -j4 -l4
[1.206s] Invoking command in '/home/khotkangplue_p/week6_ws/build/robotnik_sensors': CMAKE_PREFIX_PATH=${CMAKE_PREFIX_PATH}:/opt/ros/jazzy /usr/bin/cmake --install /home/khotkangplue_p/week6_ws/build/robotnik_sensors
[1.221s] -- Install configuration: ""
[1.222s] -- Execute custom install script
[1.225s] -- Up-to-date symlink: /home/khotkangplue_p/week6_ws/install/robotnik_sensors/share/robotnik_sensors//meshes/2d_lidar/sick/microscan3.dae
[1.226s] -- Up-to-date symlink: /home/khotkangplue_p/week6_ws/install/robotnik_sensors/share/robotnik_sensors//meshes/2d_lidar/sick/microscan3.stl
[1.226s] -- Up-to-date symlink: /home/khotkangplue_p/week6_ws/install/robotnik_sensors/share/robotnik_sensors//meshes/2d_lidar/sick/nanoscan3.stl
[1.226s] -- Up-to-date symlink: /home/khotkangplue_p/week6_ws/install/robotnik_sensors/share/robotnik_sensors//meshes/2d_lidar/sick/outdoorscan3.dae
[1.227s] -- Up-to-date symlink: /home/khotkangplue_p/week6_ws/install/robotnik_sensors/share/robotnik_sensors//meshes/2d_lidar/sick/outdoorscan3.stl
[1.227s] -- Up-to-date symlink: /home/khotkangplue_p/week6_ws/install/robotnik_sensors/share/robotnik_sensors//meshes/2d_lidar/sick/s300.dae
[1.228s] -- Up-to-date symlink: /home/khotkangplue_p/week6_ws/install/robotnik_sensors/share/robotnik_sensors//meshes/2d_lidar/sick/s300.png
[1.228s] -- Up-to-date symlink: /home/khotkangplue_p/week6_ws/install/robotnik_sensors/share/robotnik_sensors//meshes/2d_lidar/sick/s300.stl
[1.228s] -- Up-to-date symlink: /home/khotkangplue_p/week6_ws/install/robotnik_sensors/share/robotnik_sensors//meshes/2d_lidar/sick/s3000.dae
[1.229s] -- Up-to-date symlink: /home/khotkangplue_p/week6_ws/install/robotnik_sensors/share/robotnik_sensors//meshes/2d_lidar/sick/s3000.stl
[1.229s] -- Up-to-date symlink: /home/khotkangplue_p/week6_ws/install/robotnik_sensors/share/robotnik_sensors//meshes/2d_lidar/sick/tim551.dae
[1.229s] -- Up-to-date symlink: /home/khotkangplue_p/week6_ws/install/robotnik_sensors/share/robotnik_sensors//meshes/2d_lidar/sick/tim551.stl
[1.231s] -- Up-to-date symlink: /home/khotkangplue_p/week6_ws/install/robotnik_sensors/share/robotnik_sensors//meshes/2d_lidar/sick/tim571.dae
[1.231s] -- Up-to-date symlink: /home/khotkangplue_p/week6_ws/install/robotnik_sensors/share/robotnik_sensors//meshes/2d_lidar/sick/tim571.stl
[1.231s] -- Up-to-date symlink: /home/khotkangplue_p/week6_ws/install/robotnik_sensors/share/robotnik_sensors//meshes/3d_lidar/livox_mid_360.stl
[1.232s] -- Up-to-date symlink: /home/khotkangplue_p/week6_ws/install/robotnik_sensors/share/robotnik_sensors//meshes/3d_lidar/robotsense/bpearl.dae
[1.232s] -- Up-to-date symlink: /home/khotkangplue_p/week6_ws/install/robotnik_sensors/share/robotnik_sensors//meshes/3d_lidar/robotsense/bpearl.stl
[1.233s] -- Up-to-date symlink: /home/khotkangplue_p/week6_ws/install/robotnik_sensors/share/robotnik_sensors//meshes/3d_lidar/robotsense/helios_16p.stl
[1.234s] -- Up-to-date symlink: /home/khotkangplue_p/week6_ws/install/robotnik_sensors/share/robotnik_sensors//meshes/3d_lidar/velodyne/vlp16.dae
[1.234s] -- Up-to-date symlink: /home/khotkangplue_p/week6_ws/install/robotnik_sensors/share/robotnik_sensors//meshes/3d_lidar/velodyne/vlp16.stl
[1.234s] -- Up-to-date symlink: /home/khotkangplue_p/week6_ws/install/robotnik_sensors/share/robotnik_sensors//meshes/asus_xtion_pro_live.dae
[1.235s] -- Up-to-date symlink: /home/khotkangplue_p/week6_ws/install/robotnik_sensors/share/robotnik_sensors//meshes/asus_xtion_pro_live.png
[1.235s] -- Up-to-date symlink: /home/khotkangplue_p/week6_ws/install/robotnik_sensors/share/robotnik_sensors//meshes/benewake_ce30.stl
[1.235s] -- Up-to-date symlink: /home/khotkangplue_p/week6_ws/install/robotnik_sensors/share/robotnik_sensors//meshes/benewake_ce30d.dae
[1.236s] -- Up-to-date symlink: /home/khotkangplue_p/week6_ws/install/robotnik_sensors/share/robotnik_sensors//meshes/benewake_ce30d.stl
[1.237s] -- Up-to-date symlink: /home/khotkangplue_p/week6_ws/install/robotnik_sensors/share/robotnik_sensors//meshes/camera/axis_m5013.dae
[1.237s] -- Up-to-date symlink: /home/khotkangplue_p/week6_ws/install/robotnik_sensors/share/robotnik_sensors//meshes/camera/axis_m5013.stl
[1.237s] -- Up-to-date symlink: /home/khotkangplue_p/week6_ws/install/robotnik_sensors/share/robotnik_sensors//meshes/camera/axis_m5525.dae
[1.238s] -- Up-to-date symlink: /home/khotkangplue_p/week6_ws/install/robotnik_sensors/share/robotnik_sensors//meshes/camera/axis_m5525.stl
[1.238s] -- Up-to-date symlink: /home/khotkangplue_p/week6_ws/install/robotnik_sensors/share/robotnik_sensors//meshes/camera/axis_p5512.dae
[1.238s] -- Up-to-date symlink: /home/khotkangplue_p/week6_ws/install/robotnik_sensors/share/robotnik_sensors//meshes/camera/axis_p5512.stl
[1.239s] -- Up-to-date symlink: /home/khotkangplue_p/week6_ws/install/robotnik_sensors/share/robotnik_sensors//meshes/camera/axis_p5514.dae
[1.239s] -- Up-to-date symlink: /home/khotkangplue_p/week6_ws/install/robotnik_sensors/share/robotnik_sensors//meshes/camera/axis_p5514.stl
[1.239s] -- Up-to-date symlink: /home/khotkangplue_p/week6_ws/install/robotnik_sensors/share/robotnik_sensors//meshes/camera/axis_q8641_n1-1.STL
[1.240s] -- Up-to-date symlink: /home/khotkangplue_p/week6_ws/install/robotnik_sensors/share/robotnik_sensors//meshes/camera/axis_q8641_n2-1.STL
[1.240s] -- Up-to-date symlink: /home/khotkangplue_p/week6_ws/install/robotnik_sensors/share/robotnik_sensors//meshes/camera/camera_axis_q8641.STL
[1.241s] -- Up-to-date symlink: /home/khotkangplue_p/week6_ws/install/robotnik_sensors/share/robotnik_sensors//meshes/camera/link_750_base.stl
[1.241s] -- Up-to-date symlink: /home/khotkangplue_p/week6_ws/install/robotnik_sensors/share/robotnik_sensors//meshes/camera/link_750_pan.stl
[1.242s] -- Up-to-date symlink: /home/khotkangplue_p/week6_ws/install/robotnik_sensors/share/robotnik_sensors//meshes/camera/link_750_tilt.stl
[1.243s] -- Up-to-date symlink: /home/khotkangplue_p/week6_ws/install/robotnik_sensors/share/robotnik_sensors//meshes/depth/intel_realsense_d435/intel_d435.dae
[1.243s] -- Up-to-date symlink: /home/khotkangplue_p/week6_ws/install/robotnik_sensors/share/robotnik_sensors//meshes/depth/intel_realsense_d435/intel_d435.png
[1.244s] -- Up-to-date symlink: /home/khotkangplue_p/week6_ws/install/robotnik_sensors/share/robotnik_sensors//meshes/depth/intel_realsense_d435/intel_d435.stl
[1.244s] -- Up-to-date symlink: /home/khotkangplue_p/week6_ws/install/robotnik_sensors/share/robotnik_sensors//meshes/depth/intel_realsense_d435/intel_d435_color.dae
[1.244s] -- Up-to-date symlink: /home/khotkangplue_p/week6_ws/install/robotnik_sensors/share/robotnik_sensors//meshes/depth/orbbec_astra/orbbec_astra.dae
[1.245s] -- Up-to-date symlink: /home/khotkangplue_p/week6_ws/install/robotnik_sensors/share/robotnik_sensors//meshes/depth/orbbec_astra/orbbec_astra.stl
[1.246s] -- Up-to-date symlink: /home/khotkangplue_p/week6_ws/install/robotnik_sensors/share/robotnik_sensors//meshes/depth/stereolabs_zed/zed.stl
[1.246s] -- Up-to-date symlink: /home/khotkangplue_p/week6_ws/install/robotnik_sensors/share/robotnik_sensors//meshes/depth/stereolabs_zed/zed2.stl
[1.249s] -- Up-to-date symlink: /home/khotkangplue_p/week6_ws/install/robotnik_sensors/share/robotnik_sensors//meshes/depth/stereolabs_zed/zedm.stl
[1.249s] -- Up-to-date symlink: /home/khotkangplue_p/week6_ws/install/robotnik_sensors/share/robotnik_sensors//meshes/fotonic_e.stl
[1.250s] -- Up-to-date symlink: /home/khotkangplue_p/week6_ws/install/robotnik_sensors/share/robotnik_sensors//meshes/gps/antenna_3GO16.dae
[1.250s] -- Up-to-date symlink: /home/khotkangplue_p/week6_ws/install/robotnik_sensors/share/robotnik_sensors//meshes/gps/antenna_3GO16.stl
[1.250s] -- Up-to-date symlink: /home/khotkangplue_p/week6_ws/install/robotnik_sensors/share/robotnik_sensors//meshes/gps/antenna_ANN_MB.stl
[1.252s] -- Up-to-date symlink: /home/khotkangplue_p/week6_ws/install/robotnik_sensors/share/robotnik_sensors//meshes/gps/mastil_gps.stl
[1.252s] -- Up-to-date symlink: /home/khotkangplue_p/week6_ws/install/robotnik_sensors/share/robotnik_sensors//meshes/hokuyo.png
[1.252s] -- Up-to-date symlink: /home/khotkangplue_p/week6_ws/install/robotnik_sensors/share/robotnik_sensors//meshes/hokuyo3d.dae
[1.253s] -- Up-to-date symlink: /home/khotkangplue_p/week6_ws/install/robotnik_sensors/share/robotnik_sensors//meshes/hokuyo3d.jpg
[1.253s] -- Up-to-date symlink: /home/khotkangplue_p/week6_ws/install/robotnik_sensors/share/robotnik_sensors//meshes/hokuyo3d.stl
[1.253s] -- Up-to-date symlink: /home/khotkangplue_p/week6_ws/install/robotnik_sensors/share/robotnik_sensors//meshes/hokuyo_urg_04lx.dae
[1.253s] -- Up-to-date symlink: /home/khotkangplue_p/week6_ws/install/robotnik_sensors/share/robotnik_sensors//meshes/hokuyo_urg_04lx.stl
[1.255s] -- Up-to-date symlink: /home/khotkangplue_p/week6_ws/install/robotnik_sensors/share/robotnik_sensors//meshes/hokuyo_ust_10lx.dae
[1.255s] -- Up-to-date symlink: /home/khotkangplue_p/week6_ws/install/robotnik_sensors/share/robotnik_sensors//meshes/hokuyo_ust_20lx.dae
[1.256s] -- Up-to-date symlink: /home/khotkangplue_p/week6_ws/install/robotnik_sensors/share/robotnik_sensors//meshes/hokuyo_utm_30lx.dae
[1.256s] -- Up-to-date symlink: /home/khotkangplue_p/week6_ws/install/robotnik_sensors/share/robotnik_sensors//meshes/hokuyo_utm_30lx.stl
[1.256s] -- Up-to-date symlink: /home/khotkangplue_p/week6_ws/install/robotnik_sensors/share/robotnik_sensors//meshes/imu/vectornav_vn100.stl
[1.256s] -- Up-to-date symlink: /home/khotkangplue_p/week6_ws/install/robotnik_sensors/share/robotnik_sensors//meshes/intel_r430.dae
[1.257s] -- Up-to-date symlink: /home/khotkangplue_p/week6_ws/install/robotnik_sensors/share/robotnik_sensors//meshes/intel_r430.stl
[1.258s] -- Up-to-date symlink: /home/khotkangplue_p/week6_ws/install/robotnik_sensors/share/robotnik_sensors//meshes/kinect.dae
[1.258s] -- Up-to-date symlink: /home/khotkangplue_p/week6_ws/install/robotnik_sensors/share/robotnik_sensors//meshes/kinect.jpg
[1.259s] -- Up-to-date symlink: /home/khotkangplue_p/week6_ws/install/robotnik_sensors/share/robotnik_sensors//meshes/kinect.tga
[1.259s] -- Up-to-date symlink: /home/khotkangplue_p/week6_ws/install/robotnik_sensors/share/robotnik_sensors//meshes/kinectv2.dae
[1.260s] -- Up-to-date symlink: /home/khotkangplue_p/week6_ws/install/robotnik_sensors/share/robotnik_sensors//meshes/kinectv2.stl
[1.260s] -- Up-to-date symlink: /home/khotkangplue_p/week6_ws/install/robotnik_sensors/share/robotnik_sensors//meshes/kinectv2_nobase.dae
[1.260s] -- Up-to-date symlink: /home/khotkangplue_p/week6_ws/install/robotnik_sensors/share/robotnik_sensors//meshes/kinectv2_nobase.stl
[1.261s] -- Up-to-date symlink: /home/khotkangplue_p/week6_ws/install/robotnik_sensors/share/robotnik_sensors//meshes/lidar_mast.STL
[1.261s] -- Up-to-date symlink: /home/khotkangplue_p/week6_ws/install/robotnik_sensors/share/robotnik_sensors//meshes/orbbec_astra_embedded_s.dae
[1.261s] -- Up-to-date symlink: /home/khotkangplue_p/week6_ws/install/robotnik_sensors/share/robotnik_sensors//meshes/orbbec_astra_embedded_s.stl
[1.261s] -- Up-to-date symlink: /home/khotkangplue_p/week6_ws/install/robotnik_sensors/share/robotnik_sensors//meshes/ouster1.STL
[1.262s] -- Up-to-date symlink: /home/khotkangplue_p/week6_ws/install/robotnik_sensors/share/robotnik_sensors//meshes/pointgrey_bumblebee2.dae
[1.262s] -- Up-to-date symlink: /home/khotkangplue_p/week6_ws/install/robotnik_sensors/share/robotnik_sensors//meshes/rplidar.dae
[1.262s] -- Up-to-date symlink: /home/khotkangplue_p/week6_ws/install/robotnik_sensors/share/robotnik_sensors//meshes/rplidar_a2.dae
[1.263s] -- Up-to-date symlink: /home/khotkangplue_p/week6_ws/install/robotnik_sensors/share/robotnik_sensors//meshes/rplidar_a2.stl
[1.263s] -- Up-to-date symlink: /home/khotkangplue_p/week6_ws/install/robotnik_sensors/share/robotnik_sensors//meshes/rslidar.dae
[1.263s] -- Up-to-date symlink: /home/khotkangplue_p/week6_ws/install/robotnik_sensors/share/robotnik_sensors//meshes/rslidar.stl
[1.264s] -- Up-to-date symlink: /home/khotkangplue_p/week6_ws/install/robotnik_sensors/share/robotnik_sensors//meshes/rslidar_mems.stl
[1.264s] -- Up-to-date symlink: /home/khotkangplue_p/week6_ws/install/robotnik_sensors/share/robotnik_sensors//meshes/sick_mls.stl
[1.265s] -- Up-to-date symlink: /home/khotkangplue_p/week6_ws/install/robotnik_sensors/share/robotnik_sensors//meshes/teraranger_tr_duo.dae
[1.265s] -- Up-to-date symlink: /home/khotkangplue_p/week6_ws/install/robotnik_sensors/share/robotnik_sensors//meshes/teraranger_tr_duo.stl
[1.266s] -- Up-to-date symlink: /home/khotkangplue_p/week6_ws/install/robotnik_sensors/share/robotnik_sensors//meshes/ueye_cp_gige.dae
[1.266s] -- Up-to-date symlink: /home/khotkangplue_p/week6_ws/install/robotnik_sensors/share/robotnik_sensors//meshes/ueye_cp_gige.stl
[1.266s] -- Up-to-date symlink: /home/khotkangplue_p/week6_ws/install/robotnik_sensors/share/robotnik_sensors//meshes/viper.dae
[1.266s] -- Up-to-date symlink: /home/khotkangplue_p/week6_ws/install/robotnik_sensors/share/robotnik_sensors//meshes/viper.stl
[1.267s] -- Up-to-date symlink: /home/khotkangplue_p/week6_ws/install/robotnik_sensors/share/robotnik_sensors//meshes/ydlidar_4f.dae
[1.267s] -- Up-to-date symlink: /home/khotkangplue_p/week6_ws/install/robotnik_sensors/share/robotnik_sensors//meshes/ydlidar_4f.png
[1.267s] -- Up-to-date symlink: /home/khotkangplue_p/week6_ws/install/robotnik_sensors/share/robotnik_sensors//meshes/yujin_yrl.stl
[1.269s] -- Up-to-date symlink: /home/khotkangplue_p/week6_ws/install/robotnik_sensors/share/robotnik_sensors//urdf/2d_lidar/hokuyo_urg04lx.urdf.xacro
[1.270s] -- Up-to-date symlink: /home/khotkangplue_p/week6_ws/install/robotnik_sensors/share/robotnik_sensors//urdf/2d_lidar/hokuyo_ust10lx.urdf.xacro
[1.270s] -- Up-to-date symlink: /home/khotkangplue_p/week6_ws/install/robotnik_sensors/share/robotnik_sensors//urdf/2d_lidar/hokuyo_ust20lx.urdf.xacro
[1.271s] -- Up-to-date symlink: /home/khotkangplue_p/week6_ws/install/robotnik_sensors/share/robotnik_sensors//urdf/2d_lidar/hokuyo_utm30lx.urdf.xacro
[1.272s] -- Up-to-date symlink: /home/khotkangplue_p/week6_ws/install/robotnik_sensors/share/robotnik_sensors//urdf/2d_lidar/lidar_2d_plugin.urdf.xacro
[1.272s] -- Up-to-date symlink: /home/khotkangplue_p/week6_ws/install/robotnik_sensors/share/robotnik_sensors//urdf/2d_lidar/sick_microscan3.urdf.xacro
[1.272s] -- Up-to-date symlink: /home/khotkangplue_p/week6_ws/install/robotnik_sensors/share/robotnik_sensors//urdf/2d_lidar/sick_nanoscan3.urdf.xacro
[1.273s] -- Up-to-date symlink: /home/khotkangplue_p/week6_ws/install/robotnik_sensors/share/robotnik_sensors//urdf/2d_lidar/sick_outdoorscan3.urdf.xacro
[1.273s] -- Up-to-date symlink: /home/khotkangplue_p/week6_ws/install/robotnik_sensors/share/robotnik_sensors//urdf/2d_lidar/sick_s300.urdf.xacro
[1.273s] -- Up-to-date symlink: /home/khotkangplue_p/week6_ws/install/robotnik_sensors/share/robotnik_sensors//urdf/2d_lidar/sick_s3000.urdf.xacro
[1.274s] -- Up-to-date symlink: /home/khotkangplue_p/week6_ws/install/robotnik_sensors/share/robotnik_sensors//urdf/2d_lidar/sick_tim551.urdf.xacro
[1.274s] -- Up-to-date symlink: /home/khotkangplue_p/week6_ws/install/robotnik_sensors/share/robotnik_sensors//urdf/2d_lidar/sick_tim571.urdf.xacro
[1.274s] -- Up-to-date symlink: /home/khotkangplue_p/week6_ws/install/robotnik_sensors/share/robotnik_sensors//urdf/3d_lidar/lidar_3d_plugin.urdf.xacro
[1.275s] -- Up-to-date symlink: /home/khotkangplue_p/week6_ws/install/robotnik_sensors/share/robotnik_sensors//urdf/3d_lidar/livox_mid_360.urdf.xacro
[1.275s] -- Up-to-date symlink: /home/khotkangplue_p/week6_ws/install/robotnik_sensors/share/robotnik_sensors//urdf/3d_lidar/ouster.urdf.xacro
[1.275s] -- Up-to-date symlink: /home/khotkangplue_p/week6_ws/install/robotnik_sensors/share/robotnik_sensors//urdf/3d_lidar/robosense_bpearl.urdf.xacro
[1.276s] -- Up-to-date symlink: /home/khotkangplue_p/week6_ws/install/robotnik_sensors/share/robotnik_sensors//urdf/3d_lidar/robosense_helios_16p.urdf.xacro
[1.276s] -- Up-to-date symlink: /home/khotkangplue_p/week6_ws/install/robotnik_sensors/share/robotnik_sensors//urdf/3d_lidar/sick_multiscan_100.urdf.xacro
[1.277s] -- Up-to-date symlink: /home/khotkangplue_p/week6_ws/install/robotnik_sensors/share/robotnik_sensors//urdf/3d_lidar/velodyne_vlp16.urdf.xacro
[1.277s] -- Up-to-date symlink: /home/khotkangplue_p/week6_ws/install/robotnik_sensors/share/robotnik_sensors//urdf/all_sensors.urdf.xacro
[1.277s] -- Up-to-date symlink: /home/khotkangplue_p/week6_ws/install/robotnik_sensors/share/robotnik_sensors//urdf/camera/axis_m5013.urdf.xacro
[1.277s] -- Up-to-date symlink: /home/khotkangplue_p/week6_ws/install/robotnik_sensors/share/robotnik_sensors//urdf/camera/axis_m5074.urdf.xacro
[1.277s] -- Up-to-date symlink: /home/khotkangplue_p/week6_ws/install/robotnik_sensors/share/robotnik_sensors//urdf/camera/axis_m5525.urdf.xacro
[1.278s] -- Up-to-date symlink: /home/khotkangplue_p/week6_ws/install/robotnik_sensors/share/robotnik_sensors//urdf/camera/axis_m5526.urdf.xacro
[1.278s] -- Up-to-date symlink: /home/khotkangplue_p/week6_ws/install/robotnik_sensors/share/robotnik_sensors//urdf/camera/camera_plugin.urdf.xacro
[1.278s] -- Up-to-date symlink: /home/khotkangplue_p/week6_ws/install/robotnik_sensors/share/robotnik_sensors//urdf/camera/link_750_nh.urdf.xacro
[1.279s] -- Up-to-date symlink: /home/khotkangplue_p/week6_ws/install/robotnik_sensors/share/robotnik_sensors//urdf/deprecated/asus_xtion_pro.urdf.xacro
[1.287s] -- Up-to-date symlink: /home/khotkangplue_p/week6_ws/install/robotnik_sensors/share/robotnik_sensors//urdf/deprecated/axis.urdf.xacro
[1.287s] -- Up-to-date symlink: /home/khotkangplue_p/week6_ws/install/robotnik_sensors/share/robotnik_sensors//urdf/deprecated/axis_q8641.urdf.xacro
[1.287s] -- Up-to-date symlink: /home/khotkangplue_p/week6_ws/install/robotnik_sensors/share/robotnik_sensors//urdf/deprecated/benewake_ce30.urdf.xacro
[1.287s] -- Up-to-date symlink: /home/khotkangplue_p/week6_ws/install/robotnik_sensors/share/robotnik_sensors//urdf/deprecated/benewake_ce30d.urdf.xacro
[1.287s] -- Up-to-date symlink: /home/khotkangplue_p/week6_ws/install/robotnik_sensors/share/robotnik_sensors//urdf/deprecated/embedded_s.urdf.xacro
[1.287s] -- Up-to-date symlink: /home/khotkangplue_p/week6_ws/install/robotnik_sensors/share/robotnik_sensors//urdf/deprecated/flir_ax8.urdf.xacro
[1.287s] -- Up-to-date symlink: /home/khotkangplue_p/week6_ws/install/robotnik_sensors/share/robotnik_sensors//urdf/deprecated/fotonic_e.urdf.xacro
[1.288s] -- Up-to-date symlink: /home/khotkangplue_p/week6_ws/install/robotnik_sensors/share/robotnik_sensors//urdf/deprecated/hokuyo3d.urdf.xacro
[1.288s] -- Up-to-date symlink: /home/khotkangplue_p/week6_ws/install/robotnik_sensors/share/robotnik_sensors//urdf/deprecated/imu.urdf.xacro
[1.288s] -- Up-to-date symlink: /home/khotkangplue_p/week6_ws/install/robotnik_sensors/share/robotnik_sensors//urdf/deprecated/imu_hector_plugin.urdf.xacro
[1.288s] -- Up-to-date symlink: /home/khotkangplue_p/week6_ws/install/robotnik_sensors/share/robotnik_sensors//urdf/deprecated/intel_d435.urdf.xacro
[1.288s] -- Up-to-date symlink: /home/khotkangplue_p/week6_ws/install/robotnik_sensors/share/robotnik_sensors//urdf/deprecated/intel_r430.urdf.xacro
[1.288s] -- Up-to-date symlink: /home/khotkangplue_p/week6_ws/install/robotnik_sensors/share/robotnik_sensors//urdf/deprecated/kinect.urdf.xacro
[1.288s] -- Up-to-date symlink: /home/khotkangplue_p/week6_ws/install/robotnik_sensors/share/robotnik_sensors//urdf/deprecated/kinectv2.urdf.xacro
[1.288s] -- Up-to-date symlink: /home/khotkangplue_p/week6_ws/install/robotnik_sensors/share/robotnik_sensors//urdf/deprecated/lidar_mast.urdf.xacro
[1.288s] -- Up-to-date symlink: /home/khotkangplue_p/week6_ws/install/robotnik_sensors/share/robotnik_sensors//urdf/deprecated/pantilt.urdf.xacro
[1.288s] -- Up-to-date symlink: /home/khotkangplue_p/week6_ws/install/robotnik_sensors/share/robotnik_sensors//urdf/deprecated/pointgrey_bumblebee2.urdf.xacro
[1.288s] -- Up-to-date symlink: /home/khotkangplue_p/week6_ws/install/robotnik_sensors/share/robotnik_sensors//urdf/deprecated/roboteq_mgs.urdf.xacro
[1.288s] -- Up-to-date symlink: /home/khotkangplue_p/week6_ws/install/robotnik_sensors/share/robotnik_sensors//urdf/deprecated/rplidar.urdf.xacro
[1.289s] -- Up-to-date symlink: /home/khotkangplue_p/week6_ws/install/robotnik_sensors/share/robotnik_sensors//urdf/deprecated/rplidar_a2.urdf.xacro
[1.289s] -- Up-to-date symlink: /home/khotkangplue_p/week6_ws/install/robotnik_sensors/share/robotnik_sensors//urdf/deprecated/rslidar.urdf.xacro
[1.289s] -- Up-to-date symlink: /home/khotkangplue_p/week6_ws/install/robotnik_sensors/share/robotnik_sensors//urdf/deprecated/rslidar_mems.urdf.xacro
[1.289s] -- Up-to-date symlink: /home/khotkangplue_p/week6_ws/install/robotnik_sensors/share/robotnik_sensors//urdf/deprecated/rubedos_viper.urdf.xacro
[1.289s] -- Up-to-date symlink: /home/khotkangplue_p/week6_ws/install/robotnik_sensors/share/robotnik_sensors//urdf/deprecated/sick_mls.urdf.xacro
[1.290s] -- Up-to-date symlink: /home/khotkangplue_p/week6_ws/install/robotnik_sensors/share/robotnik_sensors//urdf/deprecated/teraranger_tr_duo.urdf.xacro
[1.290s] -- Up-to-date symlink: /home/khotkangplue_p/week6_ws/install/robotnik_sensors/share/robotnik_sensors//urdf/deprecated/ueye_cp_gige.urdf.xacro
[1.290s] -- Up-to-date symlink: /home/khotkangplue_p/week6_ws/install/robotnik_sensors/share/robotnik_sensors//urdf/deprecated/ydlidar_4f.urdf.xacro
[1.291s] -- Up-to-date symlink: /home/khotkangplue_p/week6_ws/install/robotnik_sensors/share/robotnik_sensors//urdf/deprecated/yujin_yrl.urdf.xacro
[1.291s] -- Up-to-date symlink: /home/khotkangplue_p/week6_ws/install/robotnik_sensors/share/robotnik_sensors//urdf/deprecated/zed.urdf.xacro
[1.292s] -- Up-to-date symlink: /home/khotkangplue_p/week6_ws/install/robotnik_sensors/share/robotnik_sensors//urdf/deprecated/zed2.urdf.xacro
[1.292s] -- Up-to-date symlink: /home/khotkangplue_p/week6_ws/install/robotnik_sensors/share/robotnik_sensors//urdf/depth/azure_kinect.urdf.xacro
[1.294s] -- Up-to-date symlink: /home/khotkangplue_p/week6_ws/install/robotnik_sensors/share/robotnik_sensors//urdf/depth/depth_camera_plugin.urdf.xacro
[1.294s] -- Up-to-date symlink: /home/khotkangplue_p/week6_ws/install/robotnik_sensors/share/robotnik_sensors//urdf/depth/intel_realsense_d435.urdf.xacro
[1.294s] -- Up-to-date symlink: /home/khotkangplue_p/week6_ws/install/robotnik_sensors/share/robotnik_sensors//urdf/depth/intel_realsense_d435i.urdf.xacro
[1.294s] -- Up-to-date symlink: /home/khotkangplue_p/week6_ws/install/robotnik_sensors/share/robotnik_sensors//urdf/depth/irred_camera_plugin.urdf.xacro
[1.294s] -- Up-to-date symlink: /home/khotkangplue_p/week6_ws/install/robotnik_sensors/share/robotnik_sensors//urdf/depth/orbbec_astra.urdf.xacro
[1.295s] -- Up-to-date symlink: /home/khotkangplue_p/week6_ws/install/robotnik_sensors/share/robotnik_sensors//urdf/depth/stereolabs_generic.urdf.xacro
[1.296s] -- Up-to-date symlink: /home/khotkangplue_p/week6_ws/install/robotnik_sensors/share/robotnik_sensors//urdf/depth/stereolabs_zed2.urdf.xacro
[1.296s] -- Up-to-date symlink: /home/khotkangplue_p/week6_ws/install/robotnik_sensors/share/robotnik_sensors//urdf/depth/stereolabs_zed2i.urdf.xacro
[1.297s] -- Up-to-date symlink: /home/khotkangplue_p/week6_ws/install/robotnik_sensors/share/robotnik_sensors//urdf/gps/gps.urdf.xacro
[1.297s] -- Up-to-date symlink: /home/khotkangplue_p/week6_ws/install/robotnik_sensors/share/robotnik_sensors//urdf/gps/gps_plugin.urdf.xacro
[1.298s] -- Up-to-date symlink: /home/khotkangplue_p/week6_ws/install/robotnik_sensors/share/robotnik_sensors//urdf/gps/gps_with_mast.urdf.xacro
[1.298s] -- Up-to-date symlink: /home/khotkangplue_p/week6_ws/install/robotnik_sensors/share/robotnik_sensors//urdf/gps/ublox.urdf.xacro
[1.298s] -- Up-to-date symlink: /home/khotkangplue_p/week6_ws/install/robotnik_sensors/share/robotnik_sensors//urdf/gps/ublox_with_mast.urdf.xacro
[1.298s] -- Up-to-date symlink: /home/khotkangplue_p/week6_ws/install/robotnik_sensors/share/robotnik_sensors//urdf/imu/imu_plugin.urdf.xacro
[1.299s] -- Up-to-date symlink: /home/khotkangplue_p/week6_ws/install/robotnik_sensors/share/robotnik_sensors//urdf/imu/myahrs.urdf.xacro
[1.299s] -- Up-to-date symlink: /home/khotkangplue_p/week6_ws/install/robotnik_sensors/share/robotnik_sensors//urdf/imu/pixhawk.urdf.xacro
[1.300s] -- Up-to-date symlink: /home/khotkangplue_p/week6_ws/install/robotnik_sensors/share/robotnik_sensors//urdf/imu/vectornav.urdf.xacro
[1.300s] -- Up-to-date symlink: /home/khotkangplue_p/week6_ws/install/robotnik_sensors/share/robotnik_sensors//urdf/utils/inertia.urdf.xacro
[1.301s] -- Up-to-date symlink: /home/khotkangplue_p/week6_ws/install/robotnik_sensors/share/ament_index/resource_index/package_run_dependencies/robotnik_sensors
[1.302s] -- Up-to-date symlink: /home/khotkangplue_p/week6_ws/install/robotnik_sensors/share/ament_index/resource_index/parent_prefix_path/robotnik_sensors
[1.303s] -- Up-to-date symlink: /home/khotkangplue_p/week6_ws/install/robotnik_sensors/share/robotnik_sensors/environment/ament_prefix_path.sh
[1.303s] -- Up-to-date symlink: /home/khotkangplue_p/week6_ws/install/robotnik_sensors/share/robotnik_sensors/environment/ament_prefix_path.dsv
[1.304s] -- Up-to-date symlink: /home/khotkangplue_p/week6_ws/install/robotnik_sensors/share/robotnik_sensors/environment/path.sh
[1.304s] -- Up-to-date symlink: /home/khotkangplue_p/week6_ws/install/robotnik_sensors/share/robotnik_sensors/environment/path.dsv
[1.305s] -- Up-to-date symlink: /home/khotkangplue_p/week6_ws/install/robotnik_sensors/share/robotnik_sensors/local_setup.bash
[1.305s] -- Up-to-date symlink: /home/khotkangplue_p/week6_ws/install/robotnik_sensors/share/robotnik_sensors/local_setup.sh
[1.305s] -- Up-to-date symlink: /home/khotkangplue_p/week6_ws/install/robotnik_sensors/share/robotnik_sensors/local_setup.zsh
[1.306s] -- Up-to-date symlink: /home/khotkangplue_p/week6_ws/install/robotnik_sensors/share/robotnik_sensors/local_setup.dsv
[1.306s] -- Symlinking: /home/khotkangplue_p/week6_ws/install/robotnik_sensors/share/robotnik_sensors/package.dsv
[1.320s] -- Up-to-date symlink: /home/khotkangplue_p/week6_ws/install/robotnik_sensors/share/ament_index/resource_index/packages/robotnik_sensors
[1.321s] -- Up-to-date symlink: /home/khotkangplue_p/week6_ws/install/robotnik_sensors/share/robotnik_sensors/cmake/robotnik_sensorsConfig.cmake
[1.321s] -- Up-to-date symlink: /home/khotkangplue_p/week6_ws/install/robotnik_sensors/share/robotnik_sensors/cmake/robotnik_sensorsConfig-version.cmake
[1.322s] -- Up-to-date symlink: /home/khotkangplue_p/week6_ws/install/robotnik_sensors/share/robotnik_sensors/package.xml
[1.324s] Invoked command in '/home/khotkangplue_p/week6_ws/build/robotnik_sensors' returned '0': CMAKE_PREFIX_PATH=${CMAKE_PREFIX_PATH}:/opt/ros/jazzy /usr/bin/cmake --install /home/khotkangplue_p/week6_ws/build/robotnik_sensors
