[0.255s] Invoking command in '/home/khotkangplue_p/week6_ws/build/diff_robot': CMAKE_PREFIX_PATH=${CMAKE_PREFIX_PATH}:/home/khotkangplue_p/week6_ws/install/control_rbkairos:/opt/ros/jazzy /usr/bin/cmake --build /home/khotkangplue_p/week6_ws/build/diff_robot -- -j4 -l4
[0.372s] [ 50%] Built target pose_publisher
[0.378s] [100%] Built target vel_publisher
[0.423s] Invoked command in '/home/khotkangplue_p/week6_ws/build/diff_robot' returned '0': CMAKE_PREFIX_PATH=${CMAKE_PREFIX_PATH}:/home/khotkangplue_p/week6_ws/install/control_rbkairos:/opt/ros/jazzy /usr/bin/cmake --build /home/khotkangplue_p/week6_ws/build/diff_robot -- -j4 -l4
[0.428s] Invoking command in '/home/khotkangplue_p/week6_ws/build/diff_robot': CMAKE_PREFIX_PATH=${CMAKE_PREFIX_PATH}:/home/khotkangplue_p/week6_ws/install/control_rbkairos:/opt/ros/jazzy /usr/bin/cmake --install /home/khotkangplue_p/week6_ws/build/diff_robot
[0.446s] -- Install configuration: ""
[0.446s] -- Execute custom install script
[0.447s] -- Up-to-date symlink: /home/khotkangplue_p/week6_ws/install/diff_robot/share/diff_robot//launch/__pycache__/robot.launch.cpython-310.pyc
[0.447s] -- Up-to-date symlink: /home/khotkangplue_p/week6_ws/install/diff_robot/share/diff_robot//launch/new.launch.py
[0.447s] -- Up-to-date symlink: /home/khotkangplue_p/week6_ws/install/diff_robot/share/diff_robot//launch/robot.launch.py
[0.447s] -- Up-to-date symlink: /home/khotkangplue_p/week6_ws/install/diff_robot/lib/diff_robot/pose_publisher
[0.447s] -- Up-to-date symlink: /home/khotkangplue_p/week6_ws/install/diff_robot/lib/diff_robot/vel_publisher
[0.447s] -- Up-to-date symlink: /home/khotkangplue_p/week6_ws/install/diff_robot/share/ament_index/resource_index/package_run_dependencies/diff_robot
[0.447s] -- Up-to-date symlink: /home/khotkangplue_p/week6_ws/install/diff_robot/share/ament_index/resource_index/parent_prefix_path/diff_robot
[0.447s] -- Up-to-date symlink: /home/khotkangplue_p/week6_ws/install/diff_robot/share/diff_robot/environment/ament_prefix_path.sh
[0.447s] -- Up-to-date symlink: /home/khotkangplue_p/week6_ws/install/diff_robot/share/diff_robot/environment/ament_prefix_path.dsv
[0.447s] -- Up-to-date symlink: /home/khotkangplue_p/week6_ws/install/diff_robot/share/diff_robot/environment/path.sh
[0.447s] -- Up-to-date symlink: /home/khotkangplue_p/week6_ws/install/diff_robot/share/diff_robot/environment/path.dsv
[0.448s] -- Up-to-date symlink: /home/khotkangplue_p/week6_ws/install/diff_robot/share/diff_robot/local_setup.bash
[0.448s] -- Up-to-date symlink: /home/khotkangplue_p/week6_ws/install/diff_robot/share/diff_robot/local_setup.sh
[0.449s] -- Up-to-date symlink: /home/khotkangplue_p/week6_ws/install/diff_robot/share/diff_robot/local_setup.zsh
[0.450s] -- Up-to-date symlink: /home/khotkangplue_p/week6_ws/install/diff_robot/share/diff_robot/local_setup.dsv
[0.450s] -- Symlinking: /home/khotkangplue_p/week6_ws/install/diff_robot/share/diff_robot/package.dsv
[0.461s] -- Up-to-date symlink: /home/khotkangplue_p/week6_ws/install/diff_robot/share/ament_index/resource_index/packages/diff_robot
[0.462s] -- Up-to-date symlink: /home/khotkangplue_p/week6_ws/install/diff_robot/share/diff_robot/cmake/diff_robotConfig.cmake
[0.462s] -- Up-to-date symlink: /home/khotkangplue_p/week6_ws/install/diff_robot/share/diff_robot/cmake/diff_robotConfig-version.cmake
[0.462s] -- Up-to-date symlink: /home/khotkangplue_p/week6_ws/install/diff_robot/share/diff_robot/package.xml
[0.464s] Invoked command in '/home/khotkangplue_p/week6_ws/build/diff_robot' returned '0': CMAKE_PREFIX_PATH=${CMAKE_PREFIX_PATH}:/home/khotkangplue_p/week6_ws/install/control_rbkairos:/opt/ros/jazzy /usr/bin/cmake --install /home/khotkangplue_p/week6_ws/build/diff_robot
