running develop
running egg_info
creating control_rbkairos.egg-info
writing control_rbkairos.egg-info/PKG-INFO
writing dependency_links to control_rbkairos.egg-info/dependency_links.txt
writing entry points to control_rbkairos.egg-info/entry_points.txt
writing requirements to control_rbkairos.egg-info/requires.txt
writing top-level names to control_rbkairos.egg-info/top_level.txt
writing manifest file 'control_rbkairos.egg-info/SOURCES.txt'
reading manifest file 'control_rbkairos.egg-info/SOURCES.txt'
writing manifest file 'control_rbkairos.egg-info/SOURCES.txt'
running build_ext
Creating /home/khotkangplue_p/week6_ws/install/control_rbkairos/lib/python3.12/site-packages/control-rbkairos.egg-link (link to .)
Installing move_robot script to /home/khotkangplue_p/week6_ws/install/control_rbkairos/lib/control_rbkairos
Installing robot_movement script to /home/khotkangplue_p/week6_ws/install/control_rbkairos/lib/control_rbkairos

Installed /home/khotkangplue_p/week6_ws/build/control_rbkairos
running symlink_data
symbolically linking /home/khotkangplue_p/week6_ws/build/control_rbkairos/package.xml -> /home/khotkangplue_p/week6_ws/install/control_rbkairos/share/control_rbkairos
creating /home/khotkangplue_p/week6_ws/install/control_rbkairos/share/control_rbkairos/launch
symbolically linking /home/khotkangplue_p/week6_ws/build/control_rbkairos/launch/gazebo.launch.py -> /home/khotkangplue_p/week6_ws/install/control_rbkairos/share/control_rbkairos/launch
symbolically linking /home/khotkangplue_p/week6_ws/build/control_rbkairos/launch/gazebo_robot.launch.py -> /home/khotkangplue_p/week6_ws/install/control_rbkairos/share/control_rbkairos/launch
symbolically linking /home/khotkangplue_p/week6_ws/build/control_rbkairos/launch/gz_spawn_rbkairos.launch.py -> /home/khotkangplue_p/week6_ws/install/control_rbkairos/share/control_rbkairos/launch
creating /home/khotkangplue_p/week6_ws/install/control_rbkairos/share/control_rbkairos/urdf
symbolically linking /home/khotkangplue_p/week6_ws/build/control_rbkairos/urdf/rbrobout.urdf.xacro -> /home/khotkangplue_p/week6_ws/install/control_rbkairos/share/control_rbkairos/urdf
creating /home/khotkangplue_p/week6_ws/install/control_rbkairos/share/control_rbkairos/scripts
symbolically linking /home/khotkangplue_p/week6_ws/build/control_rbkairos/scripts/robot_movement.py -> /home/khotkangplue_p/week6_ws/install/control_rbkairos/share/control_rbkairos/scripts
