[0.939s] Invoking command in '/home/khotkangplue_p/week6_ws/build/control_rbkairos': PYTHONPATH=/home/khotkangplue_p/week6_ws/build/control_rbkairos/prefix_override:/usr/lib/python3/dist-packages/colcon_core/task/python/colcon_distutils_commands:/home/khotkangplue_p/week6_ws/install/control_rbkairos/lib/python3.12/site-packages: /usr/bin/python3 -W ignore:setup.py install is deprecated -W ignore:easy_install command is deprecated setup.py develop --editable --build-directory /home/khotkangplue_p/week6_ws/build/control_rbkairos/build --no-deps symlink_data
[1.209s] running develop
[1.328s] /usr/lib/python3/dist-packages/setuptools/command/easy_install.py:363: UserWarning: Unbuilt egg for pytest-repeat [unknown version] (/usr/lib/python3/dist-packages)
[1.328s]   self.local_index = Environment(self.shadow_path + sys.path)
[1.352s] running egg_info
[1.352s] creating control_rbkairos.egg-info
[1.370s] writing control_rbkairos.egg-info/PKG-INFO
[1.370s] writing dependency_links to control_rbkairos.egg-info/dependency_links.txt
[1.370s] writing entry points to control_rbkairos.egg-info/entry_points.txt
[1.370s] writing requirements to control_rbkairos.egg-info/requires.txt
[1.371s] writing top-level names to control_rbkairos.egg-info/top_level.txt
[1.371s] writing manifest file 'control_rbkairos.egg-info/SOURCES.txt'
[1.392s] reading manifest file 'control_rbkairos.egg-info/SOURCES.txt'
[1.392s] writing manifest file 'control_rbkairos.egg-info/SOURCES.txt'
[1.407s] running build_ext
[1.408s] Creating /home/khotkangplue_p/week6_ws/install/control_rbkairos/lib/python3.12/site-packages/control-rbkairos.egg-link (link to .)
[1.408s] Installing move_robot script to /home/khotkangplue_p/week6_ws/install/control_rbkairos/lib/control_rbkairos
[1.408s] Installing robot_movement script to /home/khotkangplue_p/week6_ws/install/control_rbkairos/lib/control_rbkairos
[1.409s] 
[1.409s] Installed /home/khotkangplue_p/week6_ws/build/control_rbkairos
[1.409s] running symlink_data
[1.409s] symbolically linking /home/khotkangplue_p/week6_ws/build/control_rbkairos/package.xml -> /home/khotkangplue_p/week6_ws/install/control_rbkairos/share/control_rbkairos
[1.410s] creating /home/khotkangplue_p/week6_ws/install/control_rbkairos/share/control_rbkairos/launch
[1.410s] symbolically linking /home/khotkangplue_p/week6_ws/build/control_rbkairos/launch/gazebo.launch.py -> /home/khotkangplue_p/week6_ws/install/control_rbkairos/share/control_rbkairos/launch
[1.410s] symbolically linking /home/khotkangplue_p/week6_ws/build/control_rbkairos/launch/gazebo_robot.launch.py -> /home/khotkangplue_p/week6_ws/install/control_rbkairos/share/control_rbkairos/launch
[1.410s] symbolically linking /home/khotkangplue_p/week6_ws/build/control_rbkairos/launch/gz_spawn_rbkairos.launch.py -> /home/khotkangplue_p/week6_ws/install/control_rbkairos/share/control_rbkairos/launch
[1.410s] creating /home/khotkangplue_p/week6_ws/install/control_rbkairos/share/control_rbkairos/urdf
[1.410s] symbolically linking /home/khotkangplue_p/week6_ws/build/control_rbkairos/urdf/rbrobout.urdf.xacro -> /home/khotkangplue_p/week6_ws/install/control_rbkairos/share/control_rbkairos/urdf
[1.410s] creating /home/khotkangplue_p/week6_ws/install/control_rbkairos/share/control_rbkairos/scripts
[1.411s] symbolically linking /home/khotkangplue_p/week6_ws/build/control_rbkairos/scripts/robot_movement.py -> /home/khotkangplue_p/week6_ws/install/control_rbkairos/share/control_rbkairos/scripts
[1.443s] Invoked command in '/home/khotkangplue_p/week6_ws/build/control_rbkairos' returned '0': PYTHONPATH=/home/khotkangplue_p/week6_ws/build/control_rbkairos/prefix_override:/usr/lib/python3/dist-packages/colcon_core/task/python/colcon_distutils_commands:/home/khotkangplue_p/week6_ws/install/control_rbkairos/lib/python3.12/site-packages: /usr/bin/python3 -W ignore:setup.py install is deprecated -W ignore:easy_install command is deprecated setup.py develop --editable --build-directory /home/khotkangplue_p/week6_ws/build/control_rbkairos/build --no-deps symlink_data
