running develop
/usr/lib/python3/dist-packages/setuptools/command/easy_install.py:363: UserWarning: Unbuilt egg for pytest-repeat [unknown version] (/usr/lib/python3/dist-packages)
  self.local_index = Environment(self.shadow_path + sys.path)
Removing /home/khotkangplue_p/week6_ws/install/control_rbkairos/lib/python3.12/site-packages/control-rbkairos.egg-link (link to .)
running egg_info
writing ../../build/control_rbkairos/control_rbkairos.egg-info/PKG-INFO
writing dependency_links to ../../build/control_rbkairos/control_rbkairos.egg-info/dependency_links.txt
writing entry points to ../../build/control_rbkairos/control_rbkairos.egg-info/entry_points.txt
writing requirements to ../../build/control_rbkairos/control_rbkairos.egg-info/requires.txt
writing top-level names to ../../build/control_rbkairos/control_rbkairos.egg-info/top_level.txt
reading manifest file '../../build/control_rbkairos/control_rbkairos.egg-info/SOURCES.txt'
adding license file 'LICENSE'
adding license file 'LICENSE:Zone.Identifier'
writing manifest file '../../build/control_rbkairos/control_rbkairos.egg-info/SOURCES.txt'
running build
running build_py
running install
running install_lib
creating /home/khotkangplue_p/week6_ws/install/control_rbkairos/lib/python3.12/site-packages/control_rbkairos
copying /home/khotkangplue_p/week6_ws/build/control_rbkairos/build/lib/control_rbkairos/__init__.py -> /home/khotkangplue_p/week6_ws/install/control_rbkairos/lib/python3.12/site-packages/control_rbkairos
copying /home/khotkangplue_p/week6_ws/build/control_rbkairos/build/lib/control_rbkairos/move_robot.py -> /home/khotkangplue_p/week6_ws/install/control_rbkairos/lib/python3.12/site-packages/control_rbkairos
byte-compiling /home/khotkangplue_p/week6_ws/install/control_rbkairos/lib/python3.12/site-packages/control_rbkairos/__init__.py to __init__.cpython-312.pyc
byte-compiling /home/khotkangplue_p/week6_ws/install/control_rbkairos/lib/python3.12/site-packages/control_rbkairos/move_robot.py to move_robot.cpython-312.pyc
running install_data
copying package.xml -> /home/khotkangplue_p/week6_ws/install/control_rbkairos/share/control_rbkairos
copying launch/gazebo.launch.py -> /home/khotkangplue_p/week6_ws/install/control_rbkairos/share/control_rbkairos/launch
copying launch/gazebo_robot.launch.py -> /home/khotkangplue_p/week6_ws/install/control_rbkairos/share/control_rbkairos/launch
copying launch/gz_spawn_rbkairos.launch.py -> /home/khotkangplue_p/week6_ws/install/control_rbkairos/share/control_rbkairos/launch
copying urdf/rbrobout.urdf.xacro -> /home/khotkangplue_p/week6_ws/install/control_rbkairos/share/control_rbkairos/urdf
copying scripts/robot_movement.py -> /home/khotkangplue_p/week6_ws/install/control_rbkairos/share/control_rbkairos/scripts
running install_egg_info
Copying ../../build/control_rbkairos/control_rbkairos.egg-info to /home/khotkangplue_p/week6_ws/install/control_rbkairos/lib/python3.12/site-packages/control_rbkairos-0.0.0-py3.12.egg-info
running install_scripts
Installing move_robot script to /home/khotkangplue_p/week6_ws/install/control_rbkairos/lib/control_rbkairos
Installing robot_movement script to /home/khotkangplue_p/week6_ws/install/control_rbkairos/lib/control_rbkairos
writing list of installed files to '/home/khotkangplue_p/week6_ws/build/control_rbkairos/install.log'
