[1.300s] Invoking command in '/home/khotkangplue_p/week6_ws/build/control_rbkairos': PYTHONPATH=/home/khotkangplue_p/week6_ws/build/control_rbkairos/prefix_override:/usr/lib/python3/dist-packages/colcon_core/task/python/colcon_distutils_commands:/home/khotkangplue_p/week6_ws/install/control_rbkairos/lib/python3.12/site-packages:${PYTHONPATH} /usr/bin/python3 -W ignore:setup.py install is deprecated -W ignore:easy_install command is deprecated setup.py develop --editable --build-directory /home/khotkangplue_p/week6_ws/build/control_rbkairos/build --no-deps symlink_data --force
[1.724s] running develop
[1.934s] /usr/lib/python3/dist-packages/setuptools/command/easy_install.py:363: UserWarning: Unbuilt egg for pytest-repeat [unknown version] (/usr/lib/python3/dist-packages)
[1.934s]   self.local_index = Environment(self.shadow_path + sys.path)
[1.977s] running egg_info
[2.000s] writing control_rbkairos.egg-info/PKG-INFO
[2.001s] writing dependency_links to control_rbkairos.egg-info/dependency_links.txt
[2.001s] writing entry points to control_rbkairos.egg-info/entry_points.txt
[2.002s] writing requirements to control_rbkairos.egg-info/requires.txt
[2.002s] writing top-level names to control_rbkairos.egg-info/top_level.txt
[2.057s] reading manifest file 'control_rbkairos.egg-info/SOURCES.txt'
[2.058s] writing manifest file 'control_rbkairos.egg-info/SOURCES.txt'
[2.091s] running build_ext
[2.092s] Creating /home/khotkangplue_p/week6_ws/install/control_rbkairos/lib/python3.12/site-packages/control-rbkairos.egg-link (link to .)
[2.093s] Installing move_robot script to /home/khotkangplue_p/week6_ws/install/control_rbkairos/lib/control_rbkairos
[2.093s] Installing robot_movement script to /home/khotkangplue_p/week6_ws/install/control_rbkairos/lib/control_rbkairos
[2.093s] 
[2.093s] Installed /home/khotkangplue_p/week6_ws/build/control_rbkairos
[2.093s] running symlink_data
[2.094s] symbolically linking /home/khotkangplue_p/week6_ws/build/control_rbkairos/package.xml -> /home/khotkangplue_p/week6_ws/install/control_rbkairos/share/control_rbkairos
[2.094s] symbolically linking /home/khotkangplue_p/week6_ws/build/control_rbkairos/launch/gazebo.launch.py -> /home/khotkangplue_p/week6_ws/install/control_rbkairos/share/control_rbkairos/launch
[2.095s] symbolically linking /home/khotkangplue_p/week6_ws/build/control_rbkairos/launch/gazebo_robot.launch.py -> /home/khotkangplue_p/week6_ws/install/control_rbkairos/share/control_rbkairos/launch
[2.095s] symbolically linking /home/khotkangplue_p/week6_ws/build/control_rbkairos/launch/gz_spawn_rbkairos.launch.py -> /home/khotkangplue_p/week6_ws/install/control_rbkairos/share/control_rbkairos/launch
[2.095s] symbolically linking /home/khotkangplue_p/week6_ws/build/control_rbkairos/urdf/rbrobout.urdf.xacro -> /home/khotkangplue_p/week6_ws/install/control_rbkairos/share/control_rbkairos/urdf
[2.096s] symbolically linking /home/khotkangplue_p/week6_ws/build/control_rbkairos/scripts/robot_movement.py -> /home/khotkangplue_p/week6_ws/install/control_rbkairos/share/control_rbkairos/scripts
[2.169s] Invoked command in '/home/khotkangplue_p/week6_ws/build/control_rbkairos' returned '0': PYTHONPATH=/home/khotkangplue_p/week6_ws/build/control_rbkairos/prefix_override:/usr/lib/python3/dist-packages/colcon_core/task/python/colcon_distutils_commands:/home/khotkangplue_p/week6_ws/install/control_rbkairos/lib/python3.12/site-packages:${PYTHONPATH} /usr/bin/python3 -W ignore:setup.py install is deprecated -W ignore:easy_install command is deprecated setup.py develop --editable --build-directory /home/khotkangplue_p/week6_ws/build/control_rbkairos/build --no-deps symlink_data --force
