Built target ament_cmake_python_symlink_robotnik_common
running egg_info
writing robotnik_common.egg-info/PKG-INFO
writing dependency_links to robotnik_common.egg-info/dependency_links.txt
writing top-level names to robotnik_common.egg-info/top_level.txt
reading manifest file 'robotnik_common.egg-info/SOURCES.txt'
writing manifest file 'robotnik_common.egg-info/SOURCES.txt'
Built target ament_cmake_python_build_robotnik_common_egg
-- Install configuration: ""
-- Execute custom install script
-- Up-to-date symlink: /home/khotkangplue_p/week6_ws/install/robotnik_common/share/robotnik_common/environment/pythonpath.sh
-- Up-to-date symlink: /home/khotkangplue_p/week6_ws/install/robotnik_common/share/robotnik_common/environment/pythonpath.dsv
-- Up-to-date symlink: /home/khotkangplue_p/week6_ws/install/robotnik_common/lib/python3.12/site-packages/robotnik_common-1.2.0-py3.12.egg-info/PKG-INFO
-- Up-to-date symlink: /home/khotkangplue_p/week6_ws/install/robotnik_common/lib/python3.12/site-packages/robotnik_common-1.2.0-py3.12.egg-info/SOURCES.txt
-- Up-to-date symlink: /home/khotkangplue_p/week6_ws/install/robotnik_common/lib/python3.12/site-packages/robotnik_common-1.2.0-py3.12.egg-info/dependency_links.txt
-- Up-to-date symlink: /home/khotkangplue_p/week6_ws/install/robotnik_common/lib/python3.12/site-packages/robotnik_common-1.2.0-py3.12.egg-info/top_level.txt
-- Up-to-date symlink: /home/khotkangplue_p/week6_ws/install/robotnik_common/lib/python3.12/site-packages/robotnik_common/__init__.py
-- Up-to-date symlink: /home/khotkangplue_p/week6_ws/install/robotnik_common/lib/python3.12/site-packages/robotnik_common/__init__.py:Zone.Identifier
-- Up-to-date symlink: /home/khotkangplue_p/week6_ws/install/robotnik_common/lib/python3.12/site-packages/robotnik_common/launch/__init__.py
-- Up-to-date symlink: /home/khotkangplue_p/week6_ws/install/robotnik_common/lib/python3.12/site-packages/robotnik_common/launch/__init__.py:Zone.Identifier
-- Up-to-date symlink: /home/khotkangplue_p/week6_ws/install/robotnik_common/lib/python3.12/site-packages/robotnik_common/launch/__init__.py:Zone.Identifier:Zone.Identifier
-- Up-to-date symlink: /home/khotkangplue_p/week6_ws/install/robotnik_common/lib/python3.12/site-packages/robotnik_common/launch/add_launch_args.py
-- Up-to-date symlink: /home/khotkangplue_p/week6_ws/install/robotnik_common/lib/python3.12/site-packages/robotnik_common/launch/add_launch_args.py:Zone.Identifier
-- Up-to-date symlink: /home/khotkangplue_p/week6_ws/install/robotnik_common/lib/python3.12/site-packages/robotnik_common/launch/add_launch_args.py:Zone.Identifier:Zone.Identifier
-- Up-to-date symlink: /home/khotkangplue_p/week6_ws/install/robotnik_common/lib/python3.12/site-packages/robotnik_common/launch/global_scope.py
-- Up-to-date symlink: /home/khotkangplue_p/week6_ws/install/robotnik_common/lib/python3.12/site-packages/robotnik_common/launch/global_scope.py:Zone.Identifier
-- Up-to-date symlink: /home/khotkangplue_p/week6_ws/install/robotnik_common/lib/python3.12/site-packages/robotnik_common/launch/global_scope.py:Zone.Identifier:Zone.Identifier
-- Up-to-date symlink: /home/khotkangplue_p/week6_ws/install/robotnik_common/lib/python3.12/site-packages/robotnik_common/launch/rewritten_yaml.py
-- Up-to-date symlink: /home/khotkangplue_p/week6_ws/install/robotnik_common/lib/python3.12/site-packages/robotnik_common/launch/rewritten_yaml.py:Zone.Identifier
-- Up-to-date symlink: /home/khotkangplue_p/week6_ws/install/robotnik_common/lib/python3.12/site-packages/robotnik_common/launch/rewritten_yaml.py:Zone.Identifier:Zone.Identifier
-- Up-to-date symlink: /home/khotkangplue_p/week6_ws/install/robotnik_common/share/ament_index/resource_index/package_run_dependencies/robotnik_common
-- Up-to-date symlink: /home/khotkangplue_p/week6_ws/install/robotnik_common/share/ament_index/resource_index/parent_prefix_path/robotnik_common
-- Up-to-date symlink: /home/khotkangplue_p/week6_ws/install/robotnik_common/share/robotnik_common/environment/ament_prefix_path.sh
-- Up-to-date symlink: /home/khotkangplue_p/week6_ws/install/robotnik_common/share/robotnik_common/environment/ament_prefix_path.dsv
-- Up-to-date symlink: /home/khotkangplue_p/week6_ws/install/robotnik_common/share/robotnik_common/environment/path.sh
-- Up-to-date symlink: /home/khotkangplue_p/week6_ws/install/robotnik_common/share/robotnik_common/environment/path.dsv
-- Up-to-date symlink: /home/khotkangplue_p/week6_ws/install/robotnik_common/share/robotnik_common/local_setup.bash
-- Up-to-date symlink: /home/khotkangplue_p/week6_ws/install/robotnik_common/share/robotnik_common/local_setup.sh
-- Up-to-date symlink: /home/khotkangplue_p/week6_ws/install/robotnik_common/share/robotnik_common/local_setup.zsh
-- Up-to-date symlink: /home/khotkangplue_p/week6_ws/install/robotnik_common/share/robotnik_common/local_setup.dsv
-- Symlinking: /home/khotkangplue_p/week6_ws/install/robotnik_common/share/robotnik_common/package.dsv
-- Up-to-date symlink: /home/khotkangplue_p/week6_ws/install/robotnik_common/share/ament_index/resource_index/packages/robotnik_common
-- Up-to-date symlink: /home/khotkangplue_p/week6_ws/install/robotnik_common/share/robotnik_common/cmake/robotnik_commonConfig.cmake
-- Up-to-date symlink: /home/khotkangplue_p/week6_ws/install/robotnik_common/share/robotnik_common/cmake/robotnik_commonConfig-version.cmake
-- Up-to-date symlink: /home/khotkangplue_p/week6_ws/install/robotnik_common/share/robotnik_common/package.xml
Listing '/home/khotkangplue_p/week6_ws/install/robotnik_common/lib/python3.12/site-packages/robotnik_common'...
Listing '/home/khotkangplue_p/week6_ws/install/robotnik_common/lib/python3.12/site-packages/robotnik_common/launch'...
