[0.183s] Invoking command in '/home/khotkangplue_p/week6_ws/build/robotnik_description': AMENT_PREFIX_PATH=/home/khotkangplue_p/week6_ws/install/robotnik_sensors:${AMENT_PREFIX_PATH} CMAKE_PREFIX_PATH=/home/khotkangplue_p/week6_ws/install/robotnik_sensors:/opt/ros/jazzy/opt/gz_sim_vendor:/opt/ros/jazzy/opt/gz_sensors_vendor:/opt/ros/jazzy/opt/gz_physics_vendor:/opt/ros/jazzy/opt/sdformat_vendor:/opt/ros/jazzy/opt/gz_gui_vendor:/opt/ros/jazzy/opt/gz_transport_vendor:/opt/ros/jazzy/opt/gz_rendering_vendor:/opt/ros/jazzy/opt/gz_plugin_vendor:/opt/ros/jazzy/opt/gz_fuel_tools_vendor:/opt/ros/jazzy/opt/gz_msgs_vendor:/opt/ros/jazzy/opt/gz_common_vendor:/opt/ros/jazzy/opt/gz_math_vendor:/opt/ros/jazzy/opt/gz_utils_vendor:/opt/ros/jazzy/opt/gz_tools_vendor:/opt/ros/jazzy/opt/gz_ogre_next_vendor:/opt/ros/jazzy/opt/gz_dartsim_vendor:/opt/ros/jazzy/opt/gz_cmake_vendor:/opt/ros/jazzy /usr/bin/cmake /home/khotkangplue_p/week6_ws/src/robotnik_description -DCMAKE_INSTALL_PREFIX=/home/khotkangplue_p/week6_ws/install/robotnik_description
[0.212s] -- Found ament_cmake: 2.5.4 (/opt/ros/jazzy/share/ament_cmake/cmake)
[0.571s] -- Override CMake install command with custom implementation using symlinks instead of copying resources
[0.735s] -- Found ament_cmake_pytest: 2.5.4 (/opt/ros/jazzy/share/ament_cmake_pytest/cmake)
[1.458s] -- Configuring done (1.3s)
[1.473s] -- Generating done (0.0s)
[1.477s] -- Build files have been written to: /home/khotkangplue_p/week6_ws/build/robotnik_description
[1.483s] Invoked command in '/home/khotkangplue_p/week6_ws/build/robotnik_description' returned '0': AMENT_PREFIX_PATH=/home/khotkangplue_p/week6_ws/install/robotnik_sensors:${AMENT_PREFIX_PATH} CMAKE_PREFIX_PATH=/home/khotkangplue_p/week6_ws/install/robotnik_sensors:/opt/ros/jazzy/opt/gz_sim_vendor:/opt/ros/jazzy/opt/gz_sensors_vendor:/opt/ros/jazzy/opt/gz_physics_vendor:/opt/ros/jazzy/opt/sdformat_vendor:/opt/ros/jazzy/opt/gz_gui_vendor:/opt/ros/jazzy/opt/gz_transport_vendor:/opt/ros/jazzy/opt/gz_rendering_vendor:/opt/ros/jazzy/opt/gz_plugin_vendor:/opt/ros/jazzy/opt/gz_fuel_tools_vendor:/opt/ros/jazzy/opt/gz_msgs_vendor:/opt/ros/jazzy/opt/gz_common_vendor:/opt/ros/jazzy/opt/gz_math_vendor:/opt/ros/jazzy/opt/gz_utils_vendor:/opt/ros/jazzy/opt/gz_tools_vendor:/opt/ros/jazzy/opt/gz_ogre_next_vendor:/opt/ros/jazzy/opt/gz_dartsim_vendor:/opt/ros/jazzy/opt/gz_cmake_vendor:/opt/ros/jazzy /usr/bin/cmake /home/khotkangplue_p/week6_ws/src/robotnik_description -DCMAKE_INSTALL_PREFIX=/home/khotkangplue_p/week6_ws/install/robotnik_description
[1.484s] Invoking command in '/home/khotkangplue_p/week6_ws/build/robotnik_description': AMENT_PREFIX_PATH=/home/khotkangplue_p/week6_ws/install/robotnik_sensors:${AMENT_PREFIX_PATH} CMAKE_PREFIX_PATH=/home/khotkangplue_p/week6_ws/install/robotnik_sensors:/opt/ros/jazzy/opt/gz_sim_vendor:/opt/ros/jazzy/opt/gz_sensors_vendor:/opt/ros/jazzy/opt/gz_physics_vendor:/opt/ros/jazzy/opt/sdformat_vendor:/opt/ros/jazzy/opt/gz_gui_vendor:/opt/ros/jazzy/opt/gz_transport_vendor:/opt/ros/jazzy/opt/gz_rendering_vendor:/opt/ros/jazzy/opt/gz_plugin_vendor:/opt/ros/jazzy/opt/gz_fuel_tools_vendor:/opt/ros/jazzy/opt/gz_msgs_vendor:/opt/ros/jazzy/opt/gz_common_vendor:/opt/ros/jazzy/opt/gz_math_vendor:/opt/ros/jazzy/opt/gz_utils_vendor:/opt/ros/jazzy/opt/gz_tools_vendor:/opt/ros/jazzy/opt/gz_ogre_next_vendor:/opt/ros/jazzy/opt/gz_dartsim_vendor:/opt/ros/jazzy/opt/gz_cmake_vendor:/opt/ros/jazzy /usr/bin/cmake --build /home/khotkangplue_p/week6_ws/build/robotnik_description -- -j4 -l4
[1.535s] Invoked command in '/home/khotkangplue_p/week6_ws/build/robotnik_description' returned '0': AMENT_PREFIX_PATH=/home/khotkangplue_p/week6_ws/install/robotnik_sensors:${AMENT_PREFIX_PATH} CMAKE_PREFIX_PATH=/home/khotkangplue_p/week6_ws/install/robotnik_sensors:/opt/ros/jazzy/opt/gz_sim_vendor:/opt/ros/jazzy/opt/gz_sensors_vendor:/opt/ros/jazzy/opt/gz_physics_vendor:/opt/ros/jazzy/opt/sdformat_vendor:/opt/ros/jazzy/opt/gz_gui_vendor:/opt/ros/jazzy/opt/gz_transport_vendor:/opt/ros/jazzy/opt/gz_rendering_vendor:/opt/ros/jazzy/opt/gz_plugin_vendor:/opt/ros/jazzy/opt/gz_fuel_tools_vendor:/opt/ros/jazzy/opt/gz_msgs_vendor:/opt/ros/jazzy/opt/gz_common_vendor:/opt/ros/jazzy/opt/gz_math_vendor:/opt/ros/jazzy/opt/gz_utils_vendor:/opt/ros/jazzy/opt/gz_tools_vendor:/opt/ros/jazzy/opt/gz_ogre_next_vendor:/opt/ros/jazzy/opt/gz_dartsim_vendor:/opt/ros/jazzy/opt/gz_cmake_vendor:/opt/ros/jazzy /usr/bin/cmake --build /home/khotkangplue_p/week6_ws/build/robotnik_description -- -j4 -l4
[1.537s] Invoking command in '/home/khotkangplue_p/week6_ws/build/robotnik_description': AMENT_PREFIX_PATH=/home/khotkangplue_p/week6_ws/install/robotnik_sensors:${AMENT_PREFIX_PATH} CMAKE_PREFIX_PATH=/home/khotkangplue_p/week6_ws/install/robotnik_sensors:/opt/ros/jazzy/opt/gz_sim_vendor:/opt/ros/jazzy/opt/gz_sensors_vendor:/opt/ros/jazzy/opt/gz_physics_vendor:/opt/ros/jazzy/opt/sdformat_vendor:/opt/ros/jazzy/opt/gz_gui_vendor:/opt/ros/jazzy/opt/gz_transport_vendor:/opt/ros/jazzy/opt/gz_rendering_vendor:/opt/ros/jazzy/opt/gz_plugin_vendor:/opt/ros/jazzy/opt/gz_fuel_tools_vendor:/opt/ros/jazzy/opt/gz_msgs_vendor:/opt/ros/jazzy/opt/gz_common_vendor:/opt/ros/jazzy/opt/gz_math_vendor:/opt/ros/jazzy/opt/gz_utils_vendor:/opt/ros/jazzy/opt/gz_tools_vendor:/opt/ros/jazzy/opt/gz_ogre_next_vendor:/opt/ros/jazzy/opt/gz_dartsim_vendor:/opt/ros/jazzy/opt/gz_cmake_vendor:/opt/ros/jazzy /usr/bin/cmake --install /home/khotkangplue_p/week6_ws/build/robotnik_description
[1.547s] -- Install configuration: ""
[1.548s] -- Execute custom install script
[1.550s] -- Up-to-date symlink: /home/khotkangplue_p/week6_ws/install/robotnik_description/share/robotnik_description/launch/robot_description.launch.py
[1.553s] -- Up-to-date symlink: /home/khotkangplue_p/week6_ws/install/robotnik_description/share/robotnik_description/meshes/bases/rb1/rb1_base_v3.dae
[1.554s] -- Up-to-date symlink: /home/khotkangplue_p/week6_ws/install/robotnik_description/share/robotnik_description/meshes/bases/rb1/rb1_base_v3.stl
[1.554s] -- Up-to-date symlink: /home/khotkangplue_p/week6_ws/install/robotnik_description/share/robotnik_description/meshes/bases/rb1/rb1_front_cover_v3.dae
[1.555s] -- Up-to-date symlink: /home/khotkangplue_p/week6_ws/install/robotnik_description/share/robotnik_description/meshes/bases/rb1/rb1_front_cover_v3.stl
[1.556s] -- Up-to-date symlink: /home/khotkangplue_p/week6_ws/install/robotnik_description/share/robotnik_description/meshes/bases/rb1/rb1_top_cover_v3.dae
[1.557s] -- Up-to-date symlink: /home/khotkangplue_p/week6_ws/install/robotnik_description/share/robotnik_description/meshes/bases/rb1/rb1_top_cover_v3.stl
[1.558s] -- Up-to-date symlink: /home/khotkangplue_p/week6_ws/install/robotnik_description/share/robotnik_description/meshes/bases/rbfiqus/chasis.stl
[1.559s] -- Up-to-date symlink: /home/khotkangplue_p/week6_ws/install/robotnik_description/share/robotnik_description/meshes/bases/rbfiqus/left_box.stl
[1.559s] -- Up-to-date symlink: /home/khotkangplue_p/week6_ws/install/robotnik_description/share/robotnik_description/meshes/bases/rbfiqus/right_box.stl
[1.560s] -- Up-to-date symlink: /home/khotkangplue_p/week6_ws/install/robotnik_description/share/robotnik_description/meshes/bases/rbfiqus/rocker.stl
[1.561s] -- Up-to-date symlink: /home/khotkangplue_p/week6_ws/install/robotnik_description/share/robotnik_description/meshes/bases/rbkairos/rbkairos_chassis.stl
[1.561s] -- Up-to-date symlink: /home/khotkangplue_p/week6_ws/install/robotnik_description/share/robotnik_description/meshes/bases/rbkairos/rbkairos_top_cover.stl
[1.562s] -- Up-to-date symlink: /home/khotkangplue_p/week6_ws/install/robotnik_description/share/robotnik_description/meshes/bases/rbrobout/rbrobout_chassis.stl
[1.563s] -- Up-to-date symlink: /home/khotkangplue_p/week6_ws/install/robotnik_description/share/robotnik_description/meshes/bases/rbrobout/rbrobout_top_cover.stl
[1.564s] -- Up-to-date symlink: /home/khotkangplue_p/week6_ws/install/robotnik_description/share/robotnik_description/meshes/bases/rbsummit/rbsummit_xl_chassis.dae
[1.565s] -- Up-to-date symlink: /home/khotkangplue_p/week6_ws/install/robotnik_description/share/robotnik_description/meshes/bases/rbsummit/rbsummit_xl_chassis_collision.dae
[1.566s] -- Up-to-date symlink: /home/khotkangplue_p/week6_ws/install/robotnik_description/share/robotnik_description/meshes/bases/rbsummit/rbsummit_xl_chassis_simple.stl
[1.566s] -- Up-to-date symlink: /home/khotkangplue_p/week6_ws/install/robotnik_description/share/robotnik_description/meshes/bases/rbsummit_steel/rbsummit_steel_chassis.stl
[1.567s] -- Up-to-date symlink: /home/khotkangplue_p/week6_ws/install/robotnik_description/share/robotnik_description/meshes/bases/rbsummit_steel/rbsummit_steel_top_cover.stl
[1.568s] -- Up-to-date symlink: /home/khotkangplue_p/week6_ws/install/robotnik_description/share/robotnik_description/meshes/bases/rbtheron/rbtheron_plus_top_chassis.stl
[1.569s] -- Up-to-date symlink: /home/khotkangplue_p/week6_ws/install/robotnik_description/share/robotnik_description/meshes/bases/rbtheron/theron_base_v4.stl
[1.570s] -- Up-to-date symlink: /home/khotkangplue_p/week6_ws/install/robotnik_description/share/robotnik_description/meshes/bases/rbvogui/rbvogui_battery.stl
[1.570s] -- Up-to-date symlink: /home/khotkangplue_p/week6_ws/install/robotnik_description/share/robotnik_description/meshes/bases/rbvogui/rbvogui_chassis.stl
[1.571s] -- Up-to-date symlink: /home/khotkangplue_p/week6_ws/install/robotnik_description/share/robotnik_description/meshes/bases/rbvogui/rbvogui_chassis_color.dae
[1.572s] -- Up-to-date symlink: /home/khotkangplue_p/week6_ws/install/robotnik_description/share/robotnik_description/meshes/bases/rbvogui/rbvogui_chassis_color.png
[1.572s] -- Up-to-date symlink: /home/khotkangplue_p/week6_ws/install/robotnik_description/share/robotnik_description/meshes/bases/rbvogui/rbvogui_contactors.stl
[1.573s] -- Up-to-date symlink: /home/khotkangplue_p/week6_ws/install/robotnik_description/share/robotnik_description/meshes/bases/rbvogui/rbvogui_leds.stl
[1.573s] -- Up-to-date symlink: /home/khotkangplue_p/week6_ws/install/robotnik_description/share/robotnik_description/meshes/bases/rbvogui/rbvogui_logos.dae
[1.574s] -- Up-to-date symlink: /home/khotkangplue_p/week6_ws/install/robotnik_description/share/robotnik_description/meshes/bases/rbvogui/rbvogui_logos.stl
[1.575s] -- Up-to-date symlink: /home/khotkangplue_p/week6_ws/install/robotnik_description/share/robotnik_description/meshes/bases/rbvogui_xl/rbvogui_xl_battery.stl
[1.576s] -- Up-to-date symlink: /home/khotkangplue_p/week6_ws/install/robotnik_description/share/robotnik_description/meshes/bases/rbvogui_xl/rbvogui_xl_chassis.stl
[1.576s] -- Up-to-date symlink: /home/khotkangplue_p/week6_ws/install/robotnik_description/share/robotnik_description/meshes/bases/rbvogui_xl/rbvogui_xl_chassis_color.png
[1.577s] -- Up-to-date symlink: /home/khotkangplue_p/week6_ws/install/robotnik_description/share/robotnik_description/meshes/bases/rbvogui_xl/rbvogui_xl_contactors.stl
[1.578s] -- Up-to-date symlink: /home/khotkangplue_p/week6_ws/install/robotnik_description/share/robotnik_description/meshes/bases/rbvogui_xl/rbvogui_xl_leds.stl
[1.578s] -- Up-to-date symlink: /home/khotkangplue_p/week6_ws/install/robotnik_description/share/robotnik_description/meshes/bases/rbvogui_xl/rbvogui_xl_logos.dae
[1.579s] -- Up-to-date symlink: /home/khotkangplue_p/week6_ws/install/robotnik_description/share/robotnik_description/meshes/bases/rbvogui_xl/rbvogui_xl_logos.stl
[1.580s] -- Up-to-date symlink: /home/khotkangplue_p/week6_ws/install/robotnik_description/share/robotnik_description/meshes/bases/rbwatcher/rbwatcher_chassis.dae
[1.581s] -- Up-to-date symlink: /home/khotkangplue_p/week6_ws/install/robotnik_description/share/robotnik_description/meshes/bases/rbwatcher/rbwatcher_chassis.stl
[1.581s] -- Up-to-date symlink: /home/khotkangplue_p/week6_ws/install/robotnik_description/share/robotnik_description/meshes/bases/rbwatcher/rbwatcher_top_structure.dae
[1.582s] -- Up-to-date symlink: /home/khotkangplue_p/week6_ws/install/robotnik_description/share/robotnik_description/meshes/bases/rbwatcher/rbwatcher_top_structure.stl
[1.583s] -- Up-to-date symlink: /home/khotkangplue_p/week6_ws/install/robotnik_description/share/robotnik_description/meshes/bases/robotnik_logo_chasis.stl
[1.584s] -- Up-to-date symlink: /home/khotkangplue_p/week6_ws/install/robotnik_description/share/robotnik_description/meshes/structures/ewellix/ewellix_lift_base_700mm.stl
[1.585s] -- Up-to-date symlink: /home/khotkangplue_p/week6_ws/install/robotnik_description/share/robotnik_description/meshes/structures/ewellix/ewellix_lift_base_900mm.stl
[1.586s] -- Up-to-date symlink: /home/khotkangplue_p/week6_ws/install/robotnik_description/share/robotnik_description/meshes/structures/ewellix/ewellix_lift_top_700mm.stl
[1.587s] -- Up-to-date symlink: /home/khotkangplue_p/week6_ws/install/robotnik_description/share/robotnik_description/meshes/structures/ewellix/ewellix_lift_top_700mm_cut.stl
[1.588s] -- Up-to-date symlink: /home/khotkangplue_p/week6_ws/install/robotnik_description/share/robotnik_description/meshes/structures/ewellix/ewellix_lift_top_900mm.stl
[1.588s] -- Up-to-date symlink: /home/khotkangplue_p/week6_ws/install/robotnik_description/share/robotnik_description/meshes/structures/ewellix/ewellix_lift_top_900mm_cut.stl
[1.590s] -- Up-to-date symlink: /home/khotkangplue_p/week6_ws/install/robotnik_description/share/robotnik_description/meshes/wheels/caster_wheel/caster_wheel.stl
[1.591s] -- Up-to-date symlink: /home/khotkangplue_p/week6_ws/install/robotnik_description/share/robotnik_description/meshes/wheels/mecanum_wheel/kairos_mecanum_wheel_1.dae
[1.592s] -- Up-to-date symlink: /home/khotkangplue_p/week6_ws/install/robotnik_description/share/robotnik_description/meshes/wheels/mecanum_wheel/kairos_mecanum_wheel_2.dae
[1.592s] -- Up-to-date symlink: /home/khotkangplue_p/week6_ws/install/robotnik_description/share/robotnik_description/meshes/wheels/mecanum_wheel/robout_wheel.stl
[1.594s] -- Up-to-date symlink: /home/khotkangplue_p/week6_ws/install/robotnik_description/share/robotnik_description/meshes/wheels/rubber_wheel/mw_frame.stl
[1.594s] -- Up-to-date symlink: /home/khotkangplue_p/week6_ws/install/robotnik_description/share/robotnik_description/meshes/wheels/rubber_wheel/rubber_wheel.dae
[1.595s] -- Up-to-date symlink: /home/khotkangplue_p/week6_ws/install/robotnik_description/share/robotnik_description/meshes/wheels/rubber_wheel/rubber_wheel_220.stl
[1.596s] -- Up-to-date symlink: /home/khotkangplue_p/week6_ws/install/robotnik_description/share/robotnik_description/meshes/wheels/rubber_wheel/rubber_wheel_350.stl
[1.597s] -- Up-to-date symlink: /home/khotkangplue_p/week6_ws/install/robotnik_description/share/robotnik_description/meshes/wheels/rubber_wheel/wheel_sxl.stl
[1.598s] -- Up-to-date symlink: /home/khotkangplue_p/week6_ws/install/robotnik_description/share/robotnik_description/meshes/wheels/steering_wheel/mw_frame_rbfiqus.stl
[1.599s] -- Up-to-date symlink: /home/khotkangplue_p/week6_ws/install/robotnik_description/share/robotnik_description/meshes/wheels/steering_wheel/mw_frame_stl.png
[1.599s] -- Up-to-date symlink: /home/khotkangplue_p/week6_ws/install/robotnik_description/share/robotnik_description/meshes/wheels/steering_wheel/mw_frame_stl_color.dae
[1.600s] -- Up-to-date symlink: /home/khotkangplue_p/week6_ws/install/robotnik_description/share/robotnik_description/meshes/wheels/steering_wheel/mw_frame_xl.stl
[1.603s] -- Up-to-date symlink: /home/khotkangplue_p/week6_ws/install/robotnik_description/share/robotnik_description/urdf/arms/ur_macro.urdf.xacro
[1.605s] -- Up-to-date symlink: /home/khotkangplue_p/week6_ws/install/robotnik_description/share/robotnik_description/urdf/bases/rb1/rb1_base.xacro
[1.606s] -- Up-to-date symlink: /home/khotkangplue_p/week6_ws/install/robotnik_description/share/robotnik_description/urdf/bases/rbfiqus/rbfiqus_base.urdf.xacro
[1.607s] -- Up-to-date symlink: /home/khotkangplue_p/week6_ws/install/robotnik_description/share/robotnik_description/urdf/bases/rbkairos/rbkairos_base.urdf.xacro
[1.608s] -- Up-to-date symlink: /home/khotkangplue_p/week6_ws/install/robotnik_description/share/robotnik_description/urdf/bases/rbrobout/rbrobout_base.urdf.xacro
[1.609s] -- Up-to-date symlink: /home/khotkangplue_p/week6_ws/install/robotnik_description/share/robotnik_description/urdf/bases/rbrobout/rbrobout_top_cover.urdf.xacro
[1.610s] -- Up-to-date symlink: /home/khotkangplue_p/week6_ws/install/robotnik_description/share/robotnik_description/urdf/bases/rbsummit/rbsummit_base.xacro
[1.611s] -- Up-to-date symlink: /home/khotkangplue_p/week6_ws/install/robotnik_description/share/robotnik_description/urdf/bases/rbsummit_steel/rbsummit_steel_base.xacro
[1.612s] -- Up-to-date symlink: /home/khotkangplue_p/week6_ws/install/robotnik_description/share/robotnik_description/urdf/bases/rbtheron/rbtheron_base.xacro
[1.613s] -- Up-to-date symlink: /home/khotkangplue_p/week6_ws/install/robotnik_description/share/robotnik_description/urdf/bases/rbtheron/rbtheron_top_cover.urdf.xacro
[1.614s] -- Up-to-date symlink: /home/khotkangplue_p/week6_ws/install/robotnik_description/share/robotnik_description/urdf/bases/rbvogui/rbvogui_base.urdf.xacro
[1.616s] -- Up-to-date symlink: /home/khotkangplue_p/week6_ws/install/robotnik_description/share/robotnik_description/urdf/bases/rbvogui_xl/rbvogui_xl_base.urdf.xacro
[1.617s] -- Up-to-date symlink: /home/khotkangplue_p/week6_ws/install/robotnik_description/share/robotnik_description/urdf/bases/rbwatcher/rbwatcher_base.xacro
[1.618s] -- Up-to-date symlink: /home/khotkangplue_p/week6_ws/install/robotnik_description/share/robotnik_description/urdf/bodies/rb1/rb1_base.urdf.xacro
[1.619s] -- Up-to-date symlink: /home/khotkangplue_p/week6_ws/install/robotnik_description/share/robotnik_description/urdf/bodies/rb1/rb1_body.urdf.xacro
[1.620s] -- Up-to-date symlink: /home/khotkangplue_p/week6_ws/install/robotnik_description/share/robotnik_description/urdf/bodies/rbfiqus/rbfiqus_body.gazebo.xacro
[1.621s] -- Up-to-date symlink: /home/khotkangplue_p/week6_ws/install/robotnik_description/share/robotnik_description/urdf/bodies/rbfiqus/rbfiqus_body.urdf.xacro
[1.622s] -- Up-to-date symlink: /home/khotkangplue_p/week6_ws/install/robotnik_description/share/robotnik_description/urdf/bodies/rbkairos/rbkairos_body.urdf.xacro
[1.623s] -- Up-to-date symlink: /home/khotkangplue_p/week6_ws/install/robotnik_description/share/robotnik_description/urdf/bodies/rbrobout/rbrobout_body.urdf.xacro
[1.624s] -- Up-to-date symlink: /home/khotkangplue_p/week6_ws/install/robotnik_description/share/robotnik_description/urdf/bodies/rbsummit/rbsummit_body.urdf.xacro
[1.626s] -- Up-to-date symlink: /home/khotkangplue_p/week6_ws/install/robotnik_description/share/robotnik_description/urdf/bodies/rbsummit_steel/rbsummit_steel_body.urdf.xacro
[1.627s] -- Up-to-date symlink: /home/khotkangplue_p/week6_ws/install/robotnik_description/share/robotnik_description/urdf/bodies/rbtheron/rbtheron_body.urdf.xacro
[1.628s] -- Up-to-date symlink: /home/khotkangplue_p/week6_ws/install/robotnik_description/share/robotnik_description/urdf/bodies/rbvogui/rbvogui_base.gazebo.xacro
[1.629s] -- Up-to-date symlink: /home/khotkangplue_p/week6_ws/install/robotnik_description/share/robotnik_description/urdf/bodies/rbvogui/rbvogui_body.urdf.xacro
[1.630s] -- Up-to-date symlink: /home/khotkangplue_p/week6_ws/install/robotnik_description/share/robotnik_description/urdf/bodies/rbvogui_xl/rbvogui_xl_base.gazebo.xacro
[1.630s] -- Up-to-date symlink: /home/khotkangplue_p/week6_ws/install/robotnik_description/share/robotnik_description/urdf/bodies/rbvogui_xl/rbvogui_xl_body.urdf.xacro
[1.632s] -- Up-to-date symlink: /home/khotkangplue_p/week6_ws/install/robotnik_description/share/robotnik_description/urdf/bodies/rbwatcher/rbwatcher_body.urdf.xacro
[1.632s] -- Up-to-date symlink: /home/khotkangplue_p/week6_ws/install/robotnik_description/share/robotnik_description/urdf/inertia.urdf.xacro
[1.634s] -- Up-to-date symlink: /home/khotkangplue_p/week6_ws/install/robotnik_description/share/robotnik_description/urdf/structures/ewellix/all_ewellix_lift.urdf.xacro
[1.635s] -- Up-to-date symlink: /home/khotkangplue_p/week6_ws/install/robotnik_description/share/robotnik_description/urdf/structures/ewellix/ewellix_lift_700mm.urdf.xacro
[1.635s] -- Up-to-date symlink: /home/khotkangplue_p/week6_ws/install/robotnik_description/share/robotnik_description/urdf/structures/ewellix/ewellix_lift_900mm.urdf.xacro
[1.637s] -- Up-to-date symlink: /home/khotkangplue_p/week6_ws/install/robotnik_description/share/robotnik_description/urdf/wheels/caster_wheel/rbtheron_caster.urdf.xacro
[1.638s] -- Up-to-date symlink: /home/khotkangplue_p/week6_ws/install/robotnik_description/share/robotnik_description/urdf/wheels/mecanum_wheel/rbkairos_mecanum_wheel.urdf.xacro
[1.639s] -- Up-to-date symlink: /home/khotkangplue_p/week6_ws/install/robotnik_description/share/robotnik_description/urdf/wheels/mecanum_wheel/rbrobout_mecanum_wheel.urdf.xacro
[1.640s] -- Up-to-date symlink: /home/khotkangplue_p/week6_ws/install/robotnik_description/share/robotnik_description/urdf/wheels/rubber_wheel/gazebo/rbvogui_wheel.gazebo.xacro
[1.641s] -- Up-to-date symlink: /home/khotkangplue_p/week6_ws/install/robotnik_description/share/robotnik_description/urdf/wheels/rubber_wheel/gazebo/rubber_wheel.gazebo.xacro
[1.642s] -- Up-to-date symlink: /home/khotkangplue_p/week6_ws/install/robotnik_description/share/robotnik_description/urdf/wheels/rubber_wheel/gazebo/rubber_wheel.transmission.xacro
[1.643s] -- Up-to-date symlink: /home/khotkangplue_p/week6_ws/install/robotnik_description/share/robotnik_description/urdf/wheels/rubber_wheel/rubber_wheel.urdf.xacro
[1.643s] -- Up-to-date symlink: /home/khotkangplue_p/week6_ws/install/robotnik_description/share/robotnik_description/urdf/wheels/rubber_wheel/rubber_wheel_150.urdf.xacro
[1.644s] -- Up-to-date symlink: /home/khotkangplue_p/week6_ws/install/robotnik_description/share/robotnik_description/urdf/wheels/rubber_wheel/rubber_wheel_220.urdf.xacro
[1.644s] -- Up-to-date symlink: /home/khotkangplue_p/week6_ws/install/robotnik_description/share/robotnik_description/urdf/wheels/rubber_wheel/rubber_wheel_350.urdf.xacro
[1.646s] -- Up-to-date symlink: /home/khotkangplue_p/week6_ws/install/robotnik_description/share/robotnik_description/urdf/wheels/steering_wheel/steering_wheel.urdf.xacro
[1.646s] -- Up-to-date symlink: /home/khotkangplue_p/week6_ws/install/robotnik_description/share/robotnik_description/urdf/wheels/steering_wheel/steering_wheel_350.urdf.xacro
[1.647s] -- Up-to-date symlink: /home/khotkangplue_p/week6_ws/install/robotnik_description/share/robotnik_description/urdf/wheels/steering_wheel/steering_wheel_rbfiqus.urdf.xacro
[1.648s] -- Up-to-date symlink: /home/khotkangplue_p/week6_ws/install/robotnik_description/share/robotnik_description/urdf/wheels/wheel.gazebo.xacro
[1.650s] -- Up-to-date symlink: /home/khotkangplue_p/week6_ws/install/robotnik_description/share/robotnik_description/robots/rb1/rb1.urdf.xacro
[1.651s] -- Up-to-date symlink: /home/khotkangplue_p/week6_ws/install/robotnik_description/share/robotnik_description/robots/rbfiqus/rbfiqus.urdf.xacro
[1.652s] -- Up-to-date symlink: /home/khotkangplue_p/week6_ws/install/robotnik_description/share/robotnik_description/robots/rbkairos/rbkairos.urdf.xacro
[1.653s] -- Up-to-date symlink: /home/khotkangplue_p/week6_ws/install/robotnik_description/share/robotnik_description/robots/rbkairos/rbkairos_plus.urdf.xacro
[1.654s] -- Up-to-date symlink: /home/khotkangplue_p/week6_ws/install/robotnik_description/share/robotnik_description/robots/rbrobout/rbrobout.urdf.xacro
[1.655s] -- Up-to-date symlink: /home/khotkangplue_p/week6_ws/install/robotnik_description/share/robotnik_description/robots/rbrobout/rbrobout_plus.urdf.xacro
[1.656s] -- Up-to-date symlink: /home/khotkangplue_p/week6_ws/install/robotnik_description/share/robotnik_description/robots/rbsummit/rbsummit.urdf.xacro
[1.658s] -- Up-to-date symlink: /home/khotkangplue_p/week6_ws/install/robotnik_description/share/robotnik_description/robots/rbsummit_steel/rbsummit_steel.urdf.xacro
[1.659s] -- Up-to-date symlink: /home/khotkangplue_p/week6_ws/install/robotnik_description/share/robotnik_description/robots/rbtheron/rbtheron.urdf.xacro
[1.659s] -- Up-to-date symlink: /home/khotkangplue_p/week6_ws/install/robotnik_description/share/robotnik_description/robots/rbtheron/rbtheron_plus.urdf.xacro
[1.660s] -- Up-to-date symlink: /home/khotkangplue_p/week6_ws/install/robotnik_description/share/robotnik_description/robots/rbvogui/rbvogui.urdf.xacro
[1.661s] -- Up-to-date symlink: /home/khotkangplue_p/week6_ws/install/robotnik_description/share/robotnik_description/robots/rbvogui/rbvogui_plus.urdf.xacro
[1.662s] -- Up-to-date symlink: /home/khotkangplue_p/week6_ws/install/robotnik_description/share/robotnik_description/robots/rbvogui_xl/rbvogui_xl.urdf.xacro
[1.663s] -- Up-to-date symlink: /home/khotkangplue_p/week6_ws/install/robotnik_description/share/robotnik_description/robots/rbwatcher/rbwatcher.urdf.xacro
[1.665s] -- Up-to-date symlink: /home/khotkangplue_p/week6_ws/install/robotnik_description/share/robotnik_description/simulators/gazebo_ignition/README.md
[1.666s] -- Up-to-date symlink: /home/khotkangplue_p/week6_ws/install/robotnik_description/share/robotnik_description/simulators/gazebo_ignition/rb1/rb1_control.urdf.xacro
[1.667s] -- Up-to-date symlink: /home/khotkangplue_p/week6_ws/install/robotnik_description/share/robotnik_description/simulators/gazebo_ignition/rb1/rb1_controller_params.yaml
[1.668s] -- Up-to-date symlink: /home/khotkangplue_p/week6_ws/install/robotnik_description/share/robotnik_description/simulators/gazebo_ignition/rbfiqus/rbfiqus_control.urdf.xacro
[1.669s] -- Up-to-date symlink: /home/khotkangplue_p/week6_ws/install/robotnik_description/share/robotnik_description/simulators/gazebo_ignition/rbfiqus/rbfiqus_controller_params.yaml
[1.670s] -- Up-to-date symlink: /home/khotkangplue_p/week6_ws/install/robotnik_description/share/robotnik_description/simulators/gazebo_ignition/rbkairos/rbkairos_control.urdf.xacro
[1.671s] -- Up-to-date symlink: /home/khotkangplue_p/week6_ws/install/robotnik_description/share/robotnik_description/simulators/gazebo_ignition/rbkairos/rbkairos_controller_params.yaml
[1.672s] -- Up-to-date symlink: /home/khotkangplue_p/week6_ws/install/robotnik_description/share/robotnik_description/simulators/gazebo_ignition/rbrobout/rbrobout_control.urdf.xacro
[1.673s] -- Up-to-date symlink: /home/khotkangplue_p/week6_ws/install/robotnik_description/share/robotnik_description/simulators/gazebo_ignition/rbrobout/rbrobout_controller_params.yaml
[1.674s] -- Up-to-date symlink: /home/khotkangplue_p/week6_ws/install/robotnik_description/share/robotnik_description/simulators/gazebo_ignition/rbsummit/rbsummit_control.urdf.xacro
[1.674s] -- Up-to-date symlink: /home/khotkangplue_p/week6_ws/install/robotnik_description/share/robotnik_description/simulators/gazebo_ignition/rbsummit/rbsummit_controller_params.yaml
[1.676s] -- Up-to-date symlink: /home/khotkangplue_p/week6_ws/install/robotnik_description/share/robotnik_description/simulators/gazebo_ignition/rbsummit_steel/rbsummit_steel_control.urdf.xacro
[1.676s] -- Up-to-date symlink: /home/khotkangplue_p/week6_ws/install/robotnik_description/share/robotnik_description/simulators/gazebo_ignition/rbtheron/rbtheron_control.urdf.xacro
[1.677s] -- Up-to-date symlink: /home/khotkangplue_p/week6_ws/install/robotnik_description/share/robotnik_description/simulators/gazebo_ignition/rbtheron/rbtheron_controller_params.yaml
[1.678s] -- Up-to-date symlink: /home/khotkangplue_p/week6_ws/install/robotnik_description/share/robotnik_description/simulators/gazebo_ignition/rbvogui/rbvogui_control.urdf.xacro
[1.679s] -- Up-to-date symlink: /home/khotkangplue_p/week6_ws/install/robotnik_description/share/robotnik_description/simulators/gazebo_ignition/rbvogui/rbvogui_controller_params.yaml
[1.680s] -- Up-to-date symlink: /home/khotkangplue_p/week6_ws/install/robotnik_description/share/robotnik_description/simulators/gazebo_ignition/rbvogui_xl/rbvogui_xl_control.urdf.xacro
[1.681s] -- Up-to-date symlink: /home/khotkangplue_p/week6_ws/install/robotnik_description/share/robotnik_description/simulators/gazebo_ignition/rbvogui_xl/rbvogui_xl_controller_params.yaml
[1.682s] -- Up-to-date symlink: /home/khotkangplue_p/week6_ws/install/robotnik_description/share/robotnik_description/simulators/gazebo_ignition/rbwatcher/rbwatcher_control.urdf.xacro
[1.683s] -- Up-to-date symlink: /home/khotkangplue_p/week6_ws/install/robotnik_description/share/robotnik_description/simulators/gazebo_ignition/rbwatcher/rbwatcher_controller_params.yaml
[1.684s] -- Up-to-date symlink: /home/khotkangplue_p/week6_ws/install/robotnik_description/share/robotnik_description/simulators/isaac/README.md
[1.686s] -- Up-to-date symlink: /home/khotkangplue_p/week6_ws/install/robotnik_description/share/ament_index/resource_index/package_run_dependencies/robotnik_description
[1.687s] -- Up-to-date symlink: /home/khotkangplue_p/week6_ws/install/robotnik_description/share/ament_index/resource_index/parent_prefix_path/robotnik_description
[1.689s] -- Up-to-date symlink: /home/khotkangplue_p/week6_ws/install/robotnik_description/share/robotnik_description/environment/ament_prefix_path.sh
[1.689s] -- Up-to-date symlink: /home/khotkangplue_p/week6_ws/install/robotnik_description/share/robotnik_description/environment/ament_prefix_path.dsv
[1.690s] -- Up-to-date symlink: /home/khotkangplue_p/week6_ws/install/robotnik_description/share/robotnik_description/environment/path.sh
[1.691s] -- Up-to-date symlink: /home/khotkangplue_p/week6_ws/install/robotnik_description/share/robotnik_description/environment/path.dsv
[1.692s] -- Up-to-date symlink: /home/khotkangplue_p/week6_ws/install/robotnik_description/share/robotnik_description/local_setup.bash
[1.693s] -- Up-to-date symlink: /home/khotkangplue_p/week6_ws/install/robotnik_description/share/robotnik_description/local_setup.sh
[1.694s] -- Up-to-date symlink: /home/khotkangplue_p/week6_ws/install/robotnik_description/share/robotnik_description/local_setup.zsh
[1.695s] -- Up-to-date symlink: /home/khotkangplue_p/week6_ws/install/robotnik_description/share/robotnik_description/local_setup.dsv
[1.695s] -- Symlinking: /home/khotkangplue_p/week6_ws/install/robotnik_description/share/robotnik_description/package.dsv
[1.709s] -- Up-to-date symlink: /home/khotkangplue_p/week6_ws/install/robotnik_description/share/ament_index/resource_index/packages/robotnik_description
[1.710s] -- Up-to-date symlink: /home/khotkangplue_p/week6_ws/install/robotnik_description/share/robotnik_description/cmake/robotnik_descriptionConfig.cmake
[1.711s] -- Up-to-date symlink: /home/khotkangplue_p/week6_ws/install/robotnik_description/share/robotnik_description/cmake/robotnik_descriptionConfig-version.cmake
[1.711s] -- Up-to-date symlink: /home/khotkangplue_p/week6_ws/install/robotnik_description/share/robotnik_description/package.xml
[1.715s] Invoked command in '/home/khotkangplue_p/week6_ws/build/robotnik_description' returned '0': AMENT_PREFIX_PATH=/home/khotkangplue_p/week6_ws/install/robotnik_sensors:${AMENT_PREFIX_PATH} CMAKE_PREFIX_PATH=/home/khotkangplue_p/week6_ws/install/robotnik_sensors:/opt/ros/jazzy/opt/gz_sim_vendor:/opt/ros/jazzy/opt/gz_sensors_vendor:/opt/ros/jazzy/opt/gz_physics_vendor:/opt/ros/jazzy/opt/sdformat_vendor:/opt/ros/jazzy/opt/gz_gui_vendor:/opt/ros/jazzy/opt/gz_transport_vendor:/opt/ros/jazzy/opt/gz_rendering_vendor:/opt/ros/jazzy/opt/gz_plugin_vendor:/opt/ros/jazzy/opt/gz_fuel_tools_vendor:/opt/ros/jazzy/opt/gz_msgs_vendor:/opt/ros/jazzy/opt/gz_common_vendor:/opt/ros/jazzy/opt/gz_math_vendor:/opt/ros/jazzy/opt/gz_utils_vendor:/opt/ros/jazzy/opt/gz_tools_vendor:/opt/ros/jazzy/opt/gz_ogre_next_vendor:/opt/ros/jazzy/opt/gz_dartsim_vendor:/opt/ros/jazzy/opt/gz_cmake_vendor:/opt/ros/jazzy /usr/bin/cmake --install /home/khotkangplue_p/week6_ws/build/robotnik_description
