[0.224s] Invoking command in '/home/khotkangplue_p/week6_ws/build/robotnik_common': CMAKE_PREFIX_PATH=${CMAKE_PREFIX_PATH}:/opt/ros/jazzy /usr/bin/cmake /home/khotkangplue_p/week6_ws/src/robotnik_common/robotnik_common -DAMENT_CMAKE_SYMLINK_INSTALL=1 -DCMAKE_INSTALL_PREFIX=/home/khotkangplue_p/week6_ws/install/robotnik_common
[0.240s] -- Found ament_cmake_core: 2.5.4 (/opt/ros/jazzy/share/ament_cmake_core/cmake)
[0.412s] -- Found Python3: /usr/bin/python3 (found version "3.12.3") found components: Interpreter 
[0.504s] -- Override CMake install command with custom implementation using symlinks instead of copying resources
[0.507s] -- Found ament_cmake_python: 2.5.4 (/opt/ros/jazzy/share/ament_cmake_python/cmake)
[0.749s] -- Configuring done (0.5s)
[0.754s] -- Generating done (0.0s)
[0.756s] -- Build files have been written to: /home/khotkangplue_p/week6_ws/build/robotnik_common
[0.758s] Invoked command in '/home/khotkangplue_p/week6_ws/build/robotnik_common' returned '0': CMAKE_PREFIX_PATH=${CMAKE_PREFIX_PATH}:/opt/ros/jazzy /usr/bin/cmake /home/khotkangplue_p/week6_ws/src/robotnik_common/robotnik_common -DAMENT_CMAKE_SYMLINK_INSTALL=1 -DCMAKE_INSTALL_PREFIX=/home/khotkangplue_p/week6_ws/install/robotnik_common
[0.759s] Invoking command in '/home/khotkangplue_p/week6_ws/build/robotnik_common': CMAKE_PREFIX_PATH=${CMAKE_PREFIX_PATH}:/opt/ros/jazzy /usr/bin/cmake --build /home/khotkangplue_p/week6_ws/build/robotnik_common -- -j4 -l4
[0.809s] Built target ament_cmake_python_symlink_robotnik_common
[1.053s] running egg_info
[1.054s] creating robotnik_common.egg-info
[1.076s] writing robotnik_common.egg-info/PKG-INFO
[1.076s] writing dependency_links to robotnik_common.egg-info/dependency_links.txt
[1.076s] writing top-level names to robotnik_common.egg-info/top_level.txt
[1.077s] writing manifest file 'robotnik_common.egg-info/SOURCES.txt'
[1.146s] reading manifest file 'robotnik_common.egg-info/SOURCES.txt'
[1.147s] writing manifest file 'robotnik_common.egg-info/SOURCES.txt'
[1.180s] Built target ament_cmake_python_build_robotnik_common_egg
[1.191s] Invoked command in '/home/khotkangplue_p/week6_ws/build/robotnik_common' returned '0': CMAKE_PREFIX_PATH=${CMAKE_PREFIX_PATH}:/opt/ros/jazzy /usr/bin/cmake --build /home/khotkangplue_p/week6_ws/build/robotnik_common -- -j4 -l4
[1.192s] Invoking command in '/home/khotkangplue_p/week6_ws/build/robotnik_common': CMAKE_PREFIX_PATH=${CMAKE_PREFIX_PATH}:/opt/ros/jazzy /usr/bin/cmake --install /home/khotkangplue_p/week6_ws/build/robotnik_common
[1.200s] -- Install configuration: ""
[1.201s] -- Execute custom install script
[1.201s] -- Symlinking: /home/khotkangplue_p/week6_ws/install/robotnik_common/share/robotnik_common/environment/pythonpath.sh
[1.210s] -- Symlinking: /home/khotkangplue_p/week6_ws/install/robotnik_common/share/robotnik_common/environment/pythonpath.dsv
[1.218s] -- Symlinking: /home/khotkangplue_p/week6_ws/install/robotnik_common/lib/python3.12/site-packages/robotnik_common-1.2.0-py3.12.egg-info/PKG-INFO
[1.226s] -- Symlinking: /home/khotkangplue_p/week6_ws/install/robotnik_common/lib/python3.12/site-packages/robotnik_common-1.2.0-py3.12.egg-info/SOURCES.txt
[1.238s] -- Symlinking: /home/khotkangplue_p/week6_ws/install/robotnik_common/lib/python3.12/site-packages/robotnik_common-1.2.0-py3.12.egg-info/dependency_links.txt
[1.249s] -- Symlinking: /home/khotkangplue_p/week6_ws/install/robotnik_common/lib/python3.12/site-packages/robotnik_common-1.2.0-py3.12.egg-info/top_level.txt
[1.256s] -- Symlinking: /home/khotkangplue_p/week6_ws/install/robotnik_common/lib/python3.12/site-packages/robotnik_common/__init__.py
[1.264s] -- Symlinking: /home/khotkangplue_p/week6_ws/install/robotnik_common/lib/python3.12/site-packages/robotnik_common/__init__.py:Zone.Identifier
[1.272s] -- Symlinking: /home/khotkangplue_p/week6_ws/install/robotnik_common/lib/python3.12/site-packages/robotnik_common/launch/__init__.py
[1.280s] -- Symlinking: /home/khotkangplue_p/week6_ws/install/robotnik_common/lib/python3.12/site-packages/robotnik_common/launch/__init__.py:Zone.Identifier
[1.288s] -- Symlinking: /home/khotkangplue_p/week6_ws/install/robotnik_common/lib/python3.12/site-packages/robotnik_common/launch/__init__.py:Zone.Identifier:Zone.Identifier
[1.298s] -- Symlinking: /home/khotkangplue_p/week6_ws/install/robotnik_common/lib/python3.12/site-packages/robotnik_common/launch/add_launch_args.py
[1.305s] -- Symlinking: /home/khotkangplue_p/week6_ws/install/robotnik_common/lib/python3.12/site-packages/robotnik_common/launch/add_launch_args.py:Zone.Identifier
[1.314s] -- Symlinking: /home/khotkangplue_p/week6_ws/install/robotnik_common/lib/python3.12/site-packages/robotnik_common/launch/add_launch_args.py:Zone.Identifier:Zone.Identifier
[1.321s] -- Symlinking: /home/khotkangplue_p/week6_ws/install/robotnik_common/lib/python3.12/site-packages/robotnik_common/launch/global_scope.py
[1.329s] -- Symlinking: /home/khotkangplue_p/week6_ws/install/robotnik_common/lib/python3.12/site-packages/robotnik_common/launch/global_scope.py:Zone.Identifier
[1.337s] -- Symlinking: /home/khotkangplue_p/week6_ws/install/robotnik_common/lib/python3.12/site-packages/robotnik_common/launch/global_scope.py:Zone.Identifier:Zone.Identifier
[1.344s] -- Symlinking: /home/khotkangplue_p/week6_ws/install/robotnik_common/lib/python3.12/site-packages/robotnik_common/launch/rewritten_yaml.py
[1.353s] -- Symlinking: /home/khotkangplue_p/week6_ws/install/robotnik_common/lib/python3.12/site-packages/robotnik_common/launch/rewritten_yaml.py:Zone.Identifier
[1.360s] -- Symlinking: /home/khotkangplue_p/week6_ws/install/robotnik_common/lib/python3.12/site-packages/robotnik_common/launch/rewritten_yaml.py:Zone.Identifier:Zone.Identifier
[1.368s] -- Symlinking: /home/khotkangplue_p/week6_ws/install/robotnik_common/share/ament_index/resource_index/package_run_dependencies/robotnik_common
[1.375s] -- Symlinking: /home/khotkangplue_p/week6_ws/install/robotnik_common/share/ament_index/resource_index/parent_prefix_path/robotnik_common
[1.384s] -- Symlinking: /home/khotkangplue_p/week6_ws/install/robotnik_common/share/robotnik_common/environment/ament_prefix_path.sh
[1.394s] -- Symlinking: /home/khotkangplue_p/week6_ws/install/robotnik_common/share/robotnik_common/environment/ament_prefix_path.dsv
[1.402s] -- Symlinking: /home/khotkangplue_p/week6_ws/install/robotnik_common/share/robotnik_common/environment/path.sh
[1.410s] -- Symlinking: /home/khotkangplue_p/week6_ws/install/robotnik_common/share/robotnik_common/environment/path.dsv
[1.419s] -- Symlinking: /home/khotkangplue_p/week6_ws/install/robotnik_common/share/robotnik_common/local_setup.bash
[1.428s] -- Symlinking: /home/khotkangplue_p/week6_ws/install/robotnik_common/share/robotnik_common/local_setup.sh
[1.439s] -- Symlinking: /home/khotkangplue_p/week6_ws/install/robotnik_common/share/robotnik_common/local_setup.zsh
[1.448s] -- Symlinking: /home/khotkangplue_p/week6_ws/install/robotnik_common/share/robotnik_common/local_setup.dsv
[1.454s] -- Symlinking: /home/khotkangplue_p/week6_ws/install/robotnik_common/share/robotnik_common/package.dsv
[1.462s] -- Symlinking: /home/khotkangplue_p/week6_ws/install/robotnik_common/share/ament_index/resource_index/packages/robotnik_common
[1.470s] -- Symlinking: /home/khotkangplue_p/week6_ws/install/robotnik_common/share/robotnik_common/cmake/robotnik_commonConfig.cmake
[1.477s] -- Symlinking: /home/khotkangplue_p/week6_ws/install/robotnik_common/share/robotnik_common/cmake/robotnik_commonConfig-version.cmake
[1.485s] -- Symlinking: /home/khotkangplue_p/week6_ws/install/robotnik_common/share/robotnik_common/package.xml
[1.540s] Listing '/home/khotkangplue_p/week6_ws/install/robotnik_common/lib/python3.12/site-packages/robotnik_common'...
[1.540s] Compiling '/home/khotkangplue_p/week6_ws/install/robotnik_common/lib/python3.12/site-packages/robotnik_common/__init__.py'...
[1.540s] Listing '/home/khotkangplue_p/week6_ws/install/robotnik_common/lib/python3.12/site-packages/robotnik_common/launch'...
[1.540s] Compiling '/home/khotkangplue_p/week6_ws/install/robotnik_common/lib/python3.12/site-packages/robotnik_common/launch/__init__.py'...
[1.540s] Compiling '/home/khotkangplue_p/week6_ws/install/robotnik_common/lib/python3.12/site-packages/robotnik_common/launch/add_launch_args.py'...
[1.540s] Compiling '/home/khotkangplue_p/week6_ws/install/robotnik_common/lib/python3.12/site-packages/robotnik_common/launch/global_scope.py'...
[1.540s] Compiling '/home/khotkangplue_p/week6_ws/install/robotnik_common/lib/python3.12/site-packages/robotnik_common/launch/rewritten_yaml.py'...
[1.555s] Invoked command in '/home/khotkangplue_p/week6_ws/build/robotnik_common' returned '0': CMAKE_PREFIX_PATH=${CMAKE_PREFIX_PATH}:/opt/ros/jazzy /usr/bin/cmake --install /home/khotkangplue_p/week6_ws/build/robotnik_common
