[0.300s] DEBUG:colcon:Command line arguments: ['/usr/bin/colcon', 'build']
[0.300s] DEBUG:colcon:Parsed command line arguments: Namespace(log_base=None, log_level=None, verb_name='build', build_base='build', install_base='install', merge_install=False, symlink_install=False, test_result_base=None, continue_on_error=False, executor='parallel', parallel_workers=4, event_handlers=None, ignore_user_meta=False, metas=['./colcon.meta'], base_paths=['.'], packages_ignore=None, packages_ignore_regex=None, paths=None, packages_up_to=None, packages_up_to_regex=None, packages_above=None, packages_above_and_dependencies=None, packages_above_depth=None, packages_select_by_dep=None, packages_skip_by_dep=None, packages_skip_up_to=None, packages_select_build_failed=False, packages_skip_build_finished=False, packages_select_test_failures=False, packages_skip_test_passed=False, packages_select=None, packages_skip=None, packages_select_regex=None, packages_skip_regex=None, packages_start=None, packages_end=None, allow_overriding=[], cmake_args=None, cmake_target=None, cmake_target_skip_unavailable=False, cmake_clean_cache=False, cmake_clean_first=False, cmake_force_configure=False, ament_cmake_args=None, catkin_cmake_args=None, catkin_skip_building_tests=False, mixin_files=None, mixin=None, verb_parser=<colcon_mixin.mixin.mixin_argument.MixinArgumentDecorator object at 0x76a030186990>, verb_extension=<colcon_core.verb.build.BuildVerb object at 0x76a0302ff830>, main=<bound method BuildVerb.main of <colcon_core.verb.build.BuildVerb object at 0x76a0302ff830>>, mixin_verb=('build',))
[0.354s] Level 1:colcon.colcon_core.package_discovery:discover_packages(colcon_meta) check parameters
[0.355s] Level 1:colcon.colcon_core.package_discovery:discover_packages(recursive) check parameters
[0.355s] Level 1:colcon.colcon_core.package_discovery:discover_packages(ignore) check parameters
[0.355s] Level 1:colcon.colcon_core.package_discovery:discover_packages(path) check parameters
[0.355s] Level 1:colcon.colcon_core.package_discovery:discover_packages(colcon_meta) discover
[0.355s] Level 1:colcon.colcon_core.package_discovery:discover_packages(recursive) discover
[0.355s] INFO:colcon.colcon_core.package_discovery:Crawling recursively for packages in '/home/khotkangplue_p/week6_ws'
[0.355s] Level 1:colcon.colcon_core.package_identification:_identify(.) by extensions ['ignore', 'ignore_ament_install']
[0.355s] Level 1:colcon.colcon_core.package_identification:_identify(.) by extension 'ignore'
[0.355s] Level 1:colcon.colcon_core.package_identification:_identify(.) by extension 'ignore_ament_install'
[0.355s] Level 1:colcon.colcon_core.package_identification:_identify(.) by extensions ['colcon_pkg']
[0.355s] Level 1:colcon.colcon_core.package_identification:_identify(.) by extension 'colcon_pkg'
[0.355s] Level 1:colcon.colcon_core.package_identification:_identify(.) by extensions ['colcon_meta']
[0.355s] Level 1:colcon.colcon_core.package_identification:_identify(.) by extension 'colcon_meta'
[0.355s] Level 1:colcon.colcon_core.package_identification:_identify(.) by extensions ['ros']
[0.355s] Level 1:colcon.colcon_core.package_identification:_identify(.) by extension 'ros'
[0.392s] Level 1:colcon.colcon_core.package_identification:_identify(.) by extensions ['cmake', 'python']
[0.392s] Level 1:colcon.colcon_core.package_identification:_identify(.) by extension 'cmake'
[0.392s] Level 1:colcon.colcon_core.package_identification:_identify(.) by extension 'python'
[0.392s] Level 1:colcon.colcon_core.package_identification:_identify(.) by extensions ['python_setup_py']
[0.392s] Level 1:colcon.colcon_core.package_identification:_identify(.) by extension 'python_setup_py'
[0.392s] Level 1:colcon.colcon_core.package_identification:_identify(build) by extensions ['ignore', 'ignore_ament_install']
[0.392s] Level 1:colcon.colcon_core.package_identification:_identify(build) by extension 'ignore'
[0.392s] Level 1:colcon.colcon_core.package_identification:_identify(build) ignored
[0.392s] Level 1:colcon.colcon_core.package_identification:_identify(install) by extensions ['ignore', 'ignore_ament_install']
[0.392s] Level 1:colcon.colcon_core.package_identification:_identify(install) by extension 'ignore'
[0.393s] Level 1:colcon.colcon_core.package_identification:_identify(install) ignored
[0.393s] Level 1:colcon.colcon_core.package_identification:_identify(log) by extensions ['ignore', 'ignore_ament_install']
[0.393s] Level 1:colcon.colcon_core.package_identification:_identify(log) by extension 'ignore'
[0.393s] Level 1:colcon.colcon_core.package_identification:_identify(log) ignored
[0.393s] Level 1:colcon.colcon_core.package_identification:_identify(robot_models) by extensions ['ignore', 'ignore_ament_install']
[0.393s] Level 1:colcon.colcon_core.package_identification:_identify(robot_models) by extension 'ignore'
[0.393s] Level 1:colcon.colcon_core.package_identification:_identify(robot_models) by extension 'ignore_ament_install'
[0.393s] Level 1:colcon.colcon_core.package_identification:_identify(robot_models) by extensions ['colcon_pkg']
[0.393s] Level 1:colcon.colcon_core.package_identification:_identify(robot_models) by extension 'colcon_pkg'
[0.393s] Level 1:colcon.colcon_core.package_identification:_identify(robot_models) by extensions ['colcon_meta']
[0.393s] Level 1:colcon.colcon_core.package_identification:_identify(robot_models) by extension 'colcon_meta'
[0.393s] Level 1:colcon.colcon_core.package_identification:_identify(robot_models) by extensions ['ros']
[0.393s] Level 1:colcon.colcon_core.package_identification:_identify(robot_models) by extension 'ros'
[0.393s] Level 1:colcon.colcon_core.package_identification:_identify(robot_models) by extensions ['cmake', 'python']
[0.393s] Level 1:colcon.colcon_core.package_identification:_identify(robot_models) by extension 'cmake'
[0.393s] Level 1:colcon.colcon_core.package_identification:_identify(robot_models) by extension 'python'
[0.393s] Level 1:colcon.colcon_core.package_identification:_identify(robot_models) by extensions ['python_setup_py']
[0.393s] Level 1:colcon.colcon_core.package_identification:_identify(robot_models) by extension 'python_setup_py'
[0.394s] Level 1:colcon.colcon_core.package_identification:_identify(src) by extensions ['ignore', 'ignore_ament_install']
[0.394s] Level 1:colcon.colcon_core.package_identification:_identify(src) by extension 'ignore'
[0.394s] Level 1:colcon.colcon_core.package_identification:_identify(src) by extension 'ignore_ament_install'
[0.394s] Level 1:colcon.colcon_core.package_identification:_identify(src) by extensions ['colcon_pkg']
[0.394s] Level 1:colcon.colcon_core.package_identification:_identify(src) by extension 'colcon_pkg'
[0.394s] Level 1:colcon.colcon_core.package_identification:_identify(src) by extensions ['colcon_meta']
[0.394s] Level 1:colcon.colcon_core.package_identification:_identify(src) by extension 'colcon_meta'
[0.394s] Level 1:colcon.colcon_core.package_identification:_identify(src) by extensions ['ros']
[0.394s] Level 1:colcon.colcon_core.package_identification:_identify(src) by extension 'ros'
[0.394s] Level 1:colcon.colcon_core.package_identification:_identify(src) by extensions ['cmake', 'python']
[0.394s] Level 1:colcon.colcon_core.package_identification:_identify(src) by extension 'cmake'
[0.394s] Level 1:colcon.colcon_core.package_identification:_identify(src) by extension 'python'
[0.394s] Level 1:colcon.colcon_core.package_identification:_identify(src) by extensions ['python_setup_py']
[0.394s] Level 1:colcon.colcon_core.package_identification:_identify(src) by extension 'python_setup_py'
[0.394s] Level 1:colcon.colcon_core.package_identification:_identify(src/control_rbkairos) by extensions ['ignore', 'ignore_ament_install']
[0.394s] Level 1:colcon.colcon_core.package_identification:_identify(src/control_rbkairos) by extension 'ignore'
[0.394s] Level 1:colcon.colcon_core.package_identification:_identify(src/control_rbkairos) by extension 'ignore_ament_install'
[0.394s] Level 1:colcon.colcon_core.package_identification:_identify(src/control_rbkairos) by extensions ['colcon_pkg']
[0.394s] Level 1:colcon.colcon_core.package_identification:_identify(src/control_rbkairos) by extension 'colcon_pkg'
[0.394s] Level 1:colcon.colcon_core.package_identification:_identify(src/control_rbkairos) by extensions ['colcon_meta']
[0.395s] Level 1:colcon.colcon_core.package_identification:_identify(src/control_rbkairos) by extension 'colcon_meta'
[0.395s] Level 1:colcon.colcon_core.package_identification:_identify(src/control_rbkairos) by extensions ['ros']
[0.395s] Level 1:colcon.colcon_core.package_identification:_identify(src/control_rbkairos) by extension 'ros'
[0.397s] DEBUG:colcon.colcon_core.package_identification:Package 'src/control_rbkairos' with type 'ros.ament_python' and name 'control_rbkairos'
[0.397s] Level 1:colcon.colcon_core.package_identification:_identify(src/robotnik_common) by extensions ['ignore', 'ignore_ament_install']
[0.397s] Level 1:colcon.colcon_core.package_identification:_identify(src/robotnik_common) by extension 'ignore'
[0.397s] Level 1:colcon.colcon_core.package_identification:_identify(src/robotnik_common) by extension 'ignore_ament_install'
[0.397s] Level 1:colcon.colcon_core.package_identification:_identify(src/robotnik_common) by extensions ['colcon_pkg']
[0.397s] Level 1:colcon.colcon_core.package_identification:_identify(src/robotnik_common) by extension 'colcon_pkg'
[0.397s] Level 1:colcon.colcon_core.package_identification:_identify(src/robotnik_common) by extensions ['colcon_meta']
[0.397s] Level 1:colcon.colcon_core.package_identification:_identify(src/robotnik_common) by extension 'colcon_meta'
[0.397s] Level 1:colcon.colcon_core.package_identification:_identify(src/robotnik_common) by extensions ['ros']
[0.397s] Level 1:colcon.colcon_core.package_identification:_identify(src/robotnik_common) by extension 'ros'
[0.398s] Level 1:colcon.colcon_core.package_identification:_identify(src/robotnik_common) by extensions ['cmake', 'python']
[0.398s] Level 1:colcon.colcon_core.package_identification:_identify(src/robotnik_common) by extension 'cmake'
[0.398s] Level 1:colcon.colcon_core.package_identification:_identify(src/robotnik_common) by extension 'python'
[0.398s] Level 1:colcon.colcon_core.package_identification:_identify(src/robotnik_common) by extensions ['python_setup_py']
[0.398s] Level 1:colcon.colcon_core.package_identification:_identify(src/robotnik_common) by extension 'python_setup_py'
[0.398s] Level 1:colcon.colcon_core.package_identification:_identify(src/robotnik_common/robotnik_common) by extensions ['ignore', 'ignore_ament_install']
[0.398s] Level 1:colcon.colcon_core.package_identification:_identify(src/robotnik_common/robotnik_common) by extension 'ignore'
[0.398s] Level 1:colcon.colcon_core.package_identification:_identify(src/robotnik_common/robotnik_common) by extension 'ignore_ament_install'
[0.398s] Level 1:colcon.colcon_core.package_identification:_identify(src/robotnik_common/robotnik_common) by extensions ['colcon_pkg']
[0.398s] Level 1:colcon.colcon_core.package_identification:_identify(src/robotnik_common/robotnik_common) by extension 'colcon_pkg'
[0.398s] Level 1:colcon.colcon_core.package_identification:_identify(src/robotnik_common/robotnik_common) by extensions ['colcon_meta']
[0.398s] Level 1:colcon.colcon_core.package_identification:_identify(src/robotnik_common/robotnik_common) by extension 'colcon_meta'
[0.398s] Level 1:colcon.colcon_core.package_identification:_identify(src/robotnik_common/robotnik_common) by extensions ['ros']
[0.398s] Level 1:colcon.colcon_core.package_identification:_identify(src/robotnik_common/robotnik_common) by extension 'ros'
[0.399s] DEBUG:colcon.colcon_core.package_identification:Package 'src/robotnik_common/robotnik_common' with type 'ros.ament_cmake' and name 'robotnik_common'
[0.399s] Level 1:colcon.colcon_core.package_identification:_identify(src/robotnik_description) by extensions ['ignore', 'ignore_ament_install']
[0.399s] Level 1:colcon.colcon_core.package_identification:_identify(src/robotnik_description) by extension 'ignore'
[0.399s] Level 1:colcon.colcon_core.package_identification:_identify(src/robotnik_description) by extension 'ignore_ament_install'
[0.399s] Level 1:colcon.colcon_core.package_identification:_identify(src/robotnik_description) by extensions ['colcon_pkg']
[0.399s] Level 1:colcon.colcon_core.package_identification:_identify(src/robotnik_description) by extension 'colcon_pkg'
[0.399s] Level 1:colcon.colcon_core.package_identification:_identify(src/robotnik_description) by extensions ['colcon_meta']
[0.399s] Level 1:colcon.colcon_core.package_identification:_identify(src/robotnik_description) by extension 'colcon_meta'
[0.399s] Level 1:colcon.colcon_core.package_identification:_identify(src/robotnik_description) by extensions ['ros']
[0.399s] Level 1:colcon.colcon_core.package_identification:_identify(src/robotnik_description) by extension 'ros'
[0.400s] DEBUG:colcon.colcon_core.package_identification:Package 'src/robotnik_description' with type 'ros.ament_cmake' and name 'robotnik_description'
[0.400s] Level 1:colcon.colcon_core.package_identification:_identify(src/robotnik_sensors) by extensions ['ignore', 'ignore_ament_install']
[0.400s] Level 1:colcon.colcon_core.package_identification:_identify(src/robotnik_sensors) by extension 'ignore'
[0.400s] Level 1:colcon.colcon_core.package_identification:_identify(src/robotnik_sensors) by extension 'ignore_ament_install'
[0.400s] Level 1:colcon.colcon_core.package_identification:_identify(src/robotnik_sensors) by extensions ['colcon_pkg']
[0.400s] Level 1:colcon.colcon_core.package_identification:_identify(src/robotnik_sensors) by extension 'colcon_pkg'
[0.400s] Level 1:colcon.colcon_core.package_identification:_identify(src/robotnik_sensors) by extensions ['colcon_meta']
[0.400s] Level 1:colcon.colcon_core.package_identification:_identify(src/robotnik_sensors) by extension 'colcon_meta'
[0.400s] Level 1:colcon.colcon_core.package_identification:_identify(src/robotnik_sensors) by extensions ['ros']
[0.400s] Level 1:colcon.colcon_core.package_identification:_identify(src/robotnik_sensors) by extension 'ros'
[0.400s] Level 1:colcon.colcon_core.package_identification:_identify(src/robotnik_sensors) by extensions ['cmake', 'python']
[0.400s] Level 1:colcon.colcon_core.package_identification:_identify(src/robotnik_sensors) by extension 'cmake'
[0.400s] Level 1:colcon.colcon_core.package_identification:_identify(src/robotnik_sensors) by extension 'python'
[0.400s] Level 1:colcon.colcon_core.package_identification:_identify(src/robotnik_sensors) by extensions ['python_setup_py']
[0.400s] Level 1:colcon.colcon_core.package_identification:_identify(src/robotnik_sensors) by extension 'python_setup_py'
[0.401s] Level 1:colcon.colcon_core.package_identification:_identify(src/robotnik_sensors/robotnik_sensors) by extensions ['ignore', 'ignore_ament_install']
[0.401s] Level 1:colcon.colcon_core.package_identification:_identify(src/robotnik_sensors/robotnik_sensors) by extension 'ignore'
[0.401s] Level 1:colcon.colcon_core.package_identification:_identify(src/robotnik_sensors/robotnik_sensors) by extension 'ignore_ament_install'
[0.401s] Level 1:colcon.colcon_core.package_identification:_identify(src/robotnik_sensors/robotnik_sensors) by extensions ['colcon_pkg']
[0.401s] Level 1:colcon.colcon_core.package_identification:_identify(src/robotnik_sensors/robotnik_sensors) by extension 'colcon_pkg'
[0.401s] Level 1:colcon.colcon_core.package_identification:_identify(src/robotnik_sensors/robotnik_sensors) by extensions ['colcon_meta']
[0.401s] Level 1:colcon.colcon_core.package_identification:_identify(src/robotnik_sensors/robotnik_sensors) by extension 'colcon_meta'
[0.401s] Level 1:colcon.colcon_core.package_identification:_identify(src/robotnik_sensors/robotnik_sensors) by extensions ['ros']
[0.401s] Level 1:colcon.colcon_core.package_identification:_identify(src/robotnik_sensors/robotnik_sensors) by extension 'ros'
[0.402s] DEBUG:colcon.colcon_core.package_identification:Package 'src/robotnik_sensors/robotnik_sensors' with type 'ros.ament_cmake' and name 'robotnik_sensors'
[0.402s] Level 1:colcon.colcon_core.package_identification:_identify(src/ros2_diff_drive_robot) by extensions ['ignore', 'ignore_ament_install']
[0.402s] Level 1:colcon.colcon_core.package_identification:_identify(src/ros2_diff_drive_robot) by extension 'ignore'
[0.402s] Level 1:colcon.colcon_core.package_identification:_identify(src/ros2_diff_drive_robot) by extension 'ignore_ament_install'
[0.402s] Level 1:colcon.colcon_core.package_identification:_identify(src/ros2_diff_drive_robot) by extensions ['colcon_pkg']
[0.402s] Level 1:colcon.colcon_core.package_identification:_identify(src/ros2_diff_drive_robot) by extension 'colcon_pkg'
[0.402s] Level 1:colcon.colcon_core.package_identification:_identify(src/ros2_diff_drive_robot) by extensions ['colcon_meta']
[0.402s] Level 1:colcon.colcon_core.package_identification:_identify(src/ros2_diff_drive_robot) by extension 'colcon_meta'
[0.402s] Level 1:colcon.colcon_core.package_identification:_identify(src/ros2_diff_drive_robot) by extensions ['ros']
[0.402s] Level 1:colcon.colcon_core.package_identification:_identify(src/ros2_diff_drive_robot) by extension 'ros'
[0.403s] DEBUG:colcon.colcon_core.package_identification:Package 'src/ros2_diff_drive_robot' with type 'ros.ament_cmake' and name 'diff_robot'
[0.403s] Level 1:colcon.colcon_core.package_discovery:discover_packages(recursive) using defaults
[0.403s] Level 1:colcon.colcon_core.package_discovery:discover_packages(ignore) discover
[0.403s] Level 1:colcon.colcon_core.package_discovery:discover_packages(ignore) using defaults
[0.403s] Level 1:colcon.colcon_core.package_discovery:discover_packages(path) discover
[0.403s] Level 1:colcon.colcon_core.package_discovery:discover_packages(path) using defaults
[0.425s] Level 1:colcon.colcon_core.package_discovery:discover_packages(prefix_path) check parameters
[0.425s] Level 1:colcon.colcon_core.package_discovery:discover_packages(prefix_path) discover
[0.427s] DEBUG:colcon.colcon_installed_package_information.package_discovery:Found 5 installed packages in /home/khotkangplue_p/week6_ws/install
[0.429s] DEBUG:colcon.colcon_installed_package_information.package_discovery:Found 378 installed packages in /opt/ros/jazzy
[0.431s] Level 1:colcon.colcon_core.package_discovery:discover_packages(prefix_path) using defaults
[0.505s] Level 5:colcon.colcon_core.verb:set package 'control_rbkairos' build argument 'cmake_args' from command line to 'None'
[0.505s] Level 5:colcon.colcon_core.verb:set package 'control_rbkairos' build argument 'cmake_target' from command line to 'None'
[0.505s] Level 5:colcon.colcon_core.verb:set package 'control_rbkairos' build argument 'cmake_target_skip_unavailable' from command line to 'False'
[0.505s] Level 5:colcon.colcon_core.verb:set package 'control_rbkairos' build argument 'cmake_clean_cache' from command line to 'False'
[0.505s] Level 5:colcon.colcon_core.verb:set package 'control_rbkairos' build argument 'cmake_clean_first' from command line to 'False'
[0.505s] Level 5:colcon.colcon_core.verb:set package 'control_rbkairos' build argument 'cmake_force_configure' from command line to 'False'
[0.505s] Level 5:colcon.colcon_core.verb:set package 'control_rbkairos' build argument 'ament_cmake_args' from command line to 'None'
[0.505s] Level 5:colcon.colcon_core.verb:set package 'control_rbkairos' build argument 'catkin_cmake_args' from command line to 'None'
[0.505s] Level 5:colcon.colcon_core.verb:set package 'control_rbkairos' build argument 'catkin_skip_building_tests' from command line to 'False'
[0.505s] DEBUG:colcon.colcon_core.verb:Building package 'control_rbkairos' with the following arguments: {'ament_cmake_args': None, 'build_base': '/home/khotkangplue_p/week6_ws/build/control_rbkairos', 'catkin_cmake_args': None, 'catkin_skip_building_tests': False, 'cmake_args': None, 'cmake_clean_cache': False, 'cmake_clean_first': False, 'cmake_force_configure': False, 'cmake_target': None, 'cmake_target_skip_unavailable': False, 'install_base': '/home/khotkangplue_p/week6_ws/install/control_rbkairos', 'merge_install': False, 'path': '/home/khotkangplue_p/week6_ws/src/control_rbkairos', 'symlink_install': False, 'test_result_base': None}
[0.506s] Level 5:colcon.colcon_core.verb:set package 'diff_robot' build argument 'cmake_args' from command line to 'None'
[0.506s] Level 5:colcon.colcon_core.verb:set package 'diff_robot' build argument 'cmake_target' from command line to 'None'
[0.506s] Level 5:colcon.colcon_core.verb:set package 'diff_robot' build argument 'cmake_target_skip_unavailable' from command line to 'False'
[0.506s] Level 5:colcon.colcon_core.verb:set package 'diff_robot' build argument 'cmake_clean_cache' from command line to 'False'
[0.506s] Level 5:colcon.colcon_core.verb:set package 'diff_robot' build argument 'cmake_clean_first' from command line to 'False'
[0.506s] Level 5:colcon.colcon_core.verb:set package 'diff_robot' build argument 'cmake_force_configure' from command line to 'False'
[0.506s] Level 5:colcon.colcon_core.verb:set package 'diff_robot' build argument 'ament_cmake_args' from command line to 'None'
[0.506s] Level 5:colcon.colcon_core.verb:set package 'diff_robot' build argument 'catkin_cmake_args' from command line to 'None'
[0.506s] Level 5:colcon.colcon_core.verb:set package 'diff_robot' build argument 'catkin_skip_building_tests' from command line to 'False'
[0.506s] DEBUG:colcon.colcon_core.verb:Building package 'diff_robot' with the following arguments: {'ament_cmake_args': None, 'build_base': '/home/khotkangplue_p/week6_ws/build/diff_robot', 'catkin_cmake_args': None, 'catkin_skip_building_tests': False, 'cmake_args': None, 'cmake_clean_cache': False, 'cmake_clean_first': False, 'cmake_force_configure': False, 'cmake_target': None, 'cmake_target_skip_unavailable': False, 'install_base': '/home/khotkangplue_p/week6_ws/install/diff_robot', 'merge_install': False, 'path': '/home/khotkangplue_p/week6_ws/src/ros2_diff_drive_robot', 'symlink_install': False, 'test_result_base': None}
[0.506s] Level 5:colcon.colcon_core.verb:set package 'robotnik_common' build argument 'cmake_args' from command line to 'None'
[0.506s] Level 5:colcon.colcon_core.verb:set package 'robotnik_common' build argument 'cmake_target' from command line to 'None'
[0.506s] Level 5:colcon.colcon_core.verb:set package 'robotnik_common' build argument 'cmake_target_skip_unavailable' from command line to 'False'
[0.506s] Level 5:colcon.colcon_core.verb:set package 'robotnik_common' build argument 'cmake_clean_cache' from command line to 'False'
[0.506s] Level 5:colcon.colcon_core.verb:set package 'robotnik_common' build argument 'cmake_clean_first' from command line to 'False'
[0.506s] Level 5:colcon.colcon_core.verb:set package 'robotnik_common' build argument 'cmake_force_configure' from command line to 'False'
[0.506s] Level 5:colcon.colcon_core.verb:set package 'robotnik_common' build argument 'ament_cmake_args' from command line to 'None'
[0.506s] Level 5:colcon.colcon_core.verb:set package 'robotnik_common' build argument 'catkin_cmake_args' from command line to 'None'
[0.506s] Level 5:colcon.colcon_core.verb:set package 'robotnik_common' build argument 'catkin_skip_building_tests' from command line to 'False'
[0.506s] DEBUG:colcon.colcon_core.verb:Building package 'robotnik_common' with the following arguments: {'ament_cmake_args': None, 'build_base': '/home/khotkangplue_p/week6_ws/build/robotnik_common', 'catkin_cmake_args': None, 'catkin_skip_building_tests': False, 'cmake_args': None, 'cmake_clean_cache': False, 'cmake_clean_first': False, 'cmake_force_configure': False, 'cmake_target': None, 'cmake_target_skip_unavailable': False, 'install_base': '/home/khotkangplue_p/week6_ws/install/robotnik_common', 'merge_install': False, 'path': '/home/khotkangplue_p/week6_ws/src/robotnik_common/robotnik_common', 'symlink_install': False, 'test_result_base': None}
[0.507s] Level 5:colcon.colcon_core.verb:set package 'robotnik_sensors' build argument 'cmake_args' from command line to 'None'
[0.507s] Level 5:colcon.colcon_core.verb:set package 'robotnik_sensors' build argument 'cmake_target' from command line to 'None'
[0.507s] Level 5:colcon.colcon_core.verb:set package 'robotnik_sensors' build argument 'cmake_target_skip_unavailable' from command line to 'False'
[0.507s] Level 5:colcon.colcon_core.verb:set package 'robotnik_sensors' build argument 'cmake_clean_cache' from command line to 'False'
[0.507s] Level 5:colcon.colcon_core.verb:set package 'robotnik_sensors' build argument 'cmake_clean_first' from command line to 'False'
[0.507s] Level 5:colcon.colcon_core.verb:set package 'robotnik_sensors' build argument 'cmake_force_configure' from command line to 'False'
[0.507s] Level 5:colcon.colcon_core.verb:set package 'robotnik_sensors' build argument 'ament_cmake_args' from command line to 'None'
[0.507s] Level 5:colcon.colcon_core.verb:set package 'robotnik_sensors' build argument 'catkin_cmake_args' from command line to 'None'
[0.507s] Level 5:colcon.colcon_core.verb:set package 'robotnik_sensors' build argument 'catkin_skip_building_tests' from command line to 'False'
[0.507s] DEBUG:colcon.colcon_core.verb:Building package 'robotnik_sensors' with the following arguments: {'ament_cmake_args': None, 'build_base': '/home/khotkangplue_p/week6_ws/build/robotnik_sensors', 'catkin_cmake_args': None, 'catkin_skip_building_tests': False, 'cmake_args': None, 'cmake_clean_cache': False, 'cmake_clean_first': False, 'cmake_force_configure': False, 'cmake_target': None, 'cmake_target_skip_unavailable': False, 'install_base': '/home/khotkangplue_p/week6_ws/install/robotnik_sensors', 'merge_install': False, 'path': '/home/khotkangplue_p/week6_ws/src/robotnik_sensors/robotnik_sensors', 'symlink_install': False, 'test_result_base': None}
[0.507s] Level 5:colcon.colcon_core.verb:set package 'robotnik_description' build argument 'cmake_args' from command line to 'None'
[0.507s] Level 5:colcon.colcon_core.verb:set package 'robotnik_description' build argument 'cmake_target' from command line to 'None'
[0.507s] Level 5:colcon.colcon_core.verb:set package 'robotnik_description' build argument 'cmake_target_skip_unavailable' from command line to 'False'
[0.507s] Level 5:colcon.colcon_core.verb:set package 'robotnik_description' build argument 'cmake_clean_cache' from command line to 'False'
[0.507s] Level 5:colcon.colcon_core.verb:set package 'robotnik_description' build argument 'cmake_clean_first' from command line to 'False'
[0.507s] Level 5:colcon.colcon_core.verb:set package 'robotnik_description' build argument 'cmake_force_configure' from command line to 'False'
[0.507s] Level 5:colcon.colcon_core.verb:set package 'robotnik_description' build argument 'ament_cmake_args' from command line to 'None'
[0.507s] Level 5:colcon.colcon_core.verb:set package 'robotnik_description' build argument 'catkin_cmake_args' from command line to 'None'
[0.507s] Level 5:colcon.colcon_core.verb:set package 'robotnik_description' build argument 'catkin_skip_building_tests' from command line to 'False'
[0.507s] DEBUG:colcon.colcon_core.verb:Building package 'robotnik_description' with the following arguments: {'ament_cmake_args': None, 'build_base': '/home/khotkangplue_p/week6_ws/build/robotnik_description', 'catkin_cmake_args': None, 'catkin_skip_building_tests': False, 'cmake_args': None, 'cmake_clean_cache': False, 'cmake_clean_first': False, 'cmake_force_configure': False, 'cmake_target': None, 'cmake_target_skip_unavailable': False, 'install_base': '/home/khotkangplue_p/week6_ws/install/robotnik_description', 'merge_install': False, 'path': '/home/khotkangplue_p/week6_ws/src/robotnik_description', 'symlink_install': False, 'test_result_base': None}
[0.507s] INFO:colcon.colcon_core.executor:Executing jobs using 'parallel' executor
[0.508s] DEBUG:colcon.colcon_parallel_executor.executor.parallel:run_until_complete
[0.508s] INFO:colcon.colcon_ros.task.ament_cmake.build:Building ROS package in '/home/khotkangplue_p/week6_ws/src/robotnik_sensors/robotnik_sensors' with build type 'ament_cmake'
[0.508s] INFO:colcon.colcon_cmake.task.cmake.build:Building CMake package in '/home/khotkangplue_p/week6_ws/src/robotnik_sensors/robotnik_sensors'
[0.512s] INFO:colcon.colcon_core.plugin_system:Skipping extension 'colcon_core.shell.bat': Not used on non-Windows systems
[0.512s] INFO:colcon.colcon_core.shell:Skip shell extension 'powershell' for command environment: Not usable outside of PowerShell
[0.512s] DEBUG:colcon.colcon_core.shell:Skip shell extension 'dsv' for command environment
[0.516s] INFO:colcon.colcon_ros.task.ament_python.build:Building ROS package in '/home/khotkangplue_p/week6_ws/src/control_rbkairos' with build type 'ament_python'
[0.516s] Level 1:colcon.colcon_core.shell:create_environment_hook('control_rbkairos', 'ament_prefix_path')
[0.517s] INFO:colcon.colcon_core.shell:Creating environment hook '/home/khotkangplue_p/week6_ws/install/control_rbkairos/share/control_rbkairos/hook/ament_prefix_path.ps1'
[0.519s] INFO:colcon.colcon_core.shell:Creating environment descriptor '/home/khotkangplue_p/week6_ws/install/control_rbkairos/share/control_rbkairos/hook/ament_prefix_path.dsv'
[0.520s] INFO:colcon.colcon_core.shell:Creating environment hook '/home/khotkangplue_p/week6_ws/install/control_rbkairos/share/control_rbkairos/hook/ament_prefix_path.sh'
[0.521s] INFO:colcon.colcon_core.shell:Skip shell extension 'powershell' for command environment: Not usable outside of PowerShell
[0.521s] DEBUG:colcon.colcon_core.shell:Skip shell extension 'dsv' for command environment
[0.524s] INFO:colcon.colcon_ros.task.ament_cmake.build:Building ROS package in '/home/khotkangplue_p/week6_ws/src/ros2_diff_drive_robot' with build type 'ament_cmake'
[0.525s] INFO:colcon.colcon_cmake.task.cmake.build:Building CMake package in '/home/khotkangplue_p/week6_ws/src/ros2_diff_drive_robot'
[0.525s] INFO:colcon.colcon_core.shell:Skip shell extension 'powershell' for command environment: Not usable outside of PowerShell
[0.525s] DEBUG:colcon.colcon_core.shell:Skip shell extension 'dsv' for command environment
[0.530s] INFO:colcon.colcon_ros.task.ament_cmake.build:Building ROS package in '/home/khotkangplue_p/week6_ws/src/robotnik_common/robotnik_common' with build type 'ament_cmake'
[0.531s] INFO:colcon.colcon_cmake.task.cmake.build:Building CMake package in '/home/khotkangplue_p/week6_ws/src/robotnik_common/robotnik_common'
[0.531s] INFO:colcon.colcon_core.shell:Skip shell extension 'powershell' for command environment: Not usable outside of PowerShell
[0.531s] DEBUG:colcon.colcon_core.shell:Skip shell extension 'dsv' for command environment
[0.544s] DEBUG:colcon.colcon_core.event_handler.log_command:Invoking command in '/home/khotkangplue_p/week6_ws/build/robotnik_sensors': CMAKE_PREFIX_PATH=${CMAKE_PREFIX_PATH}:/home/khotkangplue_p/week6_ws/install/control_rbkairos:/opt/ros/jazzy /usr/bin/cmake --build /home/khotkangplue_p/week6_ws/build/robotnik_sensors -- -j4 -l4
[0.787s] WARNING:colcon.colcon_ros.task.ament_python.build:Package 'control_rbkairos' doesn't explicitly install a marker in the package index (colcon-ros currently does it implicitly but that fallback will be removed in the future)
[0.787s] INFO:colcon.colcon_core.task.python.build:Building Python package in '/home/khotkangplue_p/week6_ws/src/control_rbkairos'
[0.787s] INFO:colcon.colcon_core.shell:Skip shell extension 'powershell' for command environment: Not usable outside of PowerShell
[0.787s] DEBUG:colcon.colcon_core.shell:Skip shell extension 'dsv' for command environment
[0.796s] DEBUG:colcon.colcon_core.event_handler.log_command:Invoking command in '/home/khotkangplue_p/week6_ws/build/diff_robot': CMAKE_PREFIX_PATH=${CMAKE_PREFIX_PATH}:/home/khotkangplue_p/week6_ws/install/control_rbkairos:/opt/ros/jazzy /usr/bin/cmake --build /home/khotkangplue_p/week6_ws/build/diff_robot -- -j4 -l4
[0.797s] DEBUG:colcon.colcon_core.event_handler.log_command:Invoked command in '/home/khotkangplue_p/week6_ws/build/robotnik_sensors' returned '0': CMAKE_PREFIX_PATH=${CMAKE_PREFIX_PATH}:/home/khotkangplue_p/week6_ws/install/control_rbkairos:/opt/ros/jazzy /usr/bin/cmake --build /home/khotkangplue_p/week6_ws/build/robotnik_sensors -- -j4 -l4
[0.810s] DEBUG:colcon.colcon_core.event_handler.log_command:Invoking command in '/home/khotkangplue_p/week6_ws/build/robotnik_sensors': CMAKE_PREFIX_PATH=${CMAKE_PREFIX_PATH}:/home/khotkangplue_p/week6_ws/install/control_rbkairos:/opt/ros/jazzy /usr/bin/cmake --install /home/khotkangplue_p/week6_ws/build/robotnik_sensors
[0.819s] DEBUG:colcon.colcon_core.event_handler.log_command:Invoking command in '/home/khotkangplue_p/week6_ws/build/robotnik_common': CMAKE_PREFIX_PATH=${CMAKE_PREFIX_PATH}:/home/khotkangplue_p/week6_ws/install/control_rbkairos:/opt/ros/jazzy /usr/bin/cmake --build /home/khotkangplue_p/week6_ws/build/robotnik_common -- -j4 -l4
[0.872s] Level 1:colcon.colcon_core.environment:create_environment_scripts_only(robotnik_sensors)
[0.875s] Level 1:colcon.colcon_core.environment:checking '/home/khotkangplue_p/week6_ws/install/robotnik_sensors' for CMake module files
[0.876s] Level 1:colcon.colcon_core.environment:checking '/home/khotkangplue_p/week6_ws/install/robotnik_sensors' for CMake config files
[0.877s] DEBUG:colcon.colcon_core.event_handler.log_command:Invoked command in '/home/khotkangplue_p/week6_ws/build/robotnik_sensors' returned '0': CMAKE_PREFIX_PATH=${CMAKE_PREFIX_PATH}:/home/khotkangplue_p/week6_ws/install/control_rbkairos:/opt/ros/jazzy /usr/bin/cmake --install /home/khotkangplue_p/week6_ws/build/robotnik_sensors
[0.879s] Level 1:colcon.colcon_core.shell:create_environment_hook('robotnik_sensors', 'cmake_prefix_path')
[0.879s] INFO:colcon.colcon_core.shell:Creating environment hook '/home/khotkangplue_p/week6_ws/install/robotnik_sensors/share/robotnik_sensors/hook/cmake_prefix_path.ps1'
[0.879s] INFO:colcon.colcon_core.shell:Creating environment descriptor '/home/khotkangplue_p/week6_ws/install/robotnik_sensors/share/robotnik_sensors/hook/cmake_prefix_path.dsv'
[0.880s] INFO:colcon.colcon_core.shell:Creating environment hook '/home/khotkangplue_p/week6_ws/install/robotnik_sensors/share/robotnik_sensors/hook/cmake_prefix_path.sh'
[0.880s] Level 1:colcon.colcon_core.environment:checking '/home/khotkangplue_p/week6_ws/install/robotnik_sensors/bin'
[0.880s] Level 1:colcon.colcon_core.environment:checking '/home/khotkangplue_p/week6_ws/install/robotnik_sensors/lib/pkgconfig/robotnik_sensors.pc'
[0.881s] Level 1:colcon.colcon_core.environment:checking '/home/khotkangplue_p/week6_ws/install/robotnik_sensors/lib/python3.12/site-packages'
[0.881s] Level 1:colcon.colcon_core.environment:checking '/home/khotkangplue_p/week6_ws/install/robotnik_sensors/bin'
[0.881s] INFO:colcon.colcon_core.shell:Creating package script '/home/khotkangplue_p/week6_ws/install/robotnik_sensors/share/robotnik_sensors/package.ps1'
[0.882s] INFO:colcon.colcon_core.shell:Creating package descriptor '/home/khotkangplue_p/week6_ws/install/robotnik_sensors/share/robotnik_sensors/package.dsv'
[0.883s] INFO:colcon.colcon_core.shell:Creating package script '/home/khotkangplue_p/week6_ws/install/robotnik_sensors/share/robotnik_sensors/package.sh'
[0.883s] INFO:colcon.colcon_core.shell:Creating package script '/home/khotkangplue_p/week6_ws/install/robotnik_sensors/share/robotnik_sensors/package.bash'
[0.884s] INFO:colcon.colcon_core.shell:Creating package script '/home/khotkangplue_p/week6_ws/install/robotnik_sensors/share/robotnik_sensors/package.zsh'
[0.885s] Level 1:colcon.colcon_core.environment:create_file_with_runtime_dependencies(/home/khotkangplue_p/week6_ws/install/robotnik_sensors/share/colcon-core/packages/robotnik_sensors)
[0.885s] Level 1:colcon.colcon_core.environment:create_environment_scripts_only(robotnik_sensors)
[0.886s] Level 1:colcon.colcon_core.environment:checking '/home/khotkangplue_p/week6_ws/install/robotnik_sensors' for CMake module files
[0.886s] Level 1:colcon.colcon_core.environment:checking '/home/khotkangplue_p/week6_ws/install/robotnik_sensors' for CMake config files
[0.887s] Level 1:colcon.colcon_core.shell:create_environment_hook('robotnik_sensors', 'cmake_prefix_path')
[0.888s] INFO:colcon.colcon_core.shell:Creating environment hook '/home/khotkangplue_p/week6_ws/install/robotnik_sensors/share/robotnik_sensors/hook/cmake_prefix_path.ps1'
[0.888s] INFO:colcon.colcon_core.shell:Creating environment descriptor '/home/khotkangplue_p/week6_ws/install/robotnik_sensors/share/robotnik_sensors/hook/cmake_prefix_path.dsv'
[0.888s] INFO:colcon.colcon_core.shell:Creating environment hook '/home/khotkangplue_p/week6_ws/install/robotnik_sensors/share/robotnik_sensors/hook/cmake_prefix_path.sh'
[0.889s] Level 1:colcon.colcon_core.environment:checking '/home/khotkangplue_p/week6_ws/install/robotnik_sensors/bin'
[0.889s] Level 1:colcon.colcon_core.environment:checking '/home/khotkangplue_p/week6_ws/install/robotnik_sensors/lib/pkgconfig/robotnik_sensors.pc'
[0.889s] Level 1:colcon.colcon_core.environment:checking '/home/khotkangplue_p/week6_ws/install/robotnik_sensors/lib/python3.12/site-packages'
[0.889s] Level 1:colcon.colcon_core.environment:checking '/home/khotkangplue_p/week6_ws/install/robotnik_sensors/bin'
[0.889s] INFO:colcon.colcon_core.shell:Creating package script '/home/khotkangplue_p/week6_ws/install/robotnik_sensors/share/robotnik_sensors/package.ps1'
[0.890s] INFO:colcon.colcon_core.shell:Creating package descriptor '/home/khotkangplue_p/week6_ws/install/robotnik_sensors/share/robotnik_sensors/package.dsv'
[0.891s] INFO:colcon.colcon_core.shell:Creating package script '/home/khotkangplue_p/week6_ws/install/robotnik_sensors/share/robotnik_sensors/package.sh'
[0.891s] INFO:colcon.colcon_core.shell:Creating package script '/home/khotkangplue_p/week6_ws/install/robotnik_sensors/share/robotnik_sensors/package.bash'
[0.891s] INFO:colcon.colcon_core.shell:Creating package script '/home/khotkangplue_p/week6_ws/install/robotnik_sensors/share/robotnik_sensors/package.zsh'
[0.892s] Level 1:colcon.colcon_core.environment:create_file_with_runtime_dependencies(/home/khotkangplue_p/week6_ws/install/robotnik_sensors/share/colcon-core/packages/robotnik_sensors)
[0.893s] INFO:colcon.colcon_ros.task.ament_cmake.build:Building ROS package in '/home/khotkangplue_p/week6_ws/src/robotnik_description' with build type 'ament_cmake'
[0.893s] INFO:colcon.colcon_cmake.task.cmake.build:Building CMake package in '/home/khotkangplue_p/week6_ws/src/robotnik_description'
[0.893s] INFO:colcon.colcon_core.shell:Skip shell extension 'powershell' for command environment: Not usable outside of PowerShell
[0.893s] DEBUG:colcon.colcon_core.shell:Skip shell extension 'dsv' for command environment
[0.986s] DEBUG:colcon.colcon_core.event_handler.log_command:Invoked command in '/home/khotkangplue_p/week6_ws/build/diff_robot' returned '0': CMAKE_PREFIX_PATH=${CMAKE_PREFIX_PATH}:/home/khotkangplue_p/week6_ws/install/control_rbkairos:/opt/ros/jazzy /usr/bin/cmake --build /home/khotkangplue_p/week6_ws/build/diff_robot -- -j4 -l4
[0.988s] DEBUG:colcon.colcon_core.event_handler.log_command:Invoking command in '/home/khotkangplue_p/week6_ws/build/diff_robot': CMAKE_PREFIX_PATH=${CMAKE_PREFIX_PATH}:/home/khotkangplue_p/week6_ws/install/control_rbkairos:/opt/ros/jazzy /usr/bin/cmake --install /home/khotkangplue_p/week6_ws/build/diff_robot
[1.044s] Level 1:colcon.colcon_core.environment:create_environment_scripts_only(diff_robot)
[1.045s] Level 1:colcon.colcon_core.environment:checking '/home/khotkangplue_p/week6_ws/install/diff_robot' for CMake module files
[1.046s] Level 1:colcon.colcon_core.environment:checking '/home/khotkangplue_p/week6_ws/install/diff_robot' for CMake config files
[1.047s] Level 1:colcon.colcon_core.shell:create_environment_hook('diff_robot', 'cmake_prefix_path')
[1.047s] INFO:colcon.colcon_core.shell:Creating environment hook '/home/khotkangplue_p/week6_ws/install/diff_robot/share/diff_robot/hook/cmake_prefix_path.ps1'
[1.048s] INFO:colcon.colcon_core.shell:Creating environment descriptor '/home/khotkangplue_p/week6_ws/install/diff_robot/share/diff_robot/hook/cmake_prefix_path.dsv'
[1.048s] DEBUG:colcon.colcon_core.event_handler.log_command:Invoked command in '/home/khotkangplue_p/week6_ws/build/diff_robot' returned '0': CMAKE_PREFIX_PATH=${CMAKE_PREFIX_PATH}:/home/khotkangplue_p/week6_ws/install/control_rbkairos:/opt/ros/jazzy /usr/bin/cmake --install /home/khotkangplue_p/week6_ws/build/diff_robot
[1.049s] INFO:colcon.colcon_core.shell:Creating environment hook '/home/khotkangplue_p/week6_ws/install/diff_robot/share/diff_robot/hook/cmake_prefix_path.sh'
[1.049s] Level 1:colcon.colcon_core.environment:checking '/home/khotkangplue_p/week6_ws/install/diff_robot/lib'
[1.050s] Level 1:colcon.colcon_core.environment:checking '/home/khotkangplue_p/week6_ws/install/diff_robot/bin'
[1.050s] Level 1:colcon.colcon_core.environment:checking '/home/khotkangplue_p/week6_ws/install/diff_robot/lib/pkgconfig/diff_robot.pc'
[1.050s] Level 1:colcon.colcon_core.environment:checking '/home/khotkangplue_p/week6_ws/install/diff_robot/lib/python3.12/site-packages'
[1.051s] Level 1:colcon.colcon_core.environment:checking '/home/khotkangplue_p/week6_ws/install/diff_robot/bin'
[1.051s] INFO:colcon.colcon_core.shell:Creating package script '/home/khotkangplue_p/week6_ws/install/diff_robot/share/diff_robot/package.ps1'
[1.052s] INFO:colcon.colcon_core.shell:Creating package descriptor '/home/khotkangplue_p/week6_ws/install/diff_robot/share/diff_robot/package.dsv'
[1.052s] INFO:colcon.colcon_core.shell:Creating package script '/home/khotkangplue_p/week6_ws/install/diff_robot/share/diff_robot/package.sh'
[1.053s] INFO:colcon.colcon_core.shell:Creating package script '/home/khotkangplue_p/week6_ws/install/diff_robot/share/diff_robot/package.bash'
[1.053s] INFO:colcon.colcon_core.shell:Creating package script '/home/khotkangplue_p/week6_ws/install/diff_robot/share/diff_robot/package.zsh'
[1.054s] Level 1:colcon.colcon_core.environment:create_file_with_runtime_dependencies(/home/khotkangplue_p/week6_ws/install/diff_robot/share/colcon-core/packages/diff_robot)
[1.055s] Level 1:colcon.colcon_core.environment:create_environment_scripts_only(diff_robot)
[1.055s] Level 1:colcon.colcon_core.environment:checking '/home/khotkangplue_p/week6_ws/install/diff_robot' for CMake module files
[1.056s] Level 1:colcon.colcon_core.environment:checking '/home/khotkangplue_p/week6_ws/install/diff_robot' for CMake config files
[1.056s] Level 1:colcon.colcon_core.shell:create_environment_hook('diff_robot', 'cmake_prefix_path')
[1.057s] INFO:colcon.colcon_core.shell:Creating environment hook '/home/khotkangplue_p/week6_ws/install/diff_robot/share/diff_robot/hook/cmake_prefix_path.ps1'
[1.057s] INFO:colcon.colcon_core.shell:Creating environment descriptor '/home/khotkangplue_p/week6_ws/install/diff_robot/share/diff_robot/hook/cmake_prefix_path.dsv'
[1.058s] INFO:colcon.colcon_core.shell:Creating environment hook '/home/khotkangplue_p/week6_ws/install/diff_robot/share/diff_robot/hook/cmake_prefix_path.sh'
[1.059s] Level 1:colcon.colcon_core.environment:checking '/home/khotkangplue_p/week6_ws/install/diff_robot/lib'
[1.059s] Level 1:colcon.colcon_core.environment:checking '/home/khotkangplue_p/week6_ws/install/diff_robot/bin'
[1.059s] Level 1:colcon.colcon_core.environment:checking '/home/khotkangplue_p/week6_ws/install/diff_robot/lib/pkgconfig/diff_robot.pc'
[1.059s] Level 1:colcon.colcon_core.environment:checking '/home/khotkangplue_p/week6_ws/install/diff_robot/lib/python3.12/site-packages'
[1.059s] Level 1:colcon.colcon_core.environment:checking '/home/khotkangplue_p/week6_ws/install/diff_robot/bin'
[1.059s] INFO:colcon.colcon_core.shell:Creating package script '/home/khotkangplue_p/week6_ws/install/diff_robot/share/diff_robot/package.ps1'
[1.060s] INFO:colcon.colcon_core.shell:Creating package descriptor '/home/khotkangplue_p/week6_ws/install/diff_robot/share/diff_robot/package.dsv'
[1.061s] INFO:colcon.colcon_core.shell:Creating package script '/home/khotkangplue_p/week6_ws/install/diff_robot/share/diff_robot/package.sh'
[1.061s] INFO:colcon.colcon_core.shell:Creating package script '/home/khotkangplue_p/week6_ws/install/diff_robot/share/diff_robot/package.bash'
[1.061s] INFO:colcon.colcon_core.shell:Creating package script '/home/khotkangplue_p/week6_ws/install/diff_robot/share/diff_robot/package.zsh'
[1.062s] Level 1:colcon.colcon_core.environment:create_file_with_runtime_dependencies(/home/khotkangplue_p/week6_ws/install/diff_robot/share/colcon-core/packages/diff_robot)
[1.068s] DEBUG:colcon.colcon_core.event_handler.log_command:Invoking command in '/home/khotkangplue_p/week6_ws/build/robotnik_description': CMAKE_PREFIX_PATH=/home/khotkangplue_p/week6_ws/install/robotnik_sensors:/home/khotkangplue_p/week6_ws/install/robotnik_description:/home/khotkangplue_p/week6_ws/install/robotnik_common:/home/khotkangplue_p/week6_ws/install/diff_robot:/opt/ros/jazzy/opt/gz_sim_vendor:/opt/ros/jazzy/opt/gz_sensors_vendor:/opt/ros/jazzy/opt/gz_physics_vendor:/opt/ros/jazzy/opt/sdformat_vendor:/opt/ros/jazzy/opt/gz_gui_vendor:/opt/ros/jazzy/opt/gz_transport_vendor:/opt/ros/jazzy/opt/gz_rendering_vendor:/opt/ros/jazzy/opt/gz_plugin_vendor:/opt/ros/jazzy/opt/gz_fuel_tools_vendor:/opt/ros/jazzy/opt/gz_msgs_vendor:/opt/ros/jazzy/opt/gz_common_vendor:/opt/ros/jazzy/opt/gz_math_vendor:/opt/ros/jazzy/opt/gz_utils_vendor:/opt/ros/jazzy/opt/gz_tools_vendor:/opt/ros/jazzy/opt/gz_ogre_next_vendor:/opt/ros/jazzy/opt/gz_dartsim_vendor:/opt/ros/jazzy/opt/gz_cmake_vendor:/home/khotkangplue_p/week6_ws/install/control_rbkairos:/opt/ros/jazzy /usr/bin/cmake --build /home/khotkangplue_p/week6_ws/build/robotnik_description -- -j4 -l4
[1.121s] DEBUG:colcon.colcon_core.event_handler.log_command:Invoked command in '/home/khotkangplue_p/week6_ws/build/robotnik_description' returned '0': CMAKE_PREFIX_PATH=/home/khotkangplue_p/week6_ws/install/robotnik_sensors:/home/khotkangplue_p/week6_ws/install/robotnik_description:/home/khotkangplue_p/week6_ws/install/robotnik_common:/home/khotkangplue_p/week6_ws/install/diff_robot:/opt/ros/jazzy/opt/gz_sim_vendor:/opt/ros/jazzy/opt/gz_sensors_vendor:/opt/ros/jazzy/opt/gz_physics_vendor:/opt/ros/jazzy/opt/sdformat_vendor:/opt/ros/jazzy/opt/gz_gui_vendor:/opt/ros/jazzy/opt/gz_transport_vendor:/opt/ros/jazzy/opt/gz_rendering_vendor:/opt/ros/jazzy/opt/gz_plugin_vendor:/opt/ros/jazzy/opt/gz_fuel_tools_vendor:/opt/ros/jazzy/opt/gz_msgs_vendor:/opt/ros/jazzy/opt/gz_common_vendor:/opt/ros/jazzy/opt/gz_math_vendor:/opt/ros/jazzy/opt/gz_utils_vendor:/opt/ros/jazzy/opt/gz_tools_vendor:/opt/ros/jazzy/opt/gz_ogre_next_vendor:/opt/ros/jazzy/opt/gz_dartsim_vendor:/opt/ros/jazzy/opt/gz_cmake_vendor:/home/khotkangplue_p/week6_ws/install/control_rbkairos:/opt/ros/jazzy /usr/bin/cmake --build /home/khotkangplue_p/week6_ws/build/robotnik_description -- -j4 -l4
[1.123s] DEBUG:colcon.colcon_core.event_handler.log_command:Invoking command in '/home/khotkangplue_p/week6_ws/build/robotnik_description': CMAKE_PREFIX_PATH=/home/khotkangplue_p/week6_ws/install/robotnik_sensors:/home/khotkangplue_p/week6_ws/install/robotnik_description:/home/khotkangplue_p/week6_ws/install/robotnik_common:/home/khotkangplue_p/week6_ws/install/diff_robot:/opt/ros/jazzy/opt/gz_sim_vendor:/opt/ros/jazzy/opt/gz_sensors_vendor:/opt/ros/jazzy/opt/gz_physics_vendor:/opt/ros/jazzy/opt/sdformat_vendor:/opt/ros/jazzy/opt/gz_gui_vendor:/opt/ros/jazzy/opt/gz_transport_vendor:/opt/ros/jazzy/opt/gz_rendering_vendor:/opt/ros/jazzy/opt/gz_plugin_vendor:/opt/ros/jazzy/opt/gz_fuel_tools_vendor:/opt/ros/jazzy/opt/gz_msgs_vendor:/opt/ros/jazzy/opt/gz_common_vendor:/opt/ros/jazzy/opt/gz_math_vendor:/opt/ros/jazzy/opt/gz_utils_vendor:/opt/ros/jazzy/opt/gz_tools_vendor:/opt/ros/jazzy/opt/gz_ogre_next_vendor:/opt/ros/jazzy/opt/gz_dartsim_vendor:/opt/ros/jazzy/opt/gz_cmake_vendor:/home/khotkangplue_p/week6_ws/install/control_rbkairos:/opt/ros/jazzy /usr/bin/cmake --install /home/khotkangplue_p/week6_ws/build/robotnik_description
[1.183s] Level 1:colcon.colcon_core.environment:create_environment_scripts_only(robotnik_description)
[1.183s] Level 1:colcon.colcon_core.environment:checking '/home/khotkangplue_p/week6_ws/install/robotnik_description' for CMake module files
[1.184s] Level 1:colcon.colcon_core.environment:checking '/home/khotkangplue_p/week6_ws/install/robotnik_description' for CMake config files
[1.185s] DEBUG:colcon.colcon_core.event_handler.log_command:Invoked command in '/home/khotkangplue_p/week6_ws/build/robotnik_description' returned '0': CMAKE_PREFIX_PATH=/home/khotkangplue_p/week6_ws/install/robotnik_sensors:/home/khotkangplue_p/week6_ws/install/robotnik_description:/home/khotkangplue_p/week6_ws/install/robotnik_common:/home/khotkangplue_p/week6_ws/install/diff_robot:/opt/ros/jazzy/opt/gz_sim_vendor:/opt/ros/jazzy/opt/gz_sensors_vendor:/opt/ros/jazzy/opt/gz_physics_vendor:/opt/ros/jazzy/opt/sdformat_vendor:/opt/ros/jazzy/opt/gz_gui_vendor:/opt/ros/jazzy/opt/gz_transport_vendor:/opt/ros/jazzy/opt/gz_rendering_vendor:/opt/ros/jazzy/opt/gz_plugin_vendor:/opt/ros/jazzy/opt/gz_fuel_tools_vendor:/opt/ros/jazzy/opt/gz_msgs_vendor:/opt/ros/jazzy/opt/gz_common_vendor:/opt/ros/jazzy/opt/gz_math_vendor:/opt/ros/jazzy/opt/gz_utils_vendor:/opt/ros/jazzy/opt/gz_tools_vendor:/opt/ros/jazzy/opt/gz_ogre_next_vendor:/opt/ros/jazzy/opt/gz_dartsim_vendor:/opt/ros/jazzy/opt/gz_cmake_vendor:/home/khotkangplue_p/week6_ws/install/control_rbkairos:/opt/ros/jazzy /usr/bin/cmake --install /home/khotkangplue_p/week6_ws/build/robotnik_description
[1.188s] Level 1:colcon.colcon_core.shell:create_environment_hook('robotnik_description', 'cmake_prefix_path')
[1.188s] INFO:colcon.colcon_core.shell:Creating environment hook '/home/khotkangplue_p/week6_ws/install/robotnik_description/share/robotnik_description/hook/cmake_prefix_path.ps1'
[1.189s] INFO:colcon.colcon_core.shell:Creating environment descriptor '/home/khotkangplue_p/week6_ws/install/robotnik_description/share/robotnik_description/hook/cmake_prefix_path.dsv'
[1.189s] INFO:colcon.colcon_core.shell:Creating environment hook '/home/khotkangplue_p/week6_ws/install/robotnik_description/share/robotnik_description/hook/cmake_prefix_path.sh'
[1.190s] Level 1:colcon.colcon_core.environment:checking '/home/khotkangplue_p/week6_ws/install/robotnik_description/bin'
[1.190s] Level 1:colcon.colcon_core.environment:checking '/home/khotkangplue_p/week6_ws/install/robotnik_description/lib/pkgconfig/robotnik_description.pc'
[1.190s] Level 1:colcon.colcon_core.environment:checking '/home/khotkangplue_p/week6_ws/install/robotnik_description/lib/python3.12/site-packages'
[1.190s] Level 1:colcon.colcon_core.environment:checking '/home/khotkangplue_p/week6_ws/install/robotnik_description/bin'
[1.190s] INFO:colcon.colcon_core.shell:Creating package script '/home/khotkangplue_p/week6_ws/install/robotnik_description/share/robotnik_description/package.ps1'
[1.191s] INFO:colcon.colcon_core.shell:Creating package descriptor '/home/khotkangplue_p/week6_ws/install/robotnik_description/share/robotnik_description/package.dsv'
[1.191s] INFO:colcon.colcon_core.shell:Creating package script '/home/khotkangplue_p/week6_ws/install/robotnik_description/share/robotnik_description/package.sh'
[1.191s] INFO:colcon.colcon_core.shell:Creating package script '/home/khotkangplue_p/week6_ws/install/robotnik_description/share/robotnik_description/package.bash'
[1.192s] INFO:colcon.colcon_core.shell:Creating package script '/home/khotkangplue_p/week6_ws/install/robotnik_description/share/robotnik_description/package.zsh'
[1.192s] Level 1:colcon.colcon_core.environment:create_file_with_runtime_dependencies(/home/khotkangplue_p/week6_ws/install/robotnik_description/share/colcon-core/packages/robotnik_description)
[1.193s] Level 1:colcon.colcon_core.environment:create_environment_scripts_only(robotnik_description)
[1.193s] Level 1:colcon.colcon_core.environment:checking '/home/khotkangplue_p/week6_ws/install/robotnik_description' for CMake module files
[1.193s] Level 1:colcon.colcon_core.environment:checking '/home/khotkangplue_p/week6_ws/install/robotnik_description' for CMake config files
[1.195s] Level 1:colcon.colcon_core.shell:create_environment_hook('robotnik_description', 'cmake_prefix_path')
[1.195s] INFO:colcon.colcon_core.shell:Creating environment hook '/home/khotkangplue_p/week6_ws/install/robotnik_description/share/robotnik_description/hook/cmake_prefix_path.ps1'
[1.195s] INFO:colcon.colcon_core.shell:Creating environment descriptor '/home/khotkangplue_p/week6_ws/install/robotnik_description/share/robotnik_description/hook/cmake_prefix_path.dsv'
[1.196s] INFO:colcon.colcon_core.shell:Creating environment hook '/home/khotkangplue_p/week6_ws/install/robotnik_description/share/robotnik_description/hook/cmake_prefix_path.sh'
[1.196s] Level 1:colcon.colcon_core.environment:checking '/home/khotkangplue_p/week6_ws/install/robotnik_description/bin'
[1.197s] Level 1:colcon.colcon_core.environment:checking '/home/khotkangplue_p/week6_ws/install/robotnik_description/lib/pkgconfig/robotnik_description.pc'
[1.197s] Level 1:colcon.colcon_core.environment:checking '/home/khotkangplue_p/week6_ws/install/robotnik_description/lib/python3.12/site-packages'
[1.197s] Level 1:colcon.colcon_core.environment:checking '/home/khotkangplue_p/week6_ws/install/robotnik_description/bin'
[1.197s] INFO:colcon.colcon_core.shell:Creating package script '/home/khotkangplue_p/week6_ws/install/robotnik_description/share/robotnik_description/package.ps1'
[1.198s] INFO:colcon.colcon_core.shell:Creating package descriptor '/home/khotkangplue_p/week6_ws/install/robotnik_description/share/robotnik_description/package.dsv'
[1.198s] INFO:colcon.colcon_core.shell:Creating package script '/home/khotkangplue_p/week6_ws/install/robotnik_description/share/robotnik_description/package.sh'
[1.198s] INFO:colcon.colcon_core.shell:Creating package script '/home/khotkangplue_p/week6_ws/install/robotnik_description/share/robotnik_description/package.bash'
[1.199s] INFO:colcon.colcon_core.shell:Creating package script '/home/khotkangplue_p/week6_ws/install/robotnik_description/share/robotnik_description/package.zsh'
[1.199s] Level 1:colcon.colcon_core.environment:create_file_with_runtime_dependencies(/home/khotkangplue_p/week6_ws/install/robotnik_description/share/colcon-core/packages/robotnik_description)
[1.355s] DEBUG:colcon.colcon_core.event_handler.log_command:Invoked command in '/home/khotkangplue_p/week6_ws/build/robotnik_common' returned '0': CMAKE_PREFIX_PATH=${CMAKE_PREFIX_PATH}:/home/khotkangplue_p/week6_ws/install/control_rbkairos:/opt/ros/jazzy /usr/bin/cmake --build /home/khotkangplue_p/week6_ws/build/robotnik_common -- -j4 -l4
[1.356s] DEBUG:colcon.colcon_core.event_handler.log_command:Invoking command in '/home/khotkangplue_p/week6_ws/build/robotnik_common': CMAKE_PREFIX_PATH=${CMAKE_PREFIX_PATH}:/home/khotkangplue_p/week6_ws/install/control_rbkairos:/opt/ros/jazzy /usr/bin/cmake --install /home/khotkangplue_p/week6_ws/build/robotnik_common
[1.422s] Level 1:colcon.colcon_core.environment:create_environment_scripts_only(robotnik_common)
[1.422s] Level 1:colcon.colcon_core.environment:checking '/home/khotkangplue_p/week6_ws/install/robotnik_common' for CMake module files
[1.423s] DEBUG:colcon.colcon_core.event_handler.log_command:Invoked command in '/home/khotkangplue_p/week6_ws/build/robotnik_common' returned '0': CMAKE_PREFIX_PATH=${CMAKE_PREFIX_PATH}:/home/khotkangplue_p/week6_ws/install/control_rbkairos:/opt/ros/jazzy /usr/bin/cmake --install /home/khotkangplue_p/week6_ws/build/robotnik_common
[1.423s] Level 1:colcon.colcon_core.environment:checking '/home/khotkangplue_p/week6_ws/install/robotnik_common' for CMake config files
[1.424s] Level 1:colcon.colcon_core.shell:create_environment_hook('robotnik_common', 'cmake_prefix_path')
[1.424s] INFO:colcon.colcon_core.shell:Creating environment hook '/home/khotkangplue_p/week6_ws/install/robotnik_common/share/robotnik_common/hook/cmake_prefix_path.ps1'
[1.424s] INFO:colcon.colcon_core.shell:Creating environment descriptor '/home/khotkangplue_p/week6_ws/install/robotnik_common/share/robotnik_common/hook/cmake_prefix_path.dsv'
[1.425s] INFO:colcon.colcon_core.shell:Creating environment hook '/home/khotkangplue_p/week6_ws/install/robotnik_common/share/robotnik_common/hook/cmake_prefix_path.sh'
[1.425s] Level 1:colcon.colcon_core.environment:checking '/home/khotkangplue_p/week6_ws/install/robotnik_common/lib'
[1.426s] Level 1:colcon.colcon_core.environment:checking '/home/khotkangplue_p/week6_ws/install/robotnik_common/bin'
[1.426s] Level 1:colcon.colcon_core.environment:checking '/home/khotkangplue_p/week6_ws/install/robotnik_common/lib/pkgconfig/robotnik_common.pc'
[1.426s] Level 1:colcon.colcon_core.environment:checking '/home/khotkangplue_p/week6_ws/install/robotnik_common/lib/python3.12/site-packages'
[1.426s] Level 1:colcon.colcon_core.shell:create_environment_hook('robotnik_common', 'pythonpath')
[1.426s] INFO:colcon.colcon_core.shell:Creating environment hook '/home/khotkangplue_p/week6_ws/install/robotnik_common/share/robotnik_common/hook/pythonpath.ps1'
[1.426s] INFO:colcon.colcon_core.shell:Creating environment descriptor '/home/khotkangplue_p/week6_ws/install/robotnik_common/share/robotnik_common/hook/pythonpath.dsv'
[1.427s] INFO:colcon.colcon_core.shell:Creating environment hook '/home/khotkangplue_p/week6_ws/install/robotnik_common/share/robotnik_common/hook/pythonpath.sh'
[1.427s] Level 1:colcon.colcon_core.environment:checking '/home/khotkangplue_p/week6_ws/install/robotnik_common/bin'
[1.428s] INFO:colcon.colcon_core.shell:Creating package script '/home/khotkangplue_p/week6_ws/install/robotnik_common/share/robotnik_common/package.ps1'
[1.428s] INFO:colcon.colcon_core.shell:Creating package descriptor '/home/khotkangplue_p/week6_ws/install/robotnik_common/share/robotnik_common/package.dsv'
[1.429s] INFO:colcon.colcon_core.shell:Creating package script '/home/khotkangplue_p/week6_ws/install/robotnik_common/share/robotnik_common/package.sh'
[1.429s] INFO:colcon.colcon_core.shell:Creating package script '/home/khotkangplue_p/week6_ws/install/robotnik_common/share/robotnik_common/package.bash'
[1.429s] INFO:colcon.colcon_core.shell:Creating package script '/home/khotkangplue_p/week6_ws/install/robotnik_common/share/robotnik_common/package.zsh'
[1.430s] Level 1:colcon.colcon_core.environment:create_file_with_runtime_dependencies(/home/khotkangplue_p/week6_ws/install/robotnik_common/share/colcon-core/packages/robotnik_common)
[1.430s] Level 1:colcon.colcon_core.environment:create_environment_scripts_only(robotnik_common)
[1.431s] Level 1:colcon.colcon_core.environment:checking '/home/khotkangplue_p/week6_ws/install/robotnik_common' for CMake module files
[1.431s] Level 1:colcon.colcon_core.environment:checking '/home/khotkangplue_p/week6_ws/install/robotnik_common' for CMake config files
[1.431s] Level 1:colcon.colcon_core.shell:create_environment_hook('robotnik_common', 'cmake_prefix_path')
[1.432s] INFO:colcon.colcon_core.shell:Creating environment hook '/home/khotkangplue_p/week6_ws/install/robotnik_common/share/robotnik_common/hook/cmake_prefix_path.ps1'
[1.432s] INFO:colcon.colcon_core.shell:Creating environment descriptor '/home/khotkangplue_p/week6_ws/install/robotnik_common/share/robotnik_common/hook/cmake_prefix_path.dsv'
[1.432s] INFO:colcon.colcon_core.shell:Creating environment hook '/home/khotkangplue_p/week6_ws/install/robotnik_common/share/robotnik_common/hook/cmake_prefix_path.sh'
[1.433s] Level 1:colcon.colcon_core.environment:checking '/home/khotkangplue_p/week6_ws/install/robotnik_common/lib'
[1.433s] Level 1:colcon.colcon_core.environment:checking '/home/khotkangplue_p/week6_ws/install/robotnik_common/bin'
[1.433s] Level 1:colcon.colcon_core.environment:checking '/home/khotkangplue_p/week6_ws/install/robotnik_common/lib/pkgconfig/robotnik_common.pc'
[1.433s] Level 1:colcon.colcon_core.environment:checking '/home/khotkangplue_p/week6_ws/install/robotnik_common/lib/python3.12/site-packages'
[1.433s] Level 1:colcon.colcon_core.shell:create_environment_hook('robotnik_common', 'pythonpath')
[1.433s] INFO:colcon.colcon_core.shell:Creating environment hook '/home/khotkangplue_p/week6_ws/install/robotnik_common/share/robotnik_common/hook/pythonpath.ps1'
[1.434s] INFO:colcon.colcon_core.shell:Creating environment descriptor '/home/khotkangplue_p/week6_ws/install/robotnik_common/share/robotnik_common/hook/pythonpath.dsv'
[1.434s] INFO:colcon.colcon_core.shell:Creating environment hook '/home/khotkangplue_p/week6_ws/install/robotnik_common/share/robotnik_common/hook/pythonpath.sh'
[1.435s] Level 1:colcon.colcon_core.environment:checking '/home/khotkangplue_p/week6_ws/install/robotnik_common/bin'
[1.435s] INFO:colcon.colcon_core.shell:Creating package script '/home/khotkangplue_p/week6_ws/install/robotnik_common/share/robotnik_common/package.ps1'
[1.435s] INFO:colcon.colcon_core.shell:Creating package descriptor '/home/khotkangplue_p/week6_ws/install/robotnik_common/share/robotnik_common/package.dsv'
[1.436s] INFO:colcon.colcon_core.shell:Creating package script '/home/khotkangplue_p/week6_ws/install/robotnik_common/share/robotnik_common/package.sh'
[1.436s] INFO:colcon.colcon_core.shell:Creating package script '/home/khotkangplue_p/week6_ws/install/robotnik_common/share/robotnik_common/package.bash'
[1.437s] INFO:colcon.colcon_core.shell:Creating package script '/home/khotkangplue_p/week6_ws/install/robotnik_common/share/robotnik_common/package.zsh'
[1.437s] Level 1:colcon.colcon_core.environment:create_file_with_runtime_dependencies(/home/khotkangplue_p/week6_ws/install/robotnik_common/share/colcon-core/packages/robotnik_common)
[1.675s] DEBUG:colcon.colcon_core.event_handler.log_command:Invoking command in '/home/khotkangplue_p/week6_ws/src/control_rbkairos': PYTHONPATH=/home/khotkangplue_p/week6_ws/build/control_rbkairos/prefix_override:/usr/lib/python3/dist-packages/colcon_core/task/python/colcon_distutils_commands:/home/khotkangplue_p/week6_ws/install/control_rbkairos/lib/python3.12/site-packages:${PYTHONPATH} /usr/bin/python3 -W ignore:setup.py install is deprecated -W ignore:easy_install command is deprecated setup.py egg_info --egg-base ../../build/control_rbkairos build --build-base /home/khotkangplue_p/week6_ws/build/control_rbkairos/build install --record /home/khotkangplue_p/week6_ws/build/control_rbkairos/install.log --single-version-externally-managed install_data
[2.240s] Level 1:colcon.colcon_core.environment:checking '/home/khotkangplue_p/week6_ws/install/control_rbkairos' for CMake module files
[2.240s] DEBUG:colcon.colcon_core.event_handler.log_command:Invoked command in '/home/khotkangplue_p/week6_ws/src/control_rbkairos' returned '0': PYTHONPATH=/home/khotkangplue_p/week6_ws/build/control_rbkairos/prefix_override:/usr/lib/python3/dist-packages/colcon_core/task/python/colcon_distutils_commands:/home/khotkangplue_p/week6_ws/install/control_rbkairos/lib/python3.12/site-packages:${PYTHONPATH} /usr/bin/python3 -W ignore:setup.py install is deprecated -W ignore:easy_install command is deprecated setup.py egg_info --egg-base ../../build/control_rbkairos build --build-base /home/khotkangplue_p/week6_ws/build/control_rbkairos/build install --record /home/khotkangplue_p/week6_ws/build/control_rbkairos/install.log --single-version-externally-managed install_data
[2.241s] Level 1:colcon.colcon_core.environment:checking '/home/khotkangplue_p/week6_ws/install/control_rbkairos' for CMake config files
[2.242s] Level 1:colcon.colcon_core.environment:checking '/home/khotkangplue_p/week6_ws/install/control_rbkairos/lib'
[2.242s] Level 1:colcon.colcon_core.environment:checking '/home/khotkangplue_p/week6_ws/install/control_rbkairos/bin'
[2.242s] Level 1:colcon.colcon_core.environment:checking '/home/khotkangplue_p/week6_ws/install/control_rbkairos/lib/pkgconfig/control_rbkairos.pc'
[2.242s] Level 1:colcon.colcon_core.environment:checking '/home/khotkangplue_p/week6_ws/install/control_rbkairos/lib/python3.12/site-packages'
[2.242s] Level 1:colcon.colcon_core.shell:create_environment_hook('control_rbkairos', 'pythonpath')
[2.243s] INFO:colcon.colcon_core.shell:Creating environment hook '/home/khotkangplue_p/week6_ws/install/control_rbkairos/share/control_rbkairos/hook/pythonpath.ps1'
[2.243s] INFO:colcon.colcon_core.shell:Creating environment descriptor '/home/khotkangplue_p/week6_ws/install/control_rbkairos/share/control_rbkairos/hook/pythonpath.dsv'
[2.243s] INFO:colcon.colcon_core.shell:Creating environment hook '/home/khotkangplue_p/week6_ws/install/control_rbkairos/share/control_rbkairos/hook/pythonpath.sh'
[2.244s] Level 1:colcon.colcon_core.environment:checking '/home/khotkangplue_p/week6_ws/install/control_rbkairos/bin'
[2.244s] Level 1:colcon.colcon_core.environment:create_environment_scripts_only(control_rbkairos)
[2.244s] INFO:colcon.colcon_core.shell:Creating package script '/home/khotkangplue_p/week6_ws/install/control_rbkairos/share/control_rbkairos/package.ps1'
[2.245s] INFO:colcon.colcon_core.shell:Creating package descriptor '/home/khotkangplue_p/week6_ws/install/control_rbkairos/share/control_rbkairos/package.dsv'
[2.245s] INFO:colcon.colcon_core.shell:Creating package script '/home/khotkangplue_p/week6_ws/install/control_rbkairos/share/control_rbkairos/package.sh'
[2.246s] INFO:colcon.colcon_core.shell:Creating package script '/home/khotkangplue_p/week6_ws/install/control_rbkairos/share/control_rbkairos/package.bash'
[2.246s] INFO:colcon.colcon_core.shell:Creating package script '/home/khotkangplue_p/week6_ws/install/control_rbkairos/share/control_rbkairos/package.zsh'
[2.247s] Level 1:colcon.colcon_core.environment:create_file_with_runtime_dependencies(/home/khotkangplue_p/week6_ws/install/control_rbkairos/share/colcon-core/packages/control_rbkairos)
[2.247s] DEBUG:colcon.colcon_parallel_executor.executor.parallel:closing loop
[2.247s] DEBUG:colcon.colcon_parallel_executor.executor.parallel:loop closed
[2.247s] DEBUG:colcon.colcon_parallel_executor.executor.parallel:run_until_complete finished with '0'
[2.247s] DEBUG:colcon.colcon_core.event_reactor:joining thread
[2.332s] INFO:colcon.colcon_core.plugin_system:Skipping extension 'colcon_notification.desktop_notification.notify_send': Could not find 'notify-send'
[2.332s] INFO:colcon.colcon_core.plugin_system:Skipping extension 'colcon_notification.desktop_notification.terminal_notifier': Not used on non-Darwin systems
[2.332s] INFO:colcon.colcon_core.plugin_system:Skipping extension 'colcon_notification.desktop_notification.win32': Not used on non-Windows systems
[2.332s] INFO:colcon.colcon_notification.desktop_notification:Sending desktop notification using 'notify2'
[2.335s] DEBUG:colcon.colcon_notification.desktop_notification.notify2:Failed to initialize notify2: org.freedesktop.DBus.Error.ServiceUnknown: The name org.freedesktop.Notifications was not provided by any .service files
[2.335s] DEBUG:colcon.colcon_core.event_reactor:joined thread
[2.335s] INFO:colcon.colcon_core.shell:Creating prefix script '/home/khotkangplue_p/week6_ws/install/local_setup.ps1'
[2.336s] INFO:colcon.colcon_core.shell:Creating prefix util module '/home/khotkangplue_p/week6_ws/install/_local_setup_util_ps1.py'
[2.337s] INFO:colcon.colcon_core.shell:Creating prefix chain script '/home/khotkangplue_p/week6_ws/install/setup.ps1'
[2.338s] INFO:colcon.colcon_core.shell:Creating prefix script '/home/khotkangplue_p/week6_ws/install/local_setup.sh'
[2.339s] INFO:colcon.colcon_core.shell:Creating prefix util module '/home/khotkangplue_p/week6_ws/install/_local_setup_util_sh.py'
[2.339s] INFO:colcon.colcon_core.shell:Creating prefix chain script '/home/khotkangplue_p/week6_ws/install/setup.sh'
[2.340s] INFO:colcon.colcon_core.shell:Creating prefix script '/home/khotkangplue_p/week6_ws/install/local_setup.bash'
[2.341s] INFO:colcon.colcon_core.shell:Creating prefix chain script '/home/khotkangplue_p/week6_ws/install/setup.bash'
[2.342s] INFO:colcon.colcon_core.shell:Creating prefix script '/home/khotkangplue_p/week6_ws/install/local_setup.zsh'
[2.342s] INFO:colcon.colcon_core.shell:Creating prefix chain script '/home/khotkangplue_p/week6_ws/install/setup.zsh'
