[0.934s] DEBUG:colcon:Command line arguments: ['/usr/bin/colcon', 'build']
[0.934s] DEBUG:colcon:Parsed command line arguments: Namespace(log_base=None, log_level=None, verb_name='build', build_base='build', install_base='install', merge_install=False, symlink_install=False, test_result_base=None, continue_on_error=False, executor='parallel', parallel_workers=4, event_handlers=None, ignore_user_meta=False, metas=['./colcon.meta'], base_paths=['.'], packages_ignore=None, packages_ignore_regex=None, paths=None, packages_up_to=None, packages_up_to_regex=None, packages_above=None, packages_above_and_dependencies=None, packages_above_depth=None, packages_select_by_dep=None, packages_skip_by_dep=None, packages_skip_up_to=None, packages_select_build_failed=False, packages_skip_build_finished=False, packages_select_test_failures=False, packages_skip_test_passed=False, packages_select=None, packages_skip=None, packages_select_regex=None, packages_skip_regex=None, packages_start=None, packages_end=None, allow_overriding=[], cmake_args=None, cmake_target=None, cmake_target_skip_unavailable=False, cmake_clean_cache=False, cmake_clean_first=False, cmake_force_configure=False, ament_cmake_args=None, catkin_cmake_args=None, catkin_skip_building_tests=False, mixin_files=None, mixin=None, verb_parser=<colcon_mixin.mixin.mixin_argument.MixinArgumentDecorator object at 0x7f8f27b026c0>, verb_extension=<colcon_core.verb.build.BuildVerb object at 0x7f8f27aaa2a0>, main=<bound method BuildVerb.main of <colcon_core.verb.build.BuildVerb object at 0x7f8f27aaa2a0>>, mixin_verb=('build',))
[1.022s] Level 1:colcon.colcon_core.package_discovery:discover_packages(colcon_meta) check parameters
[1.023s] Level 1:colcon.colcon_core.package_discovery:discover_packages(recursive) check parameters
[1.023s] Level 1:colcon.colcon_core.package_discovery:discover_packages(ignore) check parameters
[1.023s] Level 1:colcon.colcon_core.package_discovery:discover_packages(path) check parameters
[1.023s] Level 1:colcon.colcon_core.package_discovery:discover_packages(colcon_meta) discover
[1.023s] Level 1:colcon.colcon_core.package_discovery:discover_packages(recursive) discover
[1.023s] INFO:colcon.colcon_core.package_discovery:Crawling recursively for packages in '/home/khotkangplue_p/week6_ws'
[1.023s] Level 1:colcon.colcon_core.package_identification:_identify(.) by extensions ['ignore', 'ignore_ament_install']
[1.024s] Level 1:colcon.colcon_core.package_identification:_identify(.) by extension 'ignore'
[1.024s] Level 1:colcon.colcon_core.package_identification:_identify(.) by extension 'ignore_ament_install'
[1.024s] Level 1:colcon.colcon_core.package_identification:_identify(.) by extensions ['colcon_pkg']
[1.024s] Level 1:colcon.colcon_core.package_identification:_identify(.) by extension 'colcon_pkg'
[1.024s] Level 1:colcon.colcon_core.package_identification:_identify(.) by extensions ['colcon_meta']
[1.024s] Level 1:colcon.colcon_core.package_identification:_identify(.) by extension 'colcon_meta'
[1.024s] Level 1:colcon.colcon_core.package_identification:_identify(.) by extensions ['ros']
[1.024s] Level 1:colcon.colcon_core.package_identification:_identify(.) by extension 'ros'
[1.087s] Level 1:colcon.colcon_core.package_identification:_identify(.) by extensions ['cmake', 'python']
[1.088s] Level 1:colcon.colcon_core.package_identification:_identify(.) by extension 'cmake'
[1.088s] Level 1:colcon.colcon_core.package_identification:_identify(.) by extension 'python'
[1.088s] Level 1:colcon.colcon_core.package_identification:_identify(.) by extensions ['python_setup_py']
[1.088s] Level 1:colcon.colcon_core.package_identification:_identify(.) by extension 'python_setup_py'
[1.088s] Level 1:colcon.colcon_core.package_identification:_identify(build) by extensions ['ignore', 'ignore_ament_install']
[1.088s] Level 1:colcon.colcon_core.package_identification:_identify(build) by extension 'ignore'
[1.088s] Level 1:colcon.colcon_core.package_identification:_identify(build) ignored
[1.088s] Level 1:colcon.colcon_core.package_identification:_identify(install) by extensions ['ignore', 'ignore_ament_install']
[1.088s] Level 1:colcon.colcon_core.package_identification:_identify(install) by extension 'ignore'
[1.088s] Level 1:colcon.colcon_core.package_identification:_identify(install) ignored
[1.089s] Level 1:colcon.colcon_core.package_identification:_identify(log) by extensions ['ignore', 'ignore_ament_install']
[1.089s] Level 1:colcon.colcon_core.package_identification:_identify(log) by extension 'ignore'
[1.089s] Level 1:colcon.colcon_core.package_identification:_identify(log) ignored
[1.089s] Level 1:colcon.colcon_core.package_identification:_identify(robot_models) by extensions ['ignore', 'ignore_ament_install']
[1.089s] Level 1:colcon.colcon_core.package_identification:_identify(robot_models) by extension 'ignore'
[1.089s] Level 1:colcon.colcon_core.package_identification:_identify(robot_models) by extension 'ignore_ament_install'
[1.089s] Level 1:colcon.colcon_core.package_identification:_identify(robot_models) by extensions ['colcon_pkg']
[1.089s] Level 1:colcon.colcon_core.package_identification:_identify(robot_models) by extension 'colcon_pkg'
[1.089s] Level 1:colcon.colcon_core.package_identification:_identify(robot_models) by extensions ['colcon_meta']
[1.089s] Level 1:colcon.colcon_core.package_identification:_identify(robot_models) by extension 'colcon_meta'
[1.089s] Level 1:colcon.colcon_core.package_identification:_identify(robot_models) by extensions ['ros']
[1.089s] Level 1:colcon.colcon_core.package_identification:_identify(robot_models) by extension 'ros'
[1.090s] Level 1:colcon.colcon_core.package_identification:_identify(robot_models) by extensions ['cmake', 'python']
[1.090s] Level 1:colcon.colcon_core.package_identification:_identify(robot_models) by extension 'cmake'
[1.090s] Level 1:colcon.colcon_core.package_identification:_identify(robot_models) by extension 'python'
[1.090s] Level 1:colcon.colcon_core.package_identification:_identify(robot_models) by extensions ['python_setup_py']
[1.090s] Level 1:colcon.colcon_core.package_identification:_identify(robot_models) by extension 'python_setup_py'
[1.090s] Level 1:colcon.colcon_core.package_identification:_identify(src) by extensions ['ignore', 'ignore_ament_install']
[1.090s] Level 1:colcon.colcon_core.package_identification:_identify(src) by extension 'ignore'
[1.090s] Level 1:colcon.colcon_core.package_identification:_identify(src) by extension 'ignore_ament_install'
[1.090s] Level 1:colcon.colcon_core.package_identification:_identify(src) by extensions ['colcon_pkg']
[1.090s] Level 1:colcon.colcon_core.package_identification:_identify(src) by extension 'colcon_pkg'
[1.090s] Level 1:colcon.colcon_core.package_identification:_identify(src) by extensions ['colcon_meta']
[1.090s] Level 1:colcon.colcon_core.package_identification:_identify(src) by extension 'colcon_meta'
[1.091s] Level 1:colcon.colcon_core.package_identification:_identify(src) by extensions ['ros']
[1.091s] Level 1:colcon.colcon_core.package_identification:_identify(src) by extension 'ros'
[1.091s] Level 1:colcon.colcon_core.package_identification:_identify(src) by extensions ['cmake', 'python']
[1.091s] Level 1:colcon.colcon_core.package_identification:_identify(src) by extension 'cmake'
[1.091s] Level 1:colcon.colcon_core.package_identification:_identify(src) by extension 'python'
[1.091s] Level 1:colcon.colcon_core.package_identification:_identify(src) by extensions ['python_setup_py']
[1.091s] Level 1:colcon.colcon_core.package_identification:_identify(src) by extension 'python_setup_py'
[1.091s] Level 1:colcon.colcon_core.package_identification:_identify(src/control_rbkairos) by extensions ['ignore', 'ignore_ament_install']
[1.091s] Level 1:colcon.colcon_core.package_identification:_identify(src/control_rbkairos) by extension 'ignore'
[1.091s] Level 1:colcon.colcon_core.package_identification:_identify(src/control_rbkairos) by extension 'ignore_ament_install'
[1.091s] Level 1:colcon.colcon_core.package_identification:_identify(src/control_rbkairos) by extensions ['colcon_pkg']
[1.091s] Level 1:colcon.colcon_core.package_identification:_identify(src/control_rbkairos) by extension 'colcon_pkg'
[1.092s] Level 1:colcon.colcon_core.package_identification:_identify(src/control_rbkairos) by extensions ['colcon_meta']
[1.092s] Level 1:colcon.colcon_core.package_identification:_identify(src/control_rbkairos) by extension 'colcon_meta'
[1.092s] Level 1:colcon.colcon_core.package_identification:_identify(src/control_rbkairos) by extensions ['ros']
[1.092s] Level 1:colcon.colcon_core.package_identification:_identify(src/control_rbkairos) by extension 'ros'
[1.098s] DEBUG:colcon.colcon_core.package_identification:Package 'src/control_rbkairos' with type 'ros.ament_python' and name 'control_rbkairos'
[1.098s] Level 1:colcon.colcon_core.package_identification:_identify(src/robotnik_common) by extensions ['ignore', 'ignore_ament_install']
[1.098s] Level 1:colcon.colcon_core.package_identification:_identify(src/robotnik_common) by extension 'ignore'
[1.098s] Level 1:colcon.colcon_core.package_identification:_identify(src/robotnik_common) by extension 'ignore_ament_install'
[1.099s] Level 1:colcon.colcon_core.package_identification:_identify(src/robotnik_common) by extensions ['colcon_pkg']
[1.099s] Level 1:colcon.colcon_core.package_identification:_identify(src/robotnik_common) by extension 'colcon_pkg'
[1.099s] Level 1:colcon.colcon_core.package_identification:_identify(src/robotnik_common) by extensions ['colcon_meta']
[1.099s] Level 1:colcon.colcon_core.package_identification:_identify(src/robotnik_common) by extension 'colcon_meta'
[1.099s] Level 1:colcon.colcon_core.package_identification:_identify(src/robotnik_common) by extensions ['ros']
[1.099s] Level 1:colcon.colcon_core.package_identification:_identify(src/robotnik_common) by extension 'ros'
[1.099s] Level 1:colcon.colcon_core.package_identification:_identify(src/robotnik_common) by extensions ['cmake', 'python']
[1.099s] Level 1:colcon.colcon_core.package_identification:_identify(src/robotnik_common) by extension 'cmake'
[1.099s] Level 1:colcon.colcon_core.package_identification:_identify(src/robotnik_common) by extension 'python'
[1.099s] Level 1:colcon.colcon_core.package_identification:_identify(src/robotnik_common) by extensions ['python_setup_py']
[1.099s] Level 1:colcon.colcon_core.package_identification:_identify(src/robotnik_common) by extension 'python_setup_py'
[1.099s] Level 1:colcon.colcon_core.package_identification:_identify(src/robotnik_common/robotnik_common) by extensions ['ignore', 'ignore_ament_install']
[1.099s] Level 1:colcon.colcon_core.package_identification:_identify(src/robotnik_common/robotnik_common) by extension 'ignore'
[1.100s] Level 1:colcon.colcon_core.package_identification:_identify(src/robotnik_common/robotnik_common) by extension 'ignore_ament_install'
[1.100s] Level 1:colcon.colcon_core.package_identification:_identify(src/robotnik_common/robotnik_common) by extensions ['colcon_pkg']
[1.100s] Level 1:colcon.colcon_core.package_identification:_identify(src/robotnik_common/robotnik_common) by extension 'colcon_pkg'
[1.100s] Level 1:colcon.colcon_core.package_identification:_identify(src/robotnik_common/robotnik_common) by extensions ['colcon_meta']
[1.100s] Level 1:colcon.colcon_core.package_identification:_identify(src/robotnik_common/robotnik_common) by extension 'colcon_meta'
[1.100s] Level 1:colcon.colcon_core.package_identification:_identify(src/robotnik_common/robotnik_common) by extensions ['ros']
[1.100s] Level 1:colcon.colcon_core.package_identification:_identify(src/robotnik_common/robotnik_common) by extension 'ros'
[1.101s] DEBUG:colcon.colcon_core.package_identification:Package 'src/robotnik_common/robotnik_common' with type 'ros.ament_cmake' and name 'robotnik_common'
[1.101s] Level 1:colcon.colcon_core.package_identification:_identify(src/robotnik_description) by extensions ['ignore', 'ignore_ament_install']
[1.102s] Level 1:colcon.colcon_core.package_identification:_identify(src/robotnik_description) by extension 'ignore'
[1.102s] Level 1:colcon.colcon_core.package_identification:_identify(src/robotnik_description) by extension 'ignore_ament_install'
[1.102s] Level 1:colcon.colcon_core.package_identification:_identify(src/robotnik_description) by extensions ['colcon_pkg']
[1.102s] Level 1:colcon.colcon_core.package_identification:_identify(src/robotnik_description) by extension 'colcon_pkg'
[1.102s] Level 1:colcon.colcon_core.package_identification:_identify(src/robotnik_description) by extensions ['colcon_meta']
[1.102s] Level 1:colcon.colcon_core.package_identification:_identify(src/robotnik_description) by extension 'colcon_meta'
[1.102s] Level 1:colcon.colcon_core.package_identification:_identify(src/robotnik_description) by extensions ['ros']
[1.102s] Level 1:colcon.colcon_core.package_identification:_identify(src/robotnik_description) by extension 'ros'
[1.103s] DEBUG:colcon.colcon_core.package_identification:Package 'src/robotnik_description' with type 'ros.ament_cmake' and name 'robotnik_description'
[1.103s] Level 1:colcon.colcon_core.package_identification:_identify(src/robotnik_sensors) by extensions ['ignore', 'ignore_ament_install']
[1.104s] Level 1:colcon.colcon_core.package_identification:_identify(src/robotnik_sensors) by extension 'ignore'
[1.104s] Level 1:colcon.colcon_core.package_identification:_identify(src/robotnik_sensors) by extension 'ignore_ament_install'
[1.104s] Level 1:colcon.colcon_core.package_identification:_identify(src/robotnik_sensors) by extensions ['colcon_pkg']
[1.104s] Level 1:colcon.colcon_core.package_identification:_identify(src/robotnik_sensors) by extension 'colcon_pkg'
[1.104s] Level 1:colcon.colcon_core.package_identification:_identify(src/robotnik_sensors) by extensions ['colcon_meta']
[1.104s] Level 1:colcon.colcon_core.package_identification:_identify(src/robotnik_sensors) by extension 'colcon_meta'
[1.104s] Level 1:colcon.colcon_core.package_identification:_identify(src/robotnik_sensors) by extensions ['ros']
[1.104s] Level 1:colcon.colcon_core.package_identification:_identify(src/robotnik_sensors) by extension 'ros'
[1.104s] Level 1:colcon.colcon_core.package_identification:_identify(src/robotnik_sensors) by extensions ['cmake', 'python']
[1.104s] Level 1:colcon.colcon_core.package_identification:_identify(src/robotnik_sensors) by extension 'cmake'
[1.104s] Level 1:colcon.colcon_core.package_identification:_identify(src/robotnik_sensors) by extension 'python'
[1.104s] Level 1:colcon.colcon_core.package_identification:_identify(src/robotnik_sensors) by extensions ['python_setup_py']
[1.104s] Level 1:colcon.colcon_core.package_identification:_identify(src/robotnik_sensors) by extension 'python_setup_py'
[1.104s] Level 1:colcon.colcon_core.package_identification:_identify(src/robotnik_sensors/robotnik_sensors) by extensions ['ignore', 'ignore_ament_install']
[1.105s] Level 1:colcon.colcon_core.package_identification:_identify(src/robotnik_sensors/robotnik_sensors) by extension 'ignore'
[1.105s] Level 1:colcon.colcon_core.package_identification:_identify(src/robotnik_sensors/robotnik_sensors) by extension 'ignore_ament_install'
[1.105s] Level 1:colcon.colcon_core.package_identification:_identify(src/robotnik_sensors/robotnik_sensors) by extensions ['colcon_pkg']
[1.105s] Level 1:colcon.colcon_core.package_identification:_identify(src/robotnik_sensors/robotnik_sensors) by extension 'colcon_pkg'
[1.105s] Level 1:colcon.colcon_core.package_identification:_identify(src/robotnik_sensors/robotnik_sensors) by extensions ['colcon_meta']
[1.105s] Level 1:colcon.colcon_core.package_identification:_identify(src/robotnik_sensors/robotnik_sensors) by extension 'colcon_meta'
[1.105s] Level 1:colcon.colcon_core.package_identification:_identify(src/robotnik_sensors/robotnik_sensors) by extensions ['ros']
[1.105s] Level 1:colcon.colcon_core.package_identification:_identify(src/robotnik_sensors/robotnik_sensors) by extension 'ros'
[1.106s] DEBUG:colcon.colcon_core.package_identification:Package 'src/robotnik_sensors/robotnik_sensors' with type 'ros.ament_cmake' and name 'robotnik_sensors'
[1.106s] Level 1:colcon.colcon_core.package_identification:_identify(src/ros2_diff_drive_robot) by extensions ['ignore', 'ignore_ament_install']
[1.107s] Level 1:colcon.colcon_core.package_identification:_identify(src/ros2_diff_drive_robot) by extension 'ignore'
[1.107s] Level 1:colcon.colcon_core.package_identification:_identify(src/ros2_diff_drive_robot) by extension 'ignore_ament_install'
[1.107s] Level 1:colcon.colcon_core.package_identification:_identify(src/ros2_diff_drive_robot) by extensions ['colcon_pkg']
[1.107s] Level 1:colcon.colcon_core.package_identification:_identify(src/ros2_diff_drive_robot) by extension 'colcon_pkg'
[1.107s] Level 1:colcon.colcon_core.package_identification:_identify(src/ros2_diff_drive_robot) by extensions ['colcon_meta']
[1.107s] Level 1:colcon.colcon_core.package_identification:_identify(src/ros2_diff_drive_robot) by extension 'colcon_meta'
[1.107s] Level 1:colcon.colcon_core.package_identification:_identify(src/ros2_diff_drive_robot) by extensions ['ros']
[1.107s] Level 1:colcon.colcon_core.package_identification:_identify(src/ros2_diff_drive_robot) by extension 'ros'
[1.108s] DEBUG:colcon.colcon_core.package_identification:Package 'src/ros2_diff_drive_robot' with type 'ros.ament_cmake' and name 'diff_robot'
[1.108s] Level 1:colcon.colcon_core.package_discovery:discover_packages(recursive) using defaults
[1.108s] Level 1:colcon.colcon_core.package_discovery:discover_packages(ignore) discover
[1.109s] Level 1:colcon.colcon_core.package_discovery:discover_packages(ignore) using defaults
[1.109s] Level 1:colcon.colcon_core.package_discovery:discover_packages(path) discover
[1.109s] Level 1:colcon.colcon_core.package_discovery:discover_packages(path) using defaults
[1.162s] Level 1:colcon.colcon_core.package_discovery:discover_packages(prefix_path) check parameters
[1.162s] Level 1:colcon.colcon_core.package_discovery:discover_packages(prefix_path) discover
[1.172s] DEBUG:colcon.colcon_installed_package_information.package_discovery:Found 378 installed packages in /opt/ros/jazzy
[1.174s] Level 1:colcon.colcon_core.package_discovery:discover_packages(prefix_path) using defaults
[1.272s] Level 5:colcon.colcon_core.verb:set package 'control_rbkairos' build argument 'cmake_args' from command line to 'None'
[1.272s] Level 5:colcon.colcon_core.verb:set package 'control_rbkairos' build argument 'cmake_target' from command line to 'None'
[1.273s] Level 5:colcon.colcon_core.verb:set package 'control_rbkairos' build argument 'cmake_target_skip_unavailable' from command line to 'False'
[1.273s] Level 5:colcon.colcon_core.verb:set package 'control_rbkairos' build argument 'cmake_clean_cache' from command line to 'False'
[1.273s] Level 5:colcon.colcon_core.verb:set package 'control_rbkairos' build argument 'cmake_clean_first' from command line to 'False'
[1.273s] Level 5:colcon.colcon_core.verb:set package 'control_rbkairos' build argument 'cmake_force_configure' from command line to 'False'
[1.273s] Level 5:colcon.colcon_core.verb:set package 'control_rbkairos' build argument 'ament_cmake_args' from command line to 'None'
[1.273s] Level 5:colcon.colcon_core.verb:set package 'control_rbkairos' build argument 'catkin_cmake_args' from command line to 'None'
[1.273s] Level 5:colcon.colcon_core.verb:set package 'control_rbkairos' build argument 'catkin_skip_building_tests' from command line to 'False'
[1.273s] DEBUG:colcon.colcon_core.verb:Building package 'control_rbkairos' with the following arguments: {'ament_cmake_args': None, 'build_base': '/home/khotkangplue_p/week6_ws/build/control_rbkairos', 'catkin_cmake_args': None, 'catkin_skip_building_tests': False, 'cmake_args': None, 'cmake_clean_cache': False, 'cmake_clean_first': False, 'cmake_force_configure': False, 'cmake_target': None, 'cmake_target_skip_unavailable': False, 'install_base': '/home/khotkangplue_p/week6_ws/install/control_rbkairos', 'merge_install': False, 'path': '/home/khotkangplue_p/week6_ws/src/control_rbkairos', 'symlink_install': False, 'test_result_base': None}
[1.273s] Level 5:colcon.colcon_core.verb:set package 'diff_robot' build argument 'cmake_args' from command line to 'None'
[1.273s] Level 5:colcon.colcon_core.verb:set package 'diff_robot' build argument 'cmake_target' from command line to 'None'
[1.273s] Level 5:colcon.colcon_core.verb:set package 'diff_robot' build argument 'cmake_target_skip_unavailable' from command line to 'False'
[1.273s] Level 5:colcon.colcon_core.verb:set package 'diff_robot' build argument 'cmake_clean_cache' from command line to 'False'
[1.273s] Level 5:colcon.colcon_core.verb:set package 'diff_robot' build argument 'cmake_clean_first' from command line to 'False'
[1.274s] Level 5:colcon.colcon_core.verb:set package 'diff_robot' build argument 'cmake_force_configure' from command line to 'False'
[1.274s] Level 5:colcon.colcon_core.verb:set package 'diff_robot' build argument 'ament_cmake_args' from command line to 'None'
[1.274s] Level 5:colcon.colcon_core.verb:set package 'diff_robot' build argument 'catkin_cmake_args' from command line to 'None'
[1.274s] Level 5:colcon.colcon_core.verb:set package 'diff_robot' build argument 'catkin_skip_building_tests' from command line to 'False'
[1.274s] DEBUG:colcon.colcon_core.verb:Building package 'diff_robot' with the following arguments: {'ament_cmake_args': None, 'build_base': '/home/khotkangplue_p/week6_ws/build/diff_robot', 'catkin_cmake_args': None, 'catkin_skip_building_tests': False, 'cmake_args': None, 'cmake_clean_cache': False, 'cmake_clean_first': False, 'cmake_force_configure': False, 'cmake_target': None, 'cmake_target_skip_unavailable': False, 'install_base': '/home/khotkangplue_p/week6_ws/install/diff_robot', 'merge_install': False, 'path': '/home/khotkangplue_p/week6_ws/src/ros2_diff_drive_robot', 'symlink_install': False, 'test_result_base': None}
[1.274s] Level 5:colcon.colcon_core.verb:set package 'robotnik_common' build argument 'cmake_args' from command line to 'None'
[1.274s] Level 5:colcon.colcon_core.verb:set package 'robotnik_common' build argument 'cmake_target' from command line to 'None'
[1.274s] Level 5:colcon.colcon_core.verb:set package 'robotnik_common' build argument 'cmake_target_skip_unavailable' from command line to 'False'
[1.274s] Level 5:colcon.colcon_core.verb:set package 'robotnik_common' build argument 'cmake_clean_cache' from command line to 'False'
[1.274s] Level 5:colcon.colcon_core.verb:set package 'robotnik_common' build argument 'cmake_clean_first' from command line to 'False'
[1.274s] Level 5:colcon.colcon_core.verb:set package 'robotnik_common' build argument 'cmake_force_configure' from command line to 'False'
[1.274s] Level 5:colcon.colcon_core.verb:set package 'robotnik_common' build argument 'ament_cmake_args' from command line to 'None'
[1.274s] Level 5:colcon.colcon_core.verb:set package 'robotnik_common' build argument 'catkin_cmake_args' from command line to 'None'
[1.274s] Level 5:colcon.colcon_core.verb:set package 'robotnik_common' build argument 'catkin_skip_building_tests' from command line to 'False'
[1.274s] DEBUG:colcon.colcon_core.verb:Building package 'robotnik_common' with the following arguments: {'ament_cmake_args': None, 'build_base': '/home/khotkangplue_p/week6_ws/build/robotnik_common', 'catkin_cmake_args': None, 'catkin_skip_building_tests': False, 'cmake_args': None, 'cmake_clean_cache': False, 'cmake_clean_first': False, 'cmake_force_configure': False, 'cmake_target': None, 'cmake_target_skip_unavailable': False, 'install_base': '/home/khotkangplue_p/week6_ws/install/robotnik_common', 'merge_install': False, 'path': '/home/khotkangplue_p/week6_ws/src/robotnik_common/robotnik_common', 'symlink_install': False, 'test_result_base': None}
[1.275s] Level 5:colcon.colcon_core.verb:set package 'robotnik_sensors' build argument 'cmake_args' from command line to 'None'
[1.275s] Level 5:colcon.colcon_core.verb:set package 'robotnik_sensors' build argument 'cmake_target' from command line to 'None'
[1.275s] Level 5:colcon.colcon_core.verb:set package 'robotnik_sensors' build argument 'cmake_target_skip_unavailable' from command line to 'False'
[1.275s] Level 5:colcon.colcon_core.verb:set package 'robotnik_sensors' build argument 'cmake_clean_cache' from command line to 'False'
[1.275s] Level 5:colcon.colcon_core.verb:set package 'robotnik_sensors' build argument 'cmake_clean_first' from command line to 'False'
[1.275s] Level 5:colcon.colcon_core.verb:set package 'robotnik_sensors' build argument 'cmake_force_configure' from command line to 'False'
[1.275s] Level 5:colcon.colcon_core.verb:set package 'robotnik_sensors' build argument 'ament_cmake_args' from command line to 'None'
[1.275s] Level 5:colcon.colcon_core.verb:set package 'robotnik_sensors' build argument 'catkin_cmake_args' from command line to 'None'
[1.275s] Level 5:colcon.colcon_core.verb:set package 'robotnik_sensors' build argument 'catkin_skip_building_tests' from command line to 'False'
[1.275s] DEBUG:colcon.colcon_core.verb:Building package 'robotnik_sensors' with the following arguments: {'ament_cmake_args': None, 'build_base': '/home/khotkangplue_p/week6_ws/build/robotnik_sensors', 'catkin_cmake_args': None, 'catkin_skip_building_tests': False, 'cmake_args': None, 'cmake_clean_cache': False, 'cmake_clean_first': False, 'cmake_force_configure': False, 'cmake_target': None, 'cmake_target_skip_unavailable': False, 'install_base': '/home/khotkangplue_p/week6_ws/install/robotnik_sensors', 'merge_install': False, 'path': '/home/khotkangplue_p/week6_ws/src/robotnik_sensors/robotnik_sensors', 'symlink_install': False, 'test_result_base': None}
[1.275s] Level 5:colcon.colcon_core.verb:set package 'robotnik_description' build argument 'cmake_args' from command line to 'None'
[1.275s] Level 5:colcon.colcon_core.verb:set package 'robotnik_description' build argument 'cmake_target' from command line to 'None'
[1.275s] Level 5:colcon.colcon_core.verb:set package 'robotnik_description' build argument 'cmake_target_skip_unavailable' from command line to 'False'
[1.275s] Level 5:colcon.colcon_core.verb:set package 'robotnik_description' build argument 'cmake_clean_cache' from command line to 'False'
[1.276s] Level 5:colcon.colcon_core.verb:set package 'robotnik_description' build argument 'cmake_clean_first' from command line to 'False'
[1.276s] Level 5:colcon.colcon_core.verb:set package 'robotnik_description' build argument 'cmake_force_configure' from command line to 'False'
[1.276s] Level 5:colcon.colcon_core.verb:set package 'robotnik_description' build argument 'ament_cmake_args' from command line to 'None'
[1.276s] Level 5:colcon.colcon_core.verb:set package 'robotnik_description' build argument 'catkin_cmake_args' from command line to 'None'
[1.276s] Level 5:colcon.colcon_core.verb:set package 'robotnik_description' build argument 'catkin_skip_building_tests' from command line to 'False'
[1.276s] DEBUG:colcon.colcon_core.verb:Building package 'robotnik_description' with the following arguments: {'ament_cmake_args': None, 'build_base': '/home/khotkangplue_p/week6_ws/build/robotnik_description', 'catkin_cmake_args': None, 'catkin_skip_building_tests': False, 'cmake_args': None, 'cmake_clean_cache': False, 'cmake_clean_first': False, 'cmake_force_configure': False, 'cmake_target': None, 'cmake_target_skip_unavailable': False, 'install_base': '/home/khotkangplue_p/week6_ws/install/robotnik_description', 'merge_install': False, 'path': '/home/khotkangplue_p/week6_ws/src/robotnik_description', 'symlink_install': False, 'test_result_base': None}
[1.276s] INFO:colcon.colcon_core.executor:Executing jobs using 'parallel' executor
[1.277s] DEBUG:colcon.colcon_parallel_executor.executor.parallel:run_until_complete
[1.278s] INFO:colcon.colcon_ros.task.ament_cmake.build:Building ROS package in '/home/khotkangplue_p/week6_ws/src/robotnik_sensors/robotnik_sensors' with build type 'ament_cmake'
[1.278s] INFO:colcon.colcon_cmake.task.cmake.build:Building CMake package in '/home/khotkangplue_p/week6_ws/src/robotnik_sensors/robotnik_sensors'
[1.289s] INFO:colcon.colcon_core.plugin_system:Skipping extension 'colcon_core.shell.bat': Not used on non-Windows systems
[1.289s] INFO:colcon.colcon_core.shell:Skip shell extension 'powershell' for command environment: Not usable outside of PowerShell
[1.289s] DEBUG:colcon.colcon_core.shell:Skip shell extension 'dsv' for command environment
[1.294s] INFO:colcon.colcon_ros.task.ament_python.build:Building ROS package in '/home/khotkangplue_p/week6_ws/src/control_rbkairos' with build type 'ament_python'
[1.295s] Level 1:colcon.colcon_core.shell:create_environment_hook('control_rbkairos', 'ament_prefix_path')
[1.295s] INFO:colcon.colcon_core.shell:Creating environment hook '/home/khotkangplue_p/week6_ws/install/control_rbkairos/share/control_rbkairos/hook/ament_prefix_path.ps1'
[1.299s] INFO:colcon.colcon_core.shell:Creating environment descriptor '/home/khotkangplue_p/week6_ws/install/control_rbkairos/share/control_rbkairos/hook/ament_prefix_path.dsv'
[1.301s] INFO:colcon.colcon_core.shell:Creating environment hook '/home/khotkangplue_p/week6_ws/install/control_rbkairos/share/control_rbkairos/hook/ament_prefix_path.sh'
[1.302s] INFO:colcon.colcon_core.shell:Skip shell extension 'powershell' for command environment: Not usable outside of PowerShell
[1.302s] DEBUG:colcon.colcon_core.shell:Skip shell extension 'dsv' for command environment
[1.307s] INFO:colcon.colcon_ros.task.ament_cmake.build:Building ROS package in '/home/khotkangplue_p/week6_ws/src/ros2_diff_drive_robot' with build type 'ament_cmake'
[1.307s] INFO:colcon.colcon_cmake.task.cmake.build:Building CMake package in '/home/khotkangplue_p/week6_ws/src/ros2_diff_drive_robot'
[1.307s] INFO:colcon.colcon_core.shell:Skip shell extension 'powershell' for command environment: Not usable outside of PowerShell
[1.307s] DEBUG:colcon.colcon_core.shell:Skip shell extension 'dsv' for command environment
[1.313s] INFO:colcon.colcon_ros.task.ament_cmake.build:Building ROS package in '/home/khotkangplue_p/week6_ws/src/robotnik_common/robotnik_common' with build type 'ament_cmake'
[1.313s] INFO:colcon.colcon_cmake.task.cmake.build:Building CMake package in '/home/khotkangplue_p/week6_ws/src/robotnik_common/robotnik_common'
[1.314s] INFO:colcon.colcon_core.shell:Skip shell extension 'powershell' for command environment: Not usable outside of PowerShell
[1.314s] DEBUG:colcon.colcon_core.shell:Skip shell extension 'dsv' for command environment
[1.329s] DEBUG:colcon.colcon_core.event_handler.log_command:Invoking command in '/home/khotkangplue_p/week6_ws/build/robotnik_sensors': CMAKE_PREFIX_PATH=${CMAKE_PREFIX_PATH}:/opt/ros/jazzy /usr/bin/cmake /home/khotkangplue_p/week6_ws/src/robotnik_sensors/robotnik_sensors -DCMAKE_INSTALL_PREFIX=/home/khotkangplue_p/week6_ws/install/robotnik_sensors
[1.708s] WARNING:colcon.colcon_ros.task.ament_python.build:Package 'control_rbkairos' doesn't explicitly install a marker in the package index (colcon-ros currently does it implicitly but that fallback will be removed in the future)
[1.716s] INFO:colcon.colcon_core.task.python.build:Building Python package in '/home/khotkangplue_p/week6_ws/src/control_rbkairos'
[1.716s] INFO:colcon.colcon_core.shell:Skip shell extension 'powershell' for command environment: Not usable outside of PowerShell
[1.716s] DEBUG:colcon.colcon_core.shell:Skip shell extension 'dsv' for command environment
[1.728s] DEBUG:colcon.colcon_core.event_handler.log_command:Invoking command in '/home/khotkangplue_p/week6_ws/build/diff_robot': CMAKE_PREFIX_PATH=${CMAKE_PREFIX_PATH}:/opt/ros/jazzy /usr/bin/cmake /home/khotkangplue_p/week6_ws/src/ros2_diff_drive_robot -DCMAKE_INSTALL_PREFIX=/home/khotkangplue_p/week6_ws/install/diff_robot
[1.741s] DEBUG:colcon.colcon_core.event_handler.log_command:Invoking command in '/home/khotkangplue_p/week6_ws/build/robotnik_common': CMAKE_PREFIX_PATH=${CMAKE_PREFIX_PATH}:/opt/ros/jazzy /usr/bin/cmake /home/khotkangplue_p/week6_ws/src/robotnik_common/robotnik_common -DCMAKE_INSTALL_PREFIX=/home/khotkangplue_p/week6_ws/install/robotnik_common
[2.353s] DEBUG:colcon.colcon_core.event_handler.log_command:Invoked command in '/home/khotkangplue_p/week6_ws/build/robotnik_common' returned '0': CMAKE_PREFIX_PATH=${CMAKE_PREFIX_PATH}:/opt/ros/jazzy /usr/bin/cmake /home/khotkangplue_p/week6_ws/src/robotnik_common/robotnik_common -DCMAKE_INSTALL_PREFIX=/home/khotkangplue_p/week6_ws/install/robotnik_common
[2.356s] DEBUG:colcon.colcon_core.event_handler.log_command:Invoking command in '/home/khotkangplue_p/week6_ws/build/robotnik_common': CMAKE_PREFIX_PATH=${CMAKE_PREFIX_PATH}:/opt/ros/jazzy /usr/bin/cmake --build /home/khotkangplue_p/week6_ws/build/robotnik_common -- -j4 -l4
[3.138s] DEBUG:colcon.colcon_core.event_handler.log_command:Invoked command in '/home/khotkangplue_p/week6_ws/build/robotnik_common' returned '0': CMAKE_PREFIX_PATH=${CMAKE_PREFIX_PATH}:/opt/ros/jazzy /usr/bin/cmake --build /home/khotkangplue_p/week6_ws/build/robotnik_common -- -j4 -l4
[3.152s] DEBUG:colcon.colcon_core.event_handler.log_command:Invoking command in '/home/khotkangplue_p/week6_ws/build/robotnik_common': CMAKE_PREFIX_PATH=${CMAKE_PREFIX_PATH}:/opt/ros/jazzy /usr/bin/cmake --install /home/khotkangplue_p/week6_ws/build/robotnik_common
[3.273s] DEBUG:colcon.colcon_core.event_handler.log_command:Invoked command in '/home/khotkangplue_p/week6_ws/build/robotnik_sensors' returned '0': CMAKE_PREFIX_PATH=${CMAKE_PREFIX_PATH}:/opt/ros/jazzy /usr/bin/cmake /home/khotkangplue_p/week6_ws/src/robotnik_sensors/robotnik_sensors -DCMAKE_INSTALL_PREFIX=/home/khotkangplue_p/week6_ws/install/robotnik_sensors
[3.274s] DEBUG:colcon.colcon_core.event_handler.log_command:Invoking command in '/home/khotkangplue_p/week6_ws/build/robotnik_sensors': CMAKE_PREFIX_PATH=${CMAKE_PREFIX_PATH}:/opt/ros/jazzy /usr/bin/cmake --build /home/khotkangplue_p/week6_ws/build/robotnik_sensors -- -j4 -l4
[3.314s] Level 1:colcon.colcon_core.environment:create_environment_scripts_only(robotnik_common)
[3.315s] DEBUG:colcon.colcon_core.event_handler.log_command:Invoked command in '/home/khotkangplue_p/week6_ws/build/robotnik_common' returned '0': CMAKE_PREFIX_PATH=${CMAKE_PREFIX_PATH}:/opt/ros/jazzy /usr/bin/cmake --install /home/khotkangplue_p/week6_ws/build/robotnik_common
[3.326s] Level 1:colcon.colcon_core.environment:checking '/home/khotkangplue_p/week6_ws/install/robotnik_common' for CMake module files
[3.328s] Level 1:colcon.colcon_core.environment:checking '/home/khotkangplue_p/week6_ws/install/robotnik_common' for CMake config files
[3.329s] Level 1:colcon.colcon_core.shell:create_environment_hook('robotnik_common', 'cmake_prefix_path')
[3.329s] INFO:colcon.colcon_core.shell:Creating environment hook '/home/khotkangplue_p/week6_ws/install/robotnik_common/share/robotnik_common/hook/cmake_prefix_path.ps1'
[3.330s] INFO:colcon.colcon_core.shell:Creating environment descriptor '/home/khotkangplue_p/week6_ws/install/robotnik_common/share/robotnik_common/hook/cmake_prefix_path.dsv'
[3.331s] INFO:colcon.colcon_core.shell:Creating environment hook '/home/khotkangplue_p/week6_ws/install/robotnik_common/share/robotnik_common/hook/cmake_prefix_path.sh'
[3.332s] Level 1:colcon.colcon_core.environment:checking '/home/khotkangplue_p/week6_ws/install/robotnik_common/lib'
[3.333s] Level 1:colcon.colcon_core.environment:checking '/home/khotkangplue_p/week6_ws/install/robotnik_common/bin'
[3.333s] Level 1:colcon.colcon_core.environment:checking '/home/khotkangplue_p/week6_ws/install/robotnik_common/lib/pkgconfig/robotnik_common.pc'
[3.333s] Level 1:colcon.colcon_core.environment:checking '/home/khotkangplue_p/week6_ws/install/robotnik_common/lib/python3.12/site-packages'
[3.334s] Level 1:colcon.colcon_core.shell:create_environment_hook('robotnik_common', 'pythonpath')
[3.334s] INFO:colcon.colcon_core.shell:Creating environment hook '/home/khotkangplue_p/week6_ws/install/robotnik_common/share/robotnik_common/hook/pythonpath.ps1'
[3.335s] INFO:colcon.colcon_core.shell:Creating environment descriptor '/home/khotkangplue_p/week6_ws/install/robotnik_common/share/robotnik_common/hook/pythonpath.dsv'
[3.336s] INFO:colcon.colcon_core.shell:Creating environment hook '/home/khotkangplue_p/week6_ws/install/robotnik_common/share/robotnik_common/hook/pythonpath.sh'
[3.337s] Level 1:colcon.colcon_core.environment:checking '/home/khotkangplue_p/week6_ws/install/robotnik_common/bin'
[3.337s] INFO:colcon.colcon_core.shell:Creating package script '/home/khotkangplue_p/week6_ws/install/robotnik_common/share/robotnik_common/package.ps1'
[3.339s] INFO:colcon.colcon_core.shell:Creating package descriptor '/home/khotkangplue_p/week6_ws/install/robotnik_common/share/robotnik_common/package.dsv'
[3.340s] INFO:colcon.colcon_core.shell:Creating package script '/home/khotkangplue_p/week6_ws/install/robotnik_common/share/robotnik_common/package.sh'
[3.342s] INFO:colcon.colcon_core.shell:Creating package script '/home/khotkangplue_p/week6_ws/install/robotnik_common/share/robotnik_common/package.bash'
[3.344s] INFO:colcon.colcon_core.shell:Creating package script '/home/khotkangplue_p/week6_ws/install/robotnik_common/share/robotnik_common/package.zsh'
[3.346s] Level 1:colcon.colcon_core.environment:create_file_with_runtime_dependencies(/home/khotkangplue_p/week6_ws/install/robotnik_common/share/colcon-core/packages/robotnik_common)
[3.349s] Level 1:colcon.colcon_core.environment:create_environment_scripts_only(robotnik_common)
[3.349s] Level 1:colcon.colcon_core.environment:checking '/home/khotkangplue_p/week6_ws/install/robotnik_common' for CMake module files
[3.351s] Level 1:colcon.colcon_core.environment:checking '/home/khotkangplue_p/week6_ws/install/robotnik_common' for CMake config files
[3.351s] Level 1:colcon.colcon_core.shell:create_environment_hook('robotnik_common', 'cmake_prefix_path')
[3.352s] INFO:colcon.colcon_core.shell:Creating environment hook '/home/khotkangplue_p/week6_ws/install/robotnik_common/share/robotnik_common/hook/cmake_prefix_path.ps1'
[3.352s] INFO:colcon.colcon_core.shell:Creating environment descriptor '/home/khotkangplue_p/week6_ws/install/robotnik_common/share/robotnik_common/hook/cmake_prefix_path.dsv'
[3.353s] INFO:colcon.colcon_core.shell:Creating environment hook '/home/khotkangplue_p/week6_ws/install/robotnik_common/share/robotnik_common/hook/cmake_prefix_path.sh'
[3.354s] Level 1:colcon.colcon_core.environment:checking '/home/khotkangplue_p/week6_ws/install/robotnik_common/lib'
[3.354s] Level 1:colcon.colcon_core.environment:checking '/home/khotkangplue_p/week6_ws/install/robotnik_common/bin'
[3.354s] Level 1:colcon.colcon_core.environment:checking '/home/khotkangplue_p/week6_ws/install/robotnik_common/lib/pkgconfig/robotnik_common.pc'
[3.355s] Level 1:colcon.colcon_core.environment:checking '/home/khotkangplue_p/week6_ws/install/robotnik_common/lib/python3.12/site-packages'
[3.355s] Level 1:colcon.colcon_core.shell:create_environment_hook('robotnik_common', 'pythonpath')
[3.355s] INFO:colcon.colcon_core.shell:Creating environment hook '/home/khotkangplue_p/week6_ws/install/robotnik_common/share/robotnik_common/hook/pythonpath.ps1'
[3.356s] INFO:colcon.colcon_core.shell:Creating environment descriptor '/home/khotkangplue_p/week6_ws/install/robotnik_common/share/robotnik_common/hook/pythonpath.dsv'
[3.356s] INFO:colcon.colcon_core.shell:Creating environment hook '/home/khotkangplue_p/week6_ws/install/robotnik_common/share/robotnik_common/hook/pythonpath.sh'
[3.357s] Level 1:colcon.colcon_core.environment:checking '/home/khotkangplue_p/week6_ws/install/robotnik_common/bin'
[3.358s] INFO:colcon.colcon_core.shell:Creating package script '/home/khotkangplue_p/week6_ws/install/robotnik_common/share/robotnik_common/package.ps1'
[3.359s] INFO:colcon.colcon_core.shell:Creating package descriptor '/home/khotkangplue_p/week6_ws/install/robotnik_common/share/robotnik_common/package.dsv'
[3.360s] INFO:colcon.colcon_core.shell:Creating package script '/home/khotkangplue_p/week6_ws/install/robotnik_common/share/robotnik_common/package.sh'
[3.361s] INFO:colcon.colcon_core.shell:Creating package script '/home/khotkangplue_p/week6_ws/install/robotnik_common/share/robotnik_common/package.bash'
[3.362s] INFO:colcon.colcon_core.shell:Creating package script '/home/khotkangplue_p/week6_ws/install/robotnik_common/share/robotnik_common/package.zsh'
[3.363s] Level 1:colcon.colcon_core.environment:create_file_with_runtime_dependencies(/home/khotkangplue_p/week6_ws/install/robotnik_common/share/colcon-core/packages/robotnik_common)
[3.370s] DEBUG:colcon.colcon_core.event_handler.log_command:Invoked command in '/home/khotkangplue_p/week6_ws/build/robotnik_sensors' returned '0': CMAKE_PREFIX_PATH=${CMAKE_PREFIX_PATH}:/opt/ros/jazzy /usr/bin/cmake --build /home/khotkangplue_p/week6_ws/build/robotnik_sensors -- -j4 -l4
[3.371s] DEBUG:colcon.colcon_core.event_handler.log_command:Invoking command in '/home/khotkangplue_p/week6_ws/build/robotnik_sensors': CMAKE_PREFIX_PATH=${CMAKE_PREFIX_PATH}:/opt/ros/jazzy /usr/bin/cmake --install /home/khotkangplue_p/week6_ws/build/robotnik_sensors
[3.541s] Level 1:colcon.colcon_core.environment:create_environment_scripts_only(robotnik_sensors)
[3.541s] Level 1:colcon.colcon_core.environment:checking '/home/khotkangplue_p/week6_ws/install/robotnik_sensors' for CMake module files
[3.543s] DEBUG:colcon.colcon_core.event_handler.log_command:Invoking command in '/home/khotkangplue_p/week6_ws/build/control_rbkairos': PYTHONPATH=/home/khotkangplue_p/week6_ws/build/control_rbkairos/prefix_override:/usr/lib/python3/dist-packages/colcon_core/task/python/colcon_distutils_commands:/home/khotkangplue_p/week6_ws/install/control_rbkairos/lib/python3.12/site-packages:${PYTHONPATH} /usr/bin/python3 -W ignore:setup.py install is deprecated -W ignore:easy_install command is deprecated setup.py develop --uninstall --editable --build-directory /home/khotkangplue_p/week6_ws/build/control_rbkairos/build
[3.544s] DEBUG:colcon.colcon_core.event_handler.log_command:Invoked command in '/home/khotkangplue_p/week6_ws/build/robotnik_sensors' returned '0': CMAKE_PREFIX_PATH=${CMAKE_PREFIX_PATH}:/opt/ros/jazzy /usr/bin/cmake --install /home/khotkangplue_p/week6_ws/build/robotnik_sensors
[3.544s] Level 1:colcon.colcon_core.environment:checking '/home/khotkangplue_p/week6_ws/install/robotnik_sensors' for CMake config files
[3.548s] Level 1:colcon.colcon_core.shell:create_environment_hook('robotnik_sensors', 'cmake_prefix_path')
[3.548s] INFO:colcon.colcon_core.shell:Creating environment hook '/home/khotkangplue_p/week6_ws/install/robotnik_sensors/share/robotnik_sensors/hook/cmake_prefix_path.ps1'
[3.549s] INFO:colcon.colcon_core.shell:Creating environment descriptor '/home/khotkangplue_p/week6_ws/install/robotnik_sensors/share/robotnik_sensors/hook/cmake_prefix_path.dsv'
[3.550s] INFO:colcon.colcon_core.shell:Creating environment hook '/home/khotkangplue_p/week6_ws/install/robotnik_sensors/share/robotnik_sensors/hook/cmake_prefix_path.sh'
[3.551s] Level 1:colcon.colcon_core.environment:checking '/home/khotkangplue_p/week6_ws/install/robotnik_sensors/bin'
[3.551s] Level 1:colcon.colcon_core.environment:checking '/home/khotkangplue_p/week6_ws/install/robotnik_sensors/lib/pkgconfig/robotnik_sensors.pc'
[3.551s] Level 1:colcon.colcon_core.environment:checking '/home/khotkangplue_p/week6_ws/install/robotnik_sensors/lib/python3.12/site-packages'
[3.552s] Level 1:colcon.colcon_core.environment:checking '/home/khotkangplue_p/week6_ws/install/robotnik_sensors/bin'
[3.552s] INFO:colcon.colcon_core.shell:Creating package script '/home/khotkangplue_p/week6_ws/install/robotnik_sensors/share/robotnik_sensors/package.ps1'
[3.554s] INFO:colcon.colcon_core.shell:Creating package descriptor '/home/khotkangplue_p/week6_ws/install/robotnik_sensors/share/robotnik_sensors/package.dsv'
[3.554s] INFO:colcon.colcon_core.shell:Creating package script '/home/khotkangplue_p/week6_ws/install/robotnik_sensors/share/robotnik_sensors/package.sh'
[3.555s] INFO:colcon.colcon_core.shell:Creating package script '/home/khotkangplue_p/week6_ws/install/robotnik_sensors/share/robotnik_sensors/package.bash'
[3.556s] INFO:colcon.colcon_core.shell:Creating package script '/home/khotkangplue_p/week6_ws/install/robotnik_sensors/share/robotnik_sensors/package.zsh'
[3.557s] Level 1:colcon.colcon_core.environment:create_file_with_runtime_dependencies(/home/khotkangplue_p/week6_ws/install/robotnik_sensors/share/colcon-core/packages/robotnik_sensors)
[3.559s] Level 1:colcon.colcon_core.environment:create_environment_scripts_only(robotnik_sensors)
[3.559s] Level 1:colcon.colcon_core.environment:checking '/home/khotkangplue_p/week6_ws/install/robotnik_sensors' for CMake module files
[3.561s] Level 1:colcon.colcon_core.environment:checking '/home/khotkangplue_p/week6_ws/install/robotnik_sensors' for CMake config files
[3.564s] Level 1:colcon.colcon_core.shell:create_environment_hook('robotnik_sensors', 'cmake_prefix_path')
[3.565s] INFO:colcon.colcon_core.shell:Creating environment hook '/home/khotkangplue_p/week6_ws/install/robotnik_sensors/share/robotnik_sensors/hook/cmake_prefix_path.ps1'
[3.566s] INFO:colcon.colcon_core.shell:Creating environment descriptor '/home/khotkangplue_p/week6_ws/install/robotnik_sensors/share/robotnik_sensors/hook/cmake_prefix_path.dsv'
[3.567s] INFO:colcon.colcon_core.shell:Creating environment hook '/home/khotkangplue_p/week6_ws/install/robotnik_sensors/share/robotnik_sensors/hook/cmake_prefix_path.sh'
[3.569s] Level 1:colcon.colcon_core.environment:checking '/home/khotkangplue_p/week6_ws/install/robotnik_sensors/bin'
[3.569s] Level 1:colcon.colcon_core.environment:checking '/home/khotkangplue_p/week6_ws/install/robotnik_sensors/lib/pkgconfig/robotnik_sensors.pc'
[3.569s] Level 1:colcon.colcon_core.environment:checking '/home/khotkangplue_p/week6_ws/install/robotnik_sensors/lib/python3.12/site-packages'
[3.570s] Level 1:colcon.colcon_core.environment:checking '/home/khotkangplue_p/week6_ws/install/robotnik_sensors/bin'
[3.571s] INFO:colcon.colcon_core.shell:Creating package script '/home/khotkangplue_p/week6_ws/install/robotnik_sensors/share/robotnik_sensors/package.ps1'
[3.572s] INFO:colcon.colcon_core.shell:Creating package descriptor '/home/khotkangplue_p/week6_ws/install/robotnik_sensors/share/robotnik_sensors/package.dsv'
[3.573s] INFO:colcon.colcon_core.shell:Creating package script '/home/khotkangplue_p/week6_ws/install/robotnik_sensors/share/robotnik_sensors/package.sh'
[3.574s] INFO:colcon.colcon_core.shell:Creating package script '/home/khotkangplue_p/week6_ws/install/robotnik_sensors/share/robotnik_sensors/package.bash'
[3.576s] INFO:colcon.colcon_core.shell:Creating package script '/home/khotkangplue_p/week6_ws/install/robotnik_sensors/share/robotnik_sensors/package.zsh'
[3.577s] Level 1:colcon.colcon_core.environment:create_file_with_runtime_dependencies(/home/khotkangplue_p/week6_ws/install/robotnik_sensors/share/colcon-core/packages/robotnik_sensors)
[3.578s] INFO:colcon.colcon_ros.task.ament_cmake.build:Building ROS package in '/home/khotkangplue_p/week6_ws/src/robotnik_description' with build type 'ament_cmake'
[3.578s] INFO:colcon.colcon_cmake.task.cmake.build:Building CMake package in '/home/khotkangplue_p/week6_ws/src/robotnik_description'
[3.579s] INFO:colcon.colcon_core.shell:Skip shell extension 'powershell' for command environment: Not usable outside of PowerShell
[3.580s] DEBUG:colcon.colcon_core.shell:Skip shell extension 'dsv' for command environment
[3.764s] DEBUG:colcon.colcon_core.event_handler.log_command:Invoking command in '/home/khotkangplue_p/week6_ws/build/robotnik_description': AMENT_PREFIX_PATH=/home/khotkangplue_p/week6_ws/install/robotnik_sensors:${AMENT_PREFIX_PATH} CMAKE_PREFIX_PATH=/home/khotkangplue_p/week6_ws/install/robotnik_sensors:/opt/ros/jazzy/opt/gz_sim_vendor:/opt/ros/jazzy/opt/gz_sensors_vendor:/opt/ros/jazzy/opt/gz_physics_vendor:/opt/ros/jazzy/opt/sdformat_vendor:/opt/ros/jazzy/opt/gz_gui_vendor:/opt/ros/jazzy/opt/gz_transport_vendor:/opt/ros/jazzy/opt/gz_rendering_vendor:/opt/ros/jazzy/opt/gz_plugin_vendor:/opt/ros/jazzy/opt/gz_fuel_tools_vendor:/opt/ros/jazzy/opt/gz_msgs_vendor:/opt/ros/jazzy/opt/gz_common_vendor:/opt/ros/jazzy/opt/gz_math_vendor:/opt/ros/jazzy/opt/gz_utils_vendor:/opt/ros/jazzy/opt/gz_tools_vendor:/opt/ros/jazzy/opt/gz_ogre_next_vendor:/opt/ros/jazzy/opt/gz_dartsim_vendor:/opt/ros/jazzy/opt/gz_cmake_vendor:/opt/ros/jazzy /usr/bin/cmake /home/khotkangplue_p/week6_ws/src/robotnik_description -DCMAKE_INSTALL_PREFIX=/home/khotkangplue_p/week6_ws/install/robotnik_description
[4.697s] DEBUG:colcon.colcon_core.event_handler.log_command:Invoked command in '/home/khotkangplue_p/week6_ws/build/control_rbkairos' returned '0': PYTHONPATH=/home/khotkangplue_p/week6_ws/build/control_rbkairos/prefix_override:/usr/lib/python3/dist-packages/colcon_core/task/python/colcon_distutils_commands:/home/khotkangplue_p/week6_ws/install/control_rbkairos/lib/python3.12/site-packages:${PYTHONPATH} /usr/bin/python3 -W ignore:setup.py install is deprecated -W ignore:easy_install command is deprecated setup.py develop --uninstall --editable --build-directory /home/khotkangplue_p/week6_ws/build/control_rbkairos/build
[4.699s] DEBUG:colcon.colcon_core.event_handler.log_command:Invoking command in '/home/khotkangplue_p/week6_ws/src/control_rbkairos': PYTHONPATH=/home/khotkangplue_p/week6_ws/build/control_rbkairos/prefix_override:/usr/lib/python3/dist-packages/colcon_core/task/python/colcon_distutils_commands:/home/khotkangplue_p/week6_ws/install/control_rbkairos/lib/python3.12/site-packages:${PYTHONPATH} /usr/bin/python3 -W ignore:setup.py install is deprecated -W ignore:easy_install command is deprecated setup.py egg_info --egg-base ../../build/control_rbkairos build --build-base /home/khotkangplue_p/week6_ws/build/control_rbkairos/build install --record /home/khotkangplue_p/week6_ws/build/control_rbkairos/install.log --single-version-externally-managed install_data --force
[5.064s] DEBUG:colcon.colcon_core.event_handler.log_command:Invoked command in '/home/khotkangplue_p/week6_ws/build/robotnik_description' returned '0': AMENT_PREFIX_PATH=/home/khotkangplue_p/week6_ws/install/robotnik_sensors:${AMENT_PREFIX_PATH} CMAKE_PREFIX_PATH=/home/khotkangplue_p/week6_ws/install/robotnik_sensors:/opt/ros/jazzy/opt/gz_sim_vendor:/opt/ros/jazzy/opt/gz_sensors_vendor:/opt/ros/jazzy/opt/gz_physics_vendor:/opt/ros/jazzy/opt/sdformat_vendor:/opt/ros/jazzy/opt/gz_gui_vendor:/opt/ros/jazzy/opt/gz_transport_vendor:/opt/ros/jazzy/opt/gz_rendering_vendor:/opt/ros/jazzy/opt/gz_plugin_vendor:/opt/ros/jazzy/opt/gz_fuel_tools_vendor:/opt/ros/jazzy/opt/gz_msgs_vendor:/opt/ros/jazzy/opt/gz_common_vendor:/opt/ros/jazzy/opt/gz_math_vendor:/opt/ros/jazzy/opt/gz_utils_vendor:/opt/ros/jazzy/opt/gz_tools_vendor:/opt/ros/jazzy/opt/gz_ogre_next_vendor:/opt/ros/jazzy/opt/gz_dartsim_vendor:/opt/ros/jazzy/opt/gz_cmake_vendor:/opt/ros/jazzy /usr/bin/cmake /home/khotkangplue_p/week6_ws/src/robotnik_description -DCMAKE_INSTALL_PREFIX=/home/khotkangplue_p/week6_ws/install/robotnik_description
[5.065s] DEBUG:colcon.colcon_core.event_handler.log_command:Invoking command in '/home/khotkangplue_p/week6_ws/build/robotnik_description': AMENT_PREFIX_PATH=/home/khotkangplue_p/week6_ws/install/robotnik_sensors:${AMENT_PREFIX_PATH} CMAKE_PREFIX_PATH=/home/khotkangplue_p/week6_ws/install/robotnik_sensors:/opt/ros/jazzy/opt/gz_sim_vendor:/opt/ros/jazzy/opt/gz_sensors_vendor:/opt/ros/jazzy/opt/gz_physics_vendor:/opt/ros/jazzy/opt/sdformat_vendor:/opt/ros/jazzy/opt/gz_gui_vendor:/opt/ros/jazzy/opt/gz_transport_vendor:/opt/ros/jazzy/opt/gz_rendering_vendor:/opt/ros/jazzy/opt/gz_plugin_vendor:/opt/ros/jazzy/opt/gz_fuel_tools_vendor:/opt/ros/jazzy/opt/gz_msgs_vendor:/opt/ros/jazzy/opt/gz_common_vendor:/opt/ros/jazzy/opt/gz_math_vendor:/opt/ros/jazzy/opt/gz_utils_vendor:/opt/ros/jazzy/opt/gz_tools_vendor:/opt/ros/jazzy/opt/gz_ogre_next_vendor:/opt/ros/jazzy/opt/gz_dartsim_vendor:/opt/ros/jazzy/opt/gz_cmake_vendor:/opt/ros/jazzy /usr/bin/cmake --build /home/khotkangplue_p/week6_ws/build/robotnik_description -- -j4 -l4
[5.117s] DEBUG:colcon.colcon_core.event_handler.log_command:Invoked command in '/home/khotkangplue_p/week6_ws/build/robotnik_description' returned '0': AMENT_PREFIX_PATH=/home/khotkangplue_p/week6_ws/install/robotnik_sensors:${AMENT_PREFIX_PATH} CMAKE_PREFIX_PATH=/home/khotkangplue_p/week6_ws/install/robotnik_sensors:/opt/ros/jazzy/opt/gz_sim_vendor:/opt/ros/jazzy/opt/gz_sensors_vendor:/opt/ros/jazzy/opt/gz_physics_vendor:/opt/ros/jazzy/opt/sdformat_vendor:/opt/ros/jazzy/opt/gz_gui_vendor:/opt/ros/jazzy/opt/gz_transport_vendor:/opt/ros/jazzy/opt/gz_rendering_vendor:/opt/ros/jazzy/opt/gz_plugin_vendor:/opt/ros/jazzy/opt/gz_fuel_tools_vendor:/opt/ros/jazzy/opt/gz_msgs_vendor:/opt/ros/jazzy/opt/gz_common_vendor:/opt/ros/jazzy/opt/gz_math_vendor:/opt/ros/jazzy/opt/gz_utils_vendor:/opt/ros/jazzy/opt/gz_tools_vendor:/opt/ros/jazzy/opt/gz_ogre_next_vendor:/opt/ros/jazzy/opt/gz_dartsim_vendor:/opt/ros/jazzy/opt/gz_cmake_vendor:/opt/ros/jazzy /usr/bin/cmake --build /home/khotkangplue_p/week6_ws/build/robotnik_description -- -j4 -l4
[5.119s] DEBUG:colcon.colcon_core.event_handler.log_command:Invoking command in '/home/khotkangplue_p/week6_ws/build/robotnik_description': AMENT_PREFIX_PATH=/home/khotkangplue_p/week6_ws/install/robotnik_sensors:${AMENT_PREFIX_PATH} CMAKE_PREFIX_PATH=/home/khotkangplue_p/week6_ws/install/robotnik_sensors:/opt/ros/jazzy/opt/gz_sim_vendor:/opt/ros/jazzy/opt/gz_sensors_vendor:/opt/ros/jazzy/opt/gz_physics_vendor:/opt/ros/jazzy/opt/sdformat_vendor:/opt/ros/jazzy/opt/gz_gui_vendor:/opt/ros/jazzy/opt/gz_transport_vendor:/opt/ros/jazzy/opt/gz_rendering_vendor:/opt/ros/jazzy/opt/gz_plugin_vendor:/opt/ros/jazzy/opt/gz_fuel_tools_vendor:/opt/ros/jazzy/opt/gz_msgs_vendor:/opt/ros/jazzy/opt/gz_common_vendor:/opt/ros/jazzy/opt/gz_math_vendor:/opt/ros/jazzy/opt/gz_utils_vendor:/opt/ros/jazzy/opt/gz_tools_vendor:/opt/ros/jazzy/opt/gz_ogre_next_vendor:/opt/ros/jazzy/opt/gz_dartsim_vendor:/opt/ros/jazzy/opt/gz_cmake_vendor:/opt/ros/jazzy /usr/bin/cmake --install /home/khotkangplue_p/week6_ws/build/robotnik_description
[5.295s] Level 1:colcon.colcon_core.environment:create_environment_scripts_only(robotnik_description)
[5.295s] Level 1:colcon.colcon_core.environment:checking '/home/khotkangplue_p/week6_ws/install/robotnik_description' for CMake module files
[5.297s] DEBUG:colcon.colcon_core.event_handler.log_command:Invoked command in '/home/khotkangplue_p/week6_ws/build/robotnik_description' returned '0': AMENT_PREFIX_PATH=/home/khotkangplue_p/week6_ws/install/robotnik_sensors:${AMENT_PREFIX_PATH} CMAKE_PREFIX_PATH=/home/khotkangplue_p/week6_ws/install/robotnik_sensors:/opt/ros/jazzy/opt/gz_sim_vendor:/opt/ros/jazzy/opt/gz_sensors_vendor:/opt/ros/jazzy/opt/gz_physics_vendor:/opt/ros/jazzy/opt/sdformat_vendor:/opt/ros/jazzy/opt/gz_gui_vendor:/opt/ros/jazzy/opt/gz_transport_vendor:/opt/ros/jazzy/opt/gz_rendering_vendor:/opt/ros/jazzy/opt/gz_plugin_vendor:/opt/ros/jazzy/opt/gz_fuel_tools_vendor:/opt/ros/jazzy/opt/gz_msgs_vendor:/opt/ros/jazzy/opt/gz_common_vendor:/opt/ros/jazzy/opt/gz_math_vendor:/opt/ros/jazzy/opt/gz_utils_vendor:/opt/ros/jazzy/opt/gz_tools_vendor:/opt/ros/jazzy/opt/gz_ogre_next_vendor:/opt/ros/jazzy/opt/gz_dartsim_vendor:/opt/ros/jazzy/opt/gz_cmake_vendor:/opt/ros/jazzy /usr/bin/cmake --install /home/khotkangplue_p/week6_ws/build/robotnik_description
[5.298s] Level 1:colcon.colcon_core.environment:checking '/home/khotkangplue_p/week6_ws/install/robotnik_description' for CMake config files
[5.301s] Level 1:colcon.colcon_core.shell:create_environment_hook('robotnik_description', 'cmake_prefix_path')
[5.302s] INFO:colcon.colcon_core.shell:Creating environment hook '/home/khotkangplue_p/week6_ws/install/robotnik_description/share/robotnik_description/hook/cmake_prefix_path.ps1'
[5.302s] INFO:colcon.colcon_core.shell:Creating environment descriptor '/home/khotkangplue_p/week6_ws/install/robotnik_description/share/robotnik_description/hook/cmake_prefix_path.dsv'
[5.303s] INFO:colcon.colcon_core.shell:Creating environment hook '/home/khotkangplue_p/week6_ws/install/robotnik_description/share/robotnik_description/hook/cmake_prefix_path.sh'
[5.306s] Level 1:colcon.colcon_core.environment:checking '/home/khotkangplue_p/week6_ws/install/robotnik_description/bin'
[5.306s] Level 1:colcon.colcon_core.environment:checking '/home/khotkangplue_p/week6_ws/install/robotnik_description/lib/pkgconfig/robotnik_description.pc'
[5.307s] Level 1:colcon.colcon_core.environment:checking '/home/khotkangplue_p/week6_ws/install/robotnik_description/lib/python3.12/site-packages'
[5.307s] Level 1:colcon.colcon_core.environment:checking '/home/khotkangplue_p/week6_ws/install/robotnik_description/bin'
[5.308s] INFO:colcon.colcon_core.shell:Creating package script '/home/khotkangplue_p/week6_ws/install/robotnik_description/share/robotnik_description/package.ps1'
[5.309s] INFO:colcon.colcon_core.shell:Creating package descriptor '/home/khotkangplue_p/week6_ws/install/robotnik_description/share/robotnik_description/package.dsv'
[5.310s] INFO:colcon.colcon_core.shell:Creating package script '/home/khotkangplue_p/week6_ws/install/robotnik_description/share/robotnik_description/package.sh'
[5.311s] INFO:colcon.colcon_core.shell:Creating package script '/home/khotkangplue_p/week6_ws/install/robotnik_description/share/robotnik_description/package.bash'
[5.311s] INFO:colcon.colcon_core.shell:Creating package script '/home/khotkangplue_p/week6_ws/install/robotnik_description/share/robotnik_description/package.zsh'
[5.312s] Level 1:colcon.colcon_core.environment:create_file_with_runtime_dependencies(/home/khotkangplue_p/week6_ws/install/robotnik_description/share/colcon-core/packages/robotnik_description)
[5.314s] Level 1:colcon.colcon_core.environment:create_environment_scripts_only(robotnik_description)
[5.314s] Level 1:colcon.colcon_core.environment:checking '/home/khotkangplue_p/week6_ws/install/robotnik_description' for CMake module files
[5.315s] Level 1:colcon.colcon_core.environment:checking '/home/khotkangplue_p/week6_ws/install/robotnik_description' for CMake config files
[5.317s] Level 1:colcon.colcon_core.shell:create_environment_hook('robotnik_description', 'cmake_prefix_path')
[5.317s] INFO:colcon.colcon_core.shell:Creating environment hook '/home/khotkangplue_p/week6_ws/install/robotnik_description/share/robotnik_description/hook/cmake_prefix_path.ps1'
[5.318s] INFO:colcon.colcon_core.shell:Creating environment descriptor '/home/khotkangplue_p/week6_ws/install/robotnik_description/share/robotnik_description/hook/cmake_prefix_path.dsv'
[5.318s] INFO:colcon.colcon_core.shell:Creating environment hook '/home/khotkangplue_p/week6_ws/install/robotnik_description/share/robotnik_description/hook/cmake_prefix_path.sh'
[5.319s] Level 1:colcon.colcon_core.environment:checking '/home/khotkangplue_p/week6_ws/install/robotnik_description/bin'
[5.319s] Level 1:colcon.colcon_core.environment:checking '/home/khotkangplue_p/week6_ws/install/robotnik_description/lib/pkgconfig/robotnik_description.pc'
[5.320s] Level 1:colcon.colcon_core.environment:checking '/home/khotkangplue_p/week6_ws/install/robotnik_description/lib/python3.12/site-packages'
[5.320s] Level 1:colcon.colcon_core.environment:checking '/home/khotkangplue_p/week6_ws/install/robotnik_description/bin'
[5.321s] INFO:colcon.colcon_core.shell:Creating package script '/home/khotkangplue_p/week6_ws/install/robotnik_description/share/robotnik_description/package.ps1'
[5.321s] INFO:colcon.colcon_core.shell:Creating package descriptor '/home/khotkangplue_p/week6_ws/install/robotnik_description/share/robotnik_description/package.dsv'
[5.322s] INFO:colcon.colcon_core.shell:Creating package script '/home/khotkangplue_p/week6_ws/install/robotnik_description/share/robotnik_description/package.sh'
[5.323s] INFO:colcon.colcon_core.shell:Creating package script '/home/khotkangplue_p/week6_ws/install/robotnik_description/share/robotnik_description/package.bash'
[5.324s] INFO:colcon.colcon_core.shell:Creating package script '/home/khotkangplue_p/week6_ws/install/robotnik_description/share/robotnik_description/package.zsh'
[5.324s] Level 1:colcon.colcon_core.environment:create_file_with_runtime_dependencies(/home/khotkangplue_p/week6_ws/install/robotnik_description/share/colcon-core/packages/robotnik_description)
[5.755s] Level 1:colcon.colcon_core.environment:checking '/home/khotkangplue_p/week6_ws/install/control_rbkairos' for CMake module files
[5.756s] DEBUG:colcon.colcon_core.event_handler.log_command:Invoked command in '/home/khotkangplue_p/week6_ws/src/control_rbkairos' returned '0': PYTHONPATH=/home/khotkangplue_p/week6_ws/build/control_rbkairos/prefix_override:/usr/lib/python3/dist-packages/colcon_core/task/python/colcon_distutils_commands:/home/khotkangplue_p/week6_ws/install/control_rbkairos/lib/python3.12/site-packages:${PYTHONPATH} /usr/bin/python3 -W ignore:setup.py install is deprecated -W ignore:easy_install command is deprecated setup.py egg_info --egg-base ../../build/control_rbkairos build --build-base /home/khotkangplue_p/week6_ws/build/control_rbkairos/build install --record /home/khotkangplue_p/week6_ws/build/control_rbkairos/install.log --single-version-externally-managed install_data --force
[5.757s] Level 1:colcon.colcon_core.environment:checking '/home/khotkangplue_p/week6_ws/install/control_rbkairos' for CMake config files
[5.759s] Level 1:colcon.colcon_core.environment:checking '/home/khotkangplue_p/week6_ws/install/control_rbkairos/lib'
[5.759s] Level 1:colcon.colcon_core.environment:checking '/home/khotkangplue_p/week6_ws/install/control_rbkairos/bin'
[5.760s] Level 1:colcon.colcon_core.environment:checking '/home/khotkangplue_p/week6_ws/install/control_rbkairos/lib/pkgconfig/control_rbkairos.pc'
[5.760s] Level 1:colcon.colcon_core.environment:checking '/home/khotkangplue_p/week6_ws/install/control_rbkairos/lib/python3.12/site-packages'
[5.760s] Level 1:colcon.colcon_core.shell:create_environment_hook('control_rbkairos', 'pythonpath')
[5.760s] INFO:colcon.colcon_core.shell:Creating environment hook '/home/khotkangplue_p/week6_ws/install/control_rbkairos/share/control_rbkairos/hook/pythonpath.ps1'
[5.761s] INFO:colcon.colcon_core.shell:Creating environment descriptor '/home/khotkangplue_p/week6_ws/install/control_rbkairos/share/control_rbkairos/hook/pythonpath.dsv'
[5.761s] INFO:colcon.colcon_core.shell:Creating environment hook '/home/khotkangplue_p/week6_ws/install/control_rbkairos/share/control_rbkairos/hook/pythonpath.sh'
[5.762s] Level 1:colcon.colcon_core.environment:checking '/home/khotkangplue_p/week6_ws/install/control_rbkairos/bin'
[5.763s] Level 1:colcon.colcon_core.environment:create_environment_scripts_only(control_rbkairos)
[5.763s] INFO:colcon.colcon_core.shell:Creating package script '/home/khotkangplue_p/week6_ws/install/control_rbkairos/share/control_rbkairos/package.ps1'
[5.763s] INFO:colcon.colcon_core.shell:Creating package descriptor '/home/khotkangplue_p/week6_ws/install/control_rbkairos/share/control_rbkairos/package.dsv'
[5.764s] INFO:colcon.colcon_core.shell:Creating package script '/home/khotkangplue_p/week6_ws/install/control_rbkairos/share/control_rbkairos/package.sh'
[5.765s] INFO:colcon.colcon_core.shell:Creating package script '/home/khotkangplue_p/week6_ws/install/control_rbkairos/share/control_rbkairos/package.bash'
[5.765s] INFO:colcon.colcon_core.shell:Creating package script '/home/khotkangplue_p/week6_ws/install/control_rbkairos/share/control_rbkairos/package.zsh'
[5.766s] Level 1:colcon.colcon_core.environment:create_file_with_runtime_dependencies(/home/khotkangplue_p/week6_ws/install/control_rbkairos/share/colcon-core/packages/control_rbkairos)
[6.347s] DEBUG:colcon.colcon_core.event_handler.log_command:Invoked command in '/home/khotkangplue_p/week6_ws/build/diff_robot' returned '0': CMAKE_PREFIX_PATH=${CMAKE_PREFIX_PATH}:/opt/ros/jazzy /usr/bin/cmake /home/khotkangplue_p/week6_ws/src/ros2_diff_drive_robot -DCMAKE_INSTALL_PREFIX=/home/khotkangplue_p/week6_ws/install/diff_robot
[6.348s] DEBUG:colcon.colcon_core.event_handler.log_command:Invoking command in '/home/khotkangplue_p/week6_ws/build/diff_robot': CMAKE_PREFIX_PATH=${CMAKE_PREFIX_PATH}:/opt/ros/jazzy /usr/bin/cmake --build /home/khotkangplue_p/week6_ws/build/diff_robot -- -j4 -l4
[6.505s] DEBUG:colcon.colcon_core.event_handler.log_command:Invoked command in '/home/khotkangplue_p/week6_ws/build/diff_robot' returned '0': CMAKE_PREFIX_PATH=${CMAKE_PREFIX_PATH}:/opt/ros/jazzy /usr/bin/cmake --build /home/khotkangplue_p/week6_ws/build/diff_robot -- -j4 -l4
[6.507s] DEBUG:colcon.colcon_core.event_handler.log_command:Invoking command in '/home/khotkangplue_p/week6_ws/build/diff_robot': CMAKE_PREFIX_PATH=${CMAKE_PREFIX_PATH}:/opt/ros/jazzy /usr/bin/cmake --install /home/khotkangplue_p/week6_ws/build/diff_robot
[6.549s] Level 1:colcon.colcon_core.environment:create_environment_scripts_only(diff_robot)
[6.549s] Level 1:colcon.colcon_core.environment:checking '/home/khotkangplue_p/week6_ws/install/diff_robot' for CMake module files
[6.551s] DEBUG:colcon.colcon_core.event_handler.log_command:Invoked command in '/home/khotkangplue_p/week6_ws/build/diff_robot' returned '0': CMAKE_PREFIX_PATH=${CMAKE_PREFIX_PATH}:/opt/ros/jazzy /usr/bin/cmake --install /home/khotkangplue_p/week6_ws/build/diff_robot
[6.551s] Level 1:colcon.colcon_core.environment:checking '/home/khotkangplue_p/week6_ws/install/diff_robot' for CMake config files
[6.553s] Level 1:colcon.colcon_core.shell:create_environment_hook('diff_robot', 'cmake_prefix_path')
[6.553s] INFO:colcon.colcon_core.shell:Creating environment hook '/home/khotkangplue_p/week6_ws/install/diff_robot/share/diff_robot/hook/cmake_prefix_path.ps1'
[6.554s] INFO:colcon.colcon_core.shell:Creating environment descriptor '/home/khotkangplue_p/week6_ws/install/diff_robot/share/diff_robot/hook/cmake_prefix_path.dsv'
[6.554s] INFO:colcon.colcon_core.shell:Creating environment hook '/home/khotkangplue_p/week6_ws/install/diff_robot/share/diff_robot/hook/cmake_prefix_path.sh'
[6.555s] Level 1:colcon.colcon_core.environment:checking '/home/khotkangplue_p/week6_ws/install/diff_robot/lib'
[6.555s] Level 1:colcon.colcon_core.environment:checking '/home/khotkangplue_p/week6_ws/install/diff_robot/bin'
[6.555s] Level 1:colcon.colcon_core.environment:checking '/home/khotkangplue_p/week6_ws/install/diff_robot/lib/pkgconfig/diff_robot.pc'
[6.556s] Level 1:colcon.colcon_core.environment:checking '/home/khotkangplue_p/week6_ws/install/diff_robot/lib/python3.12/site-packages'
[6.556s] Level 1:colcon.colcon_core.environment:checking '/home/khotkangplue_p/week6_ws/install/diff_robot/bin'
[6.556s] INFO:colcon.colcon_core.shell:Creating package script '/home/khotkangplue_p/week6_ws/install/diff_robot/share/diff_robot/package.ps1'
[6.557s] INFO:colcon.colcon_core.shell:Creating package descriptor '/home/khotkangplue_p/week6_ws/install/diff_robot/share/diff_robot/package.dsv'
[6.557s] INFO:colcon.colcon_core.shell:Creating package script '/home/khotkangplue_p/week6_ws/install/diff_robot/share/diff_robot/package.sh'
[6.558s] INFO:colcon.colcon_core.shell:Creating package script '/home/khotkangplue_p/week6_ws/install/diff_robot/share/diff_robot/package.bash'
[6.558s] INFO:colcon.colcon_core.shell:Creating package script '/home/khotkangplue_p/week6_ws/install/diff_robot/share/diff_robot/package.zsh'
[6.559s] Level 1:colcon.colcon_core.environment:create_file_with_runtime_dependencies(/home/khotkangplue_p/week6_ws/install/diff_robot/share/colcon-core/packages/diff_robot)
[6.560s] Level 1:colcon.colcon_core.environment:create_environment_scripts_only(diff_robot)
[6.560s] Level 1:colcon.colcon_core.environment:checking '/home/khotkangplue_p/week6_ws/install/diff_robot' for CMake module files
[6.561s] Level 1:colcon.colcon_core.environment:checking '/home/khotkangplue_p/week6_ws/install/diff_robot' for CMake config files
[6.561s] Level 1:colcon.colcon_core.shell:create_environment_hook('diff_robot', 'cmake_prefix_path')
[6.561s] INFO:colcon.colcon_core.shell:Creating environment hook '/home/khotkangplue_p/week6_ws/install/diff_robot/share/diff_robot/hook/cmake_prefix_path.ps1'
[6.561s] INFO:colcon.colcon_core.shell:Creating environment descriptor '/home/khotkangplue_p/week6_ws/install/diff_robot/share/diff_robot/hook/cmake_prefix_path.dsv'
[6.562s] INFO:colcon.colcon_core.shell:Creating environment hook '/home/khotkangplue_p/week6_ws/install/diff_robot/share/diff_robot/hook/cmake_prefix_path.sh'
[6.563s] Level 1:colcon.colcon_core.environment:checking '/home/khotkangplue_p/week6_ws/install/diff_robot/lib'
[6.563s] Level 1:colcon.colcon_core.environment:checking '/home/khotkangplue_p/week6_ws/install/diff_robot/bin'
[6.563s] Level 1:colcon.colcon_core.environment:checking '/home/khotkangplue_p/week6_ws/install/diff_robot/lib/pkgconfig/diff_robot.pc'
[6.563s] Level 1:colcon.colcon_core.environment:checking '/home/khotkangplue_p/week6_ws/install/diff_robot/lib/python3.12/site-packages'
[6.564s] Level 1:colcon.colcon_core.environment:checking '/home/khotkangplue_p/week6_ws/install/diff_robot/bin'
[6.564s] INFO:colcon.colcon_core.shell:Creating package script '/home/khotkangplue_p/week6_ws/install/diff_robot/share/diff_robot/package.ps1'
[6.565s] INFO:colcon.colcon_core.shell:Creating package descriptor '/home/khotkangplue_p/week6_ws/install/diff_robot/share/diff_robot/package.dsv'
[6.565s] INFO:colcon.colcon_core.shell:Creating package script '/home/khotkangplue_p/week6_ws/install/diff_robot/share/diff_robot/package.sh'
[6.566s] INFO:colcon.colcon_core.shell:Creating package script '/home/khotkangplue_p/week6_ws/install/diff_robot/share/diff_robot/package.bash'
[6.566s] INFO:colcon.colcon_core.shell:Creating package script '/home/khotkangplue_p/week6_ws/install/diff_robot/share/diff_robot/package.zsh'
[6.567s] Level 1:colcon.colcon_core.environment:create_file_with_runtime_dependencies(/home/khotkangplue_p/week6_ws/install/diff_robot/share/colcon-core/packages/diff_robot)
[6.567s] DEBUG:colcon.colcon_parallel_executor.executor.parallel:closing loop
[6.568s] DEBUG:colcon.colcon_parallel_executor.executor.parallel:loop closed
[6.568s] DEBUG:colcon.colcon_parallel_executor.executor.parallel:run_until_complete finished with '0'
[6.568s] DEBUG:colcon.colcon_core.event_reactor:joining thread
[6.738s] INFO:colcon.colcon_core.plugin_system:Skipping extension 'colcon_notification.desktop_notification.notify_send': Could not find 'notify-send'
[6.738s] INFO:colcon.colcon_core.plugin_system:Skipping extension 'colcon_notification.desktop_notification.terminal_notifier': Not used on non-Darwin systems
[6.738s] INFO:colcon.colcon_core.plugin_system:Skipping extension 'colcon_notification.desktop_notification.win32': Not used on non-Windows systems
[6.739s] INFO:colcon.colcon_notification.desktop_notification:Sending desktop notification using 'notify2'
[6.769s] DEBUG:colcon.colcon_notification.desktop_notification.notify2:Failed to initialize notify2: org.freedesktop.DBus.Error.ServiceUnknown: The name org.freedesktop.Notifications was not provided by any .service files
[6.769s] DEBUG:colcon.colcon_core.event_reactor:joined thread
[6.769s] INFO:colcon.colcon_core.shell:Creating prefix script '/home/khotkangplue_p/week6_ws/install/local_setup.ps1'
[6.771s] INFO:colcon.colcon_core.shell:Creating prefix util module '/home/khotkangplue_p/week6_ws/install/_local_setup_util_ps1.py'
[6.773s] INFO:colcon.colcon_core.shell:Creating prefix chain script '/home/khotkangplue_p/week6_ws/install/setup.ps1'
[6.775s] INFO:colcon.colcon_core.shell:Creating prefix script '/home/khotkangplue_p/week6_ws/install/local_setup.sh'
[6.776s] INFO:colcon.colcon_core.shell:Creating prefix util module '/home/khotkangplue_p/week6_ws/install/_local_setup_util_sh.py'
[6.777s] INFO:colcon.colcon_core.shell:Creating prefix chain script '/home/khotkangplue_p/week6_ws/install/setup.sh'
[6.779s] INFO:colcon.colcon_core.shell:Creating prefix script '/home/khotkangplue_p/week6_ws/install/local_setup.bash'
[6.780s] INFO:colcon.colcon_core.shell:Creating prefix chain script '/home/khotkangplue_p/week6_ws/install/setup.bash'
[6.781s] INFO:colcon.colcon_core.shell:Creating prefix script '/home/khotkangplue_p/week6_ws/install/local_setup.zsh'
[6.782s] INFO:colcon.colcon_core.shell:Creating prefix chain script '/home/khotkangplue_p/week6_ws/install/setup.zsh'
