[0.426s] Invoking command in '/home/khotkangplue_p/week6_ws/build/robotnik_common': CMAKE_PREFIX_PATH=${CMAKE_PREFIX_PATH}:/opt/ros/jazzy /usr/bin/cmake /home/khotkangplue_p/week6_ws/src/robotnik_common/robotnik_common -DCMAKE_INSTALL_PREFIX=/home/khotkangplue_p/week6_ws/install/robotnik_common
[0.443s] -- Found ament_cmake_core: 2.5.4 (/opt/ros/jazzy/share/ament_cmake_core/cmake)
[0.614s] -- Override CMake install command with custom implementation using symlinks instead of copying resources
[0.616s] -- Found ament_cmake_python: 2.5.4 (/opt/ros/jazzy/share/ament_cmake_python/cmake)
[0.996s] -- Configuring done (0.6s)
[1.023s] -- Generating done (0.0s)
[1.028s] -- Build files have been written to: /home/khotkangplue_p/week6_ws/build/robotnik_common
[1.039s] Invoked command in '/home/khotkangplue_p/week6_ws/build/robotnik_common' returned '0': CMAKE_PREFIX_PATH=${CMAKE_PREFIX_PATH}:/opt/ros/jazzy /usr/bin/cmake /home/khotkangplue_p/week6_ws/src/robotnik_common/robotnik_common -DCMAKE_INSTALL_PREFIX=/home/khotkangplue_p/week6_ws/install/robotnik_common
[1.041s] Invoking command in '/home/khotkangplue_p/week6_ws/build/robotnik_common': CMAKE_PREFIX_PATH=${CMAKE_PREFIX_PATH}:/opt/ros/jazzy /usr/bin/cmake --build /home/khotkangplue_p/week6_ws/build/robotnik_common -- -j4 -l4
[1.141s] Built target ament_cmake_python_symlink_robotnik_common
[1.570s] running egg_info
[1.612s] writing robotnik_common.egg-info/PKG-INFO
[1.613s] writing dependency_links to robotnik_common.egg-info/dependency_links.txt
[1.613s] writing top-level names to robotnik_common.egg-info/top_level.txt
[1.747s] reading manifest file 'robotnik_common.egg-info/SOURCES.txt'
[1.748s] writing manifest file 'robotnik_common.egg-info/SOURCES.txt'
[1.809s] Built target ament_cmake_python_build_robotnik_common_egg
[1.823s] Invoked command in '/home/khotkangplue_p/week6_ws/build/robotnik_common' returned '0': CMAKE_PREFIX_PATH=${CMAKE_PREFIX_PATH}:/opt/ros/jazzy /usr/bin/cmake --build /home/khotkangplue_p/week6_ws/build/robotnik_common -- -j4 -l4
[1.837s] Invoking command in '/home/khotkangplue_p/week6_ws/build/robotnik_common': CMAKE_PREFIX_PATH=${CMAKE_PREFIX_PATH}:/opt/ros/jazzy /usr/bin/cmake --install /home/khotkangplue_p/week6_ws/build/robotnik_common
[1.849s] -- Install configuration: ""
[1.850s] -- Execute custom install script
[1.852s] -- Up-to-date symlink: /home/khotkangplue_p/week6_ws/install/robotnik_common/share/robotnik_common/environment/pythonpath.sh
[1.853s] -- Up-to-date symlink: /home/khotkangplue_p/week6_ws/install/robotnik_common/share/robotnik_common/environment/pythonpath.dsv
[1.856s] -- Up-to-date symlink: /home/khotkangplue_p/week6_ws/install/robotnik_common/lib/python3.12/site-packages/robotnik_common-1.2.0-py3.12.egg-info/PKG-INFO
[1.857s] -- Up-to-date symlink: /home/khotkangplue_p/week6_ws/install/robotnik_common/lib/python3.12/site-packages/robotnik_common-1.2.0-py3.12.egg-info/SOURCES.txt
[1.858s] -- Up-to-date symlink: /home/khotkangplue_p/week6_ws/install/robotnik_common/lib/python3.12/site-packages/robotnik_common-1.2.0-py3.12.egg-info/dependency_links.txt
[1.859s] -- Up-to-date symlink: /home/khotkangplue_p/week6_ws/install/robotnik_common/lib/python3.12/site-packages/robotnik_common-1.2.0-py3.12.egg-info/top_level.txt
[1.861s] -- Up-to-date symlink: /home/khotkangplue_p/week6_ws/install/robotnik_common/lib/python3.12/site-packages/robotnik_common/__init__.py
[1.862s] -- Up-to-date symlink: /home/khotkangplue_p/week6_ws/install/robotnik_common/lib/python3.12/site-packages/robotnik_common/__init__.py:Zone.Identifier
[1.863s] -- Up-to-date symlink: /home/khotkangplue_p/week6_ws/install/robotnik_common/lib/python3.12/site-packages/robotnik_common/launch/__init__.py
[1.863s] -- Up-to-date symlink: /home/khotkangplue_p/week6_ws/install/robotnik_common/lib/python3.12/site-packages/robotnik_common/launch/__init__.py:Zone.Identifier
[1.864s] -- Up-to-date symlink: /home/khotkangplue_p/week6_ws/install/robotnik_common/lib/python3.12/site-packages/robotnik_common/launch/__init__.py:Zone.Identifier:Zone.Identifier
[1.865s] -- Up-to-date symlink: /home/khotkangplue_p/week6_ws/install/robotnik_common/lib/python3.12/site-packages/robotnik_common/launch/add_launch_args.py
[1.865s] -- Up-to-date symlink: /home/khotkangplue_p/week6_ws/install/robotnik_common/lib/python3.12/site-packages/robotnik_common/launch/add_launch_args.py:Zone.Identifier
[1.866s] -- Up-to-date symlink: /home/khotkangplue_p/week6_ws/install/robotnik_common/lib/python3.12/site-packages/robotnik_common/launch/add_launch_args.py:Zone.Identifier:Zone.Identifier
[1.867s] -- Up-to-date symlink: /home/khotkangplue_p/week6_ws/install/robotnik_common/lib/python3.12/site-packages/robotnik_common/launch/global_scope.py
[1.868s] -- Up-to-date symlink: /home/khotkangplue_p/week6_ws/install/robotnik_common/lib/python3.12/site-packages/robotnik_common/launch/global_scope.py:Zone.Identifier
[1.869s] -- Up-to-date symlink: /home/khotkangplue_p/week6_ws/install/robotnik_common/lib/python3.12/site-packages/robotnik_common/launch/global_scope.py:Zone.Identifier:Zone.Identifier
[1.870s] -- Up-to-date symlink: /home/khotkangplue_p/week6_ws/install/robotnik_common/lib/python3.12/site-packages/robotnik_common/launch/rewritten_yaml.py
[1.871s] -- Up-to-date symlink: /home/khotkangplue_p/week6_ws/install/robotnik_common/lib/python3.12/site-packages/robotnik_common/launch/rewritten_yaml.py:Zone.Identifier
[1.872s] -- Up-to-date symlink: /home/khotkangplue_p/week6_ws/install/robotnik_common/lib/python3.12/site-packages/robotnik_common/launch/rewritten_yaml.py:Zone.Identifier:Zone.Identifier
[1.874s] -- Up-to-date symlink: /home/khotkangplue_p/week6_ws/install/robotnik_common/share/ament_index/resource_index/package_run_dependencies/robotnik_common
[1.875s] -- Up-to-date symlink: /home/khotkangplue_p/week6_ws/install/robotnik_common/share/ament_index/resource_index/parent_prefix_path/robotnik_common
[1.876s] -- Up-to-date symlink: /home/khotkangplue_p/week6_ws/install/robotnik_common/share/robotnik_common/environment/ament_prefix_path.sh
[1.877s] -- Up-to-date symlink: /home/khotkangplue_p/week6_ws/install/robotnik_common/share/robotnik_common/environment/ament_prefix_path.dsv
[1.878s] -- Up-to-date symlink: /home/khotkangplue_p/week6_ws/install/robotnik_common/share/robotnik_common/environment/path.sh
[1.879s] -- Up-to-date symlink: /home/khotkangplue_p/week6_ws/install/robotnik_common/share/robotnik_common/environment/path.dsv
[1.880s] -- Up-to-date symlink: /home/khotkangplue_p/week6_ws/install/robotnik_common/share/robotnik_common/local_setup.bash
[1.881s] -- Up-to-date symlink: /home/khotkangplue_p/week6_ws/install/robotnik_common/share/robotnik_common/local_setup.sh
[1.882s] -- Up-to-date symlink: /home/khotkangplue_p/week6_ws/install/robotnik_common/share/robotnik_common/local_setup.zsh
[1.883s] -- Up-to-date symlink: /home/khotkangplue_p/week6_ws/install/robotnik_common/share/robotnik_common/local_setup.dsv
[1.883s] -- Symlinking: /home/khotkangplue_p/week6_ws/install/robotnik_common/share/robotnik_common/package.dsv
[1.900s] -- Up-to-date symlink: /home/khotkangplue_p/week6_ws/install/robotnik_common/share/ament_index/resource_index/packages/robotnik_common
[1.901s] -- Up-to-date symlink: /home/khotkangplue_p/week6_ws/install/robotnik_common/share/robotnik_common/cmake/robotnik_commonConfig.cmake
[1.901s] -- Up-to-date symlink: /home/khotkangplue_p/week6_ws/install/robotnik_common/share/robotnik_common/cmake/robotnik_commonConfig-version.cmake
[1.902s] -- Up-to-date symlink: /home/khotkangplue_p/week6_ws/install/robotnik_common/share/robotnik_common/package.xml
[1.984s] Listing '/home/khotkangplue_p/week6_ws/install/robotnik_common/lib/python3.12/site-packages/robotnik_common'...
[1.984s] Listing '/home/khotkangplue_p/week6_ws/install/robotnik_common/lib/python3.12/site-packages/robotnik_common/launch'...
[2.000s] Invoked command in '/home/khotkangplue_p/week6_ws/build/robotnik_common' returned '0': CMAKE_PREFIX_PATH=${CMAKE_PREFIX_PATH}:/opt/ros/jazzy /usr/bin/cmake --install /home/khotkangplue_p/week6_ws/build/robotnik_common
