[0.229s] DEBUG:colcon:Command line arguments: ['/usr/bin/colcon', 'build', '--symlink-install']
[0.229s] DEBUG:colcon:Parsed command line arguments: Namespace(log_base=None, log_level=None, verb_name='build', build_base='build', install_base='install', merge_install=False, symlink_install=True, test_result_base=None, continue_on_error=False, executor='parallel', parallel_workers=4, event_handlers=None, ignore_user_meta=False, metas=['./colcon.meta'], base_paths=['.'], packages_ignore=None, packages_ignore_regex=None, paths=None, packages_up_to=None, packages_up_to_regex=None, packages_above=None, packages_above_and_dependencies=None, packages_above_depth=None, packages_select_by_dep=None, packages_skip_by_dep=None, packages_skip_up_to=None, packages_select_build_failed=False, packages_skip_build_finished=False, packages_select_test_failures=False, packages_skip_test_passed=False, packages_select=None, packages_skip=None, packages_select_regex=None, packages_skip_regex=None, packages_start=None, packages_end=None, allow_overriding=[], cmake_args=None, cmake_target=None, cmake_target_skip_unavailable=False, cmake_clean_cache=False, cmake_clean_first=False, cmake_force_configure=False, ament_cmake_args=None, catkin_cmake_args=None, catkin_skip_building_tests=False, mixin_files=None, mixin=None, verb_parser=<colcon_mixin.mixin.mixin_argument.MixinArgumentDecorator object at 0x7f3578b14ec0>, verb_extension=<colcon_core.verb.build.BuildVerb object at 0x7f3578cd5970>, main=<bound method BuildVerb.main of <colcon_core.verb.build.BuildVerb object at 0x7f3578cd5970>>, mixin_verb=('build',))
[0.260s] Level 1:colcon.colcon_core.package_discovery:discover_packages(colcon_meta) check parameters
[0.260s] Level 1:colcon.colcon_core.package_discovery:discover_packages(recursive) check parameters
[0.260s] Level 1:colcon.colcon_core.package_discovery:discover_packages(ignore) check parameters
[0.260s] Level 1:colcon.colcon_core.package_discovery:discover_packages(path) check parameters
[0.260s] Level 1:colcon.colcon_core.package_discovery:discover_packages(colcon_meta) discover
[0.260s] Level 1:colcon.colcon_core.package_discovery:discover_packages(recursive) discover
[0.261s] INFO:colcon.colcon_core.package_discovery:Crawling recursively for packages in '/home/khotkangplue_p/week6_ws'
[0.261s] Level 1:colcon.colcon_core.package_identification:_identify(.) by extensions ['ignore', 'ignore_ament_install']
[0.261s] Level 1:colcon.colcon_core.package_identification:_identify(.) by extension 'ignore'
[0.261s] Level 1:colcon.colcon_core.package_identification:_identify(.) by extension 'ignore_ament_install'
[0.261s] Level 1:colcon.colcon_core.package_identification:_identify(.) by extensions ['colcon_pkg']
[0.261s] Level 1:colcon.colcon_core.package_identification:_identify(.) by extension 'colcon_pkg'
[0.261s] Level 1:colcon.colcon_core.package_identification:_identify(.) by extensions ['colcon_meta']
[0.261s] Level 1:colcon.colcon_core.package_identification:_identify(.) by extension 'colcon_meta'
[0.261s] Level 1:colcon.colcon_core.package_identification:_identify(.) by extensions ['ros']
[0.261s] Level 1:colcon.colcon_core.package_identification:_identify(.) by extension 'ros'
[0.283s] Level 1:colcon.colcon_core.package_identification:_identify(.) by extensions ['cmake', 'python']
[0.284s] Level 1:colcon.colcon_core.package_identification:_identify(.) by extension 'cmake'
[0.284s] Level 1:colcon.colcon_core.package_identification:_identify(.) by extension 'python'
[0.284s] Level 1:colcon.colcon_core.package_identification:_identify(.) by extensions ['python_setup_py']
[0.284s] Level 1:colcon.colcon_core.package_identification:_identify(.) by extension 'python_setup_py'
[0.284s] Level 1:colcon.colcon_core.package_identification:_identify(build) by extensions ['ignore', 'ignore_ament_install']
[0.284s] Level 1:colcon.colcon_core.package_identification:_identify(build) by extension 'ignore'
[0.284s] Level 1:colcon.colcon_core.package_identification:_identify(build) ignored
[0.284s] Level 1:colcon.colcon_core.package_identification:_identify(install) by extensions ['ignore', 'ignore_ament_install']
[0.284s] Level 1:colcon.colcon_core.package_identification:_identify(install) by extension 'ignore'
[0.284s] Level 1:colcon.colcon_core.package_identification:_identify(install) ignored
[0.284s] Level 1:colcon.colcon_core.package_identification:_identify(log) by extensions ['ignore', 'ignore_ament_install']
[0.284s] Level 1:colcon.colcon_core.package_identification:_identify(log) by extension 'ignore'
[0.284s] Level 1:colcon.colcon_core.package_identification:_identify(log) ignored
[0.284s] Level 1:colcon.colcon_core.package_identification:_identify(robot_models) by extensions ['ignore', 'ignore_ament_install']
[0.284s] Level 1:colcon.colcon_core.package_identification:_identify(robot_models) by extension 'ignore'
[0.284s] Level 1:colcon.colcon_core.package_identification:_identify(robot_models) by extension 'ignore_ament_install'
[0.285s] Level 1:colcon.colcon_core.package_identification:_identify(robot_models) by extensions ['colcon_pkg']
[0.285s] Level 1:colcon.colcon_core.package_identification:_identify(robot_models) by extension 'colcon_pkg'
[0.285s] Level 1:colcon.colcon_core.package_identification:_identify(robot_models) by extensions ['colcon_meta']
[0.285s] Level 1:colcon.colcon_core.package_identification:_identify(robot_models) by extension 'colcon_meta'
[0.285s] Level 1:colcon.colcon_core.package_identification:_identify(robot_models) by extensions ['ros']
[0.285s] Level 1:colcon.colcon_core.package_identification:_identify(robot_models) by extension 'ros'
[0.285s] Level 1:colcon.colcon_core.package_identification:_identify(robot_models) by extensions ['cmake', 'python']
[0.285s] Level 1:colcon.colcon_core.package_identification:_identify(robot_models) by extension 'cmake'
[0.285s] Level 1:colcon.colcon_core.package_identification:_identify(robot_models) by extension 'python'
[0.285s] Level 1:colcon.colcon_core.package_identification:_identify(robot_models) by extensions ['python_setup_py']
[0.285s] Level 1:colcon.colcon_core.package_identification:_identify(robot_models) by extension 'python_setup_py'
[0.285s] Level 1:colcon.colcon_core.package_identification:_identify(src) by extensions ['ignore', 'ignore_ament_install']
[0.285s] Level 1:colcon.colcon_core.package_identification:_identify(src) by extension 'ignore'
[0.285s] Level 1:colcon.colcon_core.package_identification:_identify(src) by extension 'ignore_ament_install'
[0.285s] Level 1:colcon.colcon_core.package_identification:_identify(src) by extensions ['colcon_pkg']
[0.285s] Level 1:colcon.colcon_core.package_identification:_identify(src) by extension 'colcon_pkg'
[0.285s] Level 1:colcon.colcon_core.package_identification:_identify(src) by extensions ['colcon_meta']
[0.285s] Level 1:colcon.colcon_core.package_identification:_identify(src) by extension 'colcon_meta'
[0.285s] Level 1:colcon.colcon_core.package_identification:_identify(src) by extensions ['ros']
[0.285s] Level 1:colcon.colcon_core.package_identification:_identify(src) by extension 'ros'
[0.285s] Level 1:colcon.colcon_core.package_identification:_identify(src) by extensions ['cmake', 'python']
[0.285s] Level 1:colcon.colcon_core.package_identification:_identify(src) by extension 'cmake'
[0.285s] Level 1:colcon.colcon_core.package_identification:_identify(src) by extension 'python'
[0.285s] Level 1:colcon.colcon_core.package_identification:_identify(src) by extensions ['python_setup_py']
[0.285s] Level 1:colcon.colcon_core.package_identification:_identify(src) by extension 'python_setup_py'
[0.285s] Level 1:colcon.colcon_core.package_identification:_identify(src/control_rbkairos) by extensions ['ignore', 'ignore_ament_install']
[0.286s] Level 1:colcon.colcon_core.package_identification:_identify(src/control_rbkairos) by extension 'ignore'
[0.286s] Level 1:colcon.colcon_core.package_identification:_identify(src/control_rbkairos) by extension 'ignore_ament_install'
[0.286s] Level 1:colcon.colcon_core.package_identification:_identify(src/control_rbkairos) by extensions ['colcon_pkg']
[0.286s] Level 1:colcon.colcon_core.package_identification:_identify(src/control_rbkairos) by extension 'colcon_pkg'
[0.286s] Level 1:colcon.colcon_core.package_identification:_identify(src/control_rbkairos) by extensions ['colcon_meta']
[0.286s] Level 1:colcon.colcon_core.package_identification:_identify(src/control_rbkairos) by extension 'colcon_meta'
[0.286s] Level 1:colcon.colcon_core.package_identification:_identify(src/control_rbkairos) by extensions ['ros']
[0.286s] Level 1:colcon.colcon_core.package_identification:_identify(src/control_rbkairos) by extension 'ros'
[0.288s] DEBUG:colcon.colcon_core.package_identification:Package 'src/control_rbkairos' with type 'ros.ament_python' and name 'control_rbkairos'
[0.288s] Level 1:colcon.colcon_core.package_identification:_identify(src/robotnik_common) by extensions ['ignore', 'ignore_ament_install']
[0.288s] Level 1:colcon.colcon_core.package_identification:_identify(src/robotnik_common) by extension 'ignore'
[0.288s] Level 1:colcon.colcon_core.package_identification:_identify(src/robotnik_common) by extension 'ignore_ament_install'
[0.288s] Level 1:colcon.colcon_core.package_identification:_identify(src/robotnik_common) by extensions ['colcon_pkg']
[0.288s] Level 1:colcon.colcon_core.package_identification:_identify(src/robotnik_common) by extension 'colcon_pkg'
[0.289s] Level 1:colcon.colcon_core.package_identification:_identify(src/robotnik_common) by extensions ['colcon_meta']
[0.289s] Level 1:colcon.colcon_core.package_identification:_identify(src/robotnik_common) by extension 'colcon_meta'
[0.289s] Level 1:colcon.colcon_core.package_identification:_identify(src/robotnik_common) by extensions ['ros']
[0.289s] Level 1:colcon.colcon_core.package_identification:_identify(src/robotnik_common) by extension 'ros'
[0.289s] Level 1:colcon.colcon_core.package_identification:_identify(src/robotnik_common) by extensions ['cmake', 'python']
[0.289s] Level 1:colcon.colcon_core.package_identification:_identify(src/robotnik_common) by extension 'cmake'
[0.289s] Level 1:colcon.colcon_core.package_identification:_identify(src/robotnik_common) by extension 'python'
[0.289s] Level 1:colcon.colcon_core.package_identification:_identify(src/robotnik_common) by extensions ['python_setup_py']
[0.289s] Level 1:colcon.colcon_core.package_identification:_identify(src/robotnik_common) by extension 'python_setup_py'
[0.289s] Level 1:colcon.colcon_core.package_identification:_identify(src/robotnik_common/robotnik_common) by extensions ['ignore', 'ignore_ament_install']
[0.289s] Level 1:colcon.colcon_core.package_identification:_identify(src/robotnik_common/robotnik_common) by extension 'ignore'
[0.289s] Level 1:colcon.colcon_core.package_identification:_identify(src/robotnik_common/robotnik_common) by extension 'ignore_ament_install'
[0.289s] Level 1:colcon.colcon_core.package_identification:_identify(src/robotnik_common/robotnik_common) by extensions ['colcon_pkg']
[0.289s] Level 1:colcon.colcon_core.package_identification:_identify(src/robotnik_common/robotnik_common) by extension 'colcon_pkg'
[0.289s] Level 1:colcon.colcon_core.package_identification:_identify(src/robotnik_common/robotnik_common) by extensions ['colcon_meta']
[0.289s] Level 1:colcon.colcon_core.package_identification:_identify(src/robotnik_common/robotnik_common) by extension 'colcon_meta'
[0.289s] Level 1:colcon.colcon_core.package_identification:_identify(src/robotnik_common/robotnik_common) by extensions ['ros']
[0.289s] Level 1:colcon.colcon_core.package_identification:_identify(src/robotnik_common/robotnik_common) by extension 'ros'
[0.290s] DEBUG:colcon.colcon_core.package_identification:Package 'src/robotnik_common/robotnik_common' with type 'ros.ament_cmake' and name 'robotnik_common'
[0.290s] Level 1:colcon.colcon_core.package_identification:_identify(src/robotnik_description) by extensions ['ignore', 'ignore_ament_install']
[0.290s] Level 1:colcon.colcon_core.package_identification:_identify(src/robotnik_description) by extension 'ignore'
[0.290s] Level 1:colcon.colcon_core.package_identification:_identify(src/robotnik_description) by extension 'ignore_ament_install'
[0.290s] Level 1:colcon.colcon_core.package_identification:_identify(src/robotnik_description) by extensions ['colcon_pkg']
[0.290s] Level 1:colcon.colcon_core.package_identification:_identify(src/robotnik_description) by extension 'colcon_pkg'
[0.290s] Level 1:colcon.colcon_core.package_identification:_identify(src/robotnik_description) by extensions ['colcon_meta']
[0.290s] Level 1:colcon.colcon_core.package_identification:_identify(src/robotnik_description) by extension 'colcon_meta'
[0.290s] Level 1:colcon.colcon_core.package_identification:_identify(src/robotnik_description) by extensions ['ros']
[0.290s] Level 1:colcon.colcon_core.package_identification:_identify(src/robotnik_description) by extension 'ros'
[0.290s] DEBUG:colcon.colcon_core.package_identification:Package 'src/robotnik_description' with type 'ros.ament_cmake' and name 'robotnik_description'
[0.291s] Level 1:colcon.colcon_core.package_identification:_identify(src/robotnik_sensors) by extensions ['ignore', 'ignore_ament_install']
[0.291s] Level 1:colcon.colcon_core.package_identification:_identify(src/robotnik_sensors) by extension 'ignore'
[0.291s] Level 1:colcon.colcon_core.package_identification:_identify(src/robotnik_sensors) by extension 'ignore_ament_install'
[0.291s] Level 1:colcon.colcon_core.package_identification:_identify(src/robotnik_sensors) by extensions ['colcon_pkg']
[0.291s] Level 1:colcon.colcon_core.package_identification:_identify(src/robotnik_sensors) by extension 'colcon_pkg'
[0.291s] Level 1:colcon.colcon_core.package_identification:_identify(src/robotnik_sensors) by extensions ['colcon_meta']
[0.291s] Level 1:colcon.colcon_core.package_identification:_identify(src/robotnik_sensors) by extension 'colcon_meta'
[0.291s] Level 1:colcon.colcon_core.package_identification:_identify(src/robotnik_sensors) by extensions ['ros']
[0.291s] Level 1:colcon.colcon_core.package_identification:_identify(src/robotnik_sensors) by extension 'ros'
[0.291s] Level 1:colcon.colcon_core.package_identification:_identify(src/robotnik_sensors) by extensions ['cmake', 'python']
[0.291s] Level 1:colcon.colcon_core.package_identification:_identify(src/robotnik_sensors) by extension 'cmake'
[0.291s] Level 1:colcon.colcon_core.package_identification:_identify(src/robotnik_sensors) by extension 'python'
[0.291s] Level 1:colcon.colcon_core.package_identification:_identify(src/robotnik_sensors) by extensions ['python_setup_py']
[0.291s] Level 1:colcon.colcon_core.package_identification:_identify(src/robotnik_sensors) by extension 'python_setup_py'
[0.291s] Level 1:colcon.colcon_core.package_identification:_identify(src/robotnik_sensors/robotnik_sensors) by extensions ['ignore', 'ignore_ament_install']
[0.291s] Level 1:colcon.colcon_core.package_identification:_identify(src/robotnik_sensors/robotnik_sensors) by extension 'ignore'
[0.291s] Level 1:colcon.colcon_core.package_identification:_identify(src/robotnik_sensors/robotnik_sensors) by extension 'ignore_ament_install'
[0.291s] Level 1:colcon.colcon_core.package_identification:_identify(src/robotnik_sensors/robotnik_sensors) by extensions ['colcon_pkg']
[0.291s] Level 1:colcon.colcon_core.package_identification:_identify(src/robotnik_sensors/robotnik_sensors) by extension 'colcon_pkg'
[0.291s] Level 1:colcon.colcon_core.package_identification:_identify(src/robotnik_sensors/robotnik_sensors) by extensions ['colcon_meta']
[0.291s] Level 1:colcon.colcon_core.package_identification:_identify(src/robotnik_sensors/robotnik_sensors) by extension 'colcon_meta'
[0.291s] Level 1:colcon.colcon_core.package_identification:_identify(src/robotnik_sensors/robotnik_sensors) by extensions ['ros']
[0.291s] Level 1:colcon.colcon_core.package_identification:_identify(src/robotnik_sensors/robotnik_sensors) by extension 'ros'
[0.292s] DEBUG:colcon.colcon_core.package_identification:Package 'src/robotnik_sensors/robotnik_sensors' with type 'ros.ament_cmake' and name 'robotnik_sensors'
[0.292s] Level 1:colcon.colcon_core.package_identification:_identify(src/ros2_diff_drive_robot) by extensions ['ignore', 'ignore_ament_install']
[0.292s] Level 1:colcon.colcon_core.package_identification:_identify(src/ros2_diff_drive_robot) by extension 'ignore'
[0.292s] Level 1:colcon.colcon_core.package_identification:_identify(src/ros2_diff_drive_robot) by extension 'ignore_ament_install'
[0.292s] Level 1:colcon.colcon_core.package_identification:_identify(src/ros2_diff_drive_robot) by extensions ['colcon_pkg']
[0.292s] Level 1:colcon.colcon_core.package_identification:_identify(src/ros2_diff_drive_robot) by extension 'colcon_pkg'
[0.292s] Level 1:colcon.colcon_core.package_identification:_identify(src/ros2_diff_drive_robot) by extensions ['colcon_meta']
[0.292s] Level 1:colcon.colcon_core.package_identification:_identify(src/ros2_diff_drive_robot) by extension 'colcon_meta'
[0.292s] Level 1:colcon.colcon_core.package_identification:_identify(src/ros2_diff_drive_robot) by extensions ['ros']
[0.292s] Level 1:colcon.colcon_core.package_identification:_identify(src/ros2_diff_drive_robot) by extension 'ros'
[0.293s] DEBUG:colcon.colcon_core.package_identification:Package 'src/ros2_diff_drive_robot' with type 'ros.ament_cmake' and name 'diff_robot'
[0.293s] Level 1:colcon.colcon_core.package_discovery:discover_packages(recursive) using defaults
[0.293s] Level 1:colcon.colcon_core.package_discovery:discover_packages(ignore) discover
[0.293s] Level 1:colcon.colcon_core.package_discovery:discover_packages(ignore) using defaults
[0.293s] Level 1:colcon.colcon_core.package_discovery:discover_packages(path) discover
[0.293s] Level 1:colcon.colcon_core.package_discovery:discover_packages(path) using defaults
[0.309s] Level 1:colcon.colcon_core.package_discovery:discover_packages(prefix_path) check parameters
[0.309s] Level 1:colcon.colcon_core.package_discovery:discover_packages(prefix_path) discover
[0.310s] Level 1:colcon.colcon_core.package_discovery:discover_packages(prefix_path) using defaults
[0.310s] Level 5:colcon.colcon_core.verb:set package 'control_rbkairos' build argument 'cmake_args' from command line to 'None'
[0.310s] Level 5:colcon.colcon_core.verb:set package 'control_rbkairos' build argument 'cmake_target' from command line to 'None'
[0.310s] Level 5:colcon.colcon_core.verb:set package 'control_rbkairos' build argument 'cmake_target_skip_unavailable' from command line to 'False'
[0.311s] Level 5:colcon.colcon_core.verb:set package 'control_rbkairos' build argument 'cmake_clean_cache' from command line to 'False'
[0.311s] Level 5:colcon.colcon_core.verb:set package 'control_rbkairos' build argument 'cmake_clean_first' from command line to 'False'
[0.311s] Level 5:colcon.colcon_core.verb:set package 'control_rbkairos' build argument 'cmake_force_configure' from command line to 'False'
[0.311s] Level 5:colcon.colcon_core.verb:set package 'control_rbkairos' build argument 'ament_cmake_args' from command line to 'None'
[0.311s] Level 5:colcon.colcon_core.verb:set package 'control_rbkairos' build argument 'catkin_cmake_args' from command line to 'None'
[0.311s] Level 5:colcon.colcon_core.verb:set package 'control_rbkairos' build argument 'catkin_skip_building_tests' from command line to 'False'
[0.311s] DEBUG:colcon.colcon_core.verb:Building package 'control_rbkairos' with the following arguments: {'ament_cmake_args': None, 'build_base': '/home/khotkangplue_p/week6_ws/build/control_rbkairos', 'catkin_cmake_args': None, 'catkin_skip_building_tests': False, 'cmake_args': None, 'cmake_clean_cache': False, 'cmake_clean_first': False, 'cmake_force_configure': False, 'cmake_target': None, 'cmake_target_skip_unavailable': False, 'install_base': '/home/khotkangplue_p/week6_ws/install/control_rbkairos', 'merge_install': False, 'path': '/home/khotkangplue_p/week6_ws/src/control_rbkairos', 'symlink_install': True, 'test_result_base': None}
[0.311s] Level 5:colcon.colcon_core.verb:set package 'diff_robot' build argument 'cmake_args' from command line to 'None'
[0.311s] Level 5:colcon.colcon_core.verb:set package 'diff_robot' build argument 'cmake_target' from command line to 'None'
[0.311s] Level 5:colcon.colcon_core.verb:set package 'diff_robot' build argument 'cmake_target_skip_unavailable' from command line to 'False'
[0.311s] Level 5:colcon.colcon_core.verb:set package 'diff_robot' build argument 'cmake_clean_cache' from command line to 'False'
[0.311s] Level 5:colcon.colcon_core.verb:set package 'diff_robot' build argument 'cmake_clean_first' from command line to 'False'
[0.311s] Level 5:colcon.colcon_core.verb:set package 'diff_robot' build argument 'cmake_force_configure' from command line to 'False'
[0.311s] Level 5:colcon.colcon_core.verb:set package 'diff_robot' build argument 'ament_cmake_args' from command line to 'None'
[0.311s] Level 5:colcon.colcon_core.verb:set package 'diff_robot' build argument 'catkin_cmake_args' from command line to 'None'
[0.311s] Level 5:colcon.colcon_core.verb:set package 'diff_robot' build argument 'catkin_skip_building_tests' from command line to 'False'
[0.311s] DEBUG:colcon.colcon_core.verb:Building package 'diff_robot' with the following arguments: {'ament_cmake_args': None, 'build_base': '/home/khotkangplue_p/week6_ws/build/diff_robot', 'catkin_cmake_args': None, 'catkin_skip_building_tests': False, 'cmake_args': None, 'cmake_clean_cache': False, 'cmake_clean_first': False, 'cmake_force_configure': False, 'cmake_target': None, 'cmake_target_skip_unavailable': False, 'install_base': '/home/khotkangplue_p/week6_ws/install/diff_robot', 'merge_install': False, 'path': '/home/khotkangplue_p/week6_ws/src/ros2_diff_drive_robot', 'symlink_install': True, 'test_result_base': None}
[0.311s] Level 5:colcon.colcon_core.verb:set package 'robotnik_common' build argument 'cmake_args' from command line to 'None'
[0.311s] Level 5:colcon.colcon_core.verb:set package 'robotnik_common' build argument 'cmake_target' from command line to 'None'
[0.311s] Level 5:colcon.colcon_core.verb:set package 'robotnik_common' build argument 'cmake_target_skip_unavailable' from command line to 'False'
[0.311s] Level 5:colcon.colcon_core.verb:set package 'robotnik_common' build argument 'cmake_clean_cache' from command line to 'False'
[0.311s] Level 5:colcon.colcon_core.verb:set package 'robotnik_common' build argument 'cmake_clean_first' from command line to 'False'
[0.311s] Level 5:colcon.colcon_core.verb:set package 'robotnik_common' build argument 'cmake_force_configure' from command line to 'False'
[0.311s] Level 5:colcon.colcon_core.verb:set package 'robotnik_common' build argument 'ament_cmake_args' from command line to 'None'
[0.311s] Level 5:colcon.colcon_core.verb:set package 'robotnik_common' build argument 'catkin_cmake_args' from command line to 'None'
[0.311s] Level 5:colcon.colcon_core.verb:set package 'robotnik_common' build argument 'catkin_skip_building_tests' from command line to 'False'
[0.311s] DEBUG:colcon.colcon_core.verb:Building package 'robotnik_common' with the following arguments: {'ament_cmake_args': None, 'build_base': '/home/khotkangplue_p/week6_ws/build/robotnik_common', 'catkin_cmake_args': None, 'catkin_skip_building_tests': False, 'cmake_args': None, 'cmake_clean_cache': False, 'cmake_clean_first': False, 'cmake_force_configure': False, 'cmake_target': None, 'cmake_target_skip_unavailable': False, 'install_base': '/home/khotkangplue_p/week6_ws/install/robotnik_common', 'merge_install': False, 'path': '/home/khotkangplue_p/week6_ws/src/robotnik_common/robotnik_common', 'symlink_install': True, 'test_result_base': None}
[0.312s] Level 5:colcon.colcon_core.verb:set package 'robotnik_sensors' build argument 'cmake_args' from command line to 'None'
[0.312s] Level 5:colcon.colcon_core.verb:set package 'robotnik_sensors' build argument 'cmake_target' from command line to 'None'
[0.312s] Level 5:colcon.colcon_core.verb:set package 'robotnik_sensors' build argument 'cmake_target_skip_unavailable' from command line to 'False'
[0.312s] Level 5:colcon.colcon_core.verb:set package 'robotnik_sensors' build argument 'cmake_clean_cache' from command line to 'False'
[0.312s] Level 5:colcon.colcon_core.verb:set package 'robotnik_sensors' build argument 'cmake_clean_first' from command line to 'False'
[0.312s] Level 5:colcon.colcon_core.verb:set package 'robotnik_sensors' build argument 'cmake_force_configure' from command line to 'False'
[0.312s] Level 5:colcon.colcon_core.verb:set package 'robotnik_sensors' build argument 'ament_cmake_args' from command line to 'None'
[0.312s] Level 5:colcon.colcon_core.verb:set package 'robotnik_sensors' build argument 'catkin_cmake_args' from command line to 'None'
[0.312s] Level 5:colcon.colcon_core.verb:set package 'robotnik_sensors' build argument 'catkin_skip_building_tests' from command line to 'False'
[0.312s] DEBUG:colcon.colcon_core.verb:Building package 'robotnik_sensors' with the following arguments: {'ament_cmake_args': None, 'build_base': '/home/khotkangplue_p/week6_ws/build/robotnik_sensors', 'catkin_cmake_args': None, 'catkin_skip_building_tests': False, 'cmake_args': None, 'cmake_clean_cache': False, 'cmake_clean_first': False, 'cmake_force_configure': False, 'cmake_target': None, 'cmake_target_skip_unavailable': False, 'install_base': '/home/khotkangplue_p/week6_ws/install/robotnik_sensors', 'merge_install': False, 'path': '/home/khotkangplue_p/week6_ws/src/robotnik_sensors/robotnik_sensors', 'symlink_install': True, 'test_result_base': None}
[0.312s] Level 5:colcon.colcon_core.verb:set package 'robotnik_description' build argument 'cmake_args' from command line to 'None'
[0.312s] Level 5:colcon.colcon_core.verb:set package 'robotnik_description' build argument 'cmake_target' from command line to 'None'
[0.312s] Level 5:colcon.colcon_core.verb:set package 'robotnik_description' build argument 'cmake_target_skip_unavailable' from command line to 'False'
[0.312s] Level 5:colcon.colcon_core.verb:set package 'robotnik_description' build argument 'cmake_clean_cache' from command line to 'False'
[0.312s] Level 5:colcon.colcon_core.verb:set package 'robotnik_description' build argument 'cmake_clean_first' from command line to 'False'
[0.312s] Level 5:colcon.colcon_core.verb:set package 'robotnik_description' build argument 'cmake_force_configure' from command line to 'False'
[0.312s] Level 5:colcon.colcon_core.verb:set package 'robotnik_description' build argument 'ament_cmake_args' from command line to 'None'
[0.312s] Level 5:colcon.colcon_core.verb:set package 'robotnik_description' build argument 'catkin_cmake_args' from command line to 'None'
[0.312s] Level 5:colcon.colcon_core.verb:set package 'robotnik_description' build argument 'catkin_skip_building_tests' from command line to 'False'
[0.312s] DEBUG:colcon.colcon_core.verb:Building package 'robotnik_description' with the following arguments: {'ament_cmake_args': None, 'build_base': '/home/khotkangplue_p/week6_ws/build/robotnik_description', 'catkin_cmake_args': None, 'catkin_skip_building_tests': False, 'cmake_args': None, 'cmake_clean_cache': False, 'cmake_clean_first': False, 'cmake_force_configure': False, 'cmake_target': None, 'cmake_target_skip_unavailable': False, 'install_base': '/home/khotkangplue_p/week6_ws/install/robotnik_description', 'merge_install': False, 'path': '/home/khotkangplue_p/week6_ws/src/robotnik_description', 'symlink_install': True, 'test_result_base': None}
[0.312s] INFO:colcon.colcon_core.executor:Executing jobs using 'parallel' executor
[0.313s] DEBUG:colcon.colcon_parallel_executor.executor.parallel:run_until_complete
[0.313s] INFO:colcon.colcon_ros.task.ament_cmake.build:Building ROS package in '/home/khotkangplue_p/week6_ws/src/robotnik_sensors/robotnik_sensors' with build type 'ament_cmake'
[0.314s] INFO:colcon.colcon_cmake.task.cmake.build:Building CMake package in '/home/khotkangplue_p/week6_ws/src/robotnik_sensors/robotnik_sensors'
[0.316s] INFO:colcon.colcon_core.plugin_system:Skipping extension 'colcon_core.shell.bat': Not used on non-Windows systems
[0.316s] INFO:colcon.colcon_core.shell:Skip shell extension 'powershell' for command environment: Not usable outside of PowerShell
[0.317s] DEBUG:colcon.colcon_core.shell:Skip shell extension 'dsv' for command environment
[0.318s] INFO:colcon.colcon_ros.task.ament_python.build:Building ROS package in '/home/khotkangplue_p/week6_ws/src/control_rbkairos' with build type 'ament_python'
[0.318s] Level 1:colcon.colcon_core.shell:create_environment_hook('control_rbkairos', 'ament_prefix_path')
[0.319s] INFO:colcon.colcon_core.shell:Creating environment hook '/home/khotkangplue_p/week6_ws/install/control_rbkairos/share/control_rbkairos/hook/ament_prefix_path.ps1'
[0.321s] INFO:colcon.colcon_core.shell:Creating environment descriptor '/home/khotkangplue_p/week6_ws/install/control_rbkairos/share/control_rbkairos/hook/ament_prefix_path.dsv'
[0.322s] INFO:colcon.colcon_core.shell:Creating environment hook '/home/khotkangplue_p/week6_ws/install/control_rbkairos/share/control_rbkairos/hook/ament_prefix_path.sh'
[0.323s] INFO:colcon.colcon_core.shell:Skip shell extension 'powershell' for command environment: Not usable outside of PowerShell
[0.323s] DEBUG:colcon.colcon_core.shell:Skip shell extension 'dsv' for command environment
[0.324s] INFO:colcon.colcon_ros.task.ament_cmake.build:Building ROS package in '/home/khotkangplue_p/week6_ws/src/ros2_diff_drive_robot' with build type 'ament_cmake'
[0.324s] INFO:colcon.colcon_cmake.task.cmake.build:Building CMake package in '/home/khotkangplue_p/week6_ws/src/ros2_diff_drive_robot'
[0.324s] INFO:colcon.colcon_core.shell:Skip shell extension 'powershell' for command environment: Not usable outside of PowerShell
[0.324s] DEBUG:colcon.colcon_core.shell:Skip shell extension 'dsv' for command environment
[0.326s] INFO:colcon.colcon_ros.task.ament_cmake.build:Building ROS package in '/home/khotkangplue_p/week6_ws/src/robotnik_common/robotnik_common' with build type 'ament_cmake'
[0.326s] INFO:colcon.colcon_cmake.task.cmake.build:Building CMake package in '/home/khotkangplue_p/week6_ws/src/robotnik_common/robotnik_common'
[0.326s] INFO:colcon.colcon_core.shell:Skip shell extension 'powershell' for command environment: Not usable outside of PowerShell
[0.326s] DEBUG:colcon.colcon_core.shell:Skip shell extension 'dsv' for command environment
[0.334s] DEBUG:colcon.colcon_core.event_handler.log_command:Invoking command in '/home/khotkangplue_p/week6_ws/build/robotnik_sensors': /usr/bin/cmake /home/khotkangplue_p/week6_ws/src/robotnik_sensors/robotnik_sensors -DAMENT_CMAKE_SYMLINK_INSTALL=1 -DCMAKE_INSTALL_PREFIX=/home/khotkangplue_p/week6_ws/install/robotnik_sensors
[0.527s] WARNING:colcon.colcon_ros.task.ament_python.build:Package 'control_rbkairos' doesn't explicitly install a marker in the package index (colcon-ros currently does it implicitly but that fallback will be removed in the future)
[0.528s] INFO:colcon.colcon_core.task.python.build:Building Python package in '/home/khotkangplue_p/week6_ws/src/control_rbkairos'
[0.528s] INFO:colcon.colcon_core.shell:Skip shell extension 'powershell' for command environment: Not usable outside of PowerShell
[0.528s] DEBUG:colcon.colcon_core.shell:Skip shell extension 'dsv' for command environment
[0.533s] DEBUG:colcon.colcon_core.event_handler.log_command:Invoking command in '/home/khotkangplue_p/week6_ws/build/diff_robot': /usr/bin/cmake /home/khotkangplue_p/week6_ws/src/ros2_diff_drive_robot -DAMENT_CMAKE_SYMLINK_INSTALL=1 -DCMAKE_INSTALL_PREFIX=/home/khotkangplue_p/week6_ws/install/diff_robot
[0.535s] DEBUG:colcon.colcon_core.event_handler.log_command:Invoking command in '/home/khotkangplue_p/week6_ws/build/robotnik_common': /usr/bin/cmake /home/khotkangplue_p/week6_ws/src/robotnik_common/robotnik_common -DAMENT_CMAKE_SYMLINK_INSTALL=1 -DCMAKE_INSTALL_PREFIX=/home/khotkangplue_p/week6_ws/install/robotnik_common
[1.257s] DEBUG:colcon.colcon_core.event_handler.log_command:Invoking command in '/home/khotkangplue_p/week6_ws/build/control_rbkairos': PYTHONPATH=/home/khotkangplue_p/week6_ws/build/control_rbkairos/prefix_override:/usr/lib/python3/dist-packages/colcon_core/task/python/colcon_distutils_commands:/home/khotkangplue_p/week6_ws/install/control_rbkairos/lib/python3.12/site-packages: /usr/bin/python3 -W ignore:setup.py install is deprecated -W ignore:easy_install command is deprecated setup.py develop --editable --build-directory /home/khotkangplue_p/week6_ws/build/control_rbkairos/build --no-deps symlink_data
[1.761s] Level 1:colcon.colcon_core.shell:create_environment_hook('control_rbkairos', 'pythonpath_develop')
[1.761s] DEBUG:colcon.colcon_core.event_handler.log_command:Invoked command in '/home/khotkangplue_p/week6_ws/build/control_rbkairos' returned '0': PYTHONPATH=/home/khotkangplue_p/week6_ws/build/control_rbkairos/prefix_override:/usr/lib/python3/dist-packages/colcon_core/task/python/colcon_distutils_commands:/home/khotkangplue_p/week6_ws/install/control_rbkairos/lib/python3.12/site-packages: /usr/bin/python3 -W ignore:setup.py install is deprecated -W ignore:easy_install command is deprecated setup.py develop --editable --build-directory /home/khotkangplue_p/week6_ws/build/control_rbkairos/build --no-deps symlink_data
[1.761s] INFO:colcon.colcon_core.shell:Creating environment hook '/home/khotkangplue_p/week6_ws/build/control_rbkairos/share/control_rbkairos/hook/pythonpath_develop.ps1'
[1.762s] INFO:colcon.colcon_core.shell:Creating environment descriptor '/home/khotkangplue_p/week6_ws/build/control_rbkairos/share/control_rbkairos/hook/pythonpath_develop.dsv'
[1.762s] INFO:colcon.colcon_core.shell:Creating environment hook '/home/khotkangplue_p/week6_ws/build/control_rbkairos/share/control_rbkairos/hook/pythonpath_develop.sh'
[1.764s] Level 1:colcon.colcon_core.environment:checking '/home/khotkangplue_p/week6_ws/install/control_rbkairos' for CMake module files
[1.765s] Level 1:colcon.colcon_core.environment:checking '/home/khotkangplue_p/week6_ws/install/control_rbkairos' for CMake config files
[1.765s] Level 1:colcon.colcon_core.environment:checking '/home/khotkangplue_p/week6_ws/install/control_rbkairos/lib'
[1.765s] Level 1:colcon.colcon_core.environment:checking '/home/khotkangplue_p/week6_ws/install/control_rbkairos/bin'
[1.765s] Level 1:colcon.colcon_core.environment:checking '/home/khotkangplue_p/week6_ws/install/control_rbkairos/lib/pkgconfig/control_rbkairos.pc'
[1.766s] Level 1:colcon.colcon_core.environment:checking '/home/khotkangplue_p/week6_ws/install/control_rbkairos/lib/python3.12/site-packages'
[1.766s] Level 1:colcon.colcon_core.shell:create_environment_hook('control_rbkairos', 'pythonpath')
[1.766s] INFO:colcon.colcon_core.shell:Creating environment hook '/home/khotkangplue_p/week6_ws/install/control_rbkairos/share/control_rbkairos/hook/pythonpath.ps1'
[1.766s] INFO:colcon.colcon_core.shell:Creating environment descriptor '/home/khotkangplue_p/week6_ws/install/control_rbkairos/share/control_rbkairos/hook/pythonpath.dsv'
[1.766s] INFO:colcon.colcon_core.shell:Creating environment hook '/home/khotkangplue_p/week6_ws/install/control_rbkairos/share/control_rbkairos/hook/pythonpath.sh'
[1.767s] Level 1:colcon.colcon_core.environment:checking '/home/khotkangplue_p/week6_ws/install/control_rbkairos/bin'
[1.767s] Level 1:colcon.colcon_core.environment:create_environment_scripts_only(control_rbkairos)
[1.767s] INFO:colcon.colcon_core.shell:Creating package script '/home/khotkangplue_p/week6_ws/install/control_rbkairos/share/control_rbkairos/package.ps1'
[1.768s] INFO:colcon.colcon_core.shell:Creating package descriptor '/home/khotkangplue_p/week6_ws/install/control_rbkairos/share/control_rbkairos/package.dsv'
[1.768s] INFO:colcon.colcon_core.shell:Creating package script '/home/khotkangplue_p/week6_ws/install/control_rbkairos/share/control_rbkairos/package.sh'
[1.769s] INFO:colcon.colcon_core.shell:Creating package script '/home/khotkangplue_p/week6_ws/install/control_rbkairos/share/control_rbkairos/package.bash'
[1.770s] INFO:colcon.colcon_core.shell:Creating package script '/home/khotkangplue_p/week6_ws/install/control_rbkairos/share/control_rbkairos/package.zsh'
[1.771s] Level 1:colcon.colcon_core.environment:create_file_with_runtime_dependencies(/home/khotkangplue_p/week6_ws/install/control_rbkairos/share/colcon-core/packages/control_rbkairos)
[2.139s] DEBUG:colcon.colcon_core.event_handler.log_command:Invoked command in '/home/khotkangplue_p/week6_ws/build/robotnik_common' returned '1': /usr/bin/cmake /home/khotkangplue_p/week6_ws/src/robotnik_common/robotnik_common -DAMENT_CMAKE_SYMLINK_INSTALL=1 -DCMAKE_INSTALL_PREFIX=/home/khotkangplue_p/week6_ws/install/robotnik_common
[2.148s] Level 1:colcon.colcon_core.environment:create_environment_scripts_only(robotnik_common)
[2.148s] Level 1:colcon.colcon_core.environment:checking '/home/khotkangplue_p/week6_ws/install/robotnik_common' for CMake module files
[2.148s] Level 1:colcon.colcon_core.environment:checking '/home/khotkangplue_p/week6_ws/install/robotnik_common' for CMake config files
[2.148s] Level 1:colcon.colcon_core.environment:checking '/home/khotkangplue_p/week6_ws/install/robotnik_common/bin'
[2.148s] Level 1:colcon.colcon_core.environment:checking '/home/khotkangplue_p/week6_ws/install/robotnik_common/lib/pkgconfig/robotnik_common.pc'
[2.149s] Level 1:colcon.colcon_core.environment:checking '/home/khotkangplue_p/week6_ws/install/robotnik_common/lib/python3.12/site-packages'
[2.149s] Level 1:colcon.colcon_core.environment:checking '/home/khotkangplue_p/week6_ws/install/robotnik_common/bin'
[2.149s] INFO:colcon.colcon_core.shell:Creating package script '/home/khotkangplue_p/week6_ws/install/robotnik_common/share/robotnik_common/package.ps1'
[2.150s] INFO:colcon.colcon_core.shell:Creating package descriptor '/home/khotkangplue_p/week6_ws/install/robotnik_common/share/robotnik_common/package.dsv'
[2.150s] INFO:colcon.colcon_core.shell:Creating package script '/home/khotkangplue_p/week6_ws/install/robotnik_common/share/robotnik_common/package.sh'
[2.150s] INFO:colcon.colcon_core.shell:Creating package script '/home/khotkangplue_p/week6_ws/install/robotnik_common/share/robotnik_common/package.bash'
[2.150s] INFO:colcon.colcon_core.shell:Creating package script '/home/khotkangplue_p/week6_ws/install/robotnik_common/share/robotnik_common/package.zsh'
[2.150s] Level 1:colcon.colcon_core.environment:create_file_with_runtime_dependencies(/home/khotkangplue_p/week6_ws/install/robotnik_common/share/colcon-core/packages/robotnik_common)
[4.222s] DEBUG:colcon.colcon_parallel_executor.executor.parallel:closing loop
[4.223s] DEBUG:colcon.colcon_parallel_executor.executor.parallel:loop closed
[4.223s] DEBUG:colcon.colcon_parallel_executor.executor.parallel:run_until_complete finished with '1'
[4.223s] DEBUG:colcon.colcon_core.event_reactor:joining thread
[4.296s] INFO:colcon.colcon_core.plugin_system:Skipping extension 'colcon_notification.desktop_notification.notify_send': Could not find 'notify-send'
[4.296s] INFO:colcon.colcon_core.plugin_system:Skipping extension 'colcon_notification.desktop_notification.terminal_notifier': Not used on non-Darwin systems
[4.296s] INFO:colcon.colcon_core.plugin_system:Skipping extension 'colcon_notification.desktop_notification.win32': Not used on non-Windows systems
[4.296s] INFO:colcon.colcon_notification.desktop_notification:Sending desktop notification using 'notify2'
[4.297s] DEBUG:colcon.colcon_notification.desktop_notification.notify2:Failed to initialize notify2: org.freedesktop.DBus.Error.ServiceUnknown: The name org.freedesktop.Notifications was not provided by any .service files
[4.297s] DEBUG:colcon.colcon_core.event_reactor:joined thread
[4.297s] INFO:colcon.colcon_core.shell:Creating prefix script '/home/khotkangplue_p/week6_ws/install/local_setup.ps1'
[4.298s] INFO:colcon.colcon_core.shell:Creating prefix util module '/home/khotkangplue_p/week6_ws/install/_local_setup_util_ps1.py'
[4.299s] INFO:colcon.colcon_core.shell:Creating prefix chain script '/home/khotkangplue_p/week6_ws/install/setup.ps1'
[4.299s] INFO:colcon.colcon_core.shell:Creating prefix script '/home/khotkangplue_p/week6_ws/install/local_setup.sh'
[4.300s] INFO:colcon.colcon_core.shell:Creating prefix util module '/home/khotkangplue_p/week6_ws/install/_local_setup_util_sh.py'
[4.300s] INFO:colcon.colcon_core.shell:Creating prefix chain script '/home/khotkangplue_p/week6_ws/install/setup.sh'
[4.300s] INFO:colcon.colcon_core.shell:Creating prefix script '/home/khotkangplue_p/week6_ws/install/local_setup.bash'
[4.301s] INFO:colcon.colcon_core.shell:Creating prefix chain script '/home/khotkangplue_p/week6_ws/install/setup.bash'
[4.301s] INFO:colcon.colcon_core.shell:Creating prefix script '/home/khotkangplue_p/week6_ws/install/local_setup.zsh'
[4.301s] INFO:colcon.colcon_core.shell:Creating prefix chain script '/home/khotkangplue_p/week6_ws/install/setup.zsh'
