[0.331s] DEBUG:colcon:Command line arguments: ['/usr/bin/colcon', 'build', '--symlink-install']
[0.331s] DEBUG:colcon:Parsed command line arguments: Namespace(log_base=None, log_level=None, verb_name='build', build_base='build', install_base='install', merge_install=False, symlink_install=True, test_result_base=None, continue_on_error=False, executor='parallel', parallel_workers=4, event_handlers=None, ignore_user_meta=False, metas=['./colcon.meta'], base_paths=['.'], packages_ignore=None, packages_ignore_regex=None, paths=None, packages_up_to=None, packages_up_to_regex=None, packages_above=None, packages_above_and_dependencies=None, packages_above_depth=None, packages_select_by_dep=None, packages_skip_by_dep=None, packages_skip_up_to=None, packages_select_build_failed=False, packages_skip_build_finished=False, packages_select_test_failures=False, packages_skip_test_passed=False, packages_select=None, packages_skip=None, packages_select_regex=None, packages_skip_regex=None, packages_start=None, packages_end=None, allow_overriding=[], cmake_args=None, cmake_target=None, cmake_target_skip_unavailable=False, cmake_clean_cache=False, cmake_clean_first=False, cmake_force_configure=False, ament_cmake_args=None, catkin_cmake_args=None, catkin_skip_building_tests=False, mixin_files=None, mixin=None, verb_parser=<colcon_mixin.mixin.mixin_argument.MixinArgumentDecorator object at 0x7ff14b48a750>, verb_extension=<colcon_core.verb.build.BuildVerb object at 0x7ff14b460170>, main=<bound method BuildVerb.main of <colcon_core.verb.build.BuildVerb object at 0x7ff14b460170>>, mixin_verb=('build',))
[0.406s] Level 1:colcon.colcon_core.package_discovery:discover_packages(colcon_meta) check parameters
[0.406s] Level 1:colcon.colcon_core.package_discovery:discover_packages(recursive) check parameters
[0.406s] Level 1:colcon.colcon_core.package_discovery:discover_packages(ignore) check parameters
[0.406s] Level 1:colcon.colcon_core.package_discovery:discover_packages(path) check parameters
[0.406s] Level 1:colcon.colcon_core.package_discovery:discover_packages(colcon_meta) discover
[0.406s] Level 1:colcon.colcon_core.package_discovery:discover_packages(recursive) discover
[0.406s] INFO:colcon.colcon_core.package_discovery:Crawling recursively for packages in '/home/khotkangplue_p/week6_ws'
[0.406s] Level 1:colcon.colcon_core.package_identification:_identify(.) by extensions ['ignore', 'ignore_ament_install']
[0.407s] Level 1:colcon.colcon_core.package_identification:_identify(.) by extension 'ignore'
[0.407s] Level 1:colcon.colcon_core.package_identification:_identify(.) by extension 'ignore_ament_install'
[0.407s] Level 1:colcon.colcon_core.package_identification:_identify(.) by extensions ['colcon_pkg']
[0.407s] Level 1:colcon.colcon_core.package_identification:_identify(.) by extension 'colcon_pkg'
[0.407s] Level 1:colcon.colcon_core.package_identification:_identify(.) by extensions ['colcon_meta']
[0.407s] Level 1:colcon.colcon_core.package_identification:_identify(.) by extension 'colcon_meta'
[0.407s] Level 1:colcon.colcon_core.package_identification:_identify(.) by extensions ['ros']
[0.407s] Level 1:colcon.colcon_core.package_identification:_identify(.) by extension 'ros'
[0.441s] Level 1:colcon.colcon_core.package_identification:_identify(.) by extensions ['cmake', 'python']
[0.441s] Level 1:colcon.colcon_core.package_identification:_identify(.) by extension 'cmake'
[0.441s] Level 1:colcon.colcon_core.package_identification:_identify(.) by extension 'python'
[0.441s] Level 1:colcon.colcon_core.package_identification:_identify(.) by extensions ['python_setup_py']
[0.441s] Level 1:colcon.colcon_core.package_identification:_identify(.) by extension 'python_setup_py'
[0.441s] Level 1:colcon.colcon_core.package_identification:_identify(build) by extensions ['ignore', 'ignore_ament_install']
[0.441s] Level 1:colcon.colcon_core.package_identification:_identify(build) by extension 'ignore'
[0.441s] Level 1:colcon.colcon_core.package_identification:_identify(build) ignored
[0.441s] Level 1:colcon.colcon_core.package_identification:_identify(install) by extensions ['ignore', 'ignore_ament_install']
[0.441s] Level 1:colcon.colcon_core.package_identification:_identify(install) by extension 'ignore'
[0.441s] Level 1:colcon.colcon_core.package_identification:_identify(install) ignored
[0.441s] Level 1:colcon.colcon_core.package_identification:_identify(log) by extensions ['ignore', 'ignore_ament_install']
[0.442s] Level 1:colcon.colcon_core.package_identification:_identify(log) by extension 'ignore'
[0.442s] Level 1:colcon.colcon_core.package_identification:_identify(log) ignored
[0.442s] Level 1:colcon.colcon_core.package_identification:_identify(robot_models) by extensions ['ignore', 'ignore_ament_install']
[0.442s] Level 1:colcon.colcon_core.package_identification:_identify(robot_models) by extension 'ignore'
[0.443s] Level 1:colcon.colcon_core.package_identification:_identify(robot_models) by extension 'ignore_ament_install'
[0.443s] Level 1:colcon.colcon_core.package_identification:_identify(robot_models) by extensions ['colcon_pkg']
[0.443s] Level 1:colcon.colcon_core.package_identification:_identify(robot_models) by extension 'colcon_pkg'
[0.443s] Level 1:colcon.colcon_core.package_identification:_identify(robot_models) by extensions ['colcon_meta']
[0.443s] Level 1:colcon.colcon_core.package_identification:_identify(robot_models) by extension 'colcon_meta'
[0.443s] Level 1:colcon.colcon_core.package_identification:_identify(robot_models) by extensions ['ros']
[0.443s] Level 1:colcon.colcon_core.package_identification:_identify(robot_models) by extension 'ros'
[0.443s] Level 1:colcon.colcon_core.package_identification:_identify(robot_models) by extensions ['cmake', 'python']
[0.443s] Level 1:colcon.colcon_core.package_identification:_identify(robot_models) by extension 'cmake'
[0.443s] Level 1:colcon.colcon_core.package_identification:_identify(robot_models) by extension 'python'
[0.443s] Level 1:colcon.colcon_core.package_identification:_identify(robot_models) by extensions ['python_setup_py']
[0.443s] Level 1:colcon.colcon_core.package_identification:_identify(robot_models) by extension 'python_setup_py'
[0.443s] Level 1:colcon.colcon_core.package_identification:_identify(src) by extensions ['ignore', 'ignore_ament_install']
[0.443s] Level 1:colcon.colcon_core.package_identification:_identify(src) by extension 'ignore'
[0.443s] Level 1:colcon.colcon_core.package_identification:_identify(src) by extension 'ignore_ament_install'
[0.443s] Level 1:colcon.colcon_core.package_identification:_identify(src) by extensions ['colcon_pkg']
[0.443s] Level 1:colcon.colcon_core.package_identification:_identify(src) by extension 'colcon_pkg'
[0.443s] Level 1:colcon.colcon_core.package_identification:_identify(src) by extensions ['colcon_meta']
[0.444s] Level 1:colcon.colcon_core.package_identification:_identify(src) by extension 'colcon_meta'
[0.444s] Level 1:colcon.colcon_core.package_identification:_identify(src) by extensions ['ros']
[0.444s] Level 1:colcon.colcon_core.package_identification:_identify(src) by extension 'ros'
[0.444s] Level 1:colcon.colcon_core.package_identification:_identify(src) by extensions ['cmake', 'python']
[0.444s] Level 1:colcon.colcon_core.package_identification:_identify(src) by extension 'cmake'
[0.444s] Level 1:colcon.colcon_core.package_identification:_identify(src) by extension 'python'
[0.444s] Level 1:colcon.colcon_core.package_identification:_identify(src) by extensions ['python_setup_py']
[0.444s] Level 1:colcon.colcon_core.package_identification:_identify(src) by extension 'python_setup_py'
[0.444s] Level 1:colcon.colcon_core.package_identification:_identify(src/control_rbkairos) by extensions ['ignore', 'ignore_ament_install']
[0.444s] Level 1:colcon.colcon_core.package_identification:_identify(src/control_rbkairos) by extension 'ignore'
[0.444s] Level 1:colcon.colcon_core.package_identification:_identify(src/control_rbkairos) by extension 'ignore_ament_install'
[0.444s] Level 1:colcon.colcon_core.package_identification:_identify(src/control_rbkairos) by extensions ['colcon_pkg']
[0.444s] Level 1:colcon.colcon_core.package_identification:_identify(src/control_rbkairos) by extension 'colcon_pkg'
[0.444s] Level 1:colcon.colcon_core.package_identification:_identify(src/control_rbkairos) by extensions ['colcon_meta']
[0.444s] Level 1:colcon.colcon_core.package_identification:_identify(src/control_rbkairos) by extension 'colcon_meta'
[0.444s] Level 1:colcon.colcon_core.package_identification:_identify(src/control_rbkairos) by extensions ['ros']
[0.444s] Level 1:colcon.colcon_core.package_identification:_identify(src/control_rbkairos) by extension 'ros'
[0.448s] DEBUG:colcon.colcon_core.package_identification:Package 'src/control_rbkairos' with type 'ros.ament_python' and name 'control_rbkairos'
[0.449s] Level 1:colcon.colcon_core.package_identification:_identify(src/robotnik_common) by extensions ['ignore', 'ignore_ament_install']
[0.449s] Level 1:colcon.colcon_core.package_identification:_identify(src/robotnik_common) by extension 'ignore'
[0.449s] Level 1:colcon.colcon_core.package_identification:_identify(src/robotnik_common) by extension 'ignore_ament_install'
[0.449s] Level 1:colcon.colcon_core.package_identification:_identify(src/robotnik_common) by extensions ['colcon_pkg']
[0.449s] Level 1:colcon.colcon_core.package_identification:_identify(src/robotnik_common) by extension 'colcon_pkg'
[0.449s] Level 1:colcon.colcon_core.package_identification:_identify(src/robotnik_common) by extensions ['colcon_meta']
[0.449s] Level 1:colcon.colcon_core.package_identification:_identify(src/robotnik_common) by extension 'colcon_meta'
[0.449s] Level 1:colcon.colcon_core.package_identification:_identify(src/robotnik_common) by extensions ['ros']
[0.449s] Level 1:colcon.colcon_core.package_identification:_identify(src/robotnik_common) by extension 'ros'
[0.449s] Level 1:colcon.colcon_core.package_identification:_identify(src/robotnik_common) by extensions ['cmake', 'python']
[0.449s] Level 1:colcon.colcon_core.package_identification:_identify(src/robotnik_common) by extension 'cmake'
[0.449s] Level 1:colcon.colcon_core.package_identification:_identify(src/robotnik_common) by extension 'python'
[0.449s] Level 1:colcon.colcon_core.package_identification:_identify(src/robotnik_common) by extensions ['python_setup_py']
[0.449s] Level 1:colcon.colcon_core.package_identification:_identify(src/robotnik_common) by extension 'python_setup_py'
[0.450s] Level 1:colcon.colcon_core.package_identification:_identify(src/robotnik_common/robotnik_common) by extensions ['ignore', 'ignore_ament_install']
[0.450s] Level 1:colcon.colcon_core.package_identification:_identify(src/robotnik_common/robotnik_common) by extension 'ignore'
[0.450s] Level 1:colcon.colcon_core.package_identification:_identify(src/robotnik_common/robotnik_common) by extension 'ignore_ament_install'
[0.450s] Level 1:colcon.colcon_core.package_identification:_identify(src/robotnik_common/robotnik_common) by extensions ['colcon_pkg']
[0.450s] Level 1:colcon.colcon_core.package_identification:_identify(src/robotnik_common/robotnik_common) by extension 'colcon_pkg'
[0.450s] Level 1:colcon.colcon_core.package_identification:_identify(src/robotnik_common/robotnik_common) by extensions ['colcon_meta']
[0.450s] Level 1:colcon.colcon_core.package_identification:_identify(src/robotnik_common/robotnik_common) by extension 'colcon_meta'
[0.450s] Level 1:colcon.colcon_core.package_identification:_identify(src/robotnik_common/robotnik_common) by extensions ['ros']
[0.450s] Level 1:colcon.colcon_core.package_identification:_identify(src/robotnik_common/robotnik_common) by extension 'ros'
[0.451s] DEBUG:colcon.colcon_core.package_identification:Package 'src/robotnik_common/robotnik_common' with type 'ros.ament_cmake' and name 'robotnik_common'
[0.451s] Level 1:colcon.colcon_core.package_identification:_identify(src/robotnik_description) by extensions ['ignore', 'ignore_ament_install']
[0.451s] Level 1:colcon.colcon_core.package_identification:_identify(src/robotnik_description) by extension 'ignore'
[0.451s] Level 1:colcon.colcon_core.package_identification:_identify(src/robotnik_description) by extension 'ignore_ament_install'
[0.451s] Level 1:colcon.colcon_core.package_identification:_identify(src/robotnik_description) by extensions ['colcon_pkg']
[0.451s] Level 1:colcon.colcon_core.package_identification:_identify(src/robotnik_description) by extension 'colcon_pkg'
[0.451s] Level 1:colcon.colcon_core.package_identification:_identify(src/robotnik_description) by extensions ['colcon_meta']
[0.451s] Level 1:colcon.colcon_core.package_identification:_identify(src/robotnik_description) by extension 'colcon_meta'
[0.451s] Level 1:colcon.colcon_core.package_identification:_identify(src/robotnik_description) by extensions ['ros']
[0.451s] Level 1:colcon.colcon_core.package_identification:_identify(src/robotnik_description) by extension 'ros'
[0.452s] DEBUG:colcon.colcon_core.package_identification:Package 'src/robotnik_description' with type 'ros.ament_cmake' and name 'robotnik_description'
[0.452s] Level 1:colcon.colcon_core.package_identification:_identify(src/robotnik_sensors) by extensions ['ignore', 'ignore_ament_install']
[0.452s] Level 1:colcon.colcon_core.package_identification:_identify(src/robotnik_sensors) by extension 'ignore'
[0.452s] Level 1:colcon.colcon_core.package_identification:_identify(src/robotnik_sensors) by extension 'ignore_ament_install'
[0.452s] Level 1:colcon.colcon_core.package_identification:_identify(src/robotnik_sensors) by extensions ['colcon_pkg']
[0.452s] Level 1:colcon.colcon_core.package_identification:_identify(src/robotnik_sensors) by extension 'colcon_pkg'
[0.453s] Level 1:colcon.colcon_core.package_identification:_identify(src/robotnik_sensors) by extensions ['colcon_meta']
[0.453s] Level 1:colcon.colcon_core.package_identification:_identify(src/robotnik_sensors) by extension 'colcon_meta'
[0.453s] Level 1:colcon.colcon_core.package_identification:_identify(src/robotnik_sensors) by extensions ['ros']
[0.453s] Level 1:colcon.colcon_core.package_identification:_identify(src/robotnik_sensors) by extension 'ros'
[0.453s] Level 1:colcon.colcon_core.package_identification:_identify(src/robotnik_sensors) by extensions ['cmake', 'python']
[0.453s] Level 1:colcon.colcon_core.package_identification:_identify(src/robotnik_sensors) by extension 'cmake'
[0.453s] Level 1:colcon.colcon_core.package_identification:_identify(src/robotnik_sensors) by extension 'python'
[0.453s] Level 1:colcon.colcon_core.package_identification:_identify(src/robotnik_sensors) by extensions ['python_setup_py']
[0.453s] Level 1:colcon.colcon_core.package_identification:_identify(src/robotnik_sensors) by extension 'python_setup_py'
[0.453s] Level 1:colcon.colcon_core.package_identification:_identify(src/robotnik_sensors/robotnik_sensors) by extensions ['ignore', 'ignore_ament_install']
[0.453s] Level 1:colcon.colcon_core.package_identification:_identify(src/robotnik_sensors/robotnik_sensors) by extension 'ignore'
[0.453s] Level 1:colcon.colcon_core.package_identification:_identify(src/robotnik_sensors/robotnik_sensors) by extension 'ignore_ament_install'
[0.453s] Level 1:colcon.colcon_core.package_identification:_identify(src/robotnik_sensors/robotnik_sensors) by extensions ['colcon_pkg']
[0.453s] Level 1:colcon.colcon_core.package_identification:_identify(src/robotnik_sensors/robotnik_sensors) by extension 'colcon_pkg'
[0.453s] Level 1:colcon.colcon_core.package_identification:_identify(src/robotnik_sensors/robotnik_sensors) by extensions ['colcon_meta']
[0.453s] Level 1:colcon.colcon_core.package_identification:_identify(src/robotnik_sensors/robotnik_sensors) by extension 'colcon_meta'
[0.453s] Level 1:colcon.colcon_core.package_identification:_identify(src/robotnik_sensors/robotnik_sensors) by extensions ['ros']
[0.454s] Level 1:colcon.colcon_core.package_identification:_identify(src/robotnik_sensors/robotnik_sensors) by extension 'ros'
[0.455s] DEBUG:colcon.colcon_core.package_identification:Package 'src/robotnik_sensors/robotnik_sensors' with type 'ros.ament_cmake' and name 'robotnik_sensors'
[0.455s] Level 1:colcon.colcon_core.package_identification:_identify(src/ros2_diff_drive_robot) by extensions ['ignore', 'ignore_ament_install']
[0.455s] Level 1:colcon.colcon_core.package_identification:_identify(src/ros2_diff_drive_robot) by extension 'ignore'
[0.455s] Level 1:colcon.colcon_core.package_identification:_identify(src/ros2_diff_drive_robot) by extension 'ignore_ament_install'
[0.455s] Level 1:colcon.colcon_core.package_identification:_identify(src/ros2_diff_drive_robot) by extensions ['colcon_pkg']
[0.455s] Level 1:colcon.colcon_core.package_identification:_identify(src/ros2_diff_drive_robot) by extension 'colcon_pkg'
[0.455s] Level 1:colcon.colcon_core.package_identification:_identify(src/ros2_diff_drive_robot) by extensions ['colcon_meta']
[0.455s] Level 1:colcon.colcon_core.package_identification:_identify(src/ros2_diff_drive_robot) by extension 'colcon_meta'
[0.455s] Level 1:colcon.colcon_core.package_identification:_identify(src/ros2_diff_drive_robot) by extensions ['ros']
[0.455s] Level 1:colcon.colcon_core.package_identification:_identify(src/ros2_diff_drive_robot) by extension 'ros'
[0.456s] DEBUG:colcon.colcon_core.package_identification:Package 'src/ros2_diff_drive_robot' with type 'ros.ament_cmake' and name 'diff_robot'
[0.456s] Level 1:colcon.colcon_core.package_discovery:discover_packages(recursive) using defaults
[0.456s] Level 1:colcon.colcon_core.package_discovery:discover_packages(ignore) discover
[0.456s] Level 1:colcon.colcon_core.package_discovery:discover_packages(ignore) using defaults
[0.456s] Level 1:colcon.colcon_core.package_discovery:discover_packages(path) discover
[0.456s] Level 1:colcon.colcon_core.package_discovery:discover_packages(path) using defaults
[0.485s] Level 1:colcon.colcon_core.package_discovery:discover_packages(prefix_path) check parameters
[0.485s] Level 1:colcon.colcon_core.package_discovery:discover_packages(prefix_path) discover
[0.493s] DEBUG:colcon.colcon_installed_package_information.package_discovery:Found 378 installed packages in /opt/ros/jazzy
[0.494s] Level 1:colcon.colcon_core.package_discovery:discover_packages(prefix_path) using defaults
[0.597s] Level 5:colcon.colcon_core.verb:set package 'control_rbkairos' build argument 'cmake_args' from command line to 'None'
[0.597s] Level 5:colcon.colcon_core.verb:set package 'control_rbkairos' build argument 'cmake_target' from command line to 'None'
[0.597s] Level 5:colcon.colcon_core.verb:set package 'control_rbkairos' build argument 'cmake_target_skip_unavailable' from command line to 'False'
[0.597s] Level 5:colcon.colcon_core.verb:set package 'control_rbkairos' build argument 'cmake_clean_cache' from command line to 'False'
[0.597s] Level 5:colcon.colcon_core.verb:set package 'control_rbkairos' build argument 'cmake_clean_first' from command line to 'False'
[0.598s] Level 5:colcon.colcon_core.verb:set package 'control_rbkairos' build argument 'cmake_force_configure' from command line to 'False'
[0.598s] Level 5:colcon.colcon_core.verb:set package 'control_rbkairos' build argument 'ament_cmake_args' from command line to 'None'
[0.598s] Level 5:colcon.colcon_core.verb:set package 'control_rbkairos' build argument 'catkin_cmake_args' from command line to 'None'
[0.598s] Level 5:colcon.colcon_core.verb:set package 'control_rbkairos' build argument 'catkin_skip_building_tests' from command line to 'False'
[0.598s] DEBUG:colcon.colcon_core.verb:Building package 'control_rbkairos' with the following arguments: {'ament_cmake_args': None, 'build_base': '/home/khotkangplue_p/week6_ws/build/control_rbkairos', 'catkin_cmake_args': None, 'catkin_skip_building_tests': False, 'cmake_args': None, 'cmake_clean_cache': False, 'cmake_clean_first': False, 'cmake_force_configure': False, 'cmake_target': None, 'cmake_target_skip_unavailable': False, 'install_base': '/home/khotkangplue_p/week6_ws/install/control_rbkairos', 'merge_install': False, 'path': '/home/khotkangplue_p/week6_ws/src/control_rbkairos', 'symlink_install': True, 'test_result_base': None}
[0.598s] Level 5:colcon.colcon_core.verb:set package 'diff_robot' build argument 'cmake_args' from command line to 'None'
[0.598s] Level 5:colcon.colcon_core.verb:set package 'diff_robot' build argument 'cmake_target' from command line to 'None'
[0.598s] Level 5:colcon.colcon_core.verb:set package 'diff_robot' build argument 'cmake_target_skip_unavailable' from command line to 'False'
[0.598s] Level 5:colcon.colcon_core.verb:set package 'diff_robot' build argument 'cmake_clean_cache' from command line to 'False'
[0.598s] Level 5:colcon.colcon_core.verb:set package 'diff_robot' build argument 'cmake_clean_first' from command line to 'False'
[0.598s] Level 5:colcon.colcon_core.verb:set package 'diff_robot' build argument 'cmake_force_configure' from command line to 'False'
[0.598s] Level 5:colcon.colcon_core.verb:set package 'diff_robot' build argument 'ament_cmake_args' from command line to 'None'
[0.598s] Level 5:colcon.colcon_core.verb:set package 'diff_robot' build argument 'catkin_cmake_args' from command line to 'None'
[0.598s] Level 5:colcon.colcon_core.verb:set package 'diff_robot' build argument 'catkin_skip_building_tests' from command line to 'False'
[0.598s] DEBUG:colcon.colcon_core.verb:Building package 'diff_robot' with the following arguments: {'ament_cmake_args': None, 'build_base': '/home/khotkangplue_p/week6_ws/build/diff_robot', 'catkin_cmake_args': None, 'catkin_skip_building_tests': False, 'cmake_args': None, 'cmake_clean_cache': False, 'cmake_clean_first': False, 'cmake_force_configure': False, 'cmake_target': None, 'cmake_target_skip_unavailable': False, 'install_base': '/home/khotkangplue_p/week6_ws/install/diff_robot', 'merge_install': False, 'path': '/home/khotkangplue_p/week6_ws/src/ros2_diff_drive_robot', 'symlink_install': True, 'test_result_base': None}
[0.598s] Level 5:colcon.colcon_core.verb:set package 'robotnik_common' build argument 'cmake_args' from command line to 'None'
[0.599s] Level 5:colcon.colcon_core.verb:set package 'robotnik_common' build argument 'cmake_target' from command line to 'None'
[0.599s] Level 5:colcon.colcon_core.verb:set package 'robotnik_common' build argument 'cmake_target_skip_unavailable' from command line to 'False'
[0.599s] Level 5:colcon.colcon_core.verb:set package 'robotnik_common' build argument 'cmake_clean_cache' from command line to 'False'
[0.599s] Level 5:colcon.colcon_core.verb:set package 'robotnik_common' build argument 'cmake_clean_first' from command line to 'False'
[0.599s] Level 5:colcon.colcon_core.verb:set package 'robotnik_common' build argument 'cmake_force_configure' from command line to 'False'
[0.599s] Level 5:colcon.colcon_core.verb:set package 'robotnik_common' build argument 'ament_cmake_args' from command line to 'None'
[0.599s] Level 5:colcon.colcon_core.verb:set package 'robotnik_common' build argument 'catkin_cmake_args' from command line to 'None'
[0.599s] Level 5:colcon.colcon_core.verb:set package 'robotnik_common' build argument 'catkin_skip_building_tests' from command line to 'False'
[0.599s] DEBUG:colcon.colcon_core.verb:Building package 'robotnik_common' with the following arguments: {'ament_cmake_args': None, 'build_base': '/home/khotkangplue_p/week6_ws/build/robotnik_common', 'catkin_cmake_args': None, 'catkin_skip_building_tests': False, 'cmake_args': None, 'cmake_clean_cache': False, 'cmake_clean_first': False, 'cmake_force_configure': False, 'cmake_target': None, 'cmake_target_skip_unavailable': False, 'install_base': '/home/khotkangplue_p/week6_ws/install/robotnik_common', 'merge_install': False, 'path': '/home/khotkangplue_p/week6_ws/src/robotnik_common/robotnik_common', 'symlink_install': True, 'test_result_base': None}
[0.599s] Level 5:colcon.colcon_core.verb:set package 'robotnik_sensors' build argument 'cmake_args' from command line to 'None'
[0.599s] Level 5:colcon.colcon_core.verb:set package 'robotnik_sensors' build argument 'cmake_target' from command line to 'None'
[0.599s] Level 5:colcon.colcon_core.verb:set package 'robotnik_sensors' build argument 'cmake_target_skip_unavailable' from command line to 'False'
[0.599s] Level 5:colcon.colcon_core.verb:set package 'robotnik_sensors' build argument 'cmake_clean_cache' from command line to 'False'
[0.599s] Level 5:colcon.colcon_core.verb:set package 'robotnik_sensors' build argument 'cmake_clean_first' from command line to 'False'
[0.599s] Level 5:colcon.colcon_core.verb:set package 'robotnik_sensors' build argument 'cmake_force_configure' from command line to 'False'
[0.599s] Level 5:colcon.colcon_core.verb:set package 'robotnik_sensors' build argument 'ament_cmake_args' from command line to 'None'
[0.599s] Level 5:colcon.colcon_core.verb:set package 'robotnik_sensors' build argument 'catkin_cmake_args' from command line to 'None'
[0.599s] Level 5:colcon.colcon_core.verb:set package 'robotnik_sensors' build argument 'catkin_skip_building_tests' from command line to 'False'
[0.599s] DEBUG:colcon.colcon_core.verb:Building package 'robotnik_sensors' with the following arguments: {'ament_cmake_args': None, 'build_base': '/home/khotkangplue_p/week6_ws/build/robotnik_sensors', 'catkin_cmake_args': None, 'catkin_skip_building_tests': False, 'cmake_args': None, 'cmake_clean_cache': False, 'cmake_clean_first': False, 'cmake_force_configure': False, 'cmake_target': None, 'cmake_target_skip_unavailable': False, 'install_base': '/home/khotkangplue_p/week6_ws/install/robotnik_sensors', 'merge_install': False, 'path': '/home/khotkangplue_p/week6_ws/src/robotnik_sensors/robotnik_sensors', 'symlink_install': True, 'test_result_base': None}
[0.599s] Level 5:colcon.colcon_core.verb:set package 'robotnik_description' build argument 'cmake_args' from command line to 'None'
[0.599s] Level 5:colcon.colcon_core.verb:set package 'robotnik_description' build argument 'cmake_target' from command line to 'None'
[0.599s] Level 5:colcon.colcon_core.verb:set package 'robotnik_description' build argument 'cmake_target_skip_unavailable' from command line to 'False'
[0.599s] Level 5:colcon.colcon_core.verb:set package 'robotnik_description' build argument 'cmake_clean_cache' from command line to 'False'
[0.600s] Level 5:colcon.colcon_core.verb:set package 'robotnik_description' build argument 'cmake_clean_first' from command line to 'False'
[0.600s] Level 5:colcon.colcon_core.verb:set package 'robotnik_description' build argument 'cmake_force_configure' from command line to 'False'
[0.600s] Level 5:colcon.colcon_core.verb:set package 'robotnik_description' build argument 'ament_cmake_args' from command line to 'None'
[0.600s] Level 5:colcon.colcon_core.verb:set package 'robotnik_description' build argument 'catkin_cmake_args' from command line to 'None'
[0.600s] Level 5:colcon.colcon_core.verb:set package 'robotnik_description' build argument 'catkin_skip_building_tests' from command line to 'False'
[0.600s] DEBUG:colcon.colcon_core.verb:Building package 'robotnik_description' with the following arguments: {'ament_cmake_args': None, 'build_base': '/home/khotkangplue_p/week6_ws/build/robotnik_description', 'catkin_cmake_args': None, 'catkin_skip_building_tests': False, 'cmake_args': None, 'cmake_clean_cache': False, 'cmake_clean_first': False, 'cmake_force_configure': False, 'cmake_target': None, 'cmake_target_skip_unavailable': False, 'install_base': '/home/khotkangplue_p/week6_ws/install/robotnik_description', 'merge_install': False, 'path': '/home/khotkangplue_p/week6_ws/src/robotnik_description', 'symlink_install': True, 'test_result_base': None}
[0.600s] INFO:colcon.colcon_core.executor:Executing jobs using 'parallel' executor
[0.601s] DEBUG:colcon.colcon_parallel_executor.executor.parallel:run_until_complete
[0.601s] INFO:colcon.colcon_ros.task.ament_cmake.build:Building ROS package in '/home/khotkangplue_p/week6_ws/src/robotnik_sensors/robotnik_sensors' with build type 'ament_cmake'
[0.601s] INFO:colcon.colcon_cmake.task.cmake.build:Building CMake package in '/home/khotkangplue_p/week6_ws/src/robotnik_sensors/robotnik_sensors'
[0.607s] INFO:colcon.colcon_core.plugin_system:Skipping extension 'colcon_core.shell.bat': Not used on non-Windows systems
[0.607s] INFO:colcon.colcon_core.shell:Skip shell extension 'powershell' for command environment: Not usable outside of PowerShell
[0.607s] DEBUG:colcon.colcon_core.shell:Skip shell extension 'dsv' for command environment
[0.613s] INFO:colcon.colcon_ros.task.ament_python.build:Building ROS package in '/home/khotkangplue_p/week6_ws/src/control_rbkairos' with build type 'ament_python'
[0.613s] Level 1:colcon.colcon_core.shell:create_environment_hook('control_rbkairos', 'ament_prefix_path')
[0.613s] INFO:colcon.colcon_core.shell:Creating environment hook '/home/khotkangplue_p/week6_ws/install/control_rbkairos/share/control_rbkairos/hook/ament_prefix_path.ps1'
[0.616s] INFO:colcon.colcon_core.shell:Creating environment descriptor '/home/khotkangplue_p/week6_ws/install/control_rbkairos/share/control_rbkairos/hook/ament_prefix_path.dsv'
[0.617s] INFO:colcon.colcon_core.shell:Creating environment hook '/home/khotkangplue_p/week6_ws/install/control_rbkairos/share/control_rbkairos/hook/ament_prefix_path.sh'
[0.618s] INFO:colcon.colcon_core.shell:Skip shell extension 'powershell' for command environment: Not usable outside of PowerShell
[0.618s] DEBUG:colcon.colcon_core.shell:Skip shell extension 'dsv' for command environment
[0.622s] INFO:colcon.colcon_ros.task.ament_cmake.build:Building ROS package in '/home/khotkangplue_p/week6_ws/src/ros2_diff_drive_robot' with build type 'ament_cmake'
[0.622s] INFO:colcon.colcon_cmake.task.cmake.build:Building CMake package in '/home/khotkangplue_p/week6_ws/src/ros2_diff_drive_robot'
[0.622s] INFO:colcon.colcon_core.shell:Skip shell extension 'powershell' for command environment: Not usable outside of PowerShell
[0.622s] DEBUG:colcon.colcon_core.shell:Skip shell extension 'dsv' for command environment
[0.626s] INFO:colcon.colcon_ros.task.ament_cmake.build:Building ROS package in '/home/khotkangplue_p/week6_ws/src/robotnik_common/robotnik_common' with build type 'ament_cmake'
[0.627s] INFO:colcon.colcon_cmake.task.cmake.build:Building CMake package in '/home/khotkangplue_p/week6_ws/src/robotnik_common/robotnik_common'
[0.627s] INFO:colcon.colcon_core.shell:Skip shell extension 'powershell' for command environment: Not usable outside of PowerShell
[0.627s] DEBUG:colcon.colcon_core.shell:Skip shell extension 'dsv' for command environment
[0.640s] DEBUG:colcon.colcon_core.event_handler.log_command:Invoking command in '/home/khotkangplue_p/week6_ws/build/robotnik_sensors': CMAKE_PREFIX_PATH=${CMAKE_PREFIX_PATH}:/opt/ros/jazzy /usr/bin/cmake /home/khotkangplue_p/week6_ws/src/robotnik_sensors/robotnik_sensors -DAMENT_CMAKE_SYMLINK_INSTALL=1 -DCMAKE_INSTALL_PREFIX=/home/khotkangplue_p/week6_ws/install/robotnik_sensors
[0.863s] WARNING:colcon.colcon_ros.task.ament_python.build:Package 'control_rbkairos' doesn't explicitly install a marker in the package index (colcon-ros currently does it implicitly but that fallback will be removed in the future)
[0.865s] INFO:colcon.colcon_core.task.python.build:Building Python package in '/home/khotkangplue_p/week6_ws/src/control_rbkairos'
[0.865s] INFO:colcon.colcon_core.shell:Skip shell extension 'powershell' for command environment: Not usable outside of PowerShell
[0.865s] DEBUG:colcon.colcon_core.shell:Skip shell extension 'dsv' for command environment
[0.875s] DEBUG:colcon.colcon_core.event_handler.log_command:Invoking command in '/home/khotkangplue_p/week6_ws/build/diff_robot': CMAKE_PREFIX_PATH=${CMAKE_PREFIX_PATH}:/opt/ros/jazzy /usr/bin/cmake /home/khotkangplue_p/week6_ws/src/ros2_diff_drive_robot -DAMENT_CMAKE_SYMLINK_INSTALL=1 -DCMAKE_INSTALL_PREFIX=/home/khotkangplue_p/week6_ws/install/diff_robot
[0.884s] DEBUG:colcon.colcon_core.event_handler.log_command:Invoking command in '/home/khotkangplue_p/week6_ws/build/robotnik_common': CMAKE_PREFIX_PATH=${CMAKE_PREFIX_PATH}:/opt/ros/jazzy /usr/bin/cmake /home/khotkangplue_p/week6_ws/src/robotnik_common/robotnik_common -DAMENT_CMAKE_SYMLINK_INSTALL=1 -DCMAKE_INSTALL_PREFIX=/home/khotkangplue_p/week6_ws/install/robotnik_common
[1.276s] DEBUG:colcon.colcon_core.event_handler.log_command:Invoked command in '/home/khotkangplue_p/week6_ws/build/robotnik_common' returned '0': CMAKE_PREFIX_PATH=${CMAKE_PREFIX_PATH}:/opt/ros/jazzy /usr/bin/cmake /home/khotkangplue_p/week6_ws/src/robotnik_common/robotnik_common -DAMENT_CMAKE_SYMLINK_INSTALL=1 -DCMAKE_INSTALL_PREFIX=/home/khotkangplue_p/week6_ws/install/robotnik_common
[1.276s] DEBUG:colcon.colcon_core.event_handler.log_command:Invoking command in '/home/khotkangplue_p/week6_ws/build/robotnik_common': CMAKE_PREFIX_PATH=${CMAKE_PREFIX_PATH}:/opt/ros/jazzy /usr/bin/cmake --build /home/khotkangplue_p/week6_ws/build/robotnik_common -- -j4 -l4
[1.734s] DEBUG:colcon.colcon_core.event_handler.log_command:Invoked command in '/home/khotkangplue_p/week6_ws/build/robotnik_common' returned '0': CMAKE_PREFIX_PATH=${CMAKE_PREFIX_PATH}:/opt/ros/jazzy /usr/bin/cmake --build /home/khotkangplue_p/week6_ws/build/robotnik_common -- -j4 -l4
[1.745s] DEBUG:colcon.colcon_core.event_handler.log_command:Invoking command in '/home/khotkangplue_p/week6_ws/build/robotnik_common': CMAKE_PREFIX_PATH=${CMAKE_PREFIX_PATH}:/opt/ros/jazzy /usr/bin/cmake --install /home/khotkangplue_p/week6_ws/build/robotnik_common
[1.758s] DEBUG:colcon.colcon_core.event_handler.log_command:Invoked command in '/home/khotkangplue_p/week6_ws/build/robotnik_sensors' returned '0': CMAKE_PREFIX_PATH=${CMAKE_PREFIX_PATH}:/opt/ros/jazzy /usr/bin/cmake /home/khotkangplue_p/week6_ws/src/robotnik_sensors/robotnik_sensors -DAMENT_CMAKE_SYMLINK_INSTALL=1 -DCMAKE_INSTALL_PREFIX=/home/khotkangplue_p/week6_ws/install/robotnik_sensors
[1.761s] DEBUG:colcon.colcon_core.event_handler.log_command:Invoking command in '/home/khotkangplue_p/week6_ws/build/robotnik_sensors': CMAKE_PREFIX_PATH=${CMAKE_PREFIX_PATH}:/opt/ros/jazzy /usr/bin/cmake --build /home/khotkangplue_p/week6_ws/build/robotnik_sensors -- -j4 -l4
[1.807s] DEBUG:colcon.colcon_core.event_handler.log_command:Invoked command in '/home/khotkangplue_p/week6_ws/build/robotnik_sensors' returned '0': CMAKE_PREFIX_PATH=${CMAKE_PREFIX_PATH}:/opt/ros/jazzy /usr/bin/cmake --build /home/khotkangplue_p/week6_ws/build/robotnik_sensors -- -j4 -l4
[1.808s] DEBUG:colcon.colcon_core.event_handler.log_command:Invoking command in '/home/khotkangplue_p/week6_ws/build/robotnik_sensors': CMAKE_PREFIX_PATH=${CMAKE_PREFIX_PATH}:/opt/ros/jazzy /usr/bin/cmake --install /home/khotkangplue_p/week6_ws/build/robotnik_sensors
[1.832s] Level 1:colcon.colcon_core.environment:create_environment_scripts_only(robotnik_common)
[1.833s] DEBUG:colcon.colcon_core.event_handler.log_command:Invoked command in '/home/khotkangplue_p/week6_ws/build/robotnik_common' returned '0': CMAKE_PREFIX_PATH=${CMAKE_PREFIX_PATH}:/opt/ros/jazzy /usr/bin/cmake --install /home/khotkangplue_p/week6_ws/build/robotnik_common
[1.844s] Level 1:colcon.colcon_core.environment:checking '/home/khotkangplue_p/week6_ws/install/robotnik_common' for CMake module files
[1.847s] Level 1:colcon.colcon_core.environment:checking '/home/khotkangplue_p/week6_ws/install/robotnik_common' for CMake config files
[1.849s] Level 1:colcon.colcon_core.shell:create_environment_hook('robotnik_common', 'cmake_prefix_path')
[1.849s] INFO:colcon.colcon_core.shell:Creating environment hook '/home/khotkangplue_p/week6_ws/install/robotnik_common/share/robotnik_common/hook/cmake_prefix_path.ps1'
[1.850s] INFO:colcon.colcon_core.shell:Creating environment descriptor '/home/khotkangplue_p/week6_ws/install/robotnik_common/share/robotnik_common/hook/cmake_prefix_path.dsv'
[1.850s] INFO:colcon.colcon_core.shell:Creating environment hook '/home/khotkangplue_p/week6_ws/install/robotnik_common/share/robotnik_common/hook/cmake_prefix_path.sh'
[1.852s] Level 1:colcon.colcon_core.environment:checking '/home/khotkangplue_p/week6_ws/install/robotnik_common/lib'
[1.853s] Level 1:colcon.colcon_core.environment:checking '/home/khotkangplue_p/week6_ws/install/robotnik_common/bin'
[1.853s] Level 1:colcon.colcon_core.environment:checking '/home/khotkangplue_p/week6_ws/install/robotnik_common/lib/pkgconfig/robotnik_common.pc'
[1.853s] Level 1:colcon.colcon_core.environment:checking '/home/khotkangplue_p/week6_ws/install/robotnik_common/lib/python3.12/site-packages'
[1.853s] Level 1:colcon.colcon_core.shell:create_environment_hook('robotnik_common', 'pythonpath')
[1.854s] INFO:colcon.colcon_core.shell:Creating environment hook '/home/khotkangplue_p/week6_ws/install/robotnik_common/share/robotnik_common/hook/pythonpath.ps1'
[1.856s] INFO:colcon.colcon_core.shell:Creating environment descriptor '/home/khotkangplue_p/week6_ws/install/robotnik_common/share/robotnik_common/hook/pythonpath.dsv'
[1.856s] INFO:colcon.colcon_core.shell:Creating environment hook '/home/khotkangplue_p/week6_ws/install/robotnik_common/share/robotnik_common/hook/pythonpath.sh'
[1.859s] Level 1:colcon.colcon_core.environment:checking '/home/khotkangplue_p/week6_ws/install/robotnik_common/bin'
[1.859s] INFO:colcon.colcon_core.shell:Creating package script '/home/khotkangplue_p/week6_ws/install/robotnik_common/share/robotnik_common/package.ps1'
[1.865s] INFO:colcon.colcon_core.shell:Creating package descriptor '/home/khotkangplue_p/week6_ws/install/robotnik_common/share/robotnik_common/package.dsv'
[1.869s] INFO:colcon.colcon_core.shell:Creating package script '/home/khotkangplue_p/week6_ws/install/robotnik_common/share/robotnik_common/package.sh'
[1.871s] INFO:colcon.colcon_core.shell:Creating package script '/home/khotkangplue_p/week6_ws/install/robotnik_common/share/robotnik_common/package.bash'
[1.876s] INFO:colcon.colcon_core.shell:Creating package script '/home/khotkangplue_p/week6_ws/install/robotnik_common/share/robotnik_common/package.zsh'
[1.880s] Level 1:colcon.colcon_core.environment:create_file_with_runtime_dependencies(/home/khotkangplue_p/week6_ws/install/robotnik_common/share/colcon-core/packages/robotnik_common)
[1.881s] Level 1:colcon.colcon_core.environment:create_environment_scripts_only(robotnik_common)
[1.881s] Level 1:colcon.colcon_core.environment:checking '/home/khotkangplue_p/week6_ws/install/robotnik_common' for CMake module files
[1.882s] Level 1:colcon.colcon_core.environment:checking '/home/khotkangplue_p/week6_ws/install/robotnik_common' for CMake config files
[1.883s] Level 1:colcon.colcon_core.shell:create_environment_hook('robotnik_common', 'cmake_prefix_path')
[1.883s] INFO:colcon.colcon_core.shell:Creating environment hook '/home/khotkangplue_p/week6_ws/install/robotnik_common/share/robotnik_common/hook/cmake_prefix_path.ps1'
[1.884s] INFO:colcon.colcon_core.shell:Creating environment descriptor '/home/khotkangplue_p/week6_ws/install/robotnik_common/share/robotnik_common/hook/cmake_prefix_path.dsv'
[1.884s] INFO:colcon.colcon_core.shell:Creating environment hook '/home/khotkangplue_p/week6_ws/install/robotnik_common/share/robotnik_common/hook/cmake_prefix_path.sh'
[1.885s] Level 1:colcon.colcon_core.environment:checking '/home/khotkangplue_p/week6_ws/install/robotnik_common/lib'
[1.885s] Level 1:colcon.colcon_core.environment:checking '/home/khotkangplue_p/week6_ws/install/robotnik_common/bin'
[1.885s] Level 1:colcon.colcon_core.environment:checking '/home/khotkangplue_p/week6_ws/install/robotnik_common/lib/pkgconfig/robotnik_common.pc'
[1.885s] Level 1:colcon.colcon_core.environment:checking '/home/khotkangplue_p/week6_ws/install/robotnik_common/lib/python3.12/site-packages'
[1.886s] Level 1:colcon.colcon_core.shell:create_environment_hook('robotnik_common', 'pythonpath')
[1.886s] INFO:colcon.colcon_core.shell:Creating environment hook '/home/khotkangplue_p/week6_ws/install/robotnik_common/share/robotnik_common/hook/pythonpath.ps1'
[1.886s] INFO:colcon.colcon_core.shell:Creating environment descriptor '/home/khotkangplue_p/week6_ws/install/robotnik_common/share/robotnik_common/hook/pythonpath.dsv'
[1.886s] INFO:colcon.colcon_core.shell:Creating environment hook '/home/khotkangplue_p/week6_ws/install/robotnik_common/share/robotnik_common/hook/pythonpath.sh'
[1.887s] Level 1:colcon.colcon_core.environment:checking '/home/khotkangplue_p/week6_ws/install/robotnik_common/bin'
[1.887s] INFO:colcon.colcon_core.shell:Creating package script '/home/khotkangplue_p/week6_ws/install/robotnik_common/share/robotnik_common/package.ps1'
[1.888s] INFO:colcon.colcon_core.shell:Creating package descriptor '/home/khotkangplue_p/week6_ws/install/robotnik_common/share/robotnik_common/package.dsv'
[1.888s] INFO:colcon.colcon_core.shell:Creating package script '/home/khotkangplue_p/week6_ws/install/robotnik_common/share/robotnik_common/package.sh'
[1.893s] INFO:colcon.colcon_core.shell:Creating package script '/home/khotkangplue_p/week6_ws/install/robotnik_common/share/robotnik_common/package.bash'
[1.894s] INFO:colcon.colcon_core.shell:Creating package script '/home/khotkangplue_p/week6_ws/install/robotnik_common/share/robotnik_common/package.zsh'
[1.897s] Level 1:colcon.colcon_core.environment:create_file_with_runtime_dependencies(/home/khotkangplue_p/week6_ws/install/robotnik_common/share/colcon-core/packages/robotnik_common)
[1.905s] DEBUG:colcon.colcon_core.task.python.build:While undoing a previous installation files outside the Python library path are being ignored: /home/khotkangplue_p/week6_ws/install/control_rbkairos/share/control_rbkairos/package.xml
[1.905s] DEBUG:colcon.colcon_core.task.python.build:While undoing a previous installation files outside the Python library path are being ignored: /home/khotkangplue_p/week6_ws/install/control_rbkairos/share/control_rbkairos/launch/gazebo.launch.py
[1.905s] DEBUG:colcon.colcon_core.task.python.build:While undoing a previous installation files outside the Python library path are being ignored: /home/khotkangplue_p/week6_ws/install/control_rbkairos/share/control_rbkairos/launch/gazebo_robot.launch.py
[1.905s] DEBUG:colcon.colcon_core.task.python.build:While undoing a previous installation files outside the Python library path are being ignored: /home/khotkangplue_p/week6_ws/install/control_rbkairos/share/control_rbkairos/launch/gz_spawn_rbkairos.launch.py
[1.906s] DEBUG:colcon.colcon_core.task.python.build:While undoing a previous installation files outside the Python library path are being ignored: /home/khotkangplue_p/week6_ws/install/control_rbkairos/share/control_rbkairos/urdf/rbrobout.urdf.xacro
[1.906s] DEBUG:colcon.colcon_core.task.python.build:While undoing a previous installation files outside the Python library path are being ignored: /home/khotkangplue_p/week6_ws/install/control_rbkairos/share/control_rbkairos/scripts/robot_movement.py
[1.907s] DEBUG:colcon.colcon_core.task.python.build:While undoing a previous installation files outside the Python library path are being ignored: /home/khotkangplue_p/week6_ws/install/control_rbkairos/lib/control_rbkairos/move_robot
[1.907s] DEBUG:colcon.colcon_core.task.python.build:While undoing a previous installation files outside the Python library path are being ignored: /home/khotkangplue_p/week6_ws/install/control_rbkairos/lib/control_rbkairos/robot_movement
[1.913s] DEBUG:colcon.colcon_core.event_handler.log_command:Invoking command in '/home/khotkangplue_p/week6_ws/build/control_rbkairos': PYTHONPATH=/home/khotkangplue_p/week6_ws/build/control_rbkairos/prefix_override:/usr/lib/python3/dist-packages/colcon_core/task/python/colcon_distutils_commands:/home/khotkangplue_p/week6_ws/install/control_rbkairos/lib/python3.12/site-packages:${PYTHONPATH} /usr/bin/python3 -W ignore:setup.py install is deprecated -W ignore:easy_install command is deprecated setup.py develop --editable --build-directory /home/khotkangplue_p/week6_ws/build/control_rbkairos/build --no-deps symlink_data --force
[1.925s] Level 1:colcon.colcon_core.environment:create_environment_scripts_only(robotnik_sensors)
[1.926s] DEBUG:colcon.colcon_core.event_handler.log_command:Invoked command in '/home/khotkangplue_p/week6_ws/build/robotnik_sensors' returned '0': CMAKE_PREFIX_PATH=${CMAKE_PREFIX_PATH}:/opt/ros/jazzy /usr/bin/cmake --install /home/khotkangplue_p/week6_ws/build/robotnik_sensors
[1.926s] Level 1:colcon.colcon_core.environment:checking '/home/khotkangplue_p/week6_ws/install/robotnik_sensors' for CMake module files
[1.926s] Level 1:colcon.colcon_core.environment:checking '/home/khotkangplue_p/week6_ws/install/robotnik_sensors' for CMake config files
[1.929s] Level 1:colcon.colcon_core.shell:create_environment_hook('robotnik_sensors', 'cmake_prefix_path')
[1.929s] INFO:colcon.colcon_core.shell:Creating environment hook '/home/khotkangplue_p/week6_ws/install/robotnik_sensors/share/robotnik_sensors/hook/cmake_prefix_path.ps1'
[1.929s] INFO:colcon.colcon_core.shell:Creating environment descriptor '/home/khotkangplue_p/week6_ws/install/robotnik_sensors/share/robotnik_sensors/hook/cmake_prefix_path.dsv'
[1.930s] INFO:colcon.colcon_core.shell:Creating environment hook '/home/khotkangplue_p/week6_ws/install/robotnik_sensors/share/robotnik_sensors/hook/cmake_prefix_path.sh'
[1.930s] Level 1:colcon.colcon_core.environment:checking '/home/khotkangplue_p/week6_ws/install/robotnik_sensors/bin'
[1.930s] Level 1:colcon.colcon_core.environment:checking '/home/khotkangplue_p/week6_ws/install/robotnik_sensors/lib/pkgconfig/robotnik_sensors.pc'
[1.930s] Level 1:colcon.colcon_core.environment:checking '/home/khotkangplue_p/week6_ws/install/robotnik_sensors/lib/python3.12/site-packages'
[1.931s] Level 1:colcon.colcon_core.environment:checking '/home/khotkangplue_p/week6_ws/install/robotnik_sensors/bin'
[1.931s] INFO:colcon.colcon_core.shell:Creating package script '/home/khotkangplue_p/week6_ws/install/robotnik_sensors/share/robotnik_sensors/package.ps1'
[1.931s] INFO:colcon.colcon_core.shell:Creating package descriptor '/home/khotkangplue_p/week6_ws/install/robotnik_sensors/share/robotnik_sensors/package.dsv'
[1.932s] INFO:colcon.colcon_core.shell:Creating package script '/home/khotkangplue_p/week6_ws/install/robotnik_sensors/share/robotnik_sensors/package.sh'
[1.932s] INFO:colcon.colcon_core.shell:Creating package script '/home/khotkangplue_p/week6_ws/install/robotnik_sensors/share/robotnik_sensors/package.bash'
[1.932s] INFO:colcon.colcon_core.shell:Creating package script '/home/khotkangplue_p/week6_ws/install/robotnik_sensors/share/robotnik_sensors/package.zsh'
[1.933s] Level 1:colcon.colcon_core.environment:create_file_with_runtime_dependencies(/home/khotkangplue_p/week6_ws/install/robotnik_sensors/share/colcon-core/packages/robotnik_sensors)
[1.933s] Level 1:colcon.colcon_core.environment:create_environment_scripts_only(robotnik_sensors)
[1.934s] Level 1:colcon.colcon_core.environment:checking '/home/khotkangplue_p/week6_ws/install/robotnik_sensors' for CMake module files
[1.935s] Level 1:colcon.colcon_core.environment:checking '/home/khotkangplue_p/week6_ws/install/robotnik_sensors' for CMake config files
[1.937s] Level 1:colcon.colcon_core.shell:create_environment_hook('robotnik_sensors', 'cmake_prefix_path')
[1.937s] INFO:colcon.colcon_core.shell:Creating environment hook '/home/khotkangplue_p/week6_ws/install/robotnik_sensors/share/robotnik_sensors/hook/cmake_prefix_path.ps1'
[1.938s] INFO:colcon.colcon_core.shell:Creating environment descriptor '/home/khotkangplue_p/week6_ws/install/robotnik_sensors/share/robotnik_sensors/hook/cmake_prefix_path.dsv'
[1.938s] INFO:colcon.colcon_core.shell:Creating environment hook '/home/khotkangplue_p/week6_ws/install/robotnik_sensors/share/robotnik_sensors/hook/cmake_prefix_path.sh'
[1.939s] Level 1:colcon.colcon_core.environment:checking '/home/khotkangplue_p/week6_ws/install/robotnik_sensors/bin'
[1.939s] Level 1:colcon.colcon_core.environment:checking '/home/khotkangplue_p/week6_ws/install/robotnik_sensors/lib/pkgconfig/robotnik_sensors.pc'
[1.939s] Level 1:colcon.colcon_core.environment:checking '/home/khotkangplue_p/week6_ws/install/robotnik_sensors/lib/python3.12/site-packages'
[1.939s] Level 1:colcon.colcon_core.environment:checking '/home/khotkangplue_p/week6_ws/install/robotnik_sensors/bin'
[1.940s] INFO:colcon.colcon_core.shell:Creating package script '/home/khotkangplue_p/week6_ws/install/robotnik_sensors/share/robotnik_sensors/package.ps1'
[1.940s] INFO:colcon.colcon_core.shell:Creating package descriptor '/home/khotkangplue_p/week6_ws/install/robotnik_sensors/share/robotnik_sensors/package.dsv'
[1.941s] INFO:colcon.colcon_core.shell:Creating package script '/home/khotkangplue_p/week6_ws/install/robotnik_sensors/share/robotnik_sensors/package.sh'
[1.941s] INFO:colcon.colcon_core.shell:Creating package script '/home/khotkangplue_p/week6_ws/install/robotnik_sensors/share/robotnik_sensors/package.bash'
[1.942s] INFO:colcon.colcon_core.shell:Creating package script '/home/khotkangplue_p/week6_ws/install/robotnik_sensors/share/robotnik_sensors/package.zsh'
[1.942s] Level 1:colcon.colcon_core.environment:create_file_with_runtime_dependencies(/home/khotkangplue_p/week6_ws/install/robotnik_sensors/share/colcon-core/packages/robotnik_sensors)
[1.943s] INFO:colcon.colcon_ros.task.ament_cmake.build:Building ROS package in '/home/khotkangplue_p/week6_ws/src/robotnik_description' with build type 'ament_cmake'
[1.943s] INFO:colcon.colcon_cmake.task.cmake.build:Building CMake package in '/home/khotkangplue_p/week6_ws/src/robotnik_description'
[1.943s] INFO:colcon.colcon_core.shell:Skip shell extension 'powershell' for command environment: Not usable outside of PowerShell
[1.943s] DEBUG:colcon.colcon_core.shell:Skip shell extension 'dsv' for command environment
[2.035s] DEBUG:colcon.colcon_core.event_handler.log_command:Invoking command in '/home/khotkangplue_p/week6_ws/build/robotnik_description': AMENT_PREFIX_PATH=/home/khotkangplue_p/week6_ws/install/robotnik_sensors:${AMENT_PREFIX_PATH} CMAKE_PREFIX_PATH=/home/khotkangplue_p/week6_ws/install/robotnik_sensors:/opt/ros/jazzy/opt/gz_sim_vendor:/opt/ros/jazzy/opt/gz_sensors_vendor:/opt/ros/jazzy/opt/gz_physics_vendor:/opt/ros/jazzy/opt/sdformat_vendor:/opt/ros/jazzy/opt/gz_gui_vendor:/opt/ros/jazzy/opt/gz_transport_vendor:/opt/ros/jazzy/opt/gz_rendering_vendor:/opt/ros/jazzy/opt/gz_plugin_vendor:/opt/ros/jazzy/opt/gz_fuel_tools_vendor:/opt/ros/jazzy/opt/gz_msgs_vendor:/opt/ros/jazzy/opt/gz_common_vendor:/opt/ros/jazzy/opt/gz_math_vendor:/opt/ros/jazzy/opt/gz_utils_vendor:/opt/ros/jazzy/opt/gz_tools_vendor:/opt/ros/jazzy/opt/gz_ogre_next_vendor:/opt/ros/jazzy/opt/gz_dartsim_vendor:/opt/ros/jazzy/opt/gz_cmake_vendor:/opt/ros/jazzy /usr/bin/cmake /home/khotkangplue_p/week6_ws/src/robotnik_description -DAMENT_CMAKE_SYMLINK_INSTALL=1 -DCMAKE_INSTALL_PREFIX=/home/khotkangplue_p/week6_ws/install/robotnik_description
[2.782s] Level 1:colcon.colcon_core.shell:create_environment_hook('control_rbkairos', 'pythonpath_develop')
[2.782s] DEBUG:colcon.colcon_core.event_handler.log_command:Invoked command in '/home/khotkangplue_p/week6_ws/build/control_rbkairos' returned '0': PYTHONPATH=/home/khotkangplue_p/week6_ws/build/control_rbkairos/prefix_override:/usr/lib/python3/dist-packages/colcon_core/task/python/colcon_distutils_commands:/home/khotkangplue_p/week6_ws/install/control_rbkairos/lib/python3.12/site-packages:${PYTHONPATH} /usr/bin/python3 -W ignore:setup.py install is deprecated -W ignore:easy_install command is deprecated setup.py develop --editable --build-directory /home/khotkangplue_p/week6_ws/build/control_rbkairos/build --no-deps symlink_data --force
[2.783s] INFO:colcon.colcon_core.shell:Creating environment hook '/home/khotkangplue_p/week6_ws/build/control_rbkairos/share/control_rbkairos/hook/pythonpath_develop.ps1'
[2.784s] INFO:colcon.colcon_core.shell:Creating environment descriptor '/home/khotkangplue_p/week6_ws/build/control_rbkairos/share/control_rbkairos/hook/pythonpath_develop.dsv'
[2.785s] INFO:colcon.colcon_core.shell:Creating environment hook '/home/khotkangplue_p/week6_ws/build/control_rbkairos/share/control_rbkairos/hook/pythonpath_develop.sh'
[2.785s] Level 1:colcon.colcon_core.environment:checking '/home/khotkangplue_p/week6_ws/install/control_rbkairos' for CMake module files
[2.786s] Level 1:colcon.colcon_core.environment:checking '/home/khotkangplue_p/week6_ws/install/control_rbkairos' for CMake config files
[2.787s] Level 1:colcon.colcon_core.environment:checking '/home/khotkangplue_p/week6_ws/install/control_rbkairos/lib'
[2.787s] Level 1:colcon.colcon_core.environment:checking '/home/khotkangplue_p/week6_ws/install/control_rbkairos/bin'
[2.787s] Level 1:colcon.colcon_core.environment:checking '/home/khotkangplue_p/week6_ws/install/control_rbkairos/lib/pkgconfig/control_rbkairos.pc'
[2.787s] Level 1:colcon.colcon_core.environment:checking '/home/khotkangplue_p/week6_ws/install/control_rbkairos/lib/python3.12/site-packages'
[2.787s] Level 1:colcon.colcon_core.shell:create_environment_hook('control_rbkairos', 'pythonpath')
[2.787s] INFO:colcon.colcon_core.shell:Creating environment hook '/home/khotkangplue_p/week6_ws/install/control_rbkairos/share/control_rbkairos/hook/pythonpath.ps1'
[2.788s] INFO:colcon.colcon_core.shell:Creating environment descriptor '/home/khotkangplue_p/week6_ws/install/control_rbkairos/share/control_rbkairos/hook/pythonpath.dsv'
[2.789s] INFO:colcon.colcon_core.shell:Creating environment hook '/home/khotkangplue_p/week6_ws/install/control_rbkairos/share/control_rbkairos/hook/pythonpath.sh'
[2.790s] Level 1:colcon.colcon_core.environment:checking '/home/khotkangplue_p/week6_ws/install/control_rbkairos/bin'
[2.790s] Level 1:colcon.colcon_core.environment:create_environment_scripts_only(control_rbkairos)
[2.791s] INFO:colcon.colcon_core.shell:Creating package script '/home/khotkangplue_p/week6_ws/install/control_rbkairos/share/control_rbkairos/package.ps1'
[2.792s] INFO:colcon.colcon_core.shell:Creating package descriptor '/home/khotkangplue_p/week6_ws/install/control_rbkairos/share/control_rbkairos/package.dsv'
[2.792s] INFO:colcon.colcon_core.shell:Creating package script '/home/khotkangplue_p/week6_ws/install/control_rbkairos/share/control_rbkairos/package.sh'
[2.793s] INFO:colcon.colcon_core.shell:Creating package script '/home/khotkangplue_p/week6_ws/install/control_rbkairos/share/control_rbkairos/package.bash'
[2.794s] INFO:colcon.colcon_core.shell:Creating package script '/home/khotkangplue_p/week6_ws/install/control_rbkairos/share/control_rbkairos/package.zsh'
[2.794s] Level 1:colcon.colcon_core.environment:create_file_with_runtime_dependencies(/home/khotkangplue_p/week6_ws/install/control_rbkairos/share/colcon-core/packages/control_rbkairos)
[2.905s] DEBUG:colcon.colcon_core.event_handler.log_command:Invoked command in '/home/khotkangplue_p/week6_ws/build/robotnik_description' returned '0': AMENT_PREFIX_PATH=/home/khotkangplue_p/week6_ws/install/robotnik_sensors:${AMENT_PREFIX_PATH} CMAKE_PREFIX_PATH=/home/khotkangplue_p/week6_ws/install/robotnik_sensors:/opt/ros/jazzy/opt/gz_sim_vendor:/opt/ros/jazzy/opt/gz_sensors_vendor:/opt/ros/jazzy/opt/gz_physics_vendor:/opt/ros/jazzy/opt/sdformat_vendor:/opt/ros/jazzy/opt/gz_gui_vendor:/opt/ros/jazzy/opt/gz_transport_vendor:/opt/ros/jazzy/opt/gz_rendering_vendor:/opt/ros/jazzy/opt/gz_plugin_vendor:/opt/ros/jazzy/opt/gz_fuel_tools_vendor:/opt/ros/jazzy/opt/gz_msgs_vendor:/opt/ros/jazzy/opt/gz_common_vendor:/opt/ros/jazzy/opt/gz_math_vendor:/opt/ros/jazzy/opt/gz_utils_vendor:/opt/ros/jazzy/opt/gz_tools_vendor:/opt/ros/jazzy/opt/gz_ogre_next_vendor:/opt/ros/jazzy/opt/gz_dartsim_vendor:/opt/ros/jazzy/opt/gz_cmake_vendor:/opt/ros/jazzy /usr/bin/cmake /home/khotkangplue_p/week6_ws/src/robotnik_description -DAMENT_CMAKE_SYMLINK_INSTALL=1 -DCMAKE_INSTALL_PREFIX=/home/khotkangplue_p/week6_ws/install/robotnik_description
[2.906s] DEBUG:colcon.colcon_core.event_handler.log_command:Invoking command in '/home/khotkangplue_p/week6_ws/build/robotnik_description': AMENT_PREFIX_PATH=/home/khotkangplue_p/week6_ws/install/robotnik_sensors:${AMENT_PREFIX_PATH} CMAKE_PREFIX_PATH=/home/khotkangplue_p/week6_ws/install/robotnik_sensors:/opt/ros/jazzy/opt/gz_sim_vendor:/opt/ros/jazzy/opt/gz_sensors_vendor:/opt/ros/jazzy/opt/gz_physics_vendor:/opt/ros/jazzy/opt/sdformat_vendor:/opt/ros/jazzy/opt/gz_gui_vendor:/opt/ros/jazzy/opt/gz_transport_vendor:/opt/ros/jazzy/opt/gz_rendering_vendor:/opt/ros/jazzy/opt/gz_plugin_vendor:/opt/ros/jazzy/opt/gz_fuel_tools_vendor:/opt/ros/jazzy/opt/gz_msgs_vendor:/opt/ros/jazzy/opt/gz_common_vendor:/opt/ros/jazzy/opt/gz_math_vendor:/opt/ros/jazzy/opt/gz_utils_vendor:/opt/ros/jazzy/opt/gz_tools_vendor:/opt/ros/jazzy/opt/gz_ogre_next_vendor:/opt/ros/jazzy/opt/gz_dartsim_vendor:/opt/ros/jazzy/opt/gz_cmake_vendor:/opt/ros/jazzy /usr/bin/cmake --build /home/khotkangplue_p/week6_ws/build/robotnik_description -- -j4 -l4
[2.946s] DEBUG:colcon.colcon_core.event_handler.log_command:Invoked command in '/home/khotkangplue_p/week6_ws/build/robotnik_description' returned '0': AMENT_PREFIX_PATH=/home/khotkangplue_p/week6_ws/install/robotnik_sensors:${AMENT_PREFIX_PATH} CMAKE_PREFIX_PATH=/home/khotkangplue_p/week6_ws/install/robotnik_sensors:/opt/ros/jazzy/opt/gz_sim_vendor:/opt/ros/jazzy/opt/gz_sensors_vendor:/opt/ros/jazzy/opt/gz_physics_vendor:/opt/ros/jazzy/opt/sdformat_vendor:/opt/ros/jazzy/opt/gz_gui_vendor:/opt/ros/jazzy/opt/gz_transport_vendor:/opt/ros/jazzy/opt/gz_rendering_vendor:/opt/ros/jazzy/opt/gz_plugin_vendor:/opt/ros/jazzy/opt/gz_fuel_tools_vendor:/opt/ros/jazzy/opt/gz_msgs_vendor:/opt/ros/jazzy/opt/gz_common_vendor:/opt/ros/jazzy/opt/gz_math_vendor:/opt/ros/jazzy/opt/gz_utils_vendor:/opt/ros/jazzy/opt/gz_tools_vendor:/opt/ros/jazzy/opt/gz_ogre_next_vendor:/opt/ros/jazzy/opt/gz_dartsim_vendor:/opt/ros/jazzy/opt/gz_cmake_vendor:/opt/ros/jazzy /usr/bin/cmake --build /home/khotkangplue_p/week6_ws/build/robotnik_description -- -j4 -l4
[2.947s] DEBUG:colcon.colcon_core.event_handler.log_command:Invoking command in '/home/khotkangplue_p/week6_ws/build/robotnik_description': AMENT_PREFIX_PATH=/home/khotkangplue_p/week6_ws/install/robotnik_sensors:${AMENT_PREFIX_PATH} CMAKE_PREFIX_PATH=/home/khotkangplue_p/week6_ws/install/robotnik_sensors:/opt/ros/jazzy/opt/gz_sim_vendor:/opt/ros/jazzy/opt/gz_sensors_vendor:/opt/ros/jazzy/opt/gz_physics_vendor:/opt/ros/jazzy/opt/sdformat_vendor:/opt/ros/jazzy/opt/gz_gui_vendor:/opt/ros/jazzy/opt/gz_transport_vendor:/opt/ros/jazzy/opt/gz_rendering_vendor:/opt/ros/jazzy/opt/gz_plugin_vendor:/opt/ros/jazzy/opt/gz_fuel_tools_vendor:/opt/ros/jazzy/opt/gz_msgs_vendor:/opt/ros/jazzy/opt/gz_common_vendor:/opt/ros/jazzy/opt/gz_math_vendor:/opt/ros/jazzy/opt/gz_utils_vendor:/opt/ros/jazzy/opt/gz_tools_vendor:/opt/ros/jazzy/opt/gz_ogre_next_vendor:/opt/ros/jazzy/opt/gz_dartsim_vendor:/opt/ros/jazzy/opt/gz_cmake_vendor:/opt/ros/jazzy /usr/bin/cmake --install /home/khotkangplue_p/week6_ws/build/robotnik_description
[3.050s] Level 1:colcon.colcon_core.environment:create_environment_scripts_only(robotnik_description)
[3.051s] Level 1:colcon.colcon_core.environment:checking '/home/khotkangplue_p/week6_ws/install/robotnik_description' for CMake module files
[3.051s] DEBUG:colcon.colcon_core.event_handler.log_command:Invoked command in '/home/khotkangplue_p/week6_ws/build/robotnik_description' returned '0': AMENT_PREFIX_PATH=/home/khotkangplue_p/week6_ws/install/robotnik_sensors:${AMENT_PREFIX_PATH} CMAKE_PREFIX_PATH=/home/khotkangplue_p/week6_ws/install/robotnik_sensors:/opt/ros/jazzy/opt/gz_sim_vendor:/opt/ros/jazzy/opt/gz_sensors_vendor:/opt/ros/jazzy/opt/gz_physics_vendor:/opt/ros/jazzy/opt/sdformat_vendor:/opt/ros/jazzy/opt/gz_gui_vendor:/opt/ros/jazzy/opt/gz_transport_vendor:/opt/ros/jazzy/opt/gz_rendering_vendor:/opt/ros/jazzy/opt/gz_plugin_vendor:/opt/ros/jazzy/opt/gz_fuel_tools_vendor:/opt/ros/jazzy/opt/gz_msgs_vendor:/opt/ros/jazzy/opt/gz_common_vendor:/opt/ros/jazzy/opt/gz_math_vendor:/opt/ros/jazzy/opt/gz_utils_vendor:/opt/ros/jazzy/opt/gz_tools_vendor:/opt/ros/jazzy/opt/gz_ogre_next_vendor:/opt/ros/jazzy/opt/gz_dartsim_vendor:/opt/ros/jazzy/opt/gz_cmake_vendor:/opt/ros/jazzy /usr/bin/cmake --install /home/khotkangplue_p/week6_ws/build/robotnik_description
[3.052s] Level 1:colcon.colcon_core.environment:checking '/home/khotkangplue_p/week6_ws/install/robotnik_description' for CMake config files
[3.053s] Level 1:colcon.colcon_core.shell:create_environment_hook('robotnik_description', 'cmake_prefix_path')
[3.054s] INFO:colcon.colcon_core.shell:Creating environment hook '/home/khotkangplue_p/week6_ws/install/robotnik_description/share/robotnik_description/hook/cmake_prefix_path.ps1'
[3.054s] INFO:colcon.colcon_core.shell:Creating environment descriptor '/home/khotkangplue_p/week6_ws/install/robotnik_description/share/robotnik_description/hook/cmake_prefix_path.dsv'
[3.054s] INFO:colcon.colcon_core.shell:Creating environment hook '/home/khotkangplue_p/week6_ws/install/robotnik_description/share/robotnik_description/hook/cmake_prefix_path.sh'
[3.055s] Level 1:colcon.colcon_core.environment:checking '/home/khotkangplue_p/week6_ws/install/robotnik_description/bin'
[3.055s] Level 1:colcon.colcon_core.environment:checking '/home/khotkangplue_p/week6_ws/install/robotnik_description/lib/pkgconfig/robotnik_description.pc'
[3.055s] Level 1:colcon.colcon_core.environment:checking '/home/khotkangplue_p/week6_ws/install/robotnik_description/lib/python3.12/site-packages'
[3.055s] Level 1:colcon.colcon_core.environment:checking '/home/khotkangplue_p/week6_ws/install/robotnik_description/bin'
[3.055s] INFO:colcon.colcon_core.shell:Creating package script '/home/khotkangplue_p/week6_ws/install/robotnik_description/share/robotnik_description/package.ps1'
[3.056s] INFO:colcon.colcon_core.shell:Creating package descriptor '/home/khotkangplue_p/week6_ws/install/robotnik_description/share/robotnik_description/package.dsv'
[3.056s] INFO:colcon.colcon_core.shell:Creating package script '/home/khotkangplue_p/week6_ws/install/robotnik_description/share/robotnik_description/package.sh'
[3.056s] INFO:colcon.colcon_core.shell:Creating package script '/home/khotkangplue_p/week6_ws/install/robotnik_description/share/robotnik_description/package.bash'
[3.057s] INFO:colcon.colcon_core.shell:Creating package script '/home/khotkangplue_p/week6_ws/install/robotnik_description/share/robotnik_description/package.zsh'
[3.057s] Level 1:colcon.colcon_core.environment:create_file_with_runtime_dependencies(/home/khotkangplue_p/week6_ws/install/robotnik_description/share/colcon-core/packages/robotnik_description)
[3.058s] Level 1:colcon.colcon_core.environment:create_environment_scripts_only(robotnik_description)
[3.058s] Level 1:colcon.colcon_core.environment:checking '/home/khotkangplue_p/week6_ws/install/robotnik_description' for CMake module files
[3.059s] Level 1:colcon.colcon_core.environment:checking '/home/khotkangplue_p/week6_ws/install/robotnik_description' for CMake config files
[3.060s] Level 1:colcon.colcon_core.shell:create_environment_hook('robotnik_description', 'cmake_prefix_path')
[3.060s] INFO:colcon.colcon_core.shell:Creating environment hook '/home/khotkangplue_p/week6_ws/install/robotnik_description/share/robotnik_description/hook/cmake_prefix_path.ps1'
[3.061s] INFO:colcon.colcon_core.shell:Creating environment descriptor '/home/khotkangplue_p/week6_ws/install/robotnik_description/share/robotnik_description/hook/cmake_prefix_path.dsv'
[3.061s] INFO:colcon.colcon_core.shell:Creating environment hook '/home/khotkangplue_p/week6_ws/install/robotnik_description/share/robotnik_description/hook/cmake_prefix_path.sh'
[3.061s] Level 1:colcon.colcon_core.environment:checking '/home/khotkangplue_p/week6_ws/install/robotnik_description/bin'
[3.062s] Level 1:colcon.colcon_core.environment:checking '/home/khotkangplue_p/week6_ws/install/robotnik_description/lib/pkgconfig/robotnik_description.pc'
[3.062s] Level 1:colcon.colcon_core.environment:checking '/home/khotkangplue_p/week6_ws/install/robotnik_description/lib/python3.12/site-packages'
[3.062s] Level 1:colcon.colcon_core.environment:checking '/home/khotkangplue_p/week6_ws/install/robotnik_description/bin'
[3.062s] INFO:colcon.colcon_core.shell:Creating package script '/home/khotkangplue_p/week6_ws/install/robotnik_description/share/robotnik_description/package.ps1'
[3.062s] INFO:colcon.colcon_core.shell:Creating package descriptor '/home/khotkangplue_p/week6_ws/install/robotnik_description/share/robotnik_description/package.dsv'
[3.063s] INFO:colcon.colcon_core.shell:Creating package script '/home/khotkangplue_p/week6_ws/install/robotnik_description/share/robotnik_description/package.sh'
[3.063s] INFO:colcon.colcon_core.shell:Creating package script '/home/khotkangplue_p/week6_ws/install/robotnik_description/share/robotnik_description/package.bash'
[3.064s] INFO:colcon.colcon_core.shell:Creating package script '/home/khotkangplue_p/week6_ws/install/robotnik_description/share/robotnik_description/package.zsh'
[3.064s] Level 1:colcon.colcon_core.environment:create_file_with_runtime_dependencies(/home/khotkangplue_p/week6_ws/install/robotnik_description/share/colcon-core/packages/robotnik_description)
[3.654s] DEBUG:colcon.colcon_core.event_handler.log_command:Invoked command in '/home/khotkangplue_p/week6_ws/build/diff_robot' returned '0': CMAKE_PREFIX_PATH=${CMAKE_PREFIX_PATH}:/opt/ros/jazzy /usr/bin/cmake /home/khotkangplue_p/week6_ws/src/ros2_diff_drive_robot -DAMENT_CMAKE_SYMLINK_INSTALL=1 -DCMAKE_INSTALL_PREFIX=/home/khotkangplue_p/week6_ws/install/diff_robot
[3.655s] DEBUG:colcon.colcon_core.event_handler.log_command:Invoking command in '/home/khotkangplue_p/week6_ws/build/diff_robot': CMAKE_PREFIX_PATH=${CMAKE_PREFIX_PATH}:/opt/ros/jazzy /usr/bin/cmake --build /home/khotkangplue_p/week6_ws/build/diff_robot -- -j4 -l4
[3.765s] DEBUG:colcon.colcon_core.event_handler.log_command:Invoked command in '/home/khotkangplue_p/week6_ws/build/diff_robot' returned '0': CMAKE_PREFIX_PATH=${CMAKE_PREFIX_PATH}:/opt/ros/jazzy /usr/bin/cmake --build /home/khotkangplue_p/week6_ws/build/diff_robot -- -j4 -l4
[3.767s] DEBUG:colcon.colcon_core.event_handler.log_command:Invoking command in '/home/khotkangplue_p/week6_ws/build/diff_robot': CMAKE_PREFIX_PATH=${CMAKE_PREFIX_PATH}:/opt/ros/jazzy /usr/bin/cmake --install /home/khotkangplue_p/week6_ws/build/diff_robot
[3.796s] Level 1:colcon.colcon_core.environment:create_environment_scripts_only(diff_robot)
[3.797s] DEBUG:colcon.colcon_core.event_handler.log_command:Invoked command in '/home/khotkangplue_p/week6_ws/build/diff_robot' returned '0': CMAKE_PREFIX_PATH=${CMAKE_PREFIX_PATH}:/opt/ros/jazzy /usr/bin/cmake --install /home/khotkangplue_p/week6_ws/build/diff_robot
[3.797s] Level 1:colcon.colcon_core.environment:checking '/home/khotkangplue_p/week6_ws/install/diff_robot' for CMake module files
[3.798s] Level 1:colcon.colcon_core.environment:checking '/home/khotkangplue_p/week6_ws/install/diff_robot' for CMake config files
[3.800s] Level 1:colcon.colcon_core.shell:create_environment_hook('diff_robot', 'cmake_prefix_path')
[3.800s] INFO:colcon.colcon_core.shell:Creating environment hook '/home/khotkangplue_p/week6_ws/install/diff_robot/share/diff_robot/hook/cmake_prefix_path.ps1'
[3.800s] INFO:colcon.colcon_core.shell:Creating environment descriptor '/home/khotkangplue_p/week6_ws/install/diff_robot/share/diff_robot/hook/cmake_prefix_path.dsv'
[3.801s] INFO:colcon.colcon_core.shell:Creating environment hook '/home/khotkangplue_p/week6_ws/install/diff_robot/share/diff_robot/hook/cmake_prefix_path.sh'
[3.802s] Level 1:colcon.colcon_core.environment:checking '/home/khotkangplue_p/week6_ws/install/diff_robot/lib'
[3.802s] Level 1:colcon.colcon_core.environment:checking '/home/khotkangplue_p/week6_ws/install/diff_robot/bin'
[3.802s] Level 1:colcon.colcon_core.environment:checking '/home/khotkangplue_p/week6_ws/install/diff_robot/lib/pkgconfig/diff_robot.pc'
[3.802s] Level 1:colcon.colcon_core.environment:checking '/home/khotkangplue_p/week6_ws/install/diff_robot/lib/python3.12/site-packages'
[3.802s] Level 1:colcon.colcon_core.environment:checking '/home/khotkangplue_p/week6_ws/install/diff_robot/bin'
[3.802s] INFO:colcon.colcon_core.shell:Creating package script '/home/khotkangplue_p/week6_ws/install/diff_robot/share/diff_robot/package.ps1'
[3.803s] INFO:colcon.colcon_core.shell:Creating package descriptor '/home/khotkangplue_p/week6_ws/install/diff_robot/share/diff_robot/package.dsv'
[3.803s] INFO:colcon.colcon_core.shell:Creating package script '/home/khotkangplue_p/week6_ws/install/diff_robot/share/diff_robot/package.sh'
[3.803s] INFO:colcon.colcon_core.shell:Creating package script '/home/khotkangplue_p/week6_ws/install/diff_robot/share/diff_robot/package.bash'
[3.804s] INFO:colcon.colcon_core.shell:Creating package script '/home/khotkangplue_p/week6_ws/install/diff_robot/share/diff_robot/package.zsh'
[3.804s] Level 1:colcon.colcon_core.environment:create_file_with_runtime_dependencies(/home/khotkangplue_p/week6_ws/install/diff_robot/share/colcon-core/packages/diff_robot)
[3.805s] Level 1:colcon.colcon_core.environment:create_environment_scripts_only(diff_robot)
[3.805s] Level 1:colcon.colcon_core.environment:checking '/home/khotkangplue_p/week6_ws/install/diff_robot' for CMake module files
[3.805s] Level 1:colcon.colcon_core.environment:checking '/home/khotkangplue_p/week6_ws/install/diff_robot' for CMake config files
[3.805s] Level 1:colcon.colcon_core.shell:create_environment_hook('diff_robot', 'cmake_prefix_path')
[3.805s] INFO:colcon.colcon_core.shell:Creating environment hook '/home/khotkangplue_p/week6_ws/install/diff_robot/share/diff_robot/hook/cmake_prefix_path.ps1'
[3.806s] INFO:colcon.colcon_core.shell:Creating environment descriptor '/home/khotkangplue_p/week6_ws/install/diff_robot/share/diff_robot/hook/cmake_prefix_path.dsv'
[3.806s] INFO:colcon.colcon_core.shell:Creating environment hook '/home/khotkangplue_p/week6_ws/install/diff_robot/share/diff_robot/hook/cmake_prefix_path.sh'
[3.806s] Level 1:colcon.colcon_core.environment:checking '/home/khotkangplue_p/week6_ws/install/diff_robot/lib'
[3.806s] Level 1:colcon.colcon_core.environment:checking '/home/khotkangplue_p/week6_ws/install/diff_robot/bin'
[3.807s] Level 1:colcon.colcon_core.environment:checking '/home/khotkangplue_p/week6_ws/install/diff_robot/lib/pkgconfig/diff_robot.pc'
[3.807s] Level 1:colcon.colcon_core.environment:checking '/home/khotkangplue_p/week6_ws/install/diff_robot/lib/python3.12/site-packages'
[3.807s] Level 1:colcon.colcon_core.environment:checking '/home/khotkangplue_p/week6_ws/install/diff_robot/bin'
[3.807s] INFO:colcon.colcon_core.shell:Creating package script '/home/khotkangplue_p/week6_ws/install/diff_robot/share/diff_robot/package.ps1'
[3.808s] INFO:colcon.colcon_core.shell:Creating package descriptor '/home/khotkangplue_p/week6_ws/install/diff_robot/share/diff_robot/package.dsv'
[3.808s] INFO:colcon.colcon_core.shell:Creating package script '/home/khotkangplue_p/week6_ws/install/diff_robot/share/diff_robot/package.sh'
[3.808s] INFO:colcon.colcon_core.shell:Creating package script '/home/khotkangplue_p/week6_ws/install/diff_robot/share/diff_robot/package.bash'
[3.809s] INFO:colcon.colcon_core.shell:Creating package script '/home/khotkangplue_p/week6_ws/install/diff_robot/share/diff_robot/package.zsh'
[3.809s] Level 1:colcon.colcon_core.environment:create_file_with_runtime_dependencies(/home/khotkangplue_p/week6_ws/install/diff_robot/share/colcon-core/packages/diff_robot)
[3.809s] DEBUG:colcon.colcon_parallel_executor.executor.parallel:closing loop
[3.810s] DEBUG:colcon.colcon_parallel_executor.executor.parallel:loop closed
[3.810s] DEBUG:colcon.colcon_parallel_executor.executor.parallel:run_until_complete finished with '0'
[3.810s] DEBUG:colcon.colcon_core.event_reactor:joining thread
[3.905s] INFO:colcon.colcon_core.plugin_system:Skipping extension 'colcon_notification.desktop_notification.notify_send': Could not find 'notify-send'
[3.905s] INFO:colcon.colcon_core.plugin_system:Skipping extension 'colcon_notification.desktop_notification.terminal_notifier': Not used on non-Darwin systems
[3.905s] INFO:colcon.colcon_core.plugin_system:Skipping extension 'colcon_notification.desktop_notification.win32': Not used on non-Windows systems
[3.905s] INFO:colcon.colcon_notification.desktop_notification:Sending desktop notification using 'notify2'
[3.906s] DEBUG:colcon.colcon_notification.desktop_notification.notify2:Failed to initialize notify2: org.freedesktop.DBus.Error.ServiceUnknown: The name org.freedesktop.Notifications was not provided by any .service files
[3.906s] DEBUG:colcon.colcon_core.event_reactor:joined thread
[3.907s] INFO:colcon.colcon_core.shell:Creating prefix script '/home/khotkangplue_p/week6_ws/install/local_setup.ps1'
[3.908s] INFO:colcon.colcon_core.shell:Creating prefix util module '/home/khotkangplue_p/week6_ws/install/_local_setup_util_ps1.py'
[3.909s] INFO:colcon.colcon_core.shell:Creating prefix chain script '/home/khotkangplue_p/week6_ws/install/setup.ps1'
[3.910s] INFO:colcon.colcon_core.shell:Creating prefix script '/home/khotkangplue_p/week6_ws/install/local_setup.sh'
[3.910s] INFO:colcon.colcon_core.shell:Creating prefix util module '/home/khotkangplue_p/week6_ws/install/_local_setup_util_sh.py'
[3.911s] INFO:colcon.colcon_core.shell:Creating prefix chain script '/home/khotkangplue_p/week6_ws/install/setup.sh'
[3.912s] INFO:colcon.colcon_core.shell:Creating prefix script '/home/khotkangplue_p/week6_ws/install/local_setup.bash'
[3.912s] INFO:colcon.colcon_core.shell:Creating prefix chain script '/home/khotkangplue_p/week6_ws/install/setup.bash'
[3.913s] INFO:colcon.colcon_core.shell:Creating prefix script '/home/khotkangplue_p/week6_ws/install/local_setup.zsh'
[3.914s] INFO:colcon.colcon_core.shell:Creating prefix chain script '/home/khotkangplue_p/week6_ws/install/setup.zsh'
