[0.421s] Invoking command in '/home/khotkangplue_p/week6_ws/build/diff_robot': CMAKE_PREFIX_PATH=${CMAKE_PREFIX_PATH}:/opt/ros/jazzy /usr/bin/cmake /home/khotkangplue_p/week6_ws/src/ros2_diff_drive_robot -DCMAKE_INSTALL_PREFIX=/home/khotkangplue_p/week6_ws/install/diff_robot
[0.446s] -- Found ament_cmake: 2.5.4 (/opt/ros/jazzy/share/ament_cmake/cmake)
[0.796s] -- Override CMake install command with custom implementation using symlinks instead of copying resources
[0.809s] -- Found rclcpp: 28.1.12 (/opt/ros/jazzy/share/rclcpp/cmake)
[1.506s] -- Found rosidl_generator_c: 4.6.6 (/opt/ros/jazzy/share/rosidl_generator_c/cmake)
[1.533s] -- Found rosidl_generator_cpp: 4.6.6 (/opt/ros/jazzy/share/rosidl_generator_cpp/cmake)
[1.574s] -- Using all available rosidl_typesupport_c: rosidl_typesupport_fastrtps_c;rosidl_typesupport_introspection_c
[1.613s] -- Using all available rosidl_typesupport_cpp: rosidl_typesupport_fastrtps_cpp;rosidl_typesupport_introspection_cpp
[1.783s] -- Found rmw_implementation_cmake: 7.3.2 (/opt/ros/jazzy/share/rmw_implementation_cmake/cmake)
[1.790s] -- Found rmw_fastrtps_cpp: 8.4.3 (/opt/ros/jazzy/share/rmw_fastrtps_cpp/cmake)
[2.754s] -- Using RMW implementation 'rmw_fastrtps_cpp' as default
[3.504s] -- Found robot_state_publisher: 3.3.3 (/opt/ros/jazzy/share/robot_state_publisher/cmake)
[3.976s] -- Found ros_gz_sim: 1.0.16 (/opt/ros/jazzy/share/ros_gz_sim/cmake)
[3.989s] -- Found controller_manager: 4.37.0 (/opt/ros/jazzy/share/controller_manager/cmake)
[4.488s] -- Found diff_drive_controller: 4.32.0 (/opt/ros/jazzy/share/diff_drive_controller/cmake)
[4.553s] -- Found eigen3_cmake_module: 0.3.0 (/opt/ros/jazzy/share/eigen3_cmake_module/cmake)
[4.557s] -- Ensuring Eigen3 include directory is part of orocos-kdl CMake target
[4.652s] -- Found nav2_msgs: 1.3.8 (/opt/ros/jazzy/share/nav2_msgs/cmake)
[4.822s] -- Found ament_lint_auto: 0.17.3 (/opt/ros/jazzy/share/ament_lint_auto/cmake)
[4.958s] -- Added test 'cppcheck' to perform static code analysis on C / C++ code
[4.959s] -- Configured cppcheck include dirs: 
[4.959s] -- Configured cppcheck exclude dirs and/or files: 
[4.959s] -- Added test 'flake8' to check Python code syntax and style conventions
[4.959s] -- Configured 'flake8' exclude dirs and/or files: 
[4.960s] -- Added test 'lint_cmake' to check CMake code style
[4.961s] -- Added test 'pep257' to check Python code against some of the docstring style conventions in PEP 257
[4.964s] -- Added test 'uncrustify' to check C / C++ code style
[4.964s] -- Configured uncrustify additional arguments: 
[4.965s] -- Added test 'xmllint' to check XML markup files
[4.968s] -- Configuring done (4.5s)
[5.015s] -- Generating done (0.0s)
[5.024s] -- Build files have been written to: /home/khotkangplue_p/week6_ws/build/diff_robot
[5.038s] Invoked command in '/home/khotkangplue_p/week6_ws/build/diff_robot' returned '0': CMAKE_PREFIX_PATH=${CMAKE_PREFIX_PATH}:/opt/ros/jazzy /usr/bin/cmake /home/khotkangplue_p/week6_ws/src/ros2_diff_drive_robot -DCMAKE_INSTALL_PREFIX=/home/khotkangplue_p/week6_ws/install/diff_robot
[5.040s] Invoking command in '/home/khotkangplue_p/week6_ws/build/diff_robot': CMAKE_PREFIX_PATH=${CMAKE_PREFIX_PATH}:/opt/ros/jazzy /usr/bin/cmake --build /home/khotkangplue_p/week6_ws/build/diff_robot -- -j4 -l4
[5.184s] [ 75%] Built target pose_publisher
[5.184s] [100%] Built target vel_publisher
[5.198s] Invoked command in '/home/khotkangplue_p/week6_ws/build/diff_robot' returned '0': CMAKE_PREFIX_PATH=${CMAKE_PREFIX_PATH}:/opt/ros/jazzy /usr/bin/cmake --build /home/khotkangplue_p/week6_ws/build/diff_robot -- -j4 -l4
[5.199s] Invoking command in '/home/khotkangplue_p/week6_ws/build/diff_robot': CMAKE_PREFIX_PATH=${CMAKE_PREFIX_PATH}:/opt/ros/jazzy /usr/bin/cmake --install /home/khotkangplue_p/week6_ws/build/diff_robot
[5.210s] -- Install configuration: ""
[5.210s] -- Execute custom install script
[5.213s] -- Up-to-date symlink: /home/khotkangplue_p/week6_ws/install/diff_robot/share/diff_robot//launch/__pycache__/robot.launch.cpython-310.pyc
[5.213s] -- Up-to-date symlink: /home/khotkangplue_p/week6_ws/install/diff_robot/share/diff_robot//launch/new.launch.py
[5.214s] -- Up-to-date symlink: /home/khotkangplue_p/week6_ws/install/diff_robot/share/diff_robot//launch/robot.launch.py
[5.215s] -- Up-to-date symlink: /home/khotkangplue_p/week6_ws/install/diff_robot/lib/diff_robot/pose_publisher
[5.216s] -- Up-to-date symlink: /home/khotkangplue_p/week6_ws/install/diff_robot/lib/diff_robot/vel_publisher
[5.217s] -- Up-to-date symlink: /home/khotkangplue_p/week6_ws/install/diff_robot/share/ament_index/resource_index/package_run_dependencies/diff_robot
[5.219s] -- Up-to-date symlink: /home/khotkangplue_p/week6_ws/install/diff_robot/share/ament_index/resource_index/parent_prefix_path/diff_robot
[5.220s] -- Up-to-date symlink: /home/khotkangplue_p/week6_ws/install/diff_robot/share/diff_robot/environment/ament_prefix_path.sh
[5.221s] -- Up-to-date symlink: /home/khotkangplue_p/week6_ws/install/diff_robot/share/diff_robot/environment/ament_prefix_path.dsv
[5.221s] -- Up-to-date symlink: /home/khotkangplue_p/week6_ws/install/diff_robot/share/diff_robot/environment/path.sh
[5.222s] -- Up-to-date symlink: /home/khotkangplue_p/week6_ws/install/diff_robot/share/diff_robot/environment/path.dsv
[5.223s] -- Up-to-date symlink: /home/khotkangplue_p/week6_ws/install/diff_robot/share/diff_robot/local_setup.bash
[5.224s] -- Up-to-date symlink: /home/khotkangplue_p/week6_ws/install/diff_robot/share/diff_robot/local_setup.sh
[5.224s] -- Up-to-date symlink: /home/khotkangplue_p/week6_ws/install/diff_robot/share/diff_robot/local_setup.zsh
[5.225s] -- Up-to-date symlink: /home/khotkangplue_p/week6_ws/install/diff_robot/share/diff_robot/local_setup.dsv
[5.226s] -- Symlinking: /home/khotkangplue_p/week6_ws/install/diff_robot/share/diff_robot/package.dsv
[5.238s] -- Up-to-date symlink: /home/khotkangplue_p/week6_ws/install/diff_robot/share/ament_index/resource_index/packages/diff_robot
[5.239s] -- Up-to-date symlink: /home/khotkangplue_p/week6_ws/install/diff_robot/share/diff_robot/cmake/diff_robotConfig.cmake
[5.239s] -- Up-to-date symlink: /home/khotkangplue_p/week6_ws/install/diff_robot/share/diff_robot/cmake/diff_robotConfig-version.cmake
[5.240s] -- Up-to-date symlink: /home/khotkangplue_p/week6_ws/install/diff_robot/share/diff_robot/package.xml
[5.243s] Invoked command in '/home/khotkangplue_p/week6_ws/build/diff_robot' returned '0': CMAKE_PREFIX_PATH=${CMAKE_PREFIX_PATH}:/opt/ros/jazzy /usr/bin/cmake --install /home/khotkangplue_p/week6_ws/build/diff_robot
