[0.091s] Invoking command in '/home/khotkangplue_p/week6_ws/build/robotnik_description': AMENT_PREFIX_PATH=/home/khotkangplue_p/week6_ws/install/robotnik_sensors:${AMENT_PREFIX_PATH} CMAKE_PREFIX_PATH=/home/khotkangplue_p/week6_ws/install/robotnik_sensors:/opt/ros/jazzy/opt/gz_sim_vendor:/opt/ros/jazzy/opt/gz_sensors_vendor:/opt/ros/jazzy/opt/gz_physics_vendor:/opt/ros/jazzy/opt/sdformat_vendor:/opt/ros/jazzy/opt/gz_gui_vendor:/opt/ros/jazzy/opt/gz_transport_vendor:/opt/ros/jazzy/opt/gz_rendering_vendor:/opt/ros/jazzy/opt/gz_plugin_vendor:/opt/ros/jazzy/opt/gz_fuel_tools_vendor:/opt/ros/jazzy/opt/gz_msgs_vendor:/opt/ros/jazzy/opt/gz_common_vendor:/opt/ros/jazzy/opt/gz_math_vendor:/opt/ros/jazzy/opt/gz_utils_vendor:/opt/ros/jazzy/opt/gz_tools_vendor:/opt/ros/jazzy/opt/gz_ogre_next_vendor:/opt/ros/jazzy/opt/gz_dartsim_vendor:/opt/ros/jazzy/opt/gz_cmake_vendor:/opt/ros/jazzy /usr/bin/cmake /home/khotkangplue_p/week6_ws/src/robotnik_description -DAMENT_CMAKE_SYMLINK_INSTALL=1 -DCMAKE_INSTALL_PREFIX=/home/khotkangplue_p/week6_ws/install/robotnik_description
[0.105s] -- Found ament_cmake: 2.5.4 (/opt/ros/jazzy/share/ament_cmake/cmake)
[0.345s] -- Override CMake install command with custom implementation using symlinks instead of copying resources
[0.461s] -- Found ament_cmake_pytest: 2.5.4 (/opt/ros/jazzy/share/ament_cmake_pytest/cmake)
[0.949s] -- Configuring done (0.8s)
[0.956s] -- Generating done (0.0s)
[0.958s] -- Build files have been written to: /home/khotkangplue_p/week6_ws/build/robotnik_description
[0.961s] Invoked command in '/home/khotkangplue_p/week6_ws/build/robotnik_description' returned '0': AMENT_PREFIX_PATH=/home/khotkangplue_p/week6_ws/install/robotnik_sensors:${AMENT_PREFIX_PATH} CMAKE_PREFIX_PATH=/home/khotkangplue_p/week6_ws/install/robotnik_sensors:/opt/ros/jazzy/opt/gz_sim_vendor:/opt/ros/jazzy/opt/gz_sensors_vendor:/opt/ros/jazzy/opt/gz_physics_vendor:/opt/ros/jazzy/opt/sdformat_vendor:/opt/ros/jazzy/opt/gz_gui_vendor:/opt/ros/jazzy/opt/gz_transport_vendor:/opt/ros/jazzy/opt/gz_rendering_vendor:/opt/ros/jazzy/opt/gz_plugin_vendor:/opt/ros/jazzy/opt/gz_fuel_tools_vendor:/opt/ros/jazzy/opt/gz_msgs_vendor:/opt/ros/jazzy/opt/gz_common_vendor:/opt/ros/jazzy/opt/gz_math_vendor:/opt/ros/jazzy/opt/gz_utils_vendor:/opt/ros/jazzy/opt/gz_tools_vendor:/opt/ros/jazzy/opt/gz_ogre_next_vendor:/opt/ros/jazzy/opt/gz_dartsim_vendor:/opt/ros/jazzy/opt/gz_cmake_vendor:/opt/ros/jazzy /usr/bin/cmake /home/khotkangplue_p/week6_ws/src/robotnik_description -DAMENT_CMAKE_SYMLINK_INSTALL=1 -DCMAKE_INSTALL_PREFIX=/home/khotkangplue_p/week6_ws/install/robotnik_description
[0.962s] Invoking command in '/home/khotkangplue_p/week6_ws/build/robotnik_description': AMENT_PREFIX_PATH=/home/khotkangplue_p/week6_ws/install/robotnik_sensors:${AMENT_PREFIX_PATH} CMAKE_PREFIX_PATH=/home/khotkangplue_p/week6_ws/install/robotnik_sensors:/opt/ros/jazzy/opt/gz_sim_vendor:/opt/ros/jazzy/opt/gz_sensors_vendor:/opt/ros/jazzy/opt/gz_physics_vendor:/opt/ros/jazzy/opt/sdformat_vendor:/opt/ros/jazzy/opt/gz_gui_vendor:/opt/ros/jazzy/opt/gz_transport_vendor:/opt/ros/jazzy/opt/gz_rendering_vendor:/opt/ros/jazzy/opt/gz_plugin_vendor:/opt/ros/jazzy/opt/gz_fuel_tools_vendor:/opt/ros/jazzy/opt/gz_msgs_vendor:/opt/ros/jazzy/opt/gz_common_vendor:/opt/ros/jazzy/opt/gz_math_vendor:/opt/ros/jazzy/opt/gz_utils_vendor:/opt/ros/jazzy/opt/gz_tools_vendor:/opt/ros/jazzy/opt/gz_ogre_next_vendor:/opt/ros/jazzy/opt/gz_dartsim_vendor:/opt/ros/jazzy/opt/gz_cmake_vendor:/opt/ros/jazzy /usr/bin/cmake --build /home/khotkangplue_p/week6_ws/build/robotnik_description -- -j4 -l4
[1.001s] Invoked command in '/home/khotkangplue_p/week6_ws/build/robotnik_description' returned '0': AMENT_PREFIX_PATH=/home/khotkangplue_p/week6_ws/install/robotnik_sensors:${AMENT_PREFIX_PATH} CMAKE_PREFIX_PATH=/home/khotkangplue_p/week6_ws/install/robotnik_sensors:/opt/ros/jazzy/opt/gz_sim_vendor:/opt/ros/jazzy/opt/gz_sensors_vendor:/opt/ros/jazzy/opt/gz_physics_vendor:/opt/ros/jazzy/opt/sdformat_vendor:/opt/ros/jazzy/opt/gz_gui_vendor:/opt/ros/jazzy/opt/gz_transport_vendor:/opt/ros/jazzy/opt/gz_rendering_vendor:/opt/ros/jazzy/opt/gz_plugin_vendor:/opt/ros/jazzy/opt/gz_fuel_tools_vendor:/opt/ros/jazzy/opt/gz_msgs_vendor:/opt/ros/jazzy/opt/gz_common_vendor:/opt/ros/jazzy/opt/gz_math_vendor:/opt/ros/jazzy/opt/gz_utils_vendor:/opt/ros/jazzy/opt/gz_tools_vendor:/opt/ros/jazzy/opt/gz_ogre_next_vendor:/opt/ros/jazzy/opt/gz_dartsim_vendor:/opt/ros/jazzy/opt/gz_cmake_vendor:/opt/ros/jazzy /usr/bin/cmake --build /home/khotkangplue_p/week6_ws/build/robotnik_description -- -j4 -l4
[1.003s] Invoking command in '/home/khotkangplue_p/week6_ws/build/robotnik_description': AMENT_PREFIX_PATH=/home/khotkangplue_p/week6_ws/install/robotnik_sensors:${AMENT_PREFIX_PATH} CMAKE_PREFIX_PATH=/home/khotkangplue_p/week6_ws/install/robotnik_sensors:/opt/ros/jazzy/opt/gz_sim_vendor:/opt/ros/jazzy/opt/gz_sensors_vendor:/opt/ros/jazzy/opt/gz_physics_vendor:/opt/ros/jazzy/opt/sdformat_vendor:/opt/ros/jazzy/opt/gz_gui_vendor:/opt/ros/jazzy/opt/gz_transport_vendor:/opt/ros/jazzy/opt/gz_rendering_vendor:/opt/ros/jazzy/opt/gz_plugin_vendor:/opt/ros/jazzy/opt/gz_fuel_tools_vendor:/opt/ros/jazzy/opt/gz_msgs_vendor:/opt/ros/jazzy/opt/gz_common_vendor:/opt/ros/jazzy/opt/gz_math_vendor:/opt/ros/jazzy/opt/gz_utils_vendor:/opt/ros/jazzy/opt/gz_tools_vendor:/opt/ros/jazzy/opt/gz_ogre_next_vendor:/opt/ros/jazzy/opt/gz_dartsim_vendor:/opt/ros/jazzy/opt/gz_cmake_vendor:/opt/ros/jazzy /usr/bin/cmake --install /home/khotkangplue_p/week6_ws/build/robotnik_description
[1.011s] -- Install configuration: ""
[1.011s] -- Execute custom install script
[1.013s] -- Up-to-date symlink: /home/khotkangplue_p/week6_ws/install/robotnik_description/share/robotnik_description/launch/robot_description.launch.py
[1.020s] -- Up-to-date symlink: /home/khotkangplue_p/week6_ws/install/robotnik_description/share/robotnik_description/meshes/bases/rb1/rb1_base_v3.dae
[1.020s] -- Up-to-date symlink: /home/khotkangplue_p/week6_ws/install/robotnik_description/share/robotnik_description/meshes/bases/rb1/rb1_base_v3.stl
[1.021s] -- Up-to-date symlink: /home/khotkangplue_p/week6_ws/install/robotnik_description/share/robotnik_description/meshes/bases/rb1/rb1_front_cover_v3.dae
[1.021s] -- Up-to-date symlink: /home/khotkangplue_p/week6_ws/install/robotnik_description/share/robotnik_description/meshes/bases/rb1/rb1_front_cover_v3.stl
[1.021s] -- Up-to-date symlink: /home/khotkangplue_p/week6_ws/install/robotnik_description/share/robotnik_description/meshes/bases/rb1/rb1_top_cover_v3.dae
[1.021s] -- Up-to-date symlink: /home/khotkangplue_p/week6_ws/install/robotnik_description/share/robotnik_description/meshes/bases/rb1/rb1_top_cover_v3.stl
[1.022s] -- Up-to-date symlink: /home/khotkangplue_p/week6_ws/install/robotnik_description/share/robotnik_description/meshes/bases/rbfiqus/chasis.stl
[1.022s] -- Up-to-date symlink: /home/khotkangplue_p/week6_ws/install/robotnik_description/share/robotnik_description/meshes/bases/rbfiqus/left_box.stl
[1.022s] -- Up-to-date symlink: /home/khotkangplue_p/week6_ws/install/robotnik_description/share/robotnik_description/meshes/bases/rbfiqus/right_box.stl
[1.023s] -- Up-to-date symlink: /home/khotkangplue_p/week6_ws/install/robotnik_description/share/robotnik_description/meshes/bases/rbfiqus/rocker.stl
[1.023s] -- Up-to-date symlink: /home/khotkangplue_p/week6_ws/install/robotnik_description/share/robotnik_description/meshes/bases/rbkairos/rbkairos_chassis.stl
[1.023s] -- Up-to-date symlink: /home/khotkangplue_p/week6_ws/install/robotnik_description/share/robotnik_description/meshes/bases/rbkairos/rbkairos_top_cover.stl
[1.024s] -- Up-to-date symlink: /home/khotkangplue_p/week6_ws/install/robotnik_description/share/robotnik_description/meshes/bases/rbrobout/rbrobout_chassis.stl
[1.024s] -- Up-to-date symlink: /home/khotkangplue_p/week6_ws/install/robotnik_description/share/robotnik_description/meshes/bases/rbrobout/rbrobout_top_cover.stl
[1.025s] -- Up-to-date symlink: /home/khotkangplue_p/week6_ws/install/robotnik_description/share/robotnik_description/meshes/bases/rbsummit/rbsummit_xl_chassis.dae
[1.025s] -- Up-to-date symlink: /home/khotkangplue_p/week6_ws/install/robotnik_description/share/robotnik_description/meshes/bases/rbsummit/rbsummit_xl_chassis_collision.dae
[1.025s] -- Up-to-date symlink: /home/khotkangplue_p/week6_ws/install/robotnik_description/share/robotnik_description/meshes/bases/rbsummit/rbsummit_xl_chassis_simple.stl
[1.026s] -- Up-to-date symlink: /home/khotkangplue_p/week6_ws/install/robotnik_description/share/robotnik_description/meshes/bases/rbsummit_steel/rbsummit_steel_chassis.stl
[1.026s] -- Up-to-date symlink: /home/khotkangplue_p/week6_ws/install/robotnik_description/share/robotnik_description/meshes/bases/rbsummit_steel/rbsummit_steel_top_cover.stl
[1.027s] -- Up-to-date symlink: /home/khotkangplue_p/week6_ws/install/robotnik_description/share/robotnik_description/meshes/bases/rbtheron/rbtheron_plus_top_chassis.stl
[1.027s] -- Up-to-date symlink: /home/khotkangplue_p/week6_ws/install/robotnik_description/share/robotnik_description/meshes/bases/rbtheron/theron_base_v4.stl
[1.027s] -- Up-to-date symlink: /home/khotkangplue_p/week6_ws/install/robotnik_description/share/robotnik_description/meshes/bases/rbvogui/rbvogui_battery.stl
[1.028s] -- Up-to-date symlink: /home/khotkangplue_p/week6_ws/install/robotnik_description/share/robotnik_description/meshes/bases/rbvogui/rbvogui_chassis.stl
[1.028s] -- Up-to-date symlink: /home/khotkangplue_p/week6_ws/install/robotnik_description/share/robotnik_description/meshes/bases/rbvogui/rbvogui_chassis_color.dae
[1.028s] -- Up-to-date symlink: /home/khotkangplue_p/week6_ws/install/robotnik_description/share/robotnik_description/meshes/bases/rbvogui/rbvogui_chassis_color.png
[1.029s] -- Up-to-date symlink: /home/khotkangplue_p/week6_ws/install/robotnik_description/share/robotnik_description/meshes/bases/rbvogui/rbvogui_contactors.stl
[1.029s] -- Up-to-date symlink: /home/khotkangplue_p/week6_ws/install/robotnik_description/share/robotnik_description/meshes/bases/rbvogui/rbvogui_leds.stl
[1.029s] -- Up-to-date symlink: /home/khotkangplue_p/week6_ws/install/robotnik_description/share/robotnik_description/meshes/bases/rbvogui/rbvogui_logos.dae
[1.029s] -- Up-to-date symlink: /home/khotkangplue_p/week6_ws/install/robotnik_description/share/robotnik_description/meshes/bases/rbvogui/rbvogui_logos.stl
[1.030s] -- Up-to-date symlink: /home/khotkangplue_p/week6_ws/install/robotnik_description/share/robotnik_description/meshes/bases/rbvogui_xl/rbvogui_xl_battery.stl
[1.030s] -- Up-to-date symlink: /home/khotkangplue_p/week6_ws/install/robotnik_description/share/robotnik_description/meshes/bases/rbvogui_xl/rbvogui_xl_chassis.stl
[1.030s] -- Up-to-date symlink: /home/khotkangplue_p/week6_ws/install/robotnik_description/share/robotnik_description/meshes/bases/rbvogui_xl/rbvogui_xl_chassis_color.png
[1.031s] -- Up-to-date symlink: /home/khotkangplue_p/week6_ws/install/robotnik_description/share/robotnik_description/meshes/bases/rbvogui_xl/rbvogui_xl_contactors.stl
[1.031s] -- Up-to-date symlink: /home/khotkangplue_p/week6_ws/install/robotnik_description/share/robotnik_description/meshes/bases/rbvogui_xl/rbvogui_xl_leds.stl
[1.031s] -- Up-to-date symlink: /home/khotkangplue_p/week6_ws/install/robotnik_description/share/robotnik_description/meshes/bases/rbvogui_xl/rbvogui_xl_logos.dae
[1.032s] -- Up-to-date symlink: /home/khotkangplue_p/week6_ws/install/robotnik_description/share/robotnik_description/meshes/bases/rbvogui_xl/rbvogui_xl_logos.stl
[1.032s] -- Up-to-date symlink: /home/khotkangplue_p/week6_ws/install/robotnik_description/share/robotnik_description/meshes/bases/rbwatcher/rbwatcher_chassis.dae
[1.032s] -- Up-to-date symlink: /home/khotkangplue_p/week6_ws/install/robotnik_description/share/robotnik_description/meshes/bases/rbwatcher/rbwatcher_chassis.stl
[1.033s] -- Up-to-date symlink: /home/khotkangplue_p/week6_ws/install/robotnik_description/share/robotnik_description/meshes/bases/rbwatcher/rbwatcher_top_structure.dae
[1.033s] -- Up-to-date symlink: /home/khotkangplue_p/week6_ws/install/robotnik_description/share/robotnik_description/meshes/bases/rbwatcher/rbwatcher_top_structure.stl
[1.033s] -- Up-to-date symlink: /home/khotkangplue_p/week6_ws/install/robotnik_description/share/robotnik_description/meshes/bases/robotnik_logo_chasis.stl
[1.034s] -- Up-to-date symlink: /home/khotkangplue_p/week6_ws/install/robotnik_description/share/robotnik_description/meshes/structures/ewellix/ewellix_lift_base_700mm.stl
[1.034s] -- Up-to-date symlink: /home/khotkangplue_p/week6_ws/install/robotnik_description/share/robotnik_description/meshes/structures/ewellix/ewellix_lift_base_900mm.stl
[1.035s] -- Up-to-date symlink: /home/khotkangplue_p/week6_ws/install/robotnik_description/share/robotnik_description/meshes/structures/ewellix/ewellix_lift_top_700mm.stl
[1.035s] -- Up-to-date symlink: /home/khotkangplue_p/week6_ws/install/robotnik_description/share/robotnik_description/meshes/structures/ewellix/ewellix_lift_top_700mm_cut.stl
[1.035s] -- Up-to-date symlink: /home/khotkangplue_p/week6_ws/install/robotnik_description/share/robotnik_description/meshes/structures/ewellix/ewellix_lift_top_900mm.stl
[1.036s] -- Up-to-date symlink: /home/khotkangplue_p/week6_ws/install/robotnik_description/share/robotnik_description/meshes/structures/ewellix/ewellix_lift_top_900mm_cut.stl
[1.037s] -- Up-to-date symlink: /home/khotkangplue_p/week6_ws/install/robotnik_description/share/robotnik_description/meshes/wheels/caster_wheel/caster_wheel.stl
[1.037s] -- Up-to-date symlink: /home/khotkangplue_p/week6_ws/install/robotnik_description/share/robotnik_description/meshes/wheels/mecanum_wheel/kairos_mecanum_wheel_1.dae
[1.037s] -- Up-to-date symlink: /home/khotkangplue_p/week6_ws/install/robotnik_description/share/robotnik_description/meshes/wheels/mecanum_wheel/kairos_mecanum_wheel_2.dae
[1.038s] -- Up-to-date symlink: /home/khotkangplue_p/week6_ws/install/robotnik_description/share/robotnik_description/meshes/wheels/mecanum_wheel/robout_wheel.stl
[1.038s] -- Up-to-date symlink: /home/khotkangplue_p/week6_ws/install/robotnik_description/share/robotnik_description/meshes/wheels/rubber_wheel/mw_frame.stl
[1.038s] -- Up-to-date symlink: /home/khotkangplue_p/week6_ws/install/robotnik_description/share/robotnik_description/meshes/wheels/rubber_wheel/rubber_wheel.dae
[1.039s] -- Up-to-date symlink: /home/khotkangplue_p/week6_ws/install/robotnik_description/share/robotnik_description/meshes/wheels/rubber_wheel/rubber_wheel_220.stl
[1.039s] -- Up-to-date symlink: /home/khotkangplue_p/week6_ws/install/robotnik_description/share/robotnik_description/meshes/wheels/rubber_wheel/rubber_wheel_350.stl
[1.039s] -- Up-to-date symlink: /home/khotkangplue_p/week6_ws/install/robotnik_description/share/robotnik_description/meshes/wheels/rubber_wheel/wheel_sxl.stl
[1.040s] -- Up-to-date symlink: /home/khotkangplue_p/week6_ws/install/robotnik_description/share/robotnik_description/meshes/wheels/steering_wheel/mw_frame_rbfiqus.stl
[1.040s] -- Up-to-date symlink: /home/khotkangplue_p/week6_ws/install/robotnik_description/share/robotnik_description/meshes/wheels/steering_wheel/mw_frame_stl.png
[1.040s] -- Up-to-date symlink: /home/khotkangplue_p/week6_ws/install/robotnik_description/share/robotnik_description/meshes/wheels/steering_wheel/mw_frame_stl_color.dae
[1.041s] -- Up-to-date symlink: /home/khotkangplue_p/week6_ws/install/robotnik_description/share/robotnik_description/meshes/wheels/steering_wheel/mw_frame_xl.stl
[1.048s] -- Up-to-date symlink: /home/khotkangplue_p/week6_ws/install/robotnik_description/share/robotnik_description/urdf/arms/ur_macro.urdf.xacro
[1.049s] -- Up-to-date symlink: /home/khotkangplue_p/week6_ws/install/robotnik_description/share/robotnik_description/urdf/bases/rb1/rb1_base.xacro
[1.049s] -- Up-to-date symlink: /home/khotkangplue_p/week6_ws/install/robotnik_description/share/robotnik_description/urdf/bases/rbfiqus/rbfiqus_base.urdf.xacro
[1.050s] -- Up-to-date symlink: /home/khotkangplue_p/week6_ws/install/robotnik_description/share/robotnik_description/urdf/bases/rbkairos/rbkairos_base.urdf.xacro
[1.050s] -- Up-to-date symlink: /home/khotkangplue_p/week6_ws/install/robotnik_description/share/robotnik_description/urdf/bases/rbrobout/rbrobout_base.urdf.xacro
[1.051s] -- Up-to-date symlink: /home/khotkangplue_p/week6_ws/install/robotnik_description/share/robotnik_description/urdf/bases/rbrobout/rbrobout_top_cover.urdf.xacro
[1.051s] -- Up-to-date symlink: /home/khotkangplue_p/week6_ws/install/robotnik_description/share/robotnik_description/urdf/bases/rbsummit/rbsummit_base.xacro
[1.051s] -- Up-to-date symlink: /home/khotkangplue_p/week6_ws/install/robotnik_description/share/robotnik_description/urdf/bases/rbsummit_steel/rbsummit_steel_base.xacro
[1.052s] -- Up-to-date symlink: /home/khotkangplue_p/week6_ws/install/robotnik_description/share/robotnik_description/urdf/bases/rbtheron/rbtheron_base.xacro
[1.052s] -- Up-to-date symlink: /home/khotkangplue_p/week6_ws/install/robotnik_description/share/robotnik_description/urdf/bases/rbtheron/rbtheron_top_cover.urdf.xacro
[1.053s] -- Up-to-date symlink: /home/khotkangplue_p/week6_ws/install/robotnik_description/share/robotnik_description/urdf/bases/rbvogui/rbvogui_base.urdf.xacro
[1.053s] -- Up-to-date symlink: /home/khotkangplue_p/week6_ws/install/robotnik_description/share/robotnik_description/urdf/bases/rbvogui_xl/rbvogui_xl_base.urdf.xacro
[1.054s] -- Up-to-date symlink: /home/khotkangplue_p/week6_ws/install/robotnik_description/share/robotnik_description/urdf/bases/rbwatcher/rbwatcher_base.xacro
[1.054s] -- Up-to-date symlink: /home/khotkangplue_p/week6_ws/install/robotnik_description/share/robotnik_description/urdf/bodies/rb1/rb1_base.urdf.xacro
[1.055s] -- Up-to-date symlink: /home/khotkangplue_p/week6_ws/install/robotnik_description/share/robotnik_description/urdf/bodies/rb1/rb1_body.urdf.xacro
[1.055s] -- Up-to-date symlink: /home/khotkangplue_p/week6_ws/install/robotnik_description/share/robotnik_description/urdf/bodies/rbfiqus/rbfiqus_body.gazebo.xacro
[1.055s] -- Up-to-date symlink: /home/khotkangplue_p/week6_ws/install/robotnik_description/share/robotnik_description/urdf/bodies/rbfiqus/rbfiqus_body.urdf.xacro
[1.056s] -- Up-to-date symlink: /home/khotkangplue_p/week6_ws/install/robotnik_description/share/robotnik_description/urdf/bodies/rbkairos/rbkairos_body.urdf.xacro
[1.056s] -- Up-to-date symlink: /home/khotkangplue_p/week6_ws/install/robotnik_description/share/robotnik_description/urdf/bodies/rbrobout/rbrobout_body.urdf.xacro
[1.057s] -- Up-to-date symlink: /home/khotkangplue_p/week6_ws/install/robotnik_description/share/robotnik_description/urdf/bodies/rbsummit/rbsummit_body.urdf.xacro
[1.057s] -- Up-to-date symlink: /home/khotkangplue_p/week6_ws/install/robotnik_description/share/robotnik_description/urdf/bodies/rbsummit_steel/rbsummit_steel_body.urdf.xacro
[1.058s] -- Up-to-date symlink: /home/khotkangplue_p/week6_ws/install/robotnik_description/share/robotnik_description/urdf/bodies/rbtheron/rbtheron_body.urdf.xacro
[1.058s] -- Up-to-date symlink: /home/khotkangplue_p/week6_ws/install/robotnik_description/share/robotnik_description/urdf/bodies/rbvogui/rbvogui_base.gazebo.xacro
[1.059s] -- Up-to-date symlink: /home/khotkangplue_p/week6_ws/install/robotnik_description/share/robotnik_description/urdf/bodies/rbvogui/rbvogui_body.urdf.xacro
[1.059s] -- Up-to-date symlink: /home/khotkangplue_p/week6_ws/install/robotnik_description/share/robotnik_description/urdf/bodies/rbvogui_xl/rbvogui_xl_base.gazebo.xacro
[1.060s] -- Up-to-date symlink: /home/khotkangplue_p/week6_ws/install/robotnik_description/share/robotnik_description/urdf/bodies/rbvogui_xl/rbvogui_xl_body.urdf.xacro
[1.060s] -- Up-to-date symlink: /home/khotkangplue_p/week6_ws/install/robotnik_description/share/robotnik_description/urdf/bodies/rbwatcher/rbwatcher_body.urdf.xacro
[1.060s] -- Up-to-date symlink: /home/khotkangplue_p/week6_ws/install/robotnik_description/share/robotnik_description/urdf/inertia.urdf.xacro
[1.061s] -- Up-to-date symlink: /home/khotkangplue_p/week6_ws/install/robotnik_description/share/robotnik_description/urdf/structures/ewellix/all_ewellix_lift.urdf.xacro
[1.061s] -- Up-to-date symlink: /home/khotkangplue_p/week6_ws/install/robotnik_description/share/robotnik_description/urdf/structures/ewellix/ewellix_lift_700mm.urdf.xacro
[1.062s] -- Up-to-date symlink: /home/khotkangplue_p/week6_ws/install/robotnik_description/share/robotnik_description/urdf/structures/ewellix/ewellix_lift_900mm.urdf.xacro
[1.062s] -- Up-to-date symlink: /home/khotkangplue_p/week6_ws/install/robotnik_description/share/robotnik_description/urdf/wheels/caster_wheel/rbtheron_caster.urdf.xacro
[1.063s] -- Up-to-date symlink: /home/khotkangplue_p/week6_ws/install/robotnik_description/share/robotnik_description/urdf/wheels/mecanum_wheel/rbkairos_mecanum_wheel.urdf.xacro
[1.063s] -- Up-to-date symlink: /home/khotkangplue_p/week6_ws/install/robotnik_description/share/robotnik_description/urdf/wheels/mecanum_wheel/rbrobout_mecanum_wheel.urdf.xacro
[1.064s] -- Up-to-date symlink: /home/khotkangplue_p/week6_ws/install/robotnik_description/share/robotnik_description/urdf/wheels/rubber_wheel/gazebo/rbvogui_wheel.gazebo.xacro
[1.064s] -- Up-to-date symlink: /home/khotkangplue_p/week6_ws/install/robotnik_description/share/robotnik_description/urdf/wheels/rubber_wheel/gazebo/rubber_wheel.gazebo.xacro
[1.065s] -- Up-to-date symlink: /home/khotkangplue_p/week6_ws/install/robotnik_description/share/robotnik_description/urdf/wheels/rubber_wheel/gazebo/rubber_wheel.transmission.xacro
[1.065s] -- Up-to-date symlink: /home/khotkangplue_p/week6_ws/install/robotnik_description/share/robotnik_description/urdf/wheels/rubber_wheel/rubber_wheel.urdf.xacro
[1.065s] -- Up-to-date symlink: /home/khotkangplue_p/week6_ws/install/robotnik_description/share/robotnik_description/urdf/wheels/rubber_wheel/rubber_wheel_150.urdf.xacro
[1.065s] -- Up-to-date symlink: /home/khotkangplue_p/week6_ws/install/robotnik_description/share/robotnik_description/urdf/wheels/rubber_wheel/rubber_wheel_220.urdf.xacro
[1.066s] -- Up-to-date symlink: /home/khotkangplue_p/week6_ws/install/robotnik_description/share/robotnik_description/urdf/wheels/rubber_wheel/rubber_wheel_350.urdf.xacro
[1.066s] -- Up-to-date symlink: /home/khotkangplue_p/week6_ws/install/robotnik_description/share/robotnik_description/urdf/wheels/steering_wheel/steering_wheel.urdf.xacro
[1.067s] -- Up-to-date symlink: /home/khotkangplue_p/week6_ws/install/robotnik_description/share/robotnik_description/urdf/wheels/steering_wheel/steering_wheel_350.urdf.xacro
[1.067s] -- Up-to-date symlink: /home/khotkangplue_p/week6_ws/install/robotnik_description/share/robotnik_description/urdf/wheels/steering_wheel/steering_wheel_rbfiqus.urdf.xacro
[1.067s] -- Up-to-date symlink: /home/khotkangplue_p/week6_ws/install/robotnik_description/share/robotnik_description/urdf/wheels/wheel.gazebo.xacro
[1.070s] -- Up-to-date symlink: /home/khotkangplue_p/week6_ws/install/robotnik_description/share/robotnik_description/robots/rb1/rb1.urdf.xacro
[1.071s] -- Up-to-date symlink: /home/khotkangplue_p/week6_ws/install/robotnik_description/share/robotnik_description/robots/rbfiqus/rbfiqus.urdf.xacro
[1.071s] -- Up-to-date symlink: /home/khotkangplue_p/week6_ws/install/robotnik_description/share/robotnik_description/robots/rbkairos/rbkairos.urdf.xacro
[1.072s] -- Up-to-date symlink: /home/khotkangplue_p/week6_ws/install/robotnik_description/share/robotnik_description/robots/rbkairos/rbkairos_plus.urdf.xacro
[1.072s] -- Up-to-date symlink: /home/khotkangplue_p/week6_ws/install/robotnik_description/share/robotnik_description/robots/rbrobout/rbrobout.urdf.xacro
[1.073s] -- Up-to-date symlink: /home/khotkangplue_p/week6_ws/install/robotnik_description/share/robotnik_description/robots/rbrobout/rbrobout_plus.urdf.xacro
[1.073s] -- Up-to-date symlink: /home/khotkangplue_p/week6_ws/install/robotnik_description/share/robotnik_description/robots/rbsummit/rbsummit.urdf.xacro
[1.074s] -- Up-to-date symlink: /home/khotkangplue_p/week6_ws/install/robotnik_description/share/robotnik_description/robots/rbsummit_steel/rbsummit_steel.urdf.xacro
[1.074s] -- Up-to-date symlink: /home/khotkangplue_p/week6_ws/install/robotnik_description/share/robotnik_description/robots/rbtheron/rbtheron.urdf.xacro
[1.074s] -- Up-to-date symlink: /home/khotkangplue_p/week6_ws/install/robotnik_description/share/robotnik_description/robots/rbtheron/rbtheron_plus.urdf.xacro
[1.075s] -- Up-to-date symlink: /home/khotkangplue_p/week6_ws/install/robotnik_description/share/robotnik_description/robots/rbvogui/rbvogui.urdf.xacro
[1.075s] -- Up-to-date symlink: /home/khotkangplue_p/week6_ws/install/robotnik_description/share/robotnik_description/robots/rbvogui/rbvogui_plus.urdf.xacro
[1.076s] -- Up-to-date symlink: /home/khotkangplue_p/week6_ws/install/robotnik_description/share/robotnik_description/robots/rbvogui_xl/rbvogui_xl.urdf.xacro
[1.076s] -- Up-to-date symlink: /home/khotkangplue_p/week6_ws/install/robotnik_description/share/robotnik_description/robots/rbwatcher/rbwatcher.urdf.xacro
[1.080s] -- Up-to-date symlink: /home/khotkangplue_p/week6_ws/install/robotnik_description/share/robotnik_description/simulators/gazebo_ignition/README.md
[1.081s] -- Up-to-date symlink: /home/khotkangplue_p/week6_ws/install/robotnik_description/share/robotnik_description/simulators/gazebo_ignition/rb1/rb1_control.urdf.xacro
[1.081s] -- Up-to-date symlink: /home/khotkangplue_p/week6_ws/install/robotnik_description/share/robotnik_description/simulators/gazebo_ignition/rb1/rb1_controller_params.yaml
[1.081s] -- Up-to-date symlink: /home/khotkangplue_p/week6_ws/install/robotnik_description/share/robotnik_description/simulators/gazebo_ignition/rbfiqus/rbfiqus_control.urdf.xacro
[1.082s] -- Up-to-date symlink: /home/khotkangplue_p/week6_ws/install/robotnik_description/share/robotnik_description/simulators/gazebo_ignition/rbfiqus/rbfiqus_controller_params.yaml
[1.082s] -- Up-to-date symlink: /home/khotkangplue_p/week6_ws/install/robotnik_description/share/robotnik_description/simulators/gazebo_ignition/rbkairos/rbkairos_control.urdf.xacro
[1.082s] -- Up-to-date symlink: /home/khotkangplue_p/week6_ws/install/robotnik_description/share/robotnik_description/simulators/gazebo_ignition/rbkairos/rbkairos_controller_params.yaml
[1.083s] -- Up-to-date symlink: /home/khotkangplue_p/week6_ws/install/robotnik_description/share/robotnik_description/simulators/gazebo_ignition/rbrobout/rbrobout_control.urdf.xacro
[1.083s] -- Up-to-date symlink: /home/khotkangplue_p/week6_ws/install/robotnik_description/share/robotnik_description/simulators/gazebo_ignition/rbrobout/rbrobout_controller_params.yaml
[1.084s] -- Up-to-date symlink: /home/khotkangplue_p/week6_ws/install/robotnik_description/share/robotnik_description/simulators/gazebo_ignition/rbsummit/rbsummit_control.urdf.xacro
[1.084s] -- Up-to-date symlink: /home/khotkangplue_p/week6_ws/install/robotnik_description/share/robotnik_description/simulators/gazebo_ignition/rbsummit/rbsummit_controller_params.yaml
[1.085s] -- Up-to-date symlink: /home/khotkangplue_p/week6_ws/install/robotnik_description/share/robotnik_description/simulators/gazebo_ignition/rbsummit_steel/rbsummit_steel_control.urdf.xacro
[1.085s] -- Up-to-date symlink: /home/khotkangplue_p/week6_ws/install/robotnik_description/share/robotnik_description/simulators/gazebo_ignition/rbtheron/rbtheron_control.urdf.xacro
[1.085s] -- Up-to-date symlink: /home/khotkangplue_p/week6_ws/install/robotnik_description/share/robotnik_description/simulators/gazebo_ignition/rbtheron/rbtheron_controller_params.yaml
[1.086s] -- Up-to-date symlink: /home/khotkangplue_p/week6_ws/install/robotnik_description/share/robotnik_description/simulators/gazebo_ignition/rbvogui/rbvogui_control.urdf.xacro
[1.086s] -- Up-to-date symlink: /home/khotkangplue_p/week6_ws/install/robotnik_description/share/robotnik_description/simulators/gazebo_ignition/rbvogui/rbvogui_controller_params.yaml
[1.087s] -- Up-to-date symlink: /home/khotkangplue_p/week6_ws/install/robotnik_description/share/robotnik_description/simulators/gazebo_ignition/rbvogui_xl/rbvogui_xl_control.urdf.xacro
[1.087s] -- Up-to-date symlink: /home/khotkangplue_p/week6_ws/install/robotnik_description/share/robotnik_description/simulators/gazebo_ignition/rbvogui_xl/rbvogui_xl_controller_params.yaml
[1.088s] -- Up-to-date symlink: /home/khotkangplue_p/week6_ws/install/robotnik_description/share/robotnik_description/simulators/gazebo_ignition/rbwatcher/rbwatcher_control.urdf.xacro
[1.088s] -- Up-to-date symlink: /home/khotkangplue_p/week6_ws/install/robotnik_description/share/robotnik_description/simulators/gazebo_ignition/rbwatcher/rbwatcher_controller_params.yaml
[1.089s] -- Up-to-date symlink: /home/khotkangplue_p/week6_ws/install/robotnik_description/share/robotnik_description/simulators/isaac/README.md
[1.090s] -- Up-to-date symlink: /home/khotkangplue_p/week6_ws/install/robotnik_description/share/ament_index/resource_index/package_run_dependencies/robotnik_description
[1.090s] -- Up-to-date symlink: /home/khotkangplue_p/week6_ws/install/robotnik_description/share/ament_index/resource_index/parent_prefix_path/robotnik_description
[1.091s] -- Up-to-date symlink: /home/khotkangplue_p/week6_ws/install/robotnik_description/share/robotnik_description/environment/ament_prefix_path.sh
[1.091s] -- Up-to-date symlink: /home/khotkangplue_p/week6_ws/install/robotnik_description/share/robotnik_description/environment/ament_prefix_path.dsv
[1.091s] -- Up-to-date symlink: /home/khotkangplue_p/week6_ws/install/robotnik_description/share/robotnik_description/environment/path.sh
[1.092s] -- Up-to-date symlink: /home/khotkangplue_p/week6_ws/install/robotnik_description/share/robotnik_description/environment/path.dsv
[1.092s] -- Up-to-date symlink: /home/khotkangplue_p/week6_ws/install/robotnik_description/share/robotnik_description/local_setup.bash
[1.093s] -- Up-to-date symlink: /home/khotkangplue_p/week6_ws/install/robotnik_description/share/robotnik_description/local_setup.sh
[1.093s] -- Up-to-date symlink: /home/khotkangplue_p/week6_ws/install/robotnik_description/share/robotnik_description/local_setup.zsh
[1.093s] -- Up-to-date symlink: /home/khotkangplue_p/week6_ws/install/robotnik_description/share/robotnik_description/local_setup.dsv
[1.093s] -- Symlinking: /home/khotkangplue_p/week6_ws/install/robotnik_description/share/robotnik_description/package.dsv
[1.104s] -- Up-to-date symlink: /home/khotkangplue_p/week6_ws/install/robotnik_description/share/ament_index/resource_index/packages/robotnik_description
[1.104s] -- Up-to-date symlink: /home/khotkangplue_p/week6_ws/install/robotnik_description/share/robotnik_description/cmake/robotnik_descriptionConfig.cmake
[1.104s] -- Up-to-date symlink: /home/khotkangplue_p/week6_ws/install/robotnik_description/share/robotnik_description/cmake/robotnik_descriptionConfig-version.cmake
[1.105s] -- Up-to-date symlink: /home/khotkangplue_p/week6_ws/install/robotnik_description/share/robotnik_description/package.xml
[1.107s] Invoked command in '/home/khotkangplue_p/week6_ws/build/robotnik_description' returned '0': AMENT_PREFIX_PATH=/home/khotkangplue_p/week6_ws/install/robotnik_sensors:${AMENT_PREFIX_PATH} CMAKE_PREFIX_PATH=/home/khotkangplue_p/week6_ws/install/robotnik_sensors:/opt/ros/jazzy/opt/gz_sim_vendor:/opt/ros/jazzy/opt/gz_sensors_vendor:/opt/ros/jazzy/opt/gz_physics_vendor:/opt/ros/jazzy/opt/sdformat_vendor:/opt/ros/jazzy/opt/gz_gui_vendor:/opt/ros/jazzy/opt/gz_transport_vendor:/opt/ros/jazzy/opt/gz_rendering_vendor:/opt/ros/jazzy/opt/gz_plugin_vendor:/opt/ros/jazzy/opt/gz_fuel_tools_vendor:/opt/ros/jazzy/opt/gz_msgs_vendor:/opt/ros/jazzy/opt/gz_common_vendor:/opt/ros/jazzy/opt/gz_math_vendor:/opt/ros/jazzy/opt/gz_utils_vendor:/opt/ros/jazzy/opt/gz_tools_vendor:/opt/ros/jazzy/opt/gz_ogre_next_vendor:/opt/ros/jazzy/opt/gz_dartsim_vendor:/opt/ros/jazzy/opt/gz_cmake_vendor:/opt/ros/jazzy /usr/bin/cmake --install /home/khotkangplue_p/week6_ws/build/robotnik_description
