[0.110s] Invoking command in '/home/khotkangplue_p/week6_ws/build/robotnik_description': CMAKE_PREFIX_PATH=/home/khotkangplue_p/week6_ws/install/robotnik_sensors:/home/khotkangplue_p/week6_ws/install/robotnik_description:/home/khotkangplue_p/week6_ws/install/robotnik_common:/home/khotkangplue_p/week6_ws/install/diff_robot:/opt/ros/jazzy/opt/gz_sim_vendor:/opt/ros/jazzy/opt/gz_sensors_vendor:/opt/ros/jazzy/opt/gz_physics_vendor:/opt/ros/jazzy/opt/sdformat_vendor:/opt/ros/jazzy/opt/gz_gui_vendor:/opt/ros/jazzy/opt/gz_transport_vendor:/opt/ros/jazzy/opt/gz_rendering_vendor:/opt/ros/jazzy/opt/gz_plugin_vendor:/opt/ros/jazzy/opt/gz_fuel_tools_vendor:/opt/ros/jazzy/opt/gz_msgs_vendor:/opt/ros/jazzy/opt/gz_common_vendor:/opt/ros/jazzy/opt/gz_math_vendor:/opt/ros/jazzy/opt/gz_utils_vendor:/opt/ros/jazzy/opt/gz_tools_vendor:/opt/ros/jazzy/opt/gz_ogre_next_vendor:/opt/ros/jazzy/opt/gz_dartsim_vendor:/opt/ros/jazzy/opt/gz_cmake_vendor:/home/khotkangplue_p/week6_ws/install/control_rbkairos:/opt/ros/jazzy /usr/bin/cmake /home/khotkangplue_p/week6_ws/src/robotnik_description -DCMAKE_INSTALL_PREFIX=/home/khotkangplue_p/week6_ws/install/robotnik_description
[0.134s] -- Found ament_cmake: 2.5.4 (/opt/ros/jazzy/share/ament_cmake/cmake)
[0.429s] -- Override CMake install command with custom implementation using symlinks instead of copying resources
[0.543s] -- Found ament_cmake_pytest: 2.5.4 (/opt/ros/jazzy/share/ament_cmake_pytest/cmake)
[1.040s] -- Configuring done (0.9s)
[1.047s] -- Generating done (0.0s)
[1.050s] -- Build files have been written to: /home/khotkangplue_p/week6_ws/build/robotnik_description
[1.054s] Invoked command in '/home/khotkangplue_p/week6_ws/build/robotnik_description' returned '0': CMAKE_PREFIX_PATH=/home/khotkangplue_p/week6_ws/install/robotnik_sensors:/home/khotkangplue_p/week6_ws/install/robotnik_description:/home/khotkangplue_p/week6_ws/install/robotnik_common:/home/khotkangplue_p/week6_ws/install/diff_robot:/opt/ros/jazzy/opt/gz_sim_vendor:/opt/ros/jazzy/opt/gz_sensors_vendor:/opt/ros/jazzy/opt/gz_physics_vendor:/opt/ros/jazzy/opt/sdformat_vendor:/opt/ros/jazzy/opt/gz_gui_vendor:/opt/ros/jazzy/opt/gz_transport_vendor:/opt/ros/jazzy/opt/gz_rendering_vendor:/opt/ros/jazzy/opt/gz_plugin_vendor:/opt/ros/jazzy/opt/gz_fuel_tools_vendor:/opt/ros/jazzy/opt/gz_msgs_vendor:/opt/ros/jazzy/opt/gz_common_vendor:/opt/ros/jazzy/opt/gz_math_vendor:/opt/ros/jazzy/opt/gz_utils_vendor:/opt/ros/jazzy/opt/gz_tools_vendor:/opt/ros/jazzy/opt/gz_ogre_next_vendor:/opt/ros/jazzy/opt/gz_dartsim_vendor:/opt/ros/jazzy/opt/gz_cmake_vendor:/home/khotkangplue_p/week6_ws/install/control_rbkairos:/opt/ros/jazzy /usr/bin/cmake /home/khotkangplue_p/week6_ws/src/robotnik_description -DCMAKE_INSTALL_PREFIX=/home/khotkangplue_p/week6_ws/install/robotnik_description
[1.055s] Invoking command in '/home/khotkangplue_p/week6_ws/build/robotnik_description': CMAKE_PREFIX_PATH=/home/khotkangplue_p/week6_ws/install/robotnik_sensors:/home/khotkangplue_p/week6_ws/install/robotnik_description:/home/khotkangplue_p/week6_ws/install/robotnik_common:/home/khotkangplue_p/week6_ws/install/diff_robot:/opt/ros/jazzy/opt/gz_sim_vendor:/opt/ros/jazzy/opt/gz_sensors_vendor:/opt/ros/jazzy/opt/gz_physics_vendor:/opt/ros/jazzy/opt/sdformat_vendor:/opt/ros/jazzy/opt/gz_gui_vendor:/opt/ros/jazzy/opt/gz_transport_vendor:/opt/ros/jazzy/opt/gz_rendering_vendor:/opt/ros/jazzy/opt/gz_plugin_vendor:/opt/ros/jazzy/opt/gz_fuel_tools_vendor:/opt/ros/jazzy/opt/gz_msgs_vendor:/opt/ros/jazzy/opt/gz_common_vendor:/opt/ros/jazzy/opt/gz_math_vendor:/opt/ros/jazzy/opt/gz_utils_vendor:/opt/ros/jazzy/opt/gz_tools_vendor:/opt/ros/jazzy/opt/gz_ogre_next_vendor:/opt/ros/jazzy/opt/gz_dartsim_vendor:/opt/ros/jazzy/opt/gz_cmake_vendor:/home/khotkangplue_p/week6_ws/install/control_rbkairos:/opt/ros/jazzy /usr/bin/cmake --build /home/khotkangplue_p/week6_ws/build/robotnik_description -- -j4 -l4
[1.117s] Invoked command in '/home/khotkangplue_p/week6_ws/build/robotnik_description' returned '0': CMAKE_PREFIX_PATH=/home/khotkangplue_p/week6_ws/install/robotnik_sensors:/home/khotkangplue_p/week6_ws/install/robotnik_description:/home/khotkangplue_p/week6_ws/install/robotnik_common:/home/khotkangplue_p/week6_ws/install/diff_robot:/opt/ros/jazzy/opt/gz_sim_vendor:/opt/ros/jazzy/opt/gz_sensors_vendor:/opt/ros/jazzy/opt/gz_physics_vendor:/opt/ros/jazzy/opt/sdformat_vendor:/opt/ros/jazzy/opt/gz_gui_vendor:/opt/ros/jazzy/opt/gz_transport_vendor:/opt/ros/jazzy/opt/gz_rendering_vendor:/opt/ros/jazzy/opt/gz_plugin_vendor:/opt/ros/jazzy/opt/gz_fuel_tools_vendor:/opt/ros/jazzy/opt/gz_msgs_vendor:/opt/ros/jazzy/opt/gz_common_vendor:/opt/ros/jazzy/opt/gz_math_vendor:/opt/ros/jazzy/opt/gz_utils_vendor:/opt/ros/jazzy/opt/gz_tools_vendor:/opt/ros/jazzy/opt/gz_ogre_next_vendor:/opt/ros/jazzy/opt/gz_dartsim_vendor:/opt/ros/jazzy/opt/gz_cmake_vendor:/home/khotkangplue_p/week6_ws/install/control_rbkairos:/opt/ros/jazzy /usr/bin/cmake --build /home/khotkangplue_p/week6_ws/build/robotnik_description -- -j4 -l4
[1.120s] Invoking command in '/home/khotkangplue_p/week6_ws/build/robotnik_description': CMAKE_PREFIX_PATH=/home/khotkangplue_p/week6_ws/install/robotnik_sensors:/home/khotkangplue_p/week6_ws/install/robotnik_description:/home/khotkangplue_p/week6_ws/install/robotnik_common:/home/khotkangplue_p/week6_ws/install/diff_robot:/opt/ros/jazzy/opt/gz_sim_vendor:/opt/ros/jazzy/opt/gz_sensors_vendor:/opt/ros/jazzy/opt/gz_physics_vendor:/opt/ros/jazzy/opt/sdformat_vendor:/opt/ros/jazzy/opt/gz_gui_vendor:/opt/ros/jazzy/opt/gz_transport_vendor:/opt/ros/jazzy/opt/gz_rendering_vendor:/opt/ros/jazzy/opt/gz_plugin_vendor:/opt/ros/jazzy/opt/gz_fuel_tools_vendor:/opt/ros/jazzy/opt/gz_msgs_vendor:/opt/ros/jazzy/opt/gz_common_vendor:/opt/ros/jazzy/opt/gz_math_vendor:/opt/ros/jazzy/opt/gz_utils_vendor:/opt/ros/jazzy/opt/gz_tools_vendor:/opt/ros/jazzy/opt/gz_ogre_next_vendor:/opt/ros/jazzy/opt/gz_dartsim_vendor:/opt/ros/jazzy/opt/gz_cmake_vendor:/home/khotkangplue_p/week6_ws/install/control_rbkairos:/opt/ros/jazzy /usr/bin/cmake --install /home/khotkangplue_p/week6_ws/build/robotnik_description
[1.157s] -- Install configuration: ""
[1.157s] -- Execute custom install script
[1.159s] -- Up-to-date symlink: /home/khotkangplue_p/week6_ws/install/robotnik_description/share/robotnik_description/launch/robot_description.launch.py
[1.192s] -- Up-to-date symlink: /home/khotkangplue_p/week6_ws/install/robotnik_description/share/robotnik_description/meshes/bases/rb1/rb1_base_v3.dae
[1.192s] -- Up-to-date symlink: /home/khotkangplue_p/week6_ws/install/robotnik_description/share/robotnik_description/meshes/bases/rb1/rb1_base_v3.stl
[1.192s] -- Up-to-date symlink: /home/khotkangplue_p/week6_ws/install/robotnik_description/share/robotnik_description/meshes/bases/rb1/rb1_front_cover_v3.dae
[1.193s] -- Up-to-date symlink: /home/khotkangplue_p/week6_ws/install/robotnik_description/share/robotnik_description/meshes/bases/rb1/rb1_front_cover_v3.stl
[1.193s] -- Up-to-date symlink: /home/khotkangplue_p/week6_ws/install/robotnik_description/share/robotnik_description/meshes/bases/rb1/rb1_top_cover_v3.dae
[1.193s] -- Up-to-date symlink: /home/khotkangplue_p/week6_ws/install/robotnik_description/share/robotnik_description/meshes/bases/rb1/rb1_top_cover_v3.stl
[1.193s] -- Up-to-date symlink: /home/khotkangplue_p/week6_ws/install/robotnik_description/share/robotnik_description/meshes/bases/rbfiqus/chasis.stl
[1.204s] -- Up-to-date symlink: /home/khotkangplue_p/week6_ws/install/robotnik_description/share/robotnik_description/meshes/bases/rbfiqus/left_box.stl
[1.205s] -- Up-to-date symlink: /home/khotkangplue_p/week6_ws/install/robotnik_description/share/robotnik_description/meshes/bases/rbfiqus/right_box.stl
[1.205s] -- Up-to-date symlink: /home/khotkangplue_p/week6_ws/install/robotnik_description/share/robotnik_description/meshes/bases/rbfiqus/rocker.stl
[1.206s] -- Up-to-date symlink: /home/khotkangplue_p/week6_ws/install/robotnik_description/share/robotnik_description/meshes/bases/rbkairos/rbkairos_chassis.stl
[1.207s] -- Up-to-date symlink: /home/khotkangplue_p/week6_ws/install/robotnik_description/share/robotnik_description/meshes/bases/rbkairos/rbkairos_top_cover.stl
[1.207s] -- Up-to-date symlink: /home/khotkangplue_p/week6_ws/install/robotnik_description/share/robotnik_description/meshes/bases/rbrobout/rbrobout_chassis.stl
[1.208s] -- Up-to-date symlink: /home/khotkangplue_p/week6_ws/install/robotnik_description/share/robotnik_description/meshes/bases/rbrobout/rbrobout_top_cover.stl
[1.209s] -- Up-to-date symlink: /home/khotkangplue_p/week6_ws/install/robotnik_description/share/robotnik_description/meshes/bases/rbsummit/rbsummit_xl_chassis.dae
[1.210s] -- Up-to-date symlink: /home/khotkangplue_p/week6_ws/install/robotnik_description/share/robotnik_description/meshes/bases/rbsummit/rbsummit_xl_chassis_collision.dae
[1.210s] -- Up-to-date symlink: /home/khotkangplue_p/week6_ws/install/robotnik_description/share/robotnik_description/meshes/bases/rbsummit/rbsummit_xl_chassis_simple.stl
[1.212s] -- Up-to-date symlink: /home/khotkangplue_p/week6_ws/install/robotnik_description/share/robotnik_description/meshes/bases/rbsummit_steel/rbsummit_steel_chassis.stl
[1.212s] -- Up-to-date symlink: /home/khotkangplue_p/week6_ws/install/robotnik_description/share/robotnik_description/meshes/bases/rbsummit_steel/rbsummit_steel_top_cover.stl
[1.213s] -- Up-to-date symlink: /home/khotkangplue_p/week6_ws/install/robotnik_description/share/robotnik_description/meshes/bases/rbtheron/rbtheron_plus_top_chassis.stl
[1.214s] -- Up-to-date symlink: /home/khotkangplue_p/week6_ws/install/robotnik_description/share/robotnik_description/meshes/bases/rbtheron/theron_base_v4.stl
[1.215s] -- Up-to-date symlink: /home/khotkangplue_p/week6_ws/install/robotnik_description/share/robotnik_description/meshes/bases/rbvogui/rbvogui_battery.stl
[1.215s] -- Up-to-date symlink: /home/khotkangplue_p/week6_ws/install/robotnik_description/share/robotnik_description/meshes/bases/rbvogui/rbvogui_chassis.stl
[1.218s] -- Up-to-date symlink: /home/khotkangplue_p/week6_ws/install/robotnik_description/share/robotnik_description/meshes/bases/rbvogui/rbvogui_chassis_color.dae
[1.219s] -- Up-to-date symlink: /home/khotkangplue_p/week6_ws/install/robotnik_description/share/robotnik_description/meshes/bases/rbvogui/rbvogui_chassis_color.png
[1.220s] -- Up-to-date symlink: /home/khotkangplue_p/week6_ws/install/robotnik_description/share/robotnik_description/meshes/bases/rbvogui/rbvogui_contactors.stl
[1.220s] -- Up-to-date symlink: /home/khotkangplue_p/week6_ws/install/robotnik_description/share/robotnik_description/meshes/bases/rbvogui/rbvogui_leds.stl
[1.224s] -- Up-to-date symlink: /home/khotkangplue_p/week6_ws/install/robotnik_description/share/robotnik_description/meshes/bases/rbvogui/rbvogui_logos.dae
[1.225s] -- Up-to-date symlink: /home/khotkangplue_p/week6_ws/install/robotnik_description/share/robotnik_description/meshes/bases/rbvogui/rbvogui_logos.stl
[1.226s] -- Up-to-date symlink: /home/khotkangplue_p/week6_ws/install/robotnik_description/share/robotnik_description/meshes/bases/rbvogui_xl/rbvogui_xl_battery.stl
[1.226s] -- Up-to-date symlink: /home/khotkangplue_p/week6_ws/install/robotnik_description/share/robotnik_description/meshes/bases/rbvogui_xl/rbvogui_xl_chassis.stl
[1.227s] -- Up-to-date symlink: /home/khotkangplue_p/week6_ws/install/robotnik_description/share/robotnik_description/meshes/bases/rbvogui_xl/rbvogui_xl_chassis_color.png
[1.227s] -- Up-to-date symlink: /home/khotkangplue_p/week6_ws/install/robotnik_description/share/robotnik_description/meshes/bases/rbvogui_xl/rbvogui_xl_contactors.stl
[1.228s] -- Up-to-date symlink: /home/khotkangplue_p/week6_ws/install/robotnik_description/share/robotnik_description/meshes/bases/rbvogui_xl/rbvogui_xl_leds.stl
[1.228s] -- Up-to-date symlink: /home/khotkangplue_p/week6_ws/install/robotnik_description/share/robotnik_description/meshes/bases/rbvogui_xl/rbvogui_xl_logos.dae
[1.232s] -- Up-to-date symlink: /home/khotkangplue_p/week6_ws/install/robotnik_description/share/robotnik_description/meshes/bases/rbvogui_xl/rbvogui_xl_logos.stl
[1.233s] -- Up-to-date symlink: /home/khotkangplue_p/week6_ws/install/robotnik_description/share/robotnik_description/meshes/bases/rbwatcher/rbwatcher_chassis.dae
[1.233s] -- Up-to-date symlink: /home/khotkangplue_p/week6_ws/install/robotnik_description/share/robotnik_description/meshes/bases/rbwatcher/rbwatcher_chassis.stl
[1.235s] -- Up-to-date symlink: /home/khotkangplue_p/week6_ws/install/robotnik_description/share/robotnik_description/meshes/bases/rbwatcher/rbwatcher_top_structure.dae
[1.236s] -- Up-to-date symlink: /home/khotkangplue_p/week6_ws/install/robotnik_description/share/robotnik_description/meshes/bases/rbwatcher/rbwatcher_top_structure.stl
[1.244s] -- Up-to-date symlink: /home/khotkangplue_p/week6_ws/install/robotnik_description/share/robotnik_description/meshes/bases/robotnik_logo_chasis.stl
[1.250s] -- Up-to-date symlink: /home/khotkangplue_p/week6_ws/install/robotnik_description/share/robotnik_description/meshes/structures/ewellix/ewellix_lift_base_700mm.stl
[1.252s] -- Up-to-date symlink: /home/khotkangplue_p/week6_ws/install/robotnik_description/share/robotnik_description/meshes/structures/ewellix/ewellix_lift_base_900mm.stl
[1.253s] -- Up-to-date symlink: /home/khotkangplue_p/week6_ws/install/robotnik_description/share/robotnik_description/meshes/structures/ewellix/ewellix_lift_top_700mm.stl
[1.255s] -- Up-to-date symlink: /home/khotkangplue_p/week6_ws/install/robotnik_description/share/robotnik_description/meshes/structures/ewellix/ewellix_lift_top_700mm_cut.stl
[1.256s] -- Up-to-date symlink: /home/khotkangplue_p/week6_ws/install/robotnik_description/share/robotnik_description/meshes/structures/ewellix/ewellix_lift_top_900mm.stl
[1.257s] -- Up-to-date symlink: /home/khotkangplue_p/week6_ws/install/robotnik_description/share/robotnik_description/meshes/structures/ewellix/ewellix_lift_top_900mm_cut.stl
[1.258s] -- Up-to-date symlink: /home/khotkangplue_p/week6_ws/install/robotnik_description/share/robotnik_description/meshes/wheels/caster_wheel/caster_wheel.stl
[1.259s] -- Up-to-date symlink: /home/khotkangplue_p/week6_ws/install/robotnik_description/share/robotnik_description/meshes/wheels/mecanum_wheel/kairos_mecanum_wheel_1.dae
[1.260s] -- Up-to-date symlink: /home/khotkangplue_p/week6_ws/install/robotnik_description/share/robotnik_description/meshes/wheels/mecanum_wheel/kairos_mecanum_wheel_2.dae
[1.260s] -- Up-to-date symlink: /home/khotkangplue_p/week6_ws/install/robotnik_description/share/robotnik_description/meshes/wheels/mecanum_wheel/robout_wheel.stl
[1.261s] -- Up-to-date symlink: /home/khotkangplue_p/week6_ws/install/robotnik_description/share/robotnik_description/meshes/wheels/rubber_wheel/mw_frame.stl
[1.262s] -- Up-to-date symlink: /home/khotkangplue_p/week6_ws/install/robotnik_description/share/robotnik_description/meshes/wheels/rubber_wheel/rubber_wheel.dae
[1.263s] -- Up-to-date symlink: /home/khotkangplue_p/week6_ws/install/robotnik_description/share/robotnik_description/meshes/wheels/rubber_wheel/rubber_wheel_220.stl
[1.263s] -- Up-to-date symlink: /home/khotkangplue_p/week6_ws/install/robotnik_description/share/robotnik_description/meshes/wheels/rubber_wheel/rubber_wheel_350.stl
[1.264s] -- Up-to-date symlink: /home/khotkangplue_p/week6_ws/install/robotnik_description/share/robotnik_description/meshes/wheels/rubber_wheel/wheel_sxl.stl
[1.265s] -- Up-to-date symlink: /home/khotkangplue_p/week6_ws/install/robotnik_description/share/robotnik_description/meshes/wheels/steering_wheel/mw_frame_rbfiqus.stl
[1.266s] -- Up-to-date symlink: /home/khotkangplue_p/week6_ws/install/robotnik_description/share/robotnik_description/meshes/wheels/steering_wheel/mw_frame_stl.png
[1.267s] -- Up-to-date symlink: /home/khotkangplue_p/week6_ws/install/robotnik_description/share/robotnik_description/meshes/wheels/steering_wheel/mw_frame_stl_color.dae
[1.268s] -- Up-to-date symlink: /home/khotkangplue_p/week6_ws/install/robotnik_description/share/robotnik_description/meshes/wheels/steering_wheel/mw_frame_xl.stl
[1.282s] -- Up-to-date symlink: /home/khotkangplue_p/week6_ws/install/robotnik_description/share/robotnik_description/urdf/arms/ur_macro.urdf.xacro
[1.285s] -- Up-to-date symlink: /home/khotkangplue_p/week6_ws/install/robotnik_description/share/robotnik_description/urdf/bases/rb1/rb1_base.xacro
[1.286s] -- Up-to-date symlink: /home/khotkangplue_p/week6_ws/install/robotnik_description/share/robotnik_description/urdf/bases/rbfiqus/rbfiqus_base.urdf.xacro
[1.288s] -- Up-to-date symlink: /home/khotkangplue_p/week6_ws/install/robotnik_description/share/robotnik_description/urdf/bases/rbkairos/rbkairos_base.urdf.xacro
[1.290s] -- Up-to-date symlink: /home/khotkangplue_p/week6_ws/install/robotnik_description/share/robotnik_description/urdf/bases/rbrobout/rbrobout_base.urdf.xacro
[1.290s] -- Up-to-date symlink: /home/khotkangplue_p/week6_ws/install/robotnik_description/share/robotnik_description/urdf/bases/rbrobout/rbrobout_top_cover.urdf.xacro
[1.291s] -- Up-to-date symlink: /home/khotkangplue_p/week6_ws/install/robotnik_description/share/robotnik_description/urdf/bases/rbsummit/rbsummit_base.xacro
[1.292s] -- Up-to-date symlink: /home/khotkangplue_p/week6_ws/install/robotnik_description/share/robotnik_description/urdf/bases/rbsummit_steel/rbsummit_steel_base.xacro
[1.293s] -- Up-to-date symlink: /home/khotkangplue_p/week6_ws/install/robotnik_description/share/robotnik_description/urdf/bases/rbtheron/rbtheron_base.xacro
[1.293s] -- Up-to-date symlink: /home/khotkangplue_p/week6_ws/install/robotnik_description/share/robotnik_description/urdf/bases/rbtheron/rbtheron_top_cover.urdf.xacro
[1.294s] -- Up-to-date symlink: /home/khotkangplue_p/week6_ws/install/robotnik_description/share/robotnik_description/urdf/bases/rbvogui/rbvogui_base.urdf.xacro
[1.295s] -- Up-to-date symlink: /home/khotkangplue_p/week6_ws/install/robotnik_description/share/robotnik_description/urdf/bases/rbvogui_xl/rbvogui_xl_base.urdf.xacro
[1.296s] -- Up-to-date symlink: /home/khotkangplue_p/week6_ws/install/robotnik_description/share/robotnik_description/urdf/bases/rbwatcher/rbwatcher_base.xacro
[1.297s] -- Up-to-date symlink: /home/khotkangplue_p/week6_ws/install/robotnik_description/share/robotnik_description/urdf/bodies/rb1/rb1_base.urdf.xacro
[1.298s] -- Up-to-date symlink: /home/khotkangplue_p/week6_ws/install/robotnik_description/share/robotnik_description/urdf/bodies/rb1/rb1_body.urdf.xacro
[1.299s] -- Up-to-date symlink: /home/khotkangplue_p/week6_ws/install/robotnik_description/share/robotnik_description/urdf/bodies/rbfiqus/rbfiqus_body.gazebo.xacro
[1.300s] -- Up-to-date symlink: /home/khotkangplue_p/week6_ws/install/robotnik_description/share/robotnik_description/urdf/bodies/rbfiqus/rbfiqus_body.urdf.xacro
[1.301s] -- Up-to-date symlink: /home/khotkangplue_p/week6_ws/install/robotnik_description/share/robotnik_description/urdf/bodies/rbkairos/rbkairos_body.urdf.xacro
[1.302s] -- Up-to-date symlink: /home/khotkangplue_p/week6_ws/install/robotnik_description/share/robotnik_description/urdf/bodies/rbrobout/rbrobout_body.urdf.xacro
[1.304s] -- Up-to-date symlink: /home/khotkangplue_p/week6_ws/install/robotnik_description/share/robotnik_description/urdf/bodies/rbsummit/rbsummit_body.urdf.xacro
[1.305s] -- Up-to-date symlink: /home/khotkangplue_p/week6_ws/install/robotnik_description/share/robotnik_description/urdf/bodies/rbsummit_steel/rbsummit_steel_body.urdf.xacro
[1.306s] -- Up-to-date symlink: /home/khotkangplue_p/week6_ws/install/robotnik_description/share/robotnik_description/urdf/bodies/rbtheron/rbtheron_body.urdf.xacro
[1.308s] -- Up-to-date symlink: /home/khotkangplue_p/week6_ws/install/robotnik_description/share/robotnik_description/urdf/bodies/rbvogui/rbvogui_base.gazebo.xacro
[1.308s] -- Up-to-date symlink: /home/khotkangplue_p/week6_ws/install/robotnik_description/share/robotnik_description/urdf/bodies/rbvogui/rbvogui_body.urdf.xacro
[1.309s] -- Up-to-date symlink: /home/khotkangplue_p/week6_ws/install/robotnik_description/share/robotnik_description/urdf/bodies/rbvogui_xl/rbvogui_xl_base.gazebo.xacro
[1.309s] -- Up-to-date symlink: /home/khotkangplue_p/week6_ws/install/robotnik_description/share/robotnik_description/urdf/bodies/rbvogui_xl/rbvogui_xl_body.urdf.xacro
[1.310s] -- Up-to-date symlink: /home/khotkangplue_p/week6_ws/install/robotnik_description/share/robotnik_description/urdf/bodies/rbwatcher/rbwatcher_body.urdf.xacro
[1.311s] -- Up-to-date symlink: /home/khotkangplue_p/week6_ws/install/robotnik_description/share/robotnik_description/urdf/inertia.urdf.xacro
[1.313s] -- Up-to-date symlink: /home/khotkangplue_p/week6_ws/install/robotnik_description/share/robotnik_description/urdf/structures/ewellix/all_ewellix_lift.urdf.xacro
[1.314s] -- Up-to-date symlink: /home/khotkangplue_p/week6_ws/install/robotnik_description/share/robotnik_description/urdf/structures/ewellix/ewellix_lift_700mm.urdf.xacro
[1.315s] -- Up-to-date symlink: /home/khotkangplue_p/week6_ws/install/robotnik_description/share/robotnik_description/urdf/structures/ewellix/ewellix_lift_900mm.urdf.xacro
[1.317s] -- Up-to-date symlink: /home/khotkangplue_p/week6_ws/install/robotnik_description/share/robotnik_description/urdf/wheels/caster_wheel/rbtheron_caster.urdf.xacro
[1.318s] -- Up-to-date symlink: /home/khotkangplue_p/week6_ws/install/robotnik_description/share/robotnik_description/urdf/wheels/mecanum_wheel/rbkairos_mecanum_wheel.urdf.xacro
[1.320s] -- Up-to-date symlink: /home/khotkangplue_p/week6_ws/install/robotnik_description/share/robotnik_description/urdf/wheels/mecanum_wheel/rbrobout_mecanum_wheel.urdf.xacro
[1.321s] -- Up-to-date symlink: /home/khotkangplue_p/week6_ws/install/robotnik_description/share/robotnik_description/urdf/wheels/rubber_wheel/gazebo/rbvogui_wheel.gazebo.xacro
[1.322s] -- Up-to-date symlink: /home/khotkangplue_p/week6_ws/install/robotnik_description/share/robotnik_description/urdf/wheels/rubber_wheel/gazebo/rubber_wheel.gazebo.xacro
[1.322s] -- Up-to-date symlink: /home/khotkangplue_p/week6_ws/install/robotnik_description/share/robotnik_description/urdf/wheels/rubber_wheel/gazebo/rubber_wheel.transmission.xacro
[1.323s] -- Up-to-date symlink: /home/khotkangplue_p/week6_ws/install/robotnik_description/share/robotnik_description/urdf/wheels/rubber_wheel/rubber_wheel.urdf.xacro
[1.323s] -- Up-to-date symlink: /home/khotkangplue_p/week6_ws/install/robotnik_description/share/robotnik_description/urdf/wheels/rubber_wheel/rubber_wheel_150.urdf.xacro
[1.323s] -- Up-to-date symlink: /home/khotkangplue_p/week6_ws/install/robotnik_description/share/robotnik_description/urdf/wheels/rubber_wheel/rubber_wheel_220.urdf.xacro
[1.324s] -- Up-to-date symlink: /home/khotkangplue_p/week6_ws/install/robotnik_description/share/robotnik_description/urdf/wheels/rubber_wheel/rubber_wheel_350.urdf.xacro
[1.324s] -- Up-to-date symlink: /home/khotkangplue_p/week6_ws/install/robotnik_description/share/robotnik_description/urdf/wheels/steering_wheel/steering_wheel.urdf.xacro
[1.325s] -- Up-to-date symlink: /home/khotkangplue_p/week6_ws/install/robotnik_description/share/robotnik_description/urdf/wheels/steering_wheel/steering_wheel_350.urdf.xacro
[1.325s] -- Up-to-date symlink: /home/khotkangplue_p/week6_ws/install/robotnik_description/share/robotnik_description/urdf/wheels/steering_wheel/steering_wheel_rbfiqus.urdf.xacro
[1.325s] -- Up-to-date symlink: /home/khotkangplue_p/week6_ws/install/robotnik_description/share/robotnik_description/urdf/wheels/wheel.gazebo.xacro
[1.329s] -- Up-to-date symlink: /home/khotkangplue_p/week6_ws/install/robotnik_description/share/robotnik_description/robots/rb1/rb1.urdf.xacro
[1.331s] -- Up-to-date symlink: /home/khotkangplue_p/week6_ws/install/robotnik_description/share/robotnik_description/robots/rbfiqus/rbfiqus.urdf.xacro
[1.331s] -- Up-to-date symlink: /home/khotkangplue_p/week6_ws/install/robotnik_description/share/robotnik_description/robots/rbkairos/rbkairos.urdf.xacro
[1.333s] -- Up-to-date symlink: /home/khotkangplue_p/week6_ws/install/robotnik_description/share/robotnik_description/robots/rbkairos/rbkairos_plus.urdf.xacro
[1.334s] -- Up-to-date symlink: /home/khotkangplue_p/week6_ws/install/robotnik_description/share/robotnik_description/robots/rbrobout/rbrobout.urdf.xacro
[1.334s] -- Up-to-date symlink: /home/khotkangplue_p/week6_ws/install/robotnik_description/share/robotnik_description/robots/rbrobout/rbrobout_plus.urdf.xacro
[1.335s] -- Up-to-date symlink: /home/khotkangplue_p/week6_ws/install/robotnik_description/share/robotnik_description/robots/rbsummit/rbsummit.urdf.xacro
[1.336s] -- Up-to-date symlink: /home/khotkangplue_p/week6_ws/install/robotnik_description/share/robotnik_description/robots/rbsummit_steel/rbsummit_steel.urdf.xacro
[1.337s] -- Up-to-date symlink: /home/khotkangplue_p/week6_ws/install/robotnik_description/share/robotnik_description/robots/rbtheron/rbtheron.urdf.xacro
[1.338s] -- Up-to-date symlink: /home/khotkangplue_p/week6_ws/install/robotnik_description/share/robotnik_description/robots/rbtheron/rbtheron_plus.urdf.xacro
[1.338s] -- Up-to-date symlink: /home/khotkangplue_p/week6_ws/install/robotnik_description/share/robotnik_description/robots/rbvogui/rbvogui.urdf.xacro
[1.339s] -- Up-to-date symlink: /home/khotkangplue_p/week6_ws/install/robotnik_description/share/robotnik_description/robots/rbvogui/rbvogui_plus.urdf.xacro
[1.340s] -- Up-to-date symlink: /home/khotkangplue_p/week6_ws/install/robotnik_description/share/robotnik_description/robots/rbvogui_xl/rbvogui_xl.urdf.xacro
[1.341s] -- Up-to-date symlink: /home/khotkangplue_p/week6_ws/install/robotnik_description/share/robotnik_description/robots/rbwatcher/rbwatcher.urdf.xacro
[1.346s] -- Up-to-date symlink: /home/khotkangplue_p/week6_ws/install/robotnik_description/share/robotnik_description/simulators/gazebo_ignition/README.md
[1.347s] -- Up-to-date symlink: /home/khotkangplue_p/week6_ws/install/robotnik_description/share/robotnik_description/simulators/gazebo_ignition/rb1/rb1_control.urdf.xacro
[1.348s] -- Up-to-date symlink: /home/khotkangplue_p/week6_ws/install/robotnik_description/share/robotnik_description/simulators/gazebo_ignition/rb1/rb1_controller_params.yaml
[1.349s] -- Up-to-date symlink: /home/khotkangplue_p/week6_ws/install/robotnik_description/share/robotnik_description/simulators/gazebo_ignition/rbfiqus/rbfiqus_control.urdf.xacro
[1.350s] -- Up-to-date symlink: /home/khotkangplue_p/week6_ws/install/robotnik_description/share/robotnik_description/simulators/gazebo_ignition/rbfiqus/rbfiqus_controller_params.yaml
[1.350s] -- Up-to-date symlink: /home/khotkangplue_p/week6_ws/install/robotnik_description/share/robotnik_description/simulators/gazebo_ignition/rbkairos/rbkairos_control.urdf.xacro
[1.350s] -- Up-to-date symlink: /home/khotkangplue_p/week6_ws/install/robotnik_description/share/robotnik_description/simulators/gazebo_ignition/rbkairos/rbkairos_controller_params.yaml
[1.351s] -- Up-to-date symlink: /home/khotkangplue_p/week6_ws/install/robotnik_description/share/robotnik_description/simulators/gazebo_ignition/rbrobout/rbrobout_control.urdf.xacro
[1.351s] -- Up-to-date symlink: /home/khotkangplue_p/week6_ws/install/robotnik_description/share/robotnik_description/simulators/gazebo_ignition/rbrobout/rbrobout_controller_params.yaml
[1.352s] -- Up-to-date symlink: /home/khotkangplue_p/week6_ws/install/robotnik_description/share/robotnik_description/simulators/gazebo_ignition/rbsummit/rbsummit_control.urdf.xacro
[1.352s] -- Up-to-date symlink: /home/khotkangplue_p/week6_ws/install/robotnik_description/share/robotnik_description/simulators/gazebo_ignition/rbsummit/rbsummit_controller_params.yaml
[1.353s] -- Up-to-date symlink: /home/khotkangplue_p/week6_ws/install/robotnik_description/share/robotnik_description/simulators/gazebo_ignition/rbsummit_steel/rbsummit_steel_control.urdf.xacro
[1.353s] -- Up-to-date symlink: /home/khotkangplue_p/week6_ws/install/robotnik_description/share/robotnik_description/simulators/gazebo_ignition/rbtheron/rbtheron_control.urdf.xacro
[1.354s] -- Up-to-date symlink: /home/khotkangplue_p/week6_ws/install/robotnik_description/share/robotnik_description/simulators/gazebo_ignition/rbtheron/rbtheron_controller_params.yaml
[1.354s] -- Up-to-date symlink: /home/khotkangplue_p/week6_ws/install/robotnik_description/share/robotnik_description/simulators/gazebo_ignition/rbvogui/rbvogui_control.urdf.xacro
[1.355s] -- Up-to-date symlink: /home/khotkangplue_p/week6_ws/install/robotnik_description/share/robotnik_description/simulators/gazebo_ignition/rbvogui/rbvogui_controller_params.yaml
[1.355s] -- Up-to-date symlink: /home/khotkangplue_p/week6_ws/install/robotnik_description/share/robotnik_description/simulators/gazebo_ignition/rbvogui_xl/rbvogui_xl_control.urdf.xacro
[1.356s] -- Up-to-date symlink: /home/khotkangplue_p/week6_ws/install/robotnik_description/share/robotnik_description/simulators/gazebo_ignition/rbvogui_xl/rbvogui_xl_controller_params.yaml
[1.356s] -- Up-to-date symlink: /home/khotkangplue_p/week6_ws/install/robotnik_description/share/robotnik_description/simulators/gazebo_ignition/rbwatcher/rbwatcher_control.urdf.xacro
[1.356s] -- Up-to-date symlink: /home/khotkangplue_p/week6_ws/install/robotnik_description/share/robotnik_description/simulators/gazebo_ignition/rbwatcher/rbwatcher_controller_params.yaml
[1.357s] -- Up-to-date symlink: /home/khotkangplue_p/week6_ws/install/robotnik_description/share/robotnik_description/simulators/isaac/README.md
[1.357s] -- Up-to-date symlink: /home/khotkangplue_p/week6_ws/install/robotnik_description/share/ament_index/resource_index/package_run_dependencies/robotnik_description
[1.358s] -- Up-to-date symlink: /home/khotkangplue_p/week6_ws/install/robotnik_description/share/ament_index/resource_index/parent_prefix_path/robotnik_description
[1.358s] -- Up-to-date symlink: /home/khotkangplue_p/week6_ws/install/robotnik_description/share/robotnik_description/environment/ament_prefix_path.sh
[1.359s] -- Up-to-date symlink: /home/khotkangplue_p/week6_ws/install/robotnik_description/share/robotnik_description/environment/ament_prefix_path.dsv
[1.359s] -- Up-to-date symlink: /home/khotkangplue_p/week6_ws/install/robotnik_description/share/robotnik_description/environment/path.sh
[1.359s] -- Up-to-date symlink: /home/khotkangplue_p/week6_ws/install/robotnik_description/share/robotnik_description/environment/path.dsv
[1.359s] -- Up-to-date symlink: /home/khotkangplue_p/week6_ws/install/robotnik_description/share/robotnik_description/local_setup.bash
[1.360s] -- Up-to-date symlink: /home/khotkangplue_p/week6_ws/install/robotnik_description/share/robotnik_description/local_setup.sh
[1.360s] -- Up-to-date symlink: /home/khotkangplue_p/week6_ws/install/robotnik_description/share/robotnik_description/local_setup.zsh
[1.360s] -- Up-to-date symlink: /home/khotkangplue_p/week6_ws/install/robotnik_description/share/robotnik_description/local_setup.dsv
[1.361s] -- Symlinking: /home/khotkangplue_p/week6_ws/install/robotnik_description/share/robotnik_description/package.dsv
[1.371s] -- Up-to-date symlink: /home/khotkangplue_p/week6_ws/install/robotnik_description/share/ament_index/resource_index/packages/robotnik_description
[1.372s] -- Up-to-date symlink: /home/khotkangplue_p/week6_ws/install/robotnik_description/share/robotnik_description/cmake/robotnik_descriptionConfig.cmake
[1.372s] -- Up-to-date symlink: /home/khotkangplue_p/week6_ws/install/robotnik_description/share/robotnik_description/cmake/robotnik_descriptionConfig-version.cmake
[1.372s] -- Up-to-date symlink: /home/khotkangplue_p/week6_ws/install/robotnik_description/share/robotnik_description/package.xml
[1.374s] Invoked command in '/home/khotkangplue_p/week6_ws/build/robotnik_description' returned '0': CMAKE_PREFIX_PATH=/home/khotkangplue_p/week6_ws/install/robotnik_sensors:/home/khotkangplue_p/week6_ws/install/robotnik_description:/home/khotkangplue_p/week6_ws/install/robotnik_common:/home/khotkangplue_p/week6_ws/install/diff_robot:/opt/ros/jazzy/opt/gz_sim_vendor:/opt/ros/jazzy/opt/gz_sensors_vendor:/opt/ros/jazzy/opt/gz_physics_vendor:/opt/ros/jazzy/opt/sdformat_vendor:/opt/ros/jazzy/opt/gz_gui_vendor:/opt/ros/jazzy/opt/gz_transport_vendor:/opt/ros/jazzy/opt/gz_rendering_vendor:/opt/ros/jazzy/opt/gz_plugin_vendor:/opt/ros/jazzy/opt/gz_fuel_tools_vendor:/opt/ros/jazzy/opt/gz_msgs_vendor:/opt/ros/jazzy/opt/gz_common_vendor:/opt/ros/jazzy/opt/gz_math_vendor:/opt/ros/jazzy/opt/gz_utils_vendor:/opt/ros/jazzy/opt/gz_tools_vendor:/opt/ros/jazzy/opt/gz_ogre_next_vendor:/opt/ros/jazzy/opt/gz_dartsim_vendor:/opt/ros/jazzy/opt/gz_cmake_vendor:/home/khotkangplue_p/week6_ws/install/control_rbkairos:/opt/ros/jazzy /usr/bin/cmake --install /home/khotkangplue_p/week6_ws/build/robotnik_description
