[0.020s] Invoking command in '/home/khotkangplue_p/week6_ws/build/robotnik_sensors': /usr/bin/cmake /home/khotkangplue_p/week6_ws/src/robotnik_sensors/robotnik_sensors -DAMENT_CMAKE_SYMLINK_INSTALL=1 -DCMAKE_INSTALL_PREFIX=/home/khotkangplue_p/week6_ws/install/robotnik_sensors
[0.355s] -- The C compiler identification is GNU 13.3.0
[1.497s] -- The CXX compiler identification is GNU 13.3.0
[2.266s] -- Detecting C compiler ABI info
[2.644s] -- Detecting C compiler ABI info - done
[2.654s] -- Check for working C compiler: /usr/bin/cc - skipped
[2.655s] -- Detecting C compile features
[2.656s] -- Detecting C compile features - done
[2.797s] -- Detecting CXX compiler ABI info
[3.119s] -- Detecting CXX compiler ABI info - done
[3.126s] -- Check for working CXX compiler: /usr/bin/c++ - skipped
[3.127s] -- Detecting CXX compile features
[3.127s] -- Detecting CXX compile features - done
[3.899s] [31mCMake Error at CMakeLists.txt:5 (find_package):
[3.900s]   By not providing "Findament_cmake.cmake" in CMAKE_MODULE_PATH this project
[3.900s]   has asked CMake to find a package configuration file provided by
[3.900s]   "ament_cmake", but CMake did not find one.
[3.900s] 
[3.900s]   Could not find a package configuration file provided by "ament_cmake" with
[3.900s]   any of the following names:
[3.900s] 
[3.900s]     ament_cmakeConfig.cmake
[3.900s]     ament_cmake-config.cmake
[3.900s] 
[3.900s]   Add the installation prefix of "ament_cmake" to CMAKE_PREFIX_PATH or set
[3.900s]   "ament_cmake_DIR" to a directory containing one of the above files.  If
[3.900s]   "ament_cmake" provides a separate development package or SDK, be sure it
[3.900s]   has been installed.
[3.900s] 
[3.900s] [0m
[3.900s] -- Configuring incomplete, errors occurred!
