[0.208s] Invoking command in '/home/khotkangplue_p/week6_ws/build/robotnik_common': /usr/bin/cmake /home/khotkangplue_p/week6_ws/src/robotnik_common/robotnik_common -DAMENT_CMAKE_SYMLINK_INSTALL=1 -DCMAKE_INSTALL_PREFIX=/home/khotkangplue_p/week6_ws/install/robotnik_common
[1.804s] [31mCMake Error at CMakeLists.txt:5 (find_package):
[1.804s]   By not providing "Findament_cmake_core.cmake" in CMAKE_MODULE_PATH this
[1.805s]   project has asked CMake to find a package configuration file provided by
[1.805s]   "ament_cmake_core", but CMake did not find one.
[1.805s] 
[1.805s]   Could not find a package configuration file provided by "ament_cmake_core"
[1.805s]   with any of the following names:
[1.805s] 
[1.805s]     ament_cmake_coreConfig.cmake
[1.805s]     ament_cmake_core-config.cmake
[1.805s] 
[1.805s]   Add the installation prefix of "ament_cmake_core" to CMAKE_PREFIX_PATH or
[1.805s]   set "ament_cmake_core_DIR" to a directory containing one of the above
[1.805s]   files.  If "ament_cmake_core" provides a separate development package or
[1.805s]   SDK, be sure it has been installed.
[1.805s] 
[1.805s] [0m
[1.810s] -- Configuring incomplete, errors occurred!
[1.812s] Invoked command in '/home/khotkangplue_p/week6_ws/build/robotnik_common' returned '1': /usr/bin/cmake /home/khotkangplue_p/week6_ws/src/robotnik_common/robotnik_common -DAMENT_CMAKE_SYMLINK_INSTALL=1 -DCMAKE_INSTALL_PREFIX=/home/khotkangplue_p/week6_ws/install/robotnik_common
