[0.325s] DEBUG:colcon:Command line arguments: ['/usr/bin/colcon', 'build', '--symlink-install', '--packages-select', 'diff_robot', '--cmake-force-configure', '--event-handlers', 'console_direct+']
[0.325s] DEBUG:colcon:Parsed command line arguments: Namespace(log_base=None, log_level=None, verb_name='build', build_base='build', install_base='install', merge_install=False, symlink_install=True, test_result_base=None, continue_on_error=False, executor='parallel', parallel_workers=4, event_handlers=['console_direct+'], ignore_user_meta=False, metas=['./colcon.meta'], base_paths=['.'], packages_ignore=None, packages_ignore_regex=None, paths=None, packages_up_to=None, packages_up_to_regex=None, packages_above=None, packages_above_and_dependencies=None, packages_above_depth=None, packages_select_by_dep=None, packages_skip_by_dep=None, packages_skip_up_to=None, packages_select_build_failed=False, packages_skip_build_finished=False, packages_select_test_failures=False, packages_skip_test_passed=False, packages_select=['diff_robot'], packages_skip=None, packages_select_regex=None, packages_skip_regex=None, packages_start=None, packages_end=None, allow_overriding=[], cmake_args=None, cmake_target=None, cmake_target_skip_unavailable=False, cmake_clean_cache=False, cmake_clean_first=False, cmake_force_configure=True, ament_cmake_args=None, catkin_cmake_args=None, catkin_skip_building_tests=False, mixin_files=None, mixin=None, verb_parser=<colcon_mixin.mixin.mixin_argument.MixinArgumentDecorator object at 0x7f9e00a727b0>, verb_extension=<colcon_core.verb.build.BuildVerb object at 0x7f9e00a198e0>, main=<bound method BuildVerb.main of <colcon_core.verb.build.BuildVerb object at 0x7f9e00a198e0>>, mixin_verb=('build',))
[0.363s] Level 1:colcon.colcon_core.package_discovery:discover_packages(colcon_meta) check parameters
[0.363s] Level 1:colcon.colcon_core.package_discovery:discover_packages(recursive) check parameters
[0.363s] Level 1:colcon.colcon_core.package_discovery:discover_packages(ignore) check parameters
[0.363s] Level 1:colcon.colcon_core.package_discovery:discover_packages(path) check parameters
[0.363s] Level 1:colcon.colcon_core.package_discovery:discover_packages(colcon_meta) discover
[0.364s] Level 1:colcon.colcon_core.package_discovery:discover_packages(recursive) discover
[0.364s] INFO:colcon.colcon_core.package_discovery:Crawling recursively for packages in '/home/khotkangplue_p/week6_ws'
[0.364s] Level 1:colcon.colcon_core.package_identification:_identify(.) by extensions ['ignore', 'ignore_ament_install']
[0.364s] Level 1:colcon.colcon_core.package_identification:_identify(.) by extension 'ignore'
[0.364s] Level 1:colcon.colcon_core.package_identification:_identify(.) by extension 'ignore_ament_install'
[0.364s] Level 1:colcon.colcon_core.package_identification:_identify(.) by extensions ['colcon_pkg']
[0.364s] Level 1:colcon.colcon_core.package_identification:_identify(.) by extension 'colcon_pkg'
[0.364s] Level 1:colcon.colcon_core.package_identification:_identify(.) by extensions ['colcon_meta']
[0.364s] Level 1:colcon.colcon_core.package_identification:_identify(.) by extension 'colcon_meta'
[0.364s] Level 1:colcon.colcon_core.package_identification:_identify(.) by extensions ['ros']
[0.364s] Level 1:colcon.colcon_core.package_identification:_identify(.) by extension 'ros'
[0.390s] Level 1:colcon.colcon_core.package_identification:_identify(.) by extensions ['cmake', 'python']
[0.390s] Level 1:colcon.colcon_core.package_identification:_identify(.) by extension 'cmake'
[0.390s] Level 1:colcon.colcon_core.package_identification:_identify(.) by extension 'python'
[0.390s] Level 1:colcon.colcon_core.package_identification:_identify(.) by extensions ['python_setup_py']
[0.390s] Level 1:colcon.colcon_core.package_identification:_identify(.) by extension 'python_setup_py'
[0.390s] Level 1:colcon.colcon_core.package_identification:_identify(build) by extensions ['ignore', 'ignore_ament_install']
[0.390s] Level 1:colcon.colcon_core.package_identification:_identify(build) by extension 'ignore'
[0.391s] Level 1:colcon.colcon_core.package_identification:_identify(build) ignored
[0.391s] Level 1:colcon.colcon_core.package_identification:_identify(install) by extensions ['ignore', 'ignore_ament_install']
[0.391s] Level 1:colcon.colcon_core.package_identification:_identify(install) by extension 'ignore'
[0.391s] Level 1:colcon.colcon_core.package_identification:_identify(install) ignored
[0.391s] Level 1:colcon.colcon_core.package_identification:_identify(log) by extensions ['ignore', 'ignore_ament_install']
[0.391s] Level 1:colcon.colcon_core.package_identification:_identify(log) by extension 'ignore'
[0.391s] Level 1:colcon.colcon_core.package_identification:_identify(log) ignored
[0.391s] Level 1:colcon.colcon_core.package_identification:_identify(robot_models) by extensions ['ignore', 'ignore_ament_install']
[0.391s] Level 1:colcon.colcon_core.package_identification:_identify(robot_models) by extension 'ignore'
[0.391s] Level 1:colcon.colcon_core.package_identification:_identify(robot_models) by extension 'ignore_ament_install'
[0.391s] Level 1:colcon.colcon_core.package_identification:_identify(robot_models) by extensions ['colcon_pkg']
[0.391s] Level 1:colcon.colcon_core.package_identification:_identify(robot_models) by extension 'colcon_pkg'
[0.391s] Level 1:colcon.colcon_core.package_identification:_identify(robot_models) by extensions ['colcon_meta']
[0.391s] Level 1:colcon.colcon_core.package_identification:_identify(robot_models) by extension 'colcon_meta'
[0.391s] Level 1:colcon.colcon_core.package_identification:_identify(robot_models) by extensions ['ros']
[0.391s] Level 1:colcon.colcon_core.package_identification:_identify(robot_models) by extension 'ros'
[0.391s] Level 1:colcon.colcon_core.package_identification:_identify(robot_models) by extensions ['cmake', 'python']
[0.391s] Level 1:colcon.colcon_core.package_identification:_identify(robot_models) by extension 'cmake'
[0.392s] Level 1:colcon.colcon_core.package_identification:_identify(robot_models) by extension 'python'
[0.392s] Level 1:colcon.colcon_core.package_identification:_identify(robot_models) by extensions ['python_setup_py']
[0.392s] Level 1:colcon.colcon_core.package_identification:_identify(robot_models) by extension 'python_setup_py'
[0.392s] Level 1:colcon.colcon_core.package_identification:_identify(src) by extensions ['ignore', 'ignore_ament_install']
[0.392s] Level 1:colcon.colcon_core.package_identification:_identify(src) by extension 'ignore'
[0.392s] Level 1:colcon.colcon_core.package_identification:_identify(src) by extension 'ignore_ament_install'
[0.392s] Level 1:colcon.colcon_core.package_identification:_identify(src) by extensions ['colcon_pkg']
[0.392s] Level 1:colcon.colcon_core.package_identification:_identify(src) by extension 'colcon_pkg'
[0.392s] Level 1:colcon.colcon_core.package_identification:_identify(src) by extensions ['colcon_meta']
[0.392s] Level 1:colcon.colcon_core.package_identification:_identify(src) by extension 'colcon_meta'
[0.392s] Level 1:colcon.colcon_core.package_identification:_identify(src) by extensions ['ros']
[0.392s] Level 1:colcon.colcon_core.package_identification:_identify(src) by extension 'ros'
[0.392s] Level 1:colcon.colcon_core.package_identification:_identify(src) by extensions ['cmake', 'python']
[0.392s] Level 1:colcon.colcon_core.package_identification:_identify(src) by extension 'cmake'
[0.392s] Level 1:colcon.colcon_core.package_identification:_identify(src) by extension 'python'
[0.392s] Level 1:colcon.colcon_core.package_identification:_identify(src) by extensions ['python_setup_py']
[0.392s] Level 1:colcon.colcon_core.package_identification:_identify(src) by extension 'python_setup_py'
[0.392s] Level 1:colcon.colcon_core.package_identification:_identify(src/control_rbkairos) by extensions ['ignore', 'ignore_ament_install']
[0.392s] Level 1:colcon.colcon_core.package_identification:_identify(src/control_rbkairos) by extension 'ignore'
[0.392s] Level 1:colcon.colcon_core.package_identification:_identify(src/control_rbkairos) by extension 'ignore_ament_install'
[0.392s] Level 1:colcon.colcon_core.package_identification:_identify(src/control_rbkairos) by extensions ['colcon_pkg']
[0.392s] Level 1:colcon.colcon_core.package_identification:_identify(src/control_rbkairos) by extension 'colcon_pkg'
[0.392s] Level 1:colcon.colcon_core.package_identification:_identify(src/control_rbkairos) by extensions ['colcon_meta']
[0.393s] Level 1:colcon.colcon_core.package_identification:_identify(src/control_rbkairos) by extension 'colcon_meta'
[0.393s] Level 1:colcon.colcon_core.package_identification:_identify(src/control_rbkairos) by extensions ['ros']
[0.393s] Level 1:colcon.colcon_core.package_identification:_identify(src/control_rbkairos) by extension 'ros'
[0.395s] DEBUG:colcon.colcon_core.package_identification:Package 'src/control_rbkairos' with type 'ros.ament_python' and name 'control_rbkairos'
[0.395s] Level 1:colcon.colcon_core.package_identification:_identify(src/robotnik_common) by extensions ['ignore', 'ignore_ament_install']
[0.395s] Level 1:colcon.colcon_core.package_identification:_identify(src/robotnik_common) by extension 'ignore'
[0.395s] Level 1:colcon.colcon_core.package_identification:_identify(src/robotnik_common) by extension 'ignore_ament_install'
[0.395s] Level 1:colcon.colcon_core.package_identification:_identify(src/robotnik_common) by extensions ['colcon_pkg']
[0.395s] Level 1:colcon.colcon_core.package_identification:_identify(src/robotnik_common) by extension 'colcon_pkg'
[0.395s] Level 1:colcon.colcon_core.package_identification:_identify(src/robotnik_common) by extensions ['colcon_meta']
[0.395s] Level 1:colcon.colcon_core.package_identification:_identify(src/robotnik_common) by extension 'colcon_meta'
[0.395s] Level 1:colcon.colcon_core.package_identification:_identify(src/robotnik_common) by extensions ['ros']
[0.395s] Level 1:colcon.colcon_core.package_identification:_identify(src/robotnik_common) by extension 'ros'
[0.395s] Level 1:colcon.colcon_core.package_identification:_identify(src/robotnik_common) by extensions ['cmake', 'python']
[0.395s] Level 1:colcon.colcon_core.package_identification:_identify(src/robotnik_common) by extension 'cmake'
[0.395s] Level 1:colcon.colcon_core.package_identification:_identify(src/robotnik_common) by extension 'python'
[0.395s] Level 1:colcon.colcon_core.package_identification:_identify(src/robotnik_common) by extensions ['python_setup_py']
[0.395s] Level 1:colcon.colcon_core.package_identification:_identify(src/robotnik_common) by extension 'python_setup_py'
[0.395s] Level 1:colcon.colcon_core.package_identification:_identify(src/robotnik_common/robotnik_common) by extensions ['ignore', 'ignore_ament_install']
[0.396s] Level 1:colcon.colcon_core.package_identification:_identify(src/robotnik_common/robotnik_common) by extension 'ignore'
[0.396s] Level 1:colcon.colcon_core.package_identification:_identify(src/robotnik_common/robotnik_common) by extension 'ignore_ament_install'
[0.396s] Level 1:colcon.colcon_core.package_identification:_identify(src/robotnik_common/robotnik_common) by extensions ['colcon_pkg']
[0.396s] Level 1:colcon.colcon_core.package_identification:_identify(src/robotnik_common/robotnik_common) by extension 'colcon_pkg'
[0.396s] Level 1:colcon.colcon_core.package_identification:_identify(src/robotnik_common/robotnik_common) by extensions ['colcon_meta']
[0.396s] Level 1:colcon.colcon_core.package_identification:_identify(src/robotnik_common/robotnik_common) by extension 'colcon_meta'
[0.396s] Level 1:colcon.colcon_core.package_identification:_identify(src/robotnik_common/robotnik_common) by extensions ['ros']
[0.396s] Level 1:colcon.colcon_core.package_identification:_identify(src/robotnik_common/robotnik_common) by extension 'ros'
[0.396s] DEBUG:colcon.colcon_core.package_identification:Package 'src/robotnik_common/robotnik_common' with type 'ros.ament_cmake' and name 'robotnik_common'
[0.397s] Level 1:colcon.colcon_core.package_identification:_identify(src/robotnik_description) by extensions ['ignore', 'ignore_ament_install']
[0.397s] Level 1:colcon.colcon_core.package_identification:_identify(src/robotnik_description) by extension 'ignore'
[0.397s] Level 1:colcon.colcon_core.package_identification:_identify(src/robotnik_description) by extension 'ignore_ament_install'
[0.397s] Level 1:colcon.colcon_core.package_identification:_identify(src/robotnik_description) by extensions ['colcon_pkg']
[0.397s] Level 1:colcon.colcon_core.package_identification:_identify(src/robotnik_description) by extension 'colcon_pkg'
[0.397s] Level 1:colcon.colcon_core.package_identification:_identify(src/robotnik_description) by extensions ['colcon_meta']
[0.397s] Level 1:colcon.colcon_core.package_identification:_identify(src/robotnik_description) by extension 'colcon_meta'
[0.397s] Level 1:colcon.colcon_core.package_identification:_identify(src/robotnik_description) by extensions ['ros']
[0.397s] Level 1:colcon.colcon_core.package_identification:_identify(src/robotnik_description) by extension 'ros'
[0.397s] DEBUG:colcon.colcon_core.package_identification:Package 'src/robotnik_description' with type 'ros.ament_cmake' and name 'robotnik_description'
[0.397s] Level 1:colcon.colcon_core.package_identification:_identify(src/robotnik_sensors) by extensions ['ignore', 'ignore_ament_install']
[0.397s] Level 1:colcon.colcon_core.package_identification:_identify(src/robotnik_sensors) by extension 'ignore'
[0.398s] Level 1:colcon.colcon_core.package_identification:_identify(src/robotnik_sensors) by extension 'ignore_ament_install'
[0.398s] Level 1:colcon.colcon_core.package_identification:_identify(src/robotnik_sensors) by extensions ['colcon_pkg']
[0.398s] Level 1:colcon.colcon_core.package_identification:_identify(src/robotnik_sensors) by extension 'colcon_pkg'
[0.398s] Level 1:colcon.colcon_core.package_identification:_identify(src/robotnik_sensors) by extensions ['colcon_meta']
[0.398s] Level 1:colcon.colcon_core.package_identification:_identify(src/robotnik_sensors) by extension 'colcon_meta'
[0.398s] Level 1:colcon.colcon_core.package_identification:_identify(src/robotnik_sensors) by extensions ['ros']
[0.398s] Level 1:colcon.colcon_core.package_identification:_identify(src/robotnik_sensors) by extension 'ros'
[0.398s] Level 1:colcon.colcon_core.package_identification:_identify(src/robotnik_sensors) by extensions ['cmake', 'python']
[0.398s] Level 1:colcon.colcon_core.package_identification:_identify(src/robotnik_sensors) by extension 'cmake'
[0.398s] Level 1:colcon.colcon_core.package_identification:_identify(src/robotnik_sensors) by extension 'python'
[0.398s] Level 1:colcon.colcon_core.package_identification:_identify(src/robotnik_sensors) by extensions ['python_setup_py']
[0.398s] Level 1:colcon.colcon_core.package_identification:_identify(src/robotnik_sensors) by extension 'python_setup_py'
[0.398s] Level 1:colcon.colcon_core.package_identification:_identify(src/robotnik_sensors/robotnik_sensors) by extensions ['ignore', 'ignore_ament_install']
[0.398s] Level 1:colcon.colcon_core.package_identification:_identify(src/robotnik_sensors/robotnik_sensors) by extension 'ignore'
[0.398s] Level 1:colcon.colcon_core.package_identification:_identify(src/robotnik_sensors/robotnik_sensors) by extension 'ignore_ament_install'
[0.398s] Level 1:colcon.colcon_core.package_identification:_identify(src/robotnik_sensors/robotnik_sensors) by extensions ['colcon_pkg']
[0.398s] Level 1:colcon.colcon_core.package_identification:_identify(src/robotnik_sensors/robotnik_sensors) by extension 'colcon_pkg'
[0.398s] Level 1:colcon.colcon_core.package_identification:_identify(src/robotnik_sensors/robotnik_sensors) by extensions ['colcon_meta']
[0.398s] Level 1:colcon.colcon_core.package_identification:_identify(src/robotnik_sensors/robotnik_sensors) by extension 'colcon_meta'
[0.398s] Level 1:colcon.colcon_core.package_identification:_identify(src/robotnik_sensors/robotnik_sensors) by extensions ['ros']
[0.398s] Level 1:colcon.colcon_core.package_identification:_identify(src/robotnik_sensors/robotnik_sensors) by extension 'ros'
[0.399s] DEBUG:colcon.colcon_core.package_identification:Package 'src/robotnik_sensors/robotnik_sensors' with type 'ros.ament_cmake' and name 'robotnik_sensors'
[0.399s] Level 1:colcon.colcon_core.package_identification:_identify(src/ros2_diff_drive_robot) by extensions ['ignore', 'ignore_ament_install']
[0.399s] Level 1:colcon.colcon_core.package_identification:_identify(src/ros2_diff_drive_robot) by extension 'ignore'
[0.399s] Level 1:colcon.colcon_core.package_identification:_identify(src/ros2_diff_drive_robot) by extension 'ignore_ament_install'
[0.399s] Level 1:colcon.colcon_core.package_identification:_identify(src/ros2_diff_drive_robot) by extensions ['colcon_pkg']
[0.399s] Level 1:colcon.colcon_core.package_identification:_identify(src/ros2_diff_drive_robot) by extension 'colcon_pkg'
[0.399s] Level 1:colcon.colcon_core.package_identification:_identify(src/ros2_diff_drive_robot) by extensions ['colcon_meta']
[0.399s] Level 1:colcon.colcon_core.package_identification:_identify(src/ros2_diff_drive_robot) by extension 'colcon_meta'
[0.399s] Level 1:colcon.colcon_core.package_identification:_identify(src/ros2_diff_drive_robot) by extensions ['ros']
[0.399s] Level 1:colcon.colcon_core.package_identification:_identify(src/ros2_diff_drive_robot) by extension 'ros'
[0.400s] DEBUG:colcon.colcon_core.package_identification:Package 'src/ros2_diff_drive_robot' with type 'ros.ament_cmake' and name 'diff_robot'
[0.400s] Level 1:colcon.colcon_core.package_discovery:discover_packages(recursive) using defaults
[0.400s] Level 1:colcon.colcon_core.package_discovery:discover_packages(ignore) discover
[0.400s] Level 1:colcon.colcon_core.package_discovery:discover_packages(ignore) using defaults
[0.400s] Level 1:colcon.colcon_core.package_discovery:discover_packages(path) discover
[0.400s] Level 1:colcon.colcon_core.package_discovery:discover_packages(path) using defaults
[0.417s] INFO:colcon.colcon_core.package_selection:Skipping not selected package 'control_rbkairos' in 'src/control_rbkairos'
[0.417s] INFO:colcon.colcon_core.package_selection:Skipping not selected package 'robotnik_common' in 'src/robotnik_common/robotnik_common'
[0.417s] INFO:colcon.colcon_core.package_selection:Skipping not selected package 'robotnik_sensors' in 'src/robotnik_sensors/robotnik_sensors'
[0.418s] INFO:colcon.colcon_core.package_selection:Skipping not selected package 'robotnik_description' in 'src/robotnik_description'
[0.418s] Level 1:colcon.colcon_core.package_discovery:discover_packages(prefix_path) check parameters
[0.418s] Level 1:colcon.colcon_core.package_discovery:discover_packages(prefix_path) discover
[0.420s] DEBUG:colcon.colcon_installed_package_information.package_discovery:Found 378 installed packages in /opt/ros/jazzy
[0.422s] Level 1:colcon.colcon_core.package_discovery:discover_packages(prefix_path) using defaults
[0.469s] Level 5:colcon.colcon_core.verb:set package 'diff_robot' build argument 'cmake_args' from command line to 'None'
[0.469s] Level 5:colcon.colcon_core.verb:set package 'diff_robot' build argument 'cmake_target' from command line to 'None'
[0.469s] Level 5:colcon.colcon_core.verb:set package 'diff_robot' build argument 'cmake_target_skip_unavailable' from command line to 'False'
[0.469s] Level 5:colcon.colcon_core.verb:set package 'diff_robot' build argument 'cmake_clean_cache' from command line to 'False'
[0.469s] Level 5:colcon.colcon_core.verb:set package 'diff_robot' build argument 'cmake_clean_first' from command line to 'False'
[0.469s] Level 5:colcon.colcon_core.verb:set package 'diff_robot' build argument 'cmake_force_configure' from command line to 'True'
[0.469s] Level 5:colcon.colcon_core.verb:set package 'diff_robot' build argument 'ament_cmake_args' from command line to 'None'
[0.469s] Level 5:colcon.colcon_core.verb:set package 'diff_robot' build argument 'catkin_cmake_args' from command line to 'None'
[0.469s] Level 5:colcon.colcon_core.verb:set package 'diff_robot' build argument 'catkin_skip_building_tests' from command line to 'False'
[0.469s] DEBUG:colcon.colcon_core.verb:Building package 'diff_robot' with the following arguments: {'ament_cmake_args': None, 'build_base': '/home/khotkangplue_p/week6_ws/build/diff_robot', 'catkin_cmake_args': None, 'catkin_skip_building_tests': False, 'cmake_args': None, 'cmake_clean_cache': False, 'cmake_clean_first': False, 'cmake_force_configure': True, 'cmake_target': None, 'cmake_target_skip_unavailable': False, 'install_base': '/home/khotkangplue_p/week6_ws/install/diff_robot', 'merge_install': False, 'path': '/home/khotkangplue_p/week6_ws/src/ros2_diff_drive_robot', 'symlink_install': True, 'test_result_base': None}
[0.470s] INFO:colcon.colcon_core.executor:Executing jobs using 'parallel' executor
[0.471s] DEBUG:colcon.colcon_parallel_executor.executor.parallel:run_until_complete
[0.471s] INFO:colcon.colcon_ros.task.ament_cmake.build:Building ROS package in '/home/khotkangplue_p/week6_ws/src/ros2_diff_drive_robot' with build type 'ament_cmake'
[0.471s] INFO:colcon.colcon_cmake.task.cmake.build:Building CMake package in '/home/khotkangplue_p/week6_ws/src/ros2_diff_drive_robot'
[0.474s] INFO:colcon.colcon_core.plugin_system:Skipping extension 'colcon_core.shell.bat': Not used on non-Windows systems
[0.474s] INFO:colcon.colcon_core.shell:Skip shell extension 'powershell' for command environment: Not usable outside of PowerShell
[0.474s] DEBUG:colcon.colcon_core.shell:Skip shell extension 'dsv' for command environment
[0.482s] DEBUG:colcon.colcon_core.event_handler.log_command:Invoking command in '/home/khotkangplue_p/week6_ws/build/diff_robot': CMAKE_PREFIX_PATH=${CMAKE_PREFIX_PATH}:/opt/ros/jazzy /usr/bin/cmake /home/khotkangplue_p/week6_ws/src/ros2_diff_drive_robot -DAMENT_CMAKE_SYMLINK_INSTALL=1 -DCMAKE_INSTALL_PREFIX=/home/khotkangplue_p/week6_ws/install/diff_robot
[6.093s] DEBUG:colcon.colcon_core.event_handler.log_command:Invoked command in '/home/khotkangplue_p/week6_ws/build/diff_robot' returned '0': CMAKE_PREFIX_PATH=${CMAKE_PREFIX_PATH}:/opt/ros/jazzy /usr/bin/cmake /home/khotkangplue_p/week6_ws/src/ros2_diff_drive_robot -DAMENT_CMAKE_SYMLINK_INSTALL=1 -DCMAKE_INSTALL_PREFIX=/home/khotkangplue_p/week6_ws/install/diff_robot
[6.094s] DEBUG:colcon.colcon_core.event_handler.log_command:Invoking command in '/home/khotkangplue_p/week6_ws/build/diff_robot': CMAKE_PREFIX_PATH=${CMAKE_PREFIX_PATH}:/opt/ros/jazzy /usr/bin/cmake --build /home/khotkangplue_p/week6_ws/build/diff_robot -- -j4 -l4
[14.281s] DEBUG:colcon.colcon_core.event_handler.log_command:Invoked command in '/home/khotkangplue_p/week6_ws/build/diff_robot' returned '0': CMAKE_PREFIX_PATH=${CMAKE_PREFIX_PATH}:/opt/ros/jazzy /usr/bin/cmake --build /home/khotkangplue_p/week6_ws/build/diff_robot -- -j4 -l4
[14.290s] DEBUG:colcon.colcon_core.event_handler.log_command:Invoking command in '/home/khotkangplue_p/week6_ws/build/diff_robot': CMAKE_PREFIX_PATH=${CMAKE_PREFIX_PATH}:/opt/ros/jazzy /usr/bin/cmake --install /home/khotkangplue_p/week6_ws/build/diff_robot
[14.458s] Level 1:colcon.colcon_core.environment:create_environment_scripts_only(diff_robot)
[14.459s] DEBUG:colcon.colcon_core.event_handler.log_command:Invoked command in '/home/khotkangplue_p/week6_ws/build/diff_robot' returned '0': CMAKE_PREFIX_PATH=${CMAKE_PREFIX_PATH}:/opt/ros/jazzy /usr/bin/cmake --install /home/khotkangplue_p/week6_ws/build/diff_robot
[14.461s] Level 1:colcon.colcon_core.environment:checking '/home/khotkangplue_p/week6_ws/install/diff_robot' for CMake module files
[14.462s] Level 1:colcon.colcon_core.environment:checking '/home/khotkangplue_p/week6_ws/install/diff_robot' for CMake config files
[14.462s] Level 1:colcon.colcon_core.shell:create_environment_hook('diff_robot', 'cmake_prefix_path')
[14.462s] INFO:colcon.colcon_core.shell:Creating environment hook '/home/khotkangplue_p/week6_ws/install/diff_robot/share/diff_robot/hook/cmake_prefix_path.ps1'
[14.463s] INFO:colcon.colcon_core.shell:Creating environment descriptor '/home/khotkangplue_p/week6_ws/install/diff_robot/share/diff_robot/hook/cmake_prefix_path.dsv'
[14.463s] INFO:colcon.colcon_core.shell:Creating environment hook '/home/khotkangplue_p/week6_ws/install/diff_robot/share/diff_robot/hook/cmake_prefix_path.sh'
[14.464s] Level 1:colcon.colcon_core.environment:checking '/home/khotkangplue_p/week6_ws/install/diff_robot/lib'
[14.464s] Level 1:colcon.colcon_core.environment:checking '/home/khotkangplue_p/week6_ws/install/diff_robot/bin'
[14.464s] Level 1:colcon.colcon_core.environment:checking '/home/khotkangplue_p/week6_ws/install/diff_robot/lib/pkgconfig/diff_robot.pc'
[14.464s] Level 1:colcon.colcon_core.environment:checking '/home/khotkangplue_p/week6_ws/install/diff_robot/lib/python3.12/site-packages'
[14.464s] Level 1:colcon.colcon_core.environment:checking '/home/khotkangplue_p/week6_ws/install/diff_robot/bin'
[14.464s] INFO:colcon.colcon_core.shell:Creating package script '/home/khotkangplue_p/week6_ws/install/diff_robot/share/diff_robot/package.ps1'
[14.465s] INFO:colcon.colcon_core.shell:Creating package descriptor '/home/khotkangplue_p/week6_ws/install/diff_robot/share/diff_robot/package.dsv'
[14.465s] INFO:colcon.colcon_core.shell:Creating package script '/home/khotkangplue_p/week6_ws/install/diff_robot/share/diff_robot/package.sh'
[14.466s] INFO:colcon.colcon_core.shell:Creating package script '/home/khotkangplue_p/week6_ws/install/diff_robot/share/diff_robot/package.bash'
[14.466s] INFO:colcon.colcon_core.shell:Creating package script '/home/khotkangplue_p/week6_ws/install/diff_robot/share/diff_robot/package.zsh'
[14.466s] Level 1:colcon.colcon_core.environment:create_file_with_runtime_dependencies(/home/khotkangplue_p/week6_ws/install/diff_robot/share/colcon-core/packages/diff_robot)
[14.467s] Level 1:colcon.colcon_core.environment:create_environment_scripts_only(diff_robot)
[14.467s] Level 1:colcon.colcon_core.environment:checking '/home/khotkangplue_p/week6_ws/install/diff_robot' for CMake module files
[14.468s] Level 1:colcon.colcon_core.environment:checking '/home/khotkangplue_p/week6_ws/install/diff_robot' for CMake config files
[14.468s] Level 1:colcon.colcon_core.shell:create_environment_hook('diff_robot', 'cmake_prefix_path')
[14.468s] INFO:colcon.colcon_core.shell:Creating environment hook '/home/khotkangplue_p/week6_ws/install/diff_robot/share/diff_robot/hook/cmake_prefix_path.ps1'
[14.468s] INFO:colcon.colcon_core.shell:Creating environment descriptor '/home/khotkangplue_p/week6_ws/install/diff_robot/share/diff_robot/hook/cmake_prefix_path.dsv'
[14.469s] INFO:colcon.colcon_core.shell:Creating environment hook '/home/khotkangplue_p/week6_ws/install/diff_robot/share/diff_robot/hook/cmake_prefix_path.sh'
[14.469s] Level 1:colcon.colcon_core.environment:checking '/home/khotkangplue_p/week6_ws/install/diff_robot/lib'
[14.469s] Level 1:colcon.colcon_core.environment:checking '/home/khotkangplue_p/week6_ws/install/diff_robot/bin'
[14.469s] Level 1:colcon.colcon_core.environment:checking '/home/khotkangplue_p/week6_ws/install/diff_robot/lib/pkgconfig/diff_robot.pc'
[14.469s] Level 1:colcon.colcon_core.environment:checking '/home/khotkangplue_p/week6_ws/install/diff_robot/lib/python3.12/site-packages'
[14.469s] Level 1:colcon.colcon_core.environment:checking '/home/khotkangplue_p/week6_ws/install/diff_robot/bin'
[14.470s] INFO:colcon.colcon_core.shell:Creating package script '/home/khotkangplue_p/week6_ws/install/diff_robot/share/diff_robot/package.ps1'
[14.470s] INFO:colcon.colcon_core.shell:Creating package descriptor '/home/khotkangplue_p/week6_ws/install/diff_robot/share/diff_robot/package.dsv'
[14.470s] INFO:colcon.colcon_core.shell:Creating package script '/home/khotkangplue_p/week6_ws/install/diff_robot/share/diff_robot/package.sh'
[14.471s] INFO:colcon.colcon_core.shell:Creating package script '/home/khotkangplue_p/week6_ws/install/diff_robot/share/diff_robot/package.bash'
[14.471s] INFO:colcon.colcon_core.shell:Creating package script '/home/khotkangplue_p/week6_ws/install/diff_robot/share/diff_robot/package.zsh'
[14.471s] Level 1:colcon.colcon_core.environment:create_file_with_runtime_dependencies(/home/khotkangplue_p/week6_ws/install/diff_robot/share/colcon-core/packages/diff_robot)
[14.472s] DEBUG:colcon.colcon_parallel_executor.executor.parallel:closing loop
[14.472s] DEBUG:colcon.colcon_parallel_executor.executor.parallel:loop closed
[14.472s] DEBUG:colcon.colcon_parallel_executor.executor.parallel:run_until_complete finished with '0'
[14.472s] DEBUG:colcon.colcon_core.event_reactor:joining thread
[14.557s] INFO:colcon.colcon_core.plugin_system:Skipping extension 'colcon_notification.desktop_notification.notify_send': Could not find 'notify-send'
[14.557s] INFO:colcon.colcon_core.plugin_system:Skipping extension 'colcon_notification.desktop_notification.terminal_notifier': Not used on non-Darwin systems
[14.557s] INFO:colcon.colcon_core.plugin_system:Skipping extension 'colcon_notification.desktop_notification.win32': Not used on non-Windows systems
[14.557s] INFO:colcon.colcon_notification.desktop_notification:Sending desktop notification using 'notify2'
[14.558s] DEBUG:colcon.colcon_notification.desktop_notification.notify2:Failed to initialize notify2: org.freedesktop.DBus.Error.ServiceUnknown: The name org.freedesktop.Notifications was not provided by any .service files
[14.558s] DEBUG:colcon.colcon_core.event_reactor:joined thread
[14.558s] INFO:colcon.colcon_core.shell:Creating prefix script '/home/khotkangplue_p/week6_ws/install/local_setup.ps1'
[14.559s] INFO:colcon.colcon_core.shell:Creating prefix util module '/home/khotkangplue_p/week6_ws/install/_local_setup_util_ps1.py'
[14.560s] INFO:colcon.colcon_core.shell:Creating prefix chain script '/home/khotkangplue_p/week6_ws/install/setup.ps1'
[14.561s] INFO:colcon.colcon_core.shell:Creating prefix script '/home/khotkangplue_p/week6_ws/install/local_setup.sh'
[14.562s] INFO:colcon.colcon_core.shell:Creating prefix util module '/home/khotkangplue_p/week6_ws/install/_local_setup_util_sh.py'
[14.562s] INFO:colcon.colcon_core.shell:Creating prefix chain script '/home/khotkangplue_p/week6_ws/install/setup.sh'
[14.563s] INFO:colcon.colcon_core.shell:Creating prefix script '/home/khotkangplue_p/week6_ws/install/local_setup.bash'
[14.563s] INFO:colcon.colcon_core.shell:Creating prefix chain script '/home/khotkangplue_p/week6_ws/install/setup.bash'
[14.564s] INFO:colcon.colcon_core.shell:Creating prefix script '/home/khotkangplue_p/week6_ws/install/local_setup.zsh'
[14.564s] INFO:colcon.colcon_core.shell:Creating prefix chain script '/home/khotkangplue_p/week6_ws/install/setup.zsh'
