-- Found ament_cmake: 2.5.4 (/opt/ros/jazzy/share/ament_cmake/cmake)
-- Override CMake install command with custom implementation using symlinks instead of copying resources
-- Found rclcpp: 28.1.12 (/opt/ros/jazzy/share/rclcpp/cmake)
-- Found rosidl_generator_c: 4.6.6 (/opt/ros/jazzy/share/rosidl_generator_c/cmake)
-- Found rosidl_generator_cpp: 4.6.6 (/opt/ros/jazzy/share/rosidl_generator_cpp/cmake)
-- Using all available rosidl_typesupport_c: rosidl_typesupport_fastrtps_c;rosidl_typesupport_introspection_c
-- Using all available rosidl_typesupport_cpp: rosidl_typesupport_fastrtps_cpp;rosidl_typesupport_introspection_cpp
-- Found rmw_implementation_cmake: 7.3.2 (/opt/ros/jazzy/share/rmw_implementation_cmake/cmake)
-- Found rmw_fastrtps_cpp: 8.4.3 (/opt/ros/jazzy/share/rmw_fastrtps_cpp/cmake)
-- Using RMW implementation 'rmw_fastrtps_cpp' as default
-- Found robot_state_publisher: 3.3.3 (/opt/ros/jazzy/share/robot_state_publisher/cmake)
-- Found ros_gz_sim: 1.0.16 (/opt/ros/jazzy/share/ros_gz_sim/cmake)
-- Found controller_manager: 4.37.0 (/opt/ros/jazzy/share/controller_manager/cmake)
-- Found diff_drive_controller: 4.32.0 (/opt/ros/jazzy/share/diff_drive_controller/cmake)
-- Found eigen3_cmake_module: 0.3.0 (/opt/ros/jazzy/share/eigen3_cmake_module/cmake)
-- Ensuring Eigen3 include directory is part of orocos-kdl CMake target
-- Found nav2_msgs: 1.3.8 (/opt/ros/jazzy/share/nav2_msgs/cmake)
-- Found ament_lint_auto: 0.17.3 (/opt/ros/jazzy/share/ament_lint_auto/cmake)
-- Added test 'cppcheck' to perform static code analysis on C / C++ code
-- Configured cppcheck include dirs: 
-- Configured cppcheck exclude dirs and/or files: 
-- Added test 'flake8' to check Python code syntax and style conventions
-- Configured 'flake8' exclude dirs and/or files: 
-- Added test 'lint_cmake' to check CMake code style
-- Added test 'pep257' to check Python code against some of the docstring style conventions in PEP 257
-- Added test 'uncrustify' to check C / C++ code style
-- Configured uncrustify additional arguments: 
-- Added test 'xmllint' to check XML markup files
-- Configuring done (2.7s)
-- Generating done (0.0s)
-- Build files have been written to: /home/khotkangplue_p/week6_ws/build/diff_robot
[100%] Built target pose_publisher
[100%] Built target vel_publisher
-- Install configuration: ""
-- Execute custom install script
-- Up-to-date symlink: /home/khotkangplue_p/week6_ws/install/diff_robot/share/diff_robot//launch/__pycache__/robot.launch.cpython-310.pyc
-- Up-to-date symlink: /home/khotkangplue_p/week6_ws/install/diff_robot/share/diff_robot//launch/new.launch.py
-- Up-to-date symlink: /home/khotkangplue_p/week6_ws/install/diff_robot/share/diff_robot//launch/robot.launch.py
-- Up-to-date symlink: /home/khotkangplue_p/week6_ws/install/diff_robot/lib/diff_robot/pose_publisher
-- Up-to-date symlink: /home/khotkangplue_p/week6_ws/install/diff_robot/lib/diff_robot/vel_publisher
-- Up-to-date symlink: /home/khotkangplue_p/week6_ws/install/diff_robot/share/ament_index/resource_index/package_run_dependencies/diff_robot
-- Up-to-date symlink: /home/khotkangplue_p/week6_ws/install/diff_robot/share/ament_index/resource_index/parent_prefix_path/diff_robot
-- Up-to-date symlink: /home/khotkangplue_p/week6_ws/install/diff_robot/share/diff_robot/environment/ament_prefix_path.sh
-- Up-to-date symlink: /home/khotkangplue_p/week6_ws/install/diff_robot/share/diff_robot/environment/ament_prefix_path.dsv
-- Up-to-date symlink: /home/khotkangplue_p/week6_ws/install/diff_robot/share/diff_robot/environment/path.sh
-- Up-to-date symlink: /home/khotkangplue_p/week6_ws/install/diff_robot/share/diff_robot/environment/path.dsv
-- Up-to-date symlink: /home/khotkangplue_p/week6_ws/install/diff_robot/share/diff_robot/local_setup.bash
-- Up-to-date symlink: /home/khotkangplue_p/week6_ws/install/diff_robot/share/diff_robot/local_setup.sh
-- Up-to-date symlink: /home/khotkangplue_p/week6_ws/install/diff_robot/share/diff_robot/local_setup.zsh
-- Up-to-date symlink: /home/khotkangplue_p/week6_ws/install/diff_robot/share/diff_robot/local_setup.dsv
-- Symlinking: /home/khotkangplue_p/week6_ws/install/diff_robot/share/diff_robot/package.dsv
-- Up-to-date symlink: /home/khotkangplue_p/week6_ws/install/diff_robot/share/ament_index/resource_index/packages/diff_robot
-- Up-to-date symlink: /home/khotkangplue_p/week6_ws/install/diff_robot/share/diff_robot/cmake/diff_robotConfig.cmake
-- Up-to-date symlink: /home/khotkangplue_p/week6_ws/install/diff_robot/share/diff_robot/cmake/diff_robotConfig-version.cmake
-- Up-to-date symlink: /home/khotkangplue_p/week6_ws/install/diff_robot/share/diff_robot/package.xml
