[0.253s] Invoking command in '/home/khotkangplue_p/week6_ws/build/diff_robot': CMAKE_PREFIX_PATH=${CMAKE_PREFIX_PATH}:/opt/ros/jazzy /usr/bin/cmake /home/khotkangplue_p/week6_ws/src/ros2_diff_drive_robot -DAMENT_CMAKE_SYMLINK_INSTALL=1 -DCMAKE_INSTALL_PREFIX=/home/khotkangplue_p/week6_ws/install/diff_robot
[0.273s] -- Found ament_cmake: 2.5.4 (/opt/ros/jazzy/share/ament_cmake/cmake)
[0.513s] -- Override CMake install command with custom implementation using symlinks instead of copying resources
[0.522s] -- Found rclcpp: 28.1.12 (/opt/ros/jazzy/share/rclcpp/cmake)
[0.956s] -- Found rosidl_generator_c: 4.6.6 (/opt/ros/jazzy/share/rosidl_generator_c/cmake)
[0.971s] -- Found rosidl_generator_cpp: 4.6.6 (/opt/ros/jazzy/share/rosidl_generator_cpp/cmake)
[0.997s] -- Using all available rosidl_typesupport_c: rosidl_typesupport_fastrtps_c;rosidl_typesupport_introspection_c
[1.020s] -- Using all available rosidl_typesupport_cpp: rosidl_typesupport_fastrtps_cpp;rosidl_typesupport_introspection_cpp
[1.118s] -- Found rmw_implementation_cmake: 7.3.2 (/opt/ros/jazzy/share/rmw_implementation_cmake/cmake)
[1.123s] -- Found rmw_fastrtps_cpp: 8.4.3 (/opt/ros/jazzy/share/rmw_fastrtps_cpp/cmake)
[1.667s] -- Using RMW implementation 'rmw_fastrtps_cpp' as default
[2.098s] -- Found robot_state_publisher: 3.3.3 (/opt/ros/jazzy/share/robot_state_publisher/cmake)
[2.393s] -- Found ros_gz_sim: 1.0.16 (/opt/ros/jazzy/share/ros_gz_sim/cmake)
[2.400s] -- Found controller_manager: 4.37.0 (/opt/ros/jazzy/share/controller_manager/cmake)
[2.698s] -- Found diff_drive_controller: 4.32.0 (/opt/ros/jazzy/share/diff_drive_controller/cmake)
[2.737s] -- Found eigen3_cmake_module: 0.3.0 (/opt/ros/jazzy/share/eigen3_cmake_module/cmake)
[2.739s] -- Ensuring Eigen3 include directory is part of orocos-kdl CMake target
[2.797s] -- Found nav2_msgs: 1.3.8 (/opt/ros/jazzy/share/nav2_msgs/cmake)
[2.890s] -- Found ament_lint_auto: 0.17.3 (/opt/ros/jazzy/share/ament_lint_auto/cmake)
[2.981s] -- Added test 'cppcheck' to perform static code analysis on C / C++ code
[2.981s] -- Configured cppcheck include dirs: 
[2.981s] -- Configured cppcheck exclude dirs and/or files: 
[2.982s] -- Added test 'flake8' to check Python code syntax and style conventions
[2.982s] -- Configured 'flake8' exclude dirs and/or files: 
[2.983s] -- Added test 'lint_cmake' to check CMake code style
[2.983s] -- Added test 'pep257' to check Python code against some of the docstring style conventions in PEP 257
[2.985s] -- Added test 'uncrustify' to check C / C++ code style
[2.985s] -- Configured uncrustify additional arguments: 
[2.986s] -- Added test 'xmllint' to check XML markup files
[2.988s] -- Configuring done (2.7s)
[3.016s] -- Generating done (0.0s)
[3.022s] -- Build files have been written to: /home/khotkangplue_p/week6_ws/build/diff_robot
[3.032s] Invoked command in '/home/khotkangplue_p/week6_ws/build/diff_robot' returned '0': CMAKE_PREFIX_PATH=${CMAKE_PREFIX_PATH}:/opt/ros/jazzy /usr/bin/cmake /home/khotkangplue_p/week6_ws/src/ros2_diff_drive_robot -DAMENT_CMAKE_SYMLINK_INSTALL=1 -DCMAKE_INSTALL_PREFIX=/home/khotkangplue_p/week6_ws/install/diff_robot
[3.033s] Invoking command in '/home/khotkangplue_p/week6_ws/build/diff_robot': CMAKE_PREFIX_PATH=${CMAKE_PREFIX_PATH}:/opt/ros/jazzy /usr/bin/cmake --build /home/khotkangplue_p/week6_ws/build/diff_robot -- -j4 -l4
[3.132s] [100%] Built target pose_publisher
[3.132s] [100%] Built target vel_publisher
[3.143s] Invoked command in '/home/khotkangplue_p/week6_ws/build/diff_robot' returned '0': CMAKE_PREFIX_PATH=${CMAKE_PREFIX_PATH}:/opt/ros/jazzy /usr/bin/cmake --build /home/khotkangplue_p/week6_ws/build/diff_robot -- -j4 -l4
[3.145s] Invoking command in '/home/khotkangplue_p/week6_ws/build/diff_robot': CMAKE_PREFIX_PATH=${CMAKE_PREFIX_PATH}:/opt/ros/jazzy /usr/bin/cmake --install /home/khotkangplue_p/week6_ws/build/diff_robot
[3.153s] -- Install configuration: ""
[3.153s] -- Execute custom install script
[3.155s] -- Up-to-date symlink: /home/khotkangplue_p/week6_ws/install/diff_robot/share/diff_robot//launch/__pycache__/robot.launch.cpython-310.pyc
[3.156s] -- Up-to-date symlink: /home/khotkangplue_p/week6_ws/install/diff_robot/share/diff_robot//launch/new.launch.py
[3.156s] -- Up-to-date symlink: /home/khotkangplue_p/week6_ws/install/diff_robot/share/diff_robot//launch/robot.launch.py
[3.157s] -- Up-to-date symlink: /home/khotkangplue_p/week6_ws/install/diff_robot/lib/diff_robot/pose_publisher
[3.157s] -- Up-to-date symlink: /home/khotkangplue_p/week6_ws/install/diff_robot/lib/diff_robot/vel_publisher
[3.158s] -- Up-to-date symlink: /home/khotkangplue_p/week6_ws/install/diff_robot/share/ament_index/resource_index/package_run_dependencies/diff_robot
[3.159s] -- Up-to-date symlink: /home/khotkangplue_p/week6_ws/install/diff_robot/share/ament_index/resource_index/parent_prefix_path/diff_robot
[3.159s] -- Up-to-date symlink: /home/khotkangplue_p/week6_ws/install/diff_robot/share/diff_robot/environment/ament_prefix_path.sh
[3.160s] -- Up-to-date symlink: /home/khotkangplue_p/week6_ws/install/diff_robot/share/diff_robot/environment/ament_prefix_path.dsv
[3.160s] -- Up-to-date symlink: /home/khotkangplue_p/week6_ws/install/diff_robot/share/diff_robot/environment/path.sh
[3.161s] -- Up-to-date symlink: /home/khotkangplue_p/week6_ws/install/diff_robot/share/diff_robot/environment/path.dsv
[3.161s] -- Up-to-date symlink: /home/khotkangplue_p/week6_ws/install/diff_robot/share/diff_robot/local_setup.bash
[3.161s] -- Up-to-date symlink: /home/khotkangplue_p/week6_ws/install/diff_robot/share/diff_robot/local_setup.sh
[3.162s] -- Up-to-date symlink: /home/khotkangplue_p/week6_ws/install/diff_robot/share/diff_robot/local_setup.zsh
[3.162s] -- Up-to-date symlink: /home/khotkangplue_p/week6_ws/install/diff_robot/share/diff_robot/local_setup.dsv
[3.162s] -- Symlinking: /home/khotkangplue_p/week6_ws/install/diff_robot/share/diff_robot/package.dsv
[3.172s] -- Up-to-date symlink: /home/khotkangplue_p/week6_ws/install/diff_robot/share/ament_index/resource_index/packages/diff_robot
[3.172s] -- Up-to-date symlink: /home/khotkangplue_p/week6_ws/install/diff_robot/share/diff_robot/cmake/diff_robotConfig.cmake
[3.173s] -- Up-to-date symlink: /home/khotkangplue_p/week6_ws/install/diff_robot/share/diff_robot/cmake/diff_robotConfig-version.cmake
[3.173s] -- Up-to-date symlink: /home/khotkangplue_p/week6_ws/install/diff_robot/share/diff_robot/package.xml
[3.175s] Invoked command in '/home/khotkangplue_p/week6_ws/build/diff_robot' returned '0': CMAKE_PREFIX_PATH=${CMAKE_PREFIX_PATH}:/opt/ros/jazzy /usr/bin/cmake --install /home/khotkangplue_p/week6_ws/build/diff_robot
