running egg_info
writing ../../build/control_rbkairos/control_rbkairos.egg-info/PKG-INFO
writing dependency_links to ../../build/control_rbkairos/control_rbkairos.egg-info/dependency_links.txt
writing entry points to ../../build/control_rbkairos/control_rbkairos.egg-info/entry_points.txt
writing requirements to ../../build/control_rbkairos/control_rbkairos.egg-info/requires.txt
writing top-level names to ../../build/control_rbkairos/control_rbkairos.egg-info/top_level.txt
reading manifest file '../../build/control_rbkairos/control_rbkairos.egg-info/SOURCES.txt'
adding license file 'LICENSE'
adding license file 'LICENSE:Zone.Identifier'
writing manifest file '../../build/control_rbkairos/control_rbkairos.egg-info/SOURCES.txt'
running build
running build_py
running install
running install_lib
running install_data
running install_egg_info
removing '/home/khotkangplue_p/week6_ws/install/control_rbkairos/lib/python3.12/site-packages/control_rbkairos-0.0.0-py3.12.egg-info' (and everything under it)
Copying ../../build/control_rbkairos/control_rbkairos.egg-info to /home/khotkangplue_p/week6_ws/install/control_rbkairos/lib/python3.12/site-packages/control_rbkairos-0.0.0-py3.12.egg-info
running install_scripts
Installing move_robot script to /home/khotkangplue_p/week6_ws/install/control_rbkairos/lib/control_rbkairos
Installing robot_movement script to /home/khotkangplue_p/week6_ws/install/control_rbkairos/lib/control_rbkairos
writing list of installed files to '/home/khotkangplue_p/week6_ws/build/control_rbkairos/install.log'
