[1.158s] Invoking command in '/home/khotkangplue_p/week6_ws/src/control_rbkairos': PYTHONPATH=/home/khotkangplue_p/week6_ws/build/control_rbkairos/prefix_override:/usr/lib/python3/dist-packages/colcon_core/task/python/colcon_distutils_commands:/home/khotkangplue_p/week6_ws/install/control_rbkairos/lib/python3.12/site-packages:${PYTHONPATH} /usr/bin/python3 -W ignore:setup.py install is deprecated -W ignore:easy_install command is deprecated setup.py egg_info --egg-base ../../build/control_rbkairos build --build-base /home/khotkangplue_p/week6_ws/build/control_rbkairos/build install --record /home/khotkangplue_p/week6_ws/build/control_rbkairos/install.log --single-version-externally-managed install_data
[1.449s] running egg_info
[1.470s] writing ../../build/control_rbkairos/control_rbkairos.egg-info/PKG-INFO
[1.470s] writing dependency_links to ../../build/control_rbkairos/control_rbkairos.egg-info/dependency_links.txt
[1.470s] writing entry points to ../../build/control_rbkairos/control_rbkairos.egg-info/entry_points.txt
[1.471s] writing requirements to ../../build/control_rbkairos/control_rbkairos.egg-info/requires.txt
[1.471s] writing top-level names to ../../build/control_rbkairos/control_rbkairos.egg-info/top_level.txt
[1.513s] reading manifest file '../../build/control_rbkairos/control_rbkairos.egg-info/SOURCES.txt'
[1.513s] adding license file 'LICENSE'
[1.514s] adding license file 'LICENSE:Zone.Identifier'
[1.514s] writing manifest file '../../build/control_rbkairos/control_rbkairos.egg-info/SOURCES.txt'
[1.514s] running build
[1.514s] running build_py
[1.515s] running install
[1.520s] running install_lib
[1.542s] running install_data
[1.543s] running install_egg_info
[1.565s] removing '/home/khotkangplue_p/week6_ws/install/control_rbkairos/lib/python3.12/site-packages/control_rbkairos-0.0.0-py3.12.egg-info' (and everything under it)
[1.566s] Copying ../../build/control_rbkairos/control_rbkairos.egg-info to /home/khotkangplue_p/week6_ws/install/control_rbkairos/lib/python3.12/site-packages/control_rbkairos-0.0.0-py3.12.egg-info
[1.567s] running install_scripts
[1.698s] Installing move_robot script to /home/khotkangplue_p/week6_ws/install/control_rbkairos/lib/control_rbkairos
[1.699s] Installing robot_movement script to /home/khotkangplue_p/week6_ws/install/control_rbkairos/lib/control_rbkairos
[1.699s] writing list of installed files to '/home/khotkangplue_p/week6_ws/build/control_rbkairos/install.log'
[1.723s] Invoked command in '/home/khotkangplue_p/week6_ws/src/control_rbkairos' returned '0': PYTHONPATH=/home/khotkangplue_p/week6_ws/build/control_rbkairos/prefix_override:/usr/lib/python3/dist-packages/colcon_core/task/python/colcon_distutils_commands:/home/khotkangplue_p/week6_ws/install/control_rbkairos/lib/python3.12/site-packages:${PYTHONPATH} /usr/bin/python3 -W ignore:setup.py install is deprecated -W ignore:easy_install command is deprecated setup.py egg_info --egg-base ../../build/control_rbkairos build --build-base /home/khotkangplue_p/week6_ws/build/control_rbkairos/build install --record /home/khotkangplue_p/week6_ws/build/control_rbkairos/install.log --single-version-externally-managed install_data
